
Gurobi 13.0.1 (win64) logging started Wed Oct  7 03:19:36 2026

Set parameter LogFile to value "results/source_summaries/3d/R10/gurobi_extensive.log"
Gurobi Optimizer version 13.0.1 build v13.0.1rc0 (win64 - Windows 11+.0 (26200.2))

CPU model: Intel(R) Core(TM) i7-14650HX, instruction set [SSE2|AVX|AVX2]
Thread count: 16 physical cores, 24 logical processors, using up to 4 threads

Non-default parameters:
TimeLimit  1800
IntFeasTol  1e-06
MIPGap  0.0005
Heuristics  0.2
Cuts  2
Presolve  2
Seed  1
Threads  4

Optimize a model with 5170 rows, 9129 columns and 20060 nonzeros (Min)
Model fingerprint: 0x51ca2a05
Model has 3964 linear objective coefficients
Variable types: 5163 continuous, 3966 integer (3963 binary)
Coefficient statistics:
  Matrix range     [1e-01, 4e+01]
  Objective range  [3e+00, 5e+01]
  Bounds range     [1e-01, 3e+01]
  RHS range        [1e+00, 8e+01]

Found heuristic solution: objective 0.0000000
Presolve removed 221 rows and 4984 columns
Presolve time: 0.14s
Presolved: 4949 rows, 4145 columns, 14617 nonzeros
Variable types: 116 continuous, 4029 integer (3796 binary)
Root relaxation presolved: 4949 rows, 4145 columns, 14617 nonzeros


Root relaxation: objective -2.908339e+04, 1642 iterations, 0.05 seconds (0.08 work units)

    Nodes    |    Current Node    |     Objective Bounds      |     Work
 Expl Unexpl |  Obj  Depth IntInf | Incumbent    BestBd   Gap | It/Node Time

     0     0 -29083.391    0  584    0.00000 -29083.391      -     -    0s
H    0     0                    -21886.61639 -29083.391  32.9%     -    0s
H    0     0                    -24088.44579 -29083.391  20.7%     -    0s
H    0     0                    -24091.60831 -29083.391  20.7%     -    0s
H    0     0                    -24499.93557 -29083.391  18.7%     -    0s
H    0     0                    -24536.51838 -29083.391  18.5%     -    0s
H    0     0                    -24537.50814 -29083.391  18.5%     -    0s
H    0     0                    -24660.53487 -29083.391  17.9%     -    0s
H    0     0                    -24753.49141 -29083.391  17.5%     -    0s
H    0     0                    -24759.83707 -29083.391  17.5%     -    0s
H    0     0                    -24784.72723 -29083.391  17.3%     -    0s
H    0     0                    -24785.69531 -28221.779  13.9%     -    0s
H    0     0                    -24818.55501 -28221.779  13.7%     -    0s
H    0     0                    -24827.46618 -28221.779  13.7%     -    0s
H    0     0                    -24917.29030 -28221.779  13.3%     -    0s
H    0     0                    -24964.50202 -28221.779  13.0%     -    0s
H    0     0                    -24980.80965 -28221.779  13.0%     -    0s
H    0     0                    -25088.63489 -28221.779  12.5%     -    0s
H    0     0                    -25129.46456 -28221.779  12.3%     -    0s
     0     0 -28173.301    0  998 -25129.465 -28173.301  12.1%     -    0s
H    0     0                    -25174.18384 -27964.660  11.1%     -    0s
H    0     0                    -25188.45231 -27964.660  11.0%     -    0s
H    0     0                    -25314.65605 -27964.660  10.5%     -    0s
H    0     0                    -25411.79767 -27964.660  10.0%     -    0s
H    0     0                    -25491.85288 -27964.660  9.70%     -    0s
H    0     0                    -25504.42169 -27964.660  9.65%     -    0s
     0     0 -27963.971    0 1379 -25504.422 -27963.971  9.64%     -    0s
     0     0 -27956.815    0 1370 -25504.422 -27956.815  9.62%     -    0s
     0     0 -27956.715    0 1365 -25504.422 -27956.715  9.62%     -    0s
H    0     0                    -25593.91267 -27956.715  9.23%     -    0s
H    0     0                    -25594.94264 -27956.715  9.23%     -    0s
     0     0 -27729.934    0 1486 -25594.943 -27729.934  8.34%     -    0s
H    0     0                    -25601.79236 -27729.934  8.31%     -    0s
H    0     0                    -25601.94563 -27571.861  7.69%     -    1s
H    0     0                    -25612.66395 -27571.861  7.65%     -    1s
     0     0 -27571.861    0 1764 -25612.664 -27571.861  7.65%     -    1s
     0     0 -27553.970    0 1828 -25612.664 -27553.970  7.58%     -    1s
     0     0 -27552.446    0 1807 -25612.664 -27552.446  7.57%     -    1s
     0     0 -27552.091    0 1828 -25612.664 -27552.091  7.57%     -    1s
     0     0 -27465.922    0 1782 -25612.664 -27465.922  7.24%     -    2s
H    0     0                    -25728.83736 -27465.638  6.75%     -    2s
H    0     0                    -25733.77036 -27465.638  6.73%     -    2s
H    0     0                    -25742.01010 -27465.638  6.70%     -    2s
     0     0 -27448.384    0 1903 -25742.010 -27448.384  6.63%     -    2s
     0     0 -27446.079    0 1911 -25742.010 -27446.079  6.62%     -    2s
     0     0 -27445.826    0 1935 -25742.010 -27445.826  6.62%     -    2s
H    0     0                    -25789.83783 -27346.463  6.04%     -    3s
H    0     0                    -25790.80197 -27346.463  6.03%     -    3s
H    0     0                    -25829.25933 -27346.463  5.87%     -    3s
H    0     0                    -25849.31380 -27346.463  5.79%     -    3s
H    0     0                    -25863.92532 -27346.463  5.73%     -    3s
H    0     0                    -25873.77167 -27346.463  5.69%     -    3s
H    0     0                    -25904.86584 -27346.463  5.56%     -    3s
H    0     0                    -25918.31011 -27346.463  5.51%     -    3s
H    0     0                    -25926.22822 -27346.463  5.48%     -    3s
H    0     0                    -25931.20108 -27346.463  5.46%     -    3s
H    0     0                    -25956.26818 -27346.463  5.36%     -    3s
H    0     0                    -25961.20118 -27346.463  5.34%     -    3s
H    0     0                    -26004.69675 -27346.463  5.16%     -    3s
H    0     0                    -26014.21525 -27346.463  5.12%     -    3s
     0     0 -27346.463    0 2004 -26014.215 -27346.463  5.12%     -    3s
H    0     0                    -26022.09705 -27315.099  4.97%     -    3s
H    0     0                    -26035.00193 -27315.099  4.92%     -    3s
H    0     0                    -26041.24715 -27315.099  4.89%     -    3s
H    0     0                    -26043.01053 -27315.099  4.88%     -    3s
H    0     0                    -26044.06814 -27315.099  4.88%     -    3s
H    0     0                    -26045.11947 -27315.099  4.88%     -    3s
H    0     0                    -26053.99543 -27315.099  4.84%     -    3s
     0     0 -27315.099    0 2077 -26053.995 -27315.099  4.84%     -    3s
     0     0 -27307.641    0 2097 -26053.995 -27307.641  4.81%     -    4s
     0     0 -27306.049    0 2134 -26053.995 -27306.049  4.81%     -    4s
H    0     0                    -26058.83583 -27306.049  4.79%     -    5s
     0     0 -27129.328    0 2105 -26058.836 -27129.328  4.11%     -    5s
H    0     0                    -26061.92361 -27129.328  4.10%     -    5s
     0     0 -27047.893    0 2142 -26061.924 -27047.893  3.78%     -    6s
     0     0 -27047.893    0 2137 -26061.924 -27047.893  3.78%     -    6s
     0     0 -27031.828    0 2016 -26061.924 -27031.828  3.72%     -    8s
     0     0 -27031.828    0 2016 -26061.924 -27031.828  3.72%     -    8s
     0     0 -27031.828    0 2008 -26061.924 -27031.828  3.72%     -    8s
H    0     0                    -26063.78150 -27031.828  3.71%     -    8s
H    0     0                    -26065.62711 -27031.828  3.71%     -    8s
     0     2 -27031.828    0 2007 -26065.627 -27031.828  3.71%     -    9s
H    8     9                    -26067.74233 -27031.828  3.70%  1204    9s
    11    20 -26752.307    4 1056 -26067.742 -27031.828  3.70%  1321   10s
H   29    31                    -26068.78808 -27031.828  3.69%   675   10s
H  130   123                    -26072.47929 -27031.828  3.68%   193   10s
  1152  1068 -26144.124   59 2008 -26072.479 -26986.164  3.50%  48.8   15s
  1164  1076 -26805.786   29 2234 -26072.479 -26986.164  3.50%  48.3   20s
  1170  1080 -26096.528   22 2189 -26072.479 -26986.164  3.50%  48.0   25s
  1174  1083 -26711.894   61 2184 -26072.479 -26986.164  3.50%  47.9   31s
  1187  1102 -26472.395   16 1008 -26072.479 -26986.164  3.50%  94.2   35s
  2705  2092 -26670.704   89 1328 -26072.479 -26888.986  3.13%  58.0   40s
  5952  4754 -26176.161  278  705 -26072.479 -26888.986  3.13%  33.1   45s
 12600 11322 -26301.953  156 1179 -26072.479 -26851.620  2.99%  23.5   50s
 20250 18438 -26711.486   48 1549 -26072.479 -26834.585  2.92%  19.7   55s
 28845 26300 -26591.243   81 1387 -26072.479 -26822.248  2.88%  17.7   60s
 35295 32076 -26102.224  342  535 -26072.479 -26818.975  2.86%  16.6   65s
 35315 32096 -26099.155  344  534 -26072.479 -26818.975  2.86%  16.6   70s
 35331 32112 -26093.597  346  523 -26072.479 -26818.975  2.86%  16.6   75s
 35359 32120 -26090.294  350  504 -26072.479 -26818.585  2.86%  16.6   80s
 37220 34157 -26301.060  157 1209 -26072.479 -26818.500  2.86%  16.6   85s
 43562 40185 -26379.846  185 1130 -26072.479 -26815.386  2.85%  16.4   90s
 52665 48561 -26260.153  197 1067 -26072.479 -26812.600  2.84%  15.7   95s
 61162 56274 -26608.888   75 1487 -26072.479 -26810.934  2.83%  15.3  100s
 69103 64022 -26285.667  227  951 -26072.479 -26807.981  2.82%  15.1  105s
 77191 71450 -26108.600  340  558 -26072.479 -26806.990  2.82%  14.8  110s
 84651 78552 -26778.852   30 1661 -26072.479 -26806.184  2.81%  14.7  115s
 93073 86405 -26786.043   29 1660 -26072.479 -26805.507  2.81%  14.5  120s
 101364 94123 -26331.079  197 1119 -26072.479 -26803.666  2.80%  14.4  125s
 110397 101984 -26311.508  167 1115 -26072.479 -26802.347  2.80%  14.3  130s
 119301 110432 -26226.231   99 1413 -26072.479 -26800.768  2.79%  14.2  135s
 126330 117064 -26665.349   54 1533 -26072.479 -26799.930  2.79%  14.3  140s
 133792 123583 -26329.962  161 1160 -26072.479 -26798.799  2.79%  14.3  145s
 141502 131104 -26491.466  123 1327 -26072.479 -26798.428  2.78%  14.2  150s
 148954 138210 -26114.334  260  945 -26072.479 -26797.553  2.78%  14.1  155s
 156521 144589 -26728.871   40 1601 -26072.479 -26796.876  2.78%  14.1  160s
 164523 152197 -26090.609  291  851 -26072.479 -26796.333  2.78%  14.0  165s
 171815 159004 -26385.776  147 1179 -26072.479 -26795.915  2.77%  14.0  170s
 176356 166522 -26527.625   88 1496 -26072.479 -26795.495  2.77%  14.0  175s
 186590 172781 -26158.420  302  793 -26072.479 -26795.148  2.77%  13.9  180s
 193191 178660 -26190.904  259  939 -26072.479 -26794.982  2.77%  13.9  185s
 199283 184526 -26141.398  341  709 -26072.479 -26794.692  2.77%  13.9  190s
 206861 191254 -26082.946  211  973 -26072.479 -26793.932  2.77%  13.9  195s
 211837 196059 -26605.444   47 1549 -26072.479 -26793.828  2.77%  13.8  200s
 218651 202510 -26099.969  340  586 -26072.479 -26793.565  2.77%  13.8  205s
 224183 207669 -26139.122  320  646 -26072.479 -26793.373  2.76%  13.8  210s
 230455 213261 -26705.912   42 1608 -26072.479 -26793.116  2.76%  13.8  215s
 235981 218790 -26366.641   72 1471 -26072.479 -26793.044  2.76%  13.8  220s
 242283 224638 -26754.311   31 1621 -26072.479 -26792.789  2.76%  13.7  225s
 248984 230577 -26430.733   62 1495 -26072.479 -26792.463  2.76%  13.8  230s
 253673 234778 -26697.250   45 1664 -26072.479 -26792.201  2.76%  13.8  235s
 259809 240351 -26698.499   41 1619 -26072.479 -26791.900  2.76%  13.8  240s
 265798 246268 -26643.427   61 1533 -26072.479 -26791.893  2.76%  13.7  245s
 271604 250996 -26109.679  164 1100 -26072.479 -26791.657  2.76%  13.7  250s
 277439 256511 -26340.491  196 1130 -26072.479 -26791.365  2.76%  13.7  255s
 282931 261727 infeasible  229      -26072.479 -26791.098  2.76%  13.7  260s
 289773 267709 -26598.227   48 1528 -26072.479 -26790.943  2.76%  13.7  265s
 295173 272329 -26773.840   30 1700 -26072.479 -26790.808  2.76%  13.7  270s
 302473 279259 -26726.586   40 1600 -26072.479 -26790.543  2.75%  13.7  275s
 306902 283596 -26258.336  213 1058 -26072.479 -26790.462  2.75%  13.7  280s
 313156 289078 -26119.751  263  893 -26072.479 -26790.265  2.75%  13.7  285s
 318383 293742 -26349.112   84 1327 -26072.479 -26790.137  2.75%  13.6  290s
 323239 298357 -26334.506  151 1154 -26072.479 -26789.931  2.75%  13.6  295s
 327165 301891 -26306.264  200  993 -26072.479 -26789.751  2.75%  13.6  300s
 332603 306718 -26718.111   37 1596 -26072.479 -26789.618  2.75%  13.6  305s
 337570 311530 -26703.733   54 1572 -26072.479 -26789.454  2.75%  13.6  310s
 342117 315685 -26385.461  158 1169 -26072.479 -26789.366  2.75%  13.6  315s
 345626 318855 -26775.761   29 1635 -26072.479 -26789.312  2.75%  13.6  320s
 349168 322184 -26120.387  101 1404 -26072.479 -26789.234  2.75%  13.6  325s
 352530 325381 -26185.020  309  684 -26072.479 -26789.116  2.75%  13.6  330s
 356666 328971 -26226.402  243  942 -26072.479 -26789.049  2.75%  13.6  335s
 361823 334039 -26230.070  249  899 -26072.479 -26788.967  2.75%  13.6  340s
 365959 337740 -26394.348   75 1381 -26072.479 -26788.860  2.75%  13.6  345s
 371028 342381 -26111.885  320  635 -26072.479 -26788.601  2.75%  13.6  350s
 376134 347095 -26222.784  231  937 -26072.479 -26788.535  2.75%  13.6  355s
 380059 350608 -26361.019  168 1144 -26072.479 -26788.477  2.75%  13.6  360s
 386489 356727 -26295.184  207 1016 -26072.479 -26788.332  2.75%  13.6  365s
 390030 359984 -26415.306   83 1323 -26072.479 -26788.290  2.75%  13.6  370s
 395298 364933 -26364.905   96 1238 -26072.479 -26788.226  2.75%  13.6  375s
 400620 369712 -26542.585  114 1316 -26072.479 -26788.091  2.74%  13.6  380s
 404747 373416 -26097.657  360  643 -26072.479 -26788.001  2.74%  13.6  385s
 408498 377060 -26248.501  213 1028 -26072.479 -26787.883  2.74%  13.6  390s
 411560 379864 -26783.260   32 1642 -26072.479 -26787.734  2.74%  13.6  395s
 414450 382325 -26262.045  216 1054 -26072.479 -26787.710  2.74%  13.6  400s
 418751 386164 -26079.531  158 1113 -26072.479 -26787.520  2.74%  13.7  405s
 422509 389516 -26357.858  127 1260 -26072.479 -26787.476  2.74%  13.7  410s
 426241 393233 -26173.143  273  871 -26072.479 -26787.353  2.74%  13.7  415s
 430399 396985     cutoff  158      -26072.479 -26787.257  2.74%  13.7  420s
 435012 400868 -26705.043   37 1593 -26072.479 -26787.146  2.74%  13.7  426s
 437867 403524 -26327.232  186 1018 -26072.479 -26787.086  2.74%  13.7  430s
 441362 406798 -26463.549  126 1190 -26072.479 -26786.981  2.74%  13.7  435s
 446203 411434 -26492.461   90 1377 -26072.479 -26786.879  2.74%  13.7  440s
 450398 415082 -26496.388  105 1300 -26072.479 -26786.782  2.74%  13.6  445s
 453780 418159 -26770.420   33 1633 -26072.479 -26786.656  2.74%  13.6  450s
 459168 423345 -26081.940  205 1041 -26072.479 -26786.622  2.74%  13.6  455s
 461845 426016 -26287.805  240 1033 -26072.479 -26786.593  2.74%  13.6  460s
 466925 430590 -26353.795  151 1250 -26072.479 -26786.450  2.74%  13.6  465s
 471224 434499 -26709.412   36 1602 -26072.479 -26786.391  2.74%  13.6  470s
 474982 438068 -26199.501  304  842 -26072.479 -26786.299  2.74%  13.6  475s
 476788 439677 -26409.323  142 1230 -26072.479 -26786.296  2.74%  13.6  480s
 480751 443368 -26110.454  298  810 -26072.479 -26786.197  2.74%  13.6  485s
 484301 446480 -26227.183  191 1130 -26072.479 -26786.129  2.74%  13.6  491s
 488378 450325 -26326.253  204 1016 -26072.479 -26786.021  2.74%  13.6  495s
 492019 453738 -26563.710   77 1426 -26072.479 -26785.972  2.74%  13.6  500s
 496800 457922 -26153.465  213 1058 -26072.479 -26785.904  2.74%  13.6  505s
 500227 461084     cutoff  237      -26072.479 -26785.816  2.74%  13.6  510s
 504588 465337 -26501.770  104 1287 -26072.479 -26785.739  2.74%  13.6  515s
 508167 468559 -26430.198  147 1319 -26072.479 -26785.703  2.74%  13.6  520s
 512114 472187 -26360.268  180 1113 -26072.479 -26785.618  2.74%  13.6  525s
 516746 476279 -26618.461   50 1594 -26072.479 -26785.425  2.73%  13.6  530s
 521014 480151 -26510.030  118 1286 -26072.479 -26785.310  2.73%  13.6  535s
 524083 483122 -26331.003  211 1114 -26072.479 -26785.278  2.73%  13.6  540s
 527307 485931 -26563.986   88 1380 -26072.479 -26785.243  2.73%  13.6  545s
 530988 489351 -26474.600  117 1294 -26072.479 -26785.205  2.73%  13.6  550s
 533574 492001 -26392.961   77 1463 -26072.479 -26785.154  2.73%  13.6  555s
 538055 495644 -26575.521   73 1508 -26072.479 -26785.065  2.73%  13.6  560s
 541159 498408 -26690.293   48 1592 -26072.479 -26784.991  2.73%  13.6  565s
 543823 501264 -26683.449   56 1581 -26072.479 -26784.963  2.73%  13.6  570s
 547560 504461 -26477.174  126 1235 -26072.479 -26784.918  2.73%  13.6  575s
 551175 507758     cutoff  337      -26072.479 -26784.918  2.73%  13.6  580s
 553738 510370 -26724.549   35 1603 -26072.479 -26784.897  2.73%  13.6  585s
 557593 514174 -26305.635  187 1176 -26072.479 -26784.853  2.73%  13.6  590s
 560918 517209 -26293.338  214 1070 -26072.479 -26784.820  2.73%  13.6  595s
 564395 520351 -26768.071   30 1653 -26072.479 -26784.795  2.73%  13.6  601s
 567259 522794 -26278.186  220 1007 -26072.479 -26784.714  2.73%  13.6  605s
 569940 525532 -26456.179   89 1346 -26072.479 -26784.690  2.73%  13.6  610s
 574135 528931 infeasible  254      -26072.479 -26784.631  2.73%  13.6  615s
 576471 531580 -26322.335  173 1179 -26072.479 -26784.546  2.73%  13.6  620s
 579839 534450 -26603.338   46 1557 -26072.479 -26784.529  2.73%  13.6  625s
 582712 537127 -26080.546  185 1029 -26072.479 -26784.483  2.73%  13.6  630s
 585382 539677 -26508.005   99 1354 -26072.479 -26784.420  2.73%  13.6  636s
 588065 542097 -26103.061  272  877 -26072.479 -26784.420  2.73%  13.6  640s
 591282 544961 -26484.420  108 1306 -26072.479 -26784.393  2.73%  13.6  645s
 593268 546958 -26774.324   32 1645 -26072.479 -26784.257  2.73%  13.6  650s
 596233 549666 -26553.567   63 1550 -26072.479 -26784.202  2.73%  13.6  655s
 599705 552873 -26486.436  124 1253 -26072.479 -26784.184  2.73%  13.6  660s
 601798 554784 -26214.058  268  876 -26072.479 -26784.113  2.73%  13.6  665s
 605443 558091 -26285.348  219 1074 -26072.479 -26784.065  2.73%  13.6  670s
 608402 561028 -26483.416  127 1267 -26072.479 -26784.007  2.73%  13.6  675s
 611467 563694 -26124.950  319  780 -26072.479 -26783.998  2.73%  13.5  680s
 613844 566210 -26257.919  199 1059 -26072.479 -26783.960  2.73%  13.5  685s
 616787 568571 -26182.527  113 1318 -26072.479 -26783.929  2.73%  13.6  690s
 620486 572204 -26128.942  252  917 -26072.479 -26783.880  2.73%  13.6  695s
 623411 574830 -26080.437  316  734 -26072.479 -26783.796  2.73%  13.6  700s
 626386 577585 -26330.692   87 1426 -26072.479 -26783.795  2.73%  13.6  705s
 629957 580628 -26585.164   86 1370 -26072.479 -26783.719  2.73%  13.6  710s
 633023 583476 -26173.898  291  842 -26072.479 -26783.659  2.73%  13.6  715s
 635348 585675 -26335.152   81 1498 -26072.479 -26783.614  2.73%  13.6  721s
 636665 586721 -26496.804  121 1279 -26072.479 -26783.590  2.73%  13.6  725s
 638606 588854 -26229.607  242  941 -26072.479 -26783.570  2.73%  13.6  730s
 642388 592370 -26401.421  147 1211 -26072.479 -26783.548  2.73%  13.6  735s
 645573 594956 -26103.746  305  813 -26072.479 -26783.500  2.73%  13.6  740s
 647871 597328 -26319.761  186 1105 -26072.479 -26783.497  2.73%  13.6  745s
 651374 600347 -26770.744   30 1660 -26072.479 -26783.445  2.73%  13.6  750s
 653301 602512 -26305.736  206 1017 -26072.479 -26783.445  2.73%  13.6  755s
 656708 605328     cutoff  309      -26072.479 -26783.436  2.73%  13.6  760s
 658392 606865 -26303.200   86 1473 -26072.479 -26783.387  2.73%  13.6  765s
 662195 610436 -26742.495   28 1680 -26072.479 -26783.341  2.73%  13.6  770s
 663496 611735 -26092.762  257  979 -26072.479 -26783.285  2.73%  13.6  775s
 666486 614540 -26383.064   89 1313 -26072.479 -26783.248  2.73%  13.6  780s
 668823 616911 -26743.797   32 1628 -26072.479 -26783.228  2.73%  13.6  785s
 671727 619154 -26632.683   52 1647 -26072.479 -26783.159  2.73%  13.6  790s
 674242 621507 -26209.179  223 1089 -26072.479 -26783.132  2.73%  13.6  795s
 677634 624922 -26423.499  122 1316 -26072.479 -26783.040  2.73%  13.6  800s
 679234 626355 -26730.695   37 1635 -26072.479 -26783.023  2.73%  13.6  805s
 682433 629183 -26717.450   26 1916 -26072.479 -26782.998  2.73%  13.6  810s
 685530 631793 -26335.461  198 1076 -26072.479 -26782.952  2.72%  13.6  815s
 689058 635427 -26273.520  118 1314 -26072.479 -26782.916  2.72%  13.6  820s
 692511 638270 -26612.912   65 1481 -26072.479 -26782.848  2.72%  13.6  826s
 696139 641821 -26081.947  361  500 -26072.479 -26782.822  2.72%  13.6  830s
 699087 644377 -26227.698  225  966 -26072.479 -26782.796  2.72%  13.6  835s
 701390 646538 -26578.880   73 1533 -26072.479 -26782.767  2.72%  13.6  840s
 705228 650270 -26743.808   36 1650 -26072.479 -26782.707  2.72%  13.6  845s
 707863 652565 -26548.152   91 1350 -26072.479 -26782.673  2.72%  13.6  851s
 709722 654303 -26090.971  299  841 -26072.479 -26782.652  2.72%  13.6  855s
 711745 656419 -26776.285   26 1667 -26072.479 -26782.611  2.72%  13.6  860s
 716120 660460 -26231.587  251  938 -26072.479 -26782.577  2.72%  13.6  865s
 718741 662664 -26191.243  140 1220 -26072.479 -26782.550  2.72%  13.6  870s
 721702 665566 -26444.524  114 1286 -26072.479 -26782.550  2.72%  13.6  875s
 725610 669070 -26769.137   24 1661 -26072.479 -26782.396  2.72%  13.6  880s
 726976 670227 -26486.303   69 1508 -26072.479 -26782.396  2.72%  13.6  885s
 729438 672452 -26693.712   51 1580 -26072.479 -26782.359  2.72%  13.6  890s
 731218 674086 -26092.097  218 1018 -26072.479 -26782.307  2.72%  13.6  895s
 735417 677678 -26684.829   49 1594 -26072.479 -26782.258  2.72%  13.6  901s
 737935 680180 -26318.488  222 1027 -26072.479 -26782.209  2.72%  13.6  906s
 739996 682254 -26095.646  378  462 -26072.479 -26782.209  2.72%  13.6  910s
 743060 685063 -26746.832   31 1641 -26072.479 -26782.174  2.72%  13.6  915s
 745794 687497 -26599.632   71 1526 -26072.479 -26782.121  2.72%  13.6  920s
 747527 688761 -26732.008   37 1628 -26072.479 -26782.073  2.72%  13.6  926s
 749620 690993 -26471.316  132 1266 -26072.479 -26782.068  2.72%  13.6  930s
 752680 693742 -26097.766  346  646 -26072.479 -26782.031  2.72%  13.6  935s
 755525 696532 -26340.977  189 1119 -26072.479 -26782.010  2.72%  13.6  940s
 757867 698414 infeasible  234      -26072.479 -26781.966  2.72%  13.6  945s
 759996 700477 -26198.125  198 1080 -26072.479 -26781.932  2.72%  13.6  950s
 762555 702654 -26431.226  151 1155 -26072.479 -26781.932  2.72%  13.6  956s
 764908 705087 -26387.022  118 1298 -26072.479 -26781.858  2.72%  13.6  960s
 768366 708225 -26168.282  197 1116 -26072.479 -26781.838  2.72%  13.6  965s
 770369 711713 -26533.123  121 1326 -26072.479 -26781.813  2.72%  13.6  971s
 772854 712402 -26181.069  300  739 -26072.479 -26781.755  2.72%  13.6  975s
 775739 714931 -26756.420   30 1634 -26072.479 -26781.721  2.72%  13.6  980s
 778233 717113 -26402.367  120 1361 -26072.479 -26781.677  2.72%  13.6  985s
 780816 719499 -26094.117  266  926 -26072.479 -26781.642  2.72%  13.6  990s
 783185 721727 -26597.982   74 1521 -26072.479 -26781.642  2.72%  13.6  995s
 785803 723990 -26152.167  266  976 -26072.479 -26781.570  2.72%  13.6 1000s
 788888 726447 -26758.690   30 1623 -26072.479 -26781.530  2.72%  13.6 1005s
 791000 728607 -26148.297  294  798 -26072.479 -26781.519  2.72%  13.6 1010s
 793617 730695 -26738.183   39 1611 -26072.479 -26781.465  2.72%  13.6 1015s
 795767 732931 -26327.390   88 1351 -26072.479 -26781.404  2.72%  13.6 1020s
 798908 735724 -26635.575   65 1521 -26072.479 -26781.394  2.72%  13.6 1025s
 801778 738240 -26536.906   42 1639 -26072.479 -26781.332  2.72%  13.6 1030s
 804340 740285 -26131.840  129 1126 -26072.479 -26781.305  2.72%  13.6 1035s
 805507 741509 -26598.366   71 1552 -26072.479 -26781.287  2.72%  13.6 1040s
 808983 744885 -26139.281  282  853 -26072.479 -26781.286  2.72%  13.6 1045s
 810488 746070 -26712.135   43 1569 -26072.479 -26781.241  2.72%  13.6 1050s
 813714 749191 -26240.394  176 1105 -26072.479 -26781.202  2.72%  13.6 1055s
 815025 750345     cutoff  255      -26072.479 -26781.199  2.72%  13.6 1060s
 817832 753003 -26206.524  219  981 -26072.479 -26781.174  2.72%  13.6 1065s
 819892 754809 -26750.207   30 1691 -26072.479 -26781.128  2.72%  13.6 1071s
 821313 756188 -26482.655   60 1531 -26072.479 -26781.126  2.72%  13.6 1075s
 823338 757876 -26561.341   78 1418 -26072.479 -26781.111  2.72%  13.6 1081s
 824247 758698 -26648.517   76 1492 -26072.479 -26781.103  2.72%  13.6 1086s
 825510 759835 -26606.412   77 1503 -26072.479 -26781.103  2.72%  13.6 1090s
 828143 762485 -26531.720  103 1293 -26072.479 -26781.068  2.72%  13.6 1095s
 830279 764598 -26258.586  221 1019 -26072.479 -26781.021  2.72%  13.6 1100s
 832956 767067 -26237.147  219 1125 -26072.479 -26780.960  2.72%  13.6 1105s
 834852 768497 -26620.845   64 1488 -26072.479 -26780.960  2.72%  13.6 1111s
 835806 769552 -26269.110  199 1096 -26072.479 -26780.960  2.72%  13.6 1115s
 838426 771895 -26323.056  188 1153 -26072.479 -26780.876  2.72%  13.6 1121s
 840115 773429 -26330.358  201 1061 -26072.479 -26780.873  2.72%  13.6 1125s
 841553 774918 -26177.400  335  704 -26072.479 -26780.838  2.72%  13.6 1130s
 843195 776197 -26696.723   49 1558 -26072.479 -26780.830  2.72%  13.6 1135s
 844213 777833 -26518.524  115 1274 -26072.479 -26780.829  2.72%  13.6 1140s
 847447 780187 -26116.973  344  648 -26072.479 -26780.796  2.72%  13.5 1146s
 849096 782000 -26086.247  351  671 -26072.479 -26780.781  2.72%  13.5 1150s
 851753 784304 -26747.456   32 1655 -26072.479 -26780.737  2.72%  13.5 1156s
 853611 785957 -26534.227  119 1260 -26072.479 -26780.704  2.72%  13.5 1160s
 855179 787756 -26314.523  223  966 -26072.479 -26780.696  2.72%  13.5 1165s
 856940 789248 -26146.799  346  625 -26072.479 -26780.695  2.72%  13.5 1171s
 858984 791191 -26760.852   35 1657 -26072.479 -26780.677  2.72%  13.5 1175s
 860607 792478 -26679.899   46 1569 -26072.479 -26780.677  2.72%  13.5 1180s
 863699 795259 -26137.726  306  781 -26072.479 -26780.619  2.72%  13.5 1185s
 865353 796943 -26332.003  163 1119 -26072.479 -26780.612  2.72%  13.5 1190s
 867299 798556 -26156.054  246  896 -26072.479 -26780.604  2.72%  13.5 1195s
 870256 801359 -26087.437  120 1230 -26072.479 -26780.602  2.72%  13.5 1200s
 872253 802949 -26115.999  236 1019 -26072.479 -26780.576  2.72%  13.5 1205s
 874976 805614 -26771.993   32 1645 -26072.479 -26780.539  2.72%  13.5 1211s
 877388 808214 -26397.605  184 1084 -26072.479 -26780.524  2.72%  13.5 1215s
 878929 809662 -26226.759  273  862 -26072.479 -26780.524  2.72%  13.5 1220s
 882349 812654     cutoff  210      -26072.479 -26780.501  2.72%  13.5 1225s
 885072 815155 -26354.407  181 1105 -26072.479 -26780.461  2.72%  13.5 1230s
 887192 816756 -26211.101  227  970 -26072.479 -26780.431  2.72%  13.5 1235s
 888498 818247 -26667.943   48 1516 -26072.479 -26780.431  2.72%  13.5 1240s
 890621 819990 -26557.993   80 1497 -26072.479 -26780.382  2.72%  13.5 1245s
 893047 822216 -26682.537   30 1756 -26072.479 -26780.334  2.71%  13.5 1250s
 895964 825012 -26467.160  134 1285 -26072.479 -26780.334  2.71%  13.5 1255s
 897427 826226 -26262.715  236  975 -26072.479 -26780.334  2.71%  13.5 1262s
 898572 827472 -26103.364  322  713 -26072.479 -26780.243  2.71%  13.5 1265s
 901510 829968 -26374.923  189 1054 -26072.479 -26780.221  2.71%  13.5 1270s
 903531 832179 -26179.539  293  769 -26072.479 -26780.218  2.71%  13.5 1275s
 905473 833740 -26670.560   44 1616 -26072.479 -26780.218  2.71%  13.5 1282s
 906847 835069 -26129.574  122 1341 -26072.479 -26780.200  2.71%  13.5 1285s
 908552 836679 -26517.670  129 1297 -26072.479 -26780.189  2.71%  13.5 1292s
 908965 836947 -26446.121  164 1153 -26072.479 -26780.180  2.71%  13.5 1295s
 911667 839811 -26207.958  283  844 -26072.479 -26780.177  2.71%  13.5 1301s
 912353 840487 -26140.529  339  683 -26072.479 -26780.176  2.71%  13.5 1305s
 914756 842446 -26610.154   80 1510 -26072.479 -26780.157  2.71%  13.5 1310s
 917479 845210 -26403.843  142 1333 -26072.479 -26780.153  2.71%  13.5 1315s
 919555 847097 -26587.628   85 1388 -26072.479 -26780.106  2.71%  13.5 1320s
 923008 850408 -26126.781  297  871 -26072.479 -26780.106  2.71%  13.5 1325s
 924394 851883 -26491.004   90 1364 -26072.479 -26780.106  2.71%  13.5 1330s
 926140 853306     cutoff  125      -26072.479 -26780.058  2.71%  13.5 1335s
 928445 855687 -26358.518  172 1166 -26072.479 -26780.044  2.71%  13.5 1340s
 930463 857387 -26324.436  151 1264 -26072.479 -26780.034  2.71%  13.5 1345s
 933106 859647 -26727.884   40 1617 -26072.479 -26780.002  2.71%  13.5 1350s
 934855 861546 -26360.953  206 1074 -26072.479 -26780.002  2.71%  13.5 1355s
 937913 864199 -26659.579   42 1690 -26072.479 -26779.998  2.71%  13.5 1363s
 938845 865072 -26725.483   37 1666 -26072.479 -26779.994  2.71%  13.5 1365s
 940336 866355 -26706.376   45 1595 -26072.479 -26779.994  2.71%  13.5 1373s
 941057 867358 -26555.523   91 1484 -26072.479 -26779.956  2.71%  13.5 1375s
 944050 870097 -26505.700   75 1430 -26072.479 -26779.920  2.71%  13.5 1380s
 945722 871389 -26457.957   65 1557 -26072.479 -26779.902  2.71%  13.5 1386s
 948006 873438 -26531.823   70 1419 -26072.479 -26779.854  2.71%  13.5 1390s
 948873 873902 -26619.057   63 1532 -26072.479 -26779.854  2.71%  13.5 1395s
 950747 875666     cutoff  287      -26072.479 -26779.801  2.71%  13.5 1400s
 952686 877685 -26471.378  114 1324 -26072.479 -26779.787  2.71%  13.5 1406s
 954367 879348 -26216.162  224  973 -26072.479 -26779.787  2.71%  13.5 1410s
 956543 881160 -26294.340  204 1079 -26072.479 -26779.744  2.71%  13.5 1415s
 958270 882846 -26416.611   66 1400 -26072.479 -26779.726  2.71%  13.5 1420s
 960251 884897 -26390.302  142 1281 -26072.479 -26779.696  2.71%  13.5 1425s
 962262 886351 -26756.038   36 1673 -26072.479 -26779.671  2.71%  13.5 1430s
 964762 888878 -26314.034  211 1087 -26072.479 -26779.644  2.71%  13.5 1436s
 965918 889828 -26173.022  286  832 -26072.479 -26779.640  2.71%  13.5 1440s
 968267 892005 -26083.270  223 1073 -26072.479 -26779.622  2.71%  13.5 1445s
 970637 894529 -26720.350   41 1643 -26072.479 -26779.608  2.71%  13.5 1450s
 972222 895965 -26314.716   84 1525 -26072.479 -26779.608  2.71%  13.5 1455s
 973635 897116 -26448.571  134 1192 -26072.479 -26779.581  2.71%  13.5 1460s
 975510 898775 -26332.562  146 1273 -26072.479 -26779.549  2.71%  13.5 1465s
 977182 899979 -26527.875   75 1451 -26072.479 -26779.518  2.71%  13.5 1470s
 980179 903096 -26588.436   81 1507 -26072.479 -26779.479  2.71%  13.5 1475s
 982317 904628 -26105.086  109 1347 -26072.479 -26779.478  2.71%  13.5 1481s
 984771 907147 -26140.579  213 1070 -26072.479 -26779.412  2.71%  13.5 1485s
 986239 908435 -26711.693   38 1632 -26072.479 -26779.401  2.71%  13.5 1490s
 987983 910088 -26257.741  226  984 -26072.479 -26779.395  2.71%  13.5 1495s
 990172 911877 -26767.384   27 1685 -26072.479 -26779.395  2.71%  13.5 1500s
 992556 913963 -26173.195  101 1235 -26072.479 -26779.337  2.71%  13.5 1507s
 993732 915132 -26521.414   78 1486 -26072.479 -26779.337  2.71%  13.5 1512s
 995199 916468 -26638.283   75 1430 -26072.479 -26779.315  2.71%  13.5 1515s
 996510 918071 -26437.954  169 1082 -26072.479 -26779.315  2.71%  13.5 1520s
 998459 919998 -26301.355  240  895 -26072.479 -26779.315  2.71%  13.5 1525s
 1000221 921612 -26167.295  327  752 -26072.479 -26779.315  2.71%  13.5 1530s
 1001777 922689 -26273.068  154 1266 -26072.479 -26779.315  2.71%  13.5 1535s
 1002838 923682 -26178.135  230 1046 -26072.479 -26779.315  2.71%  13.5 1540s
 1005570 926567 -26196.427  121 1164 -26072.479 -26779.260  2.71%  13.5 1545s
 1008430 929001 -26101.627  287  875 -26072.479 -26779.235  2.71%  13.5 1550s
 1010119 930831 -26278.249  195 1079 -26072.479 -26779.214  2.71%  13.5 1555s
 1011665 932366 -26747.494   33 1686 -26072.479 -26779.198  2.71%  13.5 1561s
 1013454 933728 -26302.282  183 1153 -26072.479 -26779.198  2.71%  13.5 1565s
 1016718 936568 -26718.486   33 1615 -26072.479 -26779.174  2.71%  13.5 1573s
 1017780 937471 -26298.821  131 1296 -26072.479 -26779.147  2.71%  13.5 1577s
 1019167 938999 -26514.082  114 1340 -26072.479 -26779.132  2.71%  13.5 1580s
 1021951 941675 -26522.779   74 1509 -26072.479 -26779.097  2.71%  13.5 1585s
 1023468 942680 -26177.317  226 1084 -26072.479 -26779.063  2.71%  13.5 1590s
 1024897 943897 -26476.490  138 1226 -26072.479 -26779.063  2.71%  13.5 1595s
 1027192 946558 -26195.512  299  774 -26072.479 -26779.036  2.71%  13.5 1600s
 1028583 947659 -26702.210   33 1730 -26072.479 -26779.019  2.71%  13.5 1605s
 1029937 948669 -26195.693  189 1142 -26072.479 -26779.019  2.71%  13.5 1612s
 1031492 950162 -26585.808   74 1393 -26072.479 -26779.019  2.71%  13.5 1615s
 1033423 951970 -26298.552  210 1052 -26072.479 -26778.946  2.71%  13.5 1625s
 1034332 952916 -26212.186  243  944 -26072.479 -26778.932  2.71%  13.5 1630s
 1036318 954548 -26109.757  253 1014 -26072.479 -26778.916  2.71%  13.5 1635s
 1037713 956025 -26290.400  188 1153 -26072.479 -26778.911  2.71%  13.5 1640s
 1038543 956562 -26100.712  284  793 -26072.479 -26778.911  2.71%  13.5 1646s
 1040669 958388 -26534.665   66 1414 -26072.479 -26778.865  2.71%  13.5 1650s
 1042743 960519 -26567.265   73 1554 -26072.479 -26778.833  2.71%  13.5 1655s
 1044747 962000 -26426.430  104 1331 -26072.479 -26778.791  2.71%  13.5 1660s
 1046859 964196 -26088.204  164 1118 -26072.479 -26778.783  2.71%  13.5 1665s
 1048017 965082 -26080.518  111 1294 -26072.479 -26778.751  2.71%  13.5 1670s
 1050415 967751 -26224.754  240 1000 -26072.479 -26778.733  2.71%  13.5 1675s
 1053121 970273 -26199.260   97 1420 -26072.479 -26778.729  2.71%  13.5 1680s
 1053923 970768 -26328.121   80 1399 -26072.479 -26778.711  2.71%  13.5 1685s
 1055261 971947 -26579.780   64 1503 -26072.479 -26778.688  2.71%  13.5 1690s
 1057339 973582     cutoff  260      -26072.479 -26778.670  2.71%  13.5 1695s
 1059510 975515 -26724.853   34 1609 -26072.479 -26778.620  2.71%  13.5 1701s
 1060902 976985 -26295.092  194 1111 -26072.479 -26778.620  2.71%  13.5 1705s
 1063482 979004 -26262.177  153 1232 -26072.479 -26778.596  2.71%  13.5 1712s
 1064736 980348 -26571.505   95 1350 -26072.479 -26778.585  2.71%  13.5 1715s
 1066182 982022 -26368.622  184 1135 -26072.479 -26778.580  2.71%  13.5 1720s
 1069052 984589 -26635.504   45 1733 -26072.479 -26778.551  2.71%  13.5 1725s
 1071434 986589 infeasible  175      -26072.479 -26778.501  2.71%  13.5 1730s
 1073916 988803 -26698.717   46 1588 -26072.479 -26778.489  2.71%  13.5 1735s
 1075876 990385 -26453.492  137 1305 -26072.479 -26778.461  2.71%  13.5 1740s
 1078605 993385 -26190.286  261  868 -26072.479 -26778.460  2.71%  13.5 1745s
 1080950 995467 -26766.778   32 1654 -26072.479 -26778.453  2.71%  13.5 1750s
 1083137 997098 -26578.776   87 1456 -26072.479 -26778.420  2.71%  13.5 1755s
 1084720 998863 -26115.960  297  790 -26072.479 -26778.413  2.71%  13.5 1760s
 1087470 1001526 -26749.239   32 1645 -26072.479 -26778.388  2.71%  13.5 1765s
 1089957 1003869 -26374.801  181 1178 -26072.479 -26778.373  2.71%  13.5 1770s
 1092081 1005546 -26088.764  368  467 -26072.479 -26778.369  2.71%  13.5 1776s
 1093230 1006895 -26678.781   61 1521 -26072.479 -26778.369  2.71%  13.5 1780s
 1095753 1009106 -26137.631  210 1110 -26072.479 -26778.330  2.71%  13.5 1785s
 1097864 1011108 -26347.687  195 1038 -26072.479 -26778.295  2.71%  13.5 1790s
 1099874 1012701 -26087.084  337  664 -26072.479 -26778.275  2.71%  13.5 1795s
 1100444 1013093 -26565.199   57 1551 -26072.479 -26778.275  2.71%  13.5 1800s

Cutting planes:
  Learned: 4
  Gomory: 5
  Cover: 793
  Projected implied bound: 4
  Clique: 383
  MIR: 1464
  StrongCG: 426
  Flow cover: 399
  GUB cover: 2
  Inf proof: 18
  Zero half: 93
  Mod-K: 3
  RLT: 1
  Relax-and-lift: 2036
  BQP: 8

Explored 1100547 nodes (14907200 simplex iterations) in 1800.07 seconds (1440.44 work units)
Thread count was 4 (of 24 available processors)

Solution count 10: -26072.5 -26068.8 -26067.7 ... -26044.1

Time limit reached
Best objective -2.607247929406e+04, best bound -2.677827471466e+04, gap 2.7071%

User-callback calls 2413532, time in user-callback 3.55 sec
