
Gurobi 13.0.1 (win64) logging started Wed Oct  7 09:31:48 2026

Set parameter LogFile to value "results/source_summaries/3d/R16/gurobi_extensive.log"
Gurobi Optimizer version 13.0.1 build v13.0.1rc0 (win64 - Windows 11+.0 (26200.2))

CPU model: Intel(R) Core(TM) i7-14650HX, instruction set [SSE2|AVX|AVX2]
Thread count: 16 physical cores, 24 logical processors, using up to 4 threads

Non-default parameters:
TimeLimit  1800
IntFeasTol  1e-06
MIPGap  0.0005
Heuristics  0.2
Cuts  2
Presolve  2
Seed  1
Threads  4

Optimize a model with 5170 rows, 9129 columns and 20060 nonzeros (Min)
Model fingerprint: 0xade80e36
Model has 3964 linear objective coefficients
Variable types: 5163 continuous, 3966 integer (3963 binary)
Coefficient statistics:
  Matrix range     [1e-01, 4e+01]
  Objective range  [2e+00, 5e+01]
  Bounds range     [1e-01, 3e+01]
  RHS range        [1e+00, 9e+01]

Found heuristic solution: objective 0.0000000
Presolve removed 135 rows and 4912 columns
Presolve time: 0.16s
Presolved: 5035 rows, 4217 columns, 14870 nonzeros
Variable types: 118 continuous, 4099 integer (3862 binary)
Root relaxation presolve removed 1 rows and 1 columns
Root relaxation presolved: 5034 rows, 4216 columns, 14867 nonzeros


Root relaxation: objective -2.648425e+04, 2381 iterations, 0.07 seconds (0.10 work units)

    Nodes    |    Current Node    |     Objective Bounds      |     Work
 Expl Unexpl |  Obj  Depth IntInf | Incumbent    BestBd   Gap | It/Node Time

     0     0 -26484.252    0  703    0.00000 -26484.252      -     -    0s
H    0     0                    -18691.51391 -26484.252  41.7%     -    0s
H    0     0                    -18692.51063 -26484.252  41.7%     -    0s
H    0     0                    -21959.53978 -26484.252  20.6%     -    0s
H    0     0                    -21963.73252 -26484.252  20.6%     -    0s
H    0     0                    -22013.58668 -26484.252  20.3%     -    0s
H    0     0                    -22284.08426 -26484.252  18.8%     -    0s
H    0     0                    -22295.09578 -26484.252  18.8%     -    0s
H    0     0                    -22304.95971 -26484.252  18.7%     -    0s
H    0     0                    -22311.24881 -26006.740  16.6%     -    0s
H    0     0                    -22323.82294 -26006.740  16.5%     -    0s
H    0     0                    -22336.58861 -26006.740  16.4%     -    0s
H    0     0                    -22337.53309 -26006.740  16.4%     -    0s
H    0     0                    -22340.36655 -26006.740  16.4%     -    0s
     0     0 -25998.080    0 1092 -22340.367 -25998.080  16.4%     -    0s
H    0     0                    -22341.28645 -25998.080  16.4%     -    0s
H    0     0                    -22392.35372 -25574.005  14.2%     -    0s
H    0     0                    -22418.07137 -25574.005  14.1%     -    0s
H    0     0                    -22435.05389 -25574.005  14.0%     -    0s
H    0     0                    -22458.86495 -25574.005  13.9%     -    0s
H    0     0                    -22462.71813 -25574.005  13.9%     -    0s
H    0     0                    -22474.76576 -25574.005  13.8%     -    0s
     0     0 -25298.608    0 1326 -22474.766 -25298.608  12.6%     -    0s
     0     0 -25120.807    0 1376 -22474.766 -25120.807  11.8%     -    0s
     0     0 -24902.316    0 1372 -22474.766 -24902.316  10.8%     -    0s
H    0     0                    -22476.62571 -24902.316  10.8%     -    0s
     0     0 -24865.848    0 1373 -22476.626 -24865.848  10.6%     -    0s
H    0     0                    -22479.78561 -24859.382  10.6%     -    1s
H    0     0                    -22483.97834 -24859.382  10.6%     -    1s
     0     0 -24840.188    0 1503 -22483.978 -24840.188  10.5%     -    1s
     0     0 -24839.844    0 1503 -22483.978 -24839.844  10.5%     -    1s
     0     0 -24839.844    0 1499 -22483.978 -24839.844  10.5%     -    1s
H    0     0                    -22491.84311 -24839.844  10.4%     -    1s
H    0     0                    -22502.21259 -24839.844  10.4%     -    1s
H    0     0                    -22504.34259 -24839.844  10.4%     -    1s
     0     2 -24839.844    0 1499 -22504.343 -24839.844  10.4%     -    1s
H    3     8                    -22509.60909 -24839.844  10.4%   223    1s
H    6     8                    -22511.68329 -24839.844  10.3%   673    1s
H    7    12                    -22517.99545 -24839.844  10.3%   712    2s
H   17    27                    -22519.96921 -24839.844  10.3%   663    2s
H   78    79                    -22521.96245 -24839.844  10.3%   195    2s
  2025  1976 -22596.177  169 1499 -22521.962 -24674.882  9.56%  19.5    5s
  2041  1987 -22560.483  163 2344 -22521.962 -24562.497  9.06%  19.3   10s
H 2047  1891                    -22524.83903 -24341.518  8.07%  19.3   14s
H 2048  1796                    -22529.63335 -24289.358  7.81%  19.3   15s
  2053  1800 -22680.870  253 2844 -22529.633 -24216.395  7.49%  19.2   20s
H 2056  1711                    -22530.58092 -24155.734  7.21%  19.2   25s
H 2056  1625                    -22570.75124 -24155.734  7.02%  19.2   25s
H 2056  1543                    -22583.57408 -24155.734  6.96%  19.2   25s
H 2056  1466                    -22642.53167 -24155.734  6.68%  19.2   25s
H 2056  1392                    -22653.12760 -24155.734  6.63%  19.2   25s
H 2056  1322                    -22702.38241 -24155.734  6.40%  19.2   25s
H 2056  1255                    -22720.78838 -24155.734  6.32%  19.2   25s
H 2056  1192                    -22747.64786 -24155.734  6.19%  19.2   25s
H 2056  1132                    -22761.01882 -24155.734  6.13%  19.2   25s
H 2056  1074                    -22767.06779 -24155.734  6.10%  19.2   25s
H 2056  1020                    -23007.59061 -24155.734  4.99%  19.2   25s
H 2056   969                    -23008.64865 -24155.734  4.99%  19.2   25s
H 2056   920                    -23011.82275 -24155.734  4.97%  19.2   25s
H 2056   873                    -23015.87630 -24155.717  4.95%  19.2   26s
H 2056   829                    -23023.38608 -24155.717  4.92%  19.2   26s
H 2057   787                    -23028.61990 -24144.446  4.85%  19.2   27s
H 2057   747                    -23044.43066 -24144.446  4.77%  19.2   27s
H 2057   709                    -23046.53044 -24144.446  4.76%  19.2   27s
H 2057   673                    -23054.14330 -24144.446  4.73%  19.2   27s
H 2057   639                    -23067.85045 -24144.446  4.67%  19.2   27s
H 2057   606                    -23080.26842 -24144.446  4.61%  19.2   27s
H 2057   575                    -23083.47125 -24144.446  4.60%  19.2   27s
H 2057   546                    -23088.48101 -24144.446  4.57%  19.2   27s
H 2057   518                    -23094.99086 -24144.446  4.54%  19.2   27s
H 2060   494                    -23100.84293 -24118.547  4.41%  19.1   31s
H 2060   468                    -23104.89648 -24118.547  4.39%  19.1   31s
H 2060   444                    -23107.06221 -24118.547  4.38%  19.1   31s
  2062   446 -23182.652   46 2971 -23107.062 -23943.787  3.62%  19.1   35s
H 2062   423                    -23108.00551 -23943.787  3.62%  19.1   35s
  2064   424 -23108.006  144 2971 -23108.006 -23938.560  3.59%  19.1   40s
H 2064   402                    -23108.94882 -23938.560  3.59%  19.1   42s
  2067   404 -23915.523   87 2995 -23108.949 -23915.523  3.49%  19.1   47s
  2068   405 -23108.949   77 3023 -23108.949 -23912.229  3.48%  19.1   50s
  2071   407 -23108.949   92 2999 -23108.949 -23900.617  3.43%  19.0   56s
  2074   414 -23900.617   16 2655 -23108.949 -23900.617  3.43%  67.3   60s
  2508   675 -23558.042   86  830 -23108.949 -23739.910  2.73%  78.5   65s
  4577  2556 -23270.899  245  509 -23108.949 -23739.129  2.73%  45.9   70s
H 5718  3594                    -23108.94882 -23739.129  2.73%  38.2   72s
  8226  6431 -23271.133  231  502 -23108.949 -23739.129  2.73%  28.6   75s
 13657 11417 -23551.180   50 1040 -23108.949 -23701.540  2.56%  20.1   80s
 19294 16367 -23122.209  139  698 -23108.949 -23693.690  2.53%  16.2   85s
 30557 27034 -23452.128  151  717 -23108.949 -23685.273  2.49%  12.7   90s
 40626 36399 -23573.516   67  960 -23108.949 -23683.210  2.49%  11.2   95s
 50190 45749 -23554.679   72  940 -23108.949 -23680.035  2.47%  10.4  100s
 60525 55166 -23253.478  207  562 -23108.949 -23677.930  2.46%   9.8  105s
 73215 66634 -23204.332  246  479 -23108.949 -23675.957  2.45%   9.2  110s
 82753 75593 -23360.503  157  671 -23108.949 -23674.703  2.45%   8.9  115s
 91498 83889 -23116.359  348  286 -23108.949 -23674.199  2.45%   8.6  120s
 100964 92600 -23570.196   67  937 -23108.949 -23673.509  2.44%   8.4  125s
 107998 99115 -23303.372  230  511 -23108.949 -23672.833  2.44%   8.3  130s
 116502 107145 -23454.346  124  769 -23108.949 -23672.187  2.44%   8.2  135s
 125317 115064 -23126.104  248  510 -23108.949 -23671.525  2.43%   8.0  140s
 133914 123047 -23579.838   53  988 -23108.949 -23670.826  2.43%   7.9  145s
 144584 132654 -23643.168   30 1089 -23108.949 -23670.063  2.43%   7.8  150s
 152562 140314 -23446.536  117  814 -23108.949 -23669.710  2.43%   7.8  155s
 158232 145417 -23364.843  158  700 -23108.949 -23669.409  2.43%   7.7  160s
 164543 151440 -23220.694  310  255 -23108.949 -23668.895  2.42%   7.7  165s
 169368 155654 -23460.405  129  770 -23108.949 -23668.632  2.42%   7.6  170s
 174216 160200 -23356.197  165  610 -23108.949 -23668.305  2.42%   7.6  175s
 180773 166159 -23645.636   30 1131 -23108.949 -23667.665  2.42%   7.6  180s
 189445 173814 -23109.166  217  559 -23108.949 -23666.874  2.41%   7.5  185s
 194511 178532 -23481.265  128  754 -23108.949 -23666.579  2.41%   7.5  190s
 199046 182414 -23401.780  150  718 -23108.949 -23666.443  2.41%   7.5  195s
 203115 186563 -23592.273   55  988 -23108.949 -23666.293  2.41%   7.5  200s
 209459 192128 -23168.329  115  822 -23108.949 -23665.905  2.41%   7.4  205s
 218150 200331 -23365.863  178  639 -23108.949 -23665.514  2.41%   7.4  210s
 222083 204042 -23478.033   80  933 -23108.949 -23665.392  2.41%   7.4  216s
 225695 207288 -23243.580  133  833 -23108.949 -23665.151  2.41%   7.4  220s
 230809 211866 -23643.066   34 1093 -23108.949 -23664.931  2.41%   7.4  225s
 235638 216530 -23408.982  122  797 -23108.949 -23664.773  2.41%   7.3  230s
 243311 223281 -23142.443  255  495 -23108.949 -23664.435  2.40%   7.3  235s
 250112 230079 -23312.620  189  605 -23108.949 -23664.245  2.40%   7.3  240s
 256128 235493 -23642.908   28 1133 -23108.949 -23663.973  2.40%   7.3  245s
H256964 236039                    -23108.94882 -23663.884  2.40%   7.3  245s
 261535 240263 -23478.361   91  855 -23108.949 -23663.801  2.40%   7.3  250s
 266507 244798 -23281.257  110  823 -23108.949 -23663.569  2.40%   7.2  255s
 274715 252712 -23265.415  230  584 -23108.949 -23663.320  2.40%   7.2  260s
 279294 256929 -23405.752  124  766 -23108.949 -23663.167  2.40%   7.2  265s
 283245 260529 -23207.828  166  734 -23108.949 -23663.115  2.40%   7.2  270s
 288330 265137 -23504.766   87  922 -23108.949 -23662.976  2.40%   7.2  275s
 291066 267841 -23248.917  224  580 -23108.949 -23662.976  2.40%   7.2  280s
 298830 274898 -23536.010   45 1054 -23108.949 -23662.724  2.40%   7.1  285s
 303171 278944 -23491.346   49 1018 -23108.949 -23662.705  2.40%   7.1  291s
 306055 281591 -23382.513  153  703 -23108.949 -23662.569  2.40%   7.1  295s
 311557 287004 -23448.577  103  870 -23108.949 -23662.372  2.39%   7.1  300s
 317167 292167 -23281.639  206  614 -23108.949 -23662.229  2.39%   7.1  305s
 321603 296233 -23276.124  217  595 -23108.949 -23662.101  2.39%   7.1  310s
 326223 300558 -23496.536   87  929 -23108.949 -23662.054  2.39%   7.1  316s
 329587 303492 -23296.638  147  761 -23108.949 -23662.010  2.39%   7.1  320s
 334048 307839 -23303.943  208  600 -23108.949 -23661.843  2.39%   7.1  325s
 339246 312575 -23254.743  165  717 -23108.949 -23661.716  2.39%   7.1  330s
 344318 317086 -23119.420  211  661 -23108.949 -23661.562  2.39%   7.0  335s
 349050 321237 -23559.528   54 1018 -23108.949 -23661.379  2.39%   7.1  340s
 353227 325411 -23369.464  185  613 -23108.949 -23661.357  2.39%   7.0  345s
 357302 329248 -23201.005  330  264 -23108.949 -23661.290  2.39%   7.0  350s
 364341 335559     cutoff  260      -23108.949 -23661.052  2.39%   7.0  355s
 372526 343093 -23198.866  310  332 -23108.949 -23660.844  2.39%   7.0  360s
 378284 348563 -23290.730  196  653 -23108.949 -23660.748  2.39%   7.0  365s
 383001 352750 -23626.720   30 1161 -23108.949 -23660.661  2.39%   7.0  370s
 387992 357565 -23544.206   83  913 -23108.949 -23660.537  2.39%   7.0  376s
 389446 358943 -23351.371  171  698 -23108.949 -23660.506  2.39%   7.0  380s
 391975 361317 -23509.116   74  978 -23108.949 -23660.434  2.39%   7.0  385s
 393945 363166 -23349.408  149  681 -23108.949 -23660.381  2.39%   7.0  390s
 396633 365699 -23114.846  268  499 -23108.949 -23660.339  2.39%   7.0  395s
 399858 368571 -23228.005  216  622 -23108.949 -23660.248  2.39%   7.0  400s
 402688 371144 -23361.810  172  669 -23108.949 -23660.151  2.39%   6.9  406s
 406960 375383 -23354.479  170  686 -23108.949 -23660.107  2.39%   6.9  410s
 412253 380339 -23325.554  180  700 -23108.949 -23660.032  2.38%   6.9  415s
 417066 384595 -23563.591   54 1028 -23108.949 -23659.976  2.38%   6.9  420s
 420010 387431 -23276.795  197  614 -23108.949 -23659.921  2.38%   6.9  425s
 423186 390319 -23236.268  205  622 -23108.949 -23659.883  2.38%   6.9  430s
 425509 392105 -23571.376   71  935 -23108.949 -23659.817  2.38%   6.9  435s
 429058 395365 -23192.828  144  753 -23108.949 -23659.765  2.38%   6.9  440s
 431655 397909 -23492.334  111  815 -23108.949 -23659.716  2.38%   6.9  445s
 434688 400532 -23298.207  185  666 -23108.949 -23659.652  2.38%   6.9  451s
 437068 402660 -23603.958   58 1020 -23108.949 -23659.551  2.38%   6.9  455s
 441581 407241 -23337.189  191  604 -23108.949 -23659.415  2.38%   6.9  460s
 446958 412203 -23567.670   58 1018 -23108.949 -23659.219  2.38%   6.9  465s
 452971 417313 -23470.746  102  800 -23108.949 -23659.056  2.38%   6.9  470s
 455937 420069 -23291.719  119  790 -23108.949 -23659.055  2.38%   6.9  475s
 459449 423472 -23555.152   50 1022 -23108.949 -23658.895  2.38%   6.9  480s
 465170 428579 -23428.156  135  757 -23108.949 -23658.767  2.38%   6.9  485s
 471752 434645 -23454.256  125  775 -23108.949 -23658.664  2.38%   6.9  490s
 476201 438719 -23445.560  128  760 -23108.949 -23658.513  2.38%   6.9  495s
 479176 443183 infeasible  355      -23108.949 -23658.510  2.38%   6.9  501s
 482218 444723 -23369.301  128  785 -23108.949 -23658.404  2.38%   6.9  505s
 487700 449367 -23536.296   85  885 -23108.949 -23658.261  2.38%   6.9  510s
 492208 453726 -23431.850  116  796 -23108.949 -23658.171  2.38%   6.9  515s
 496609 457559 -23182.497  226  588 -23108.949 -23658.068  2.38%   6.9  520s
 498179 459061 -23409.365  145  746 -23108.949 -23658.014  2.38%   6.9  525s
 501039 461410 -23481.087  115  799 -23108.949 -23657.995  2.38%   6.9  530s
 504758 465147 -23217.483  298  337 -23108.949 -23657.923  2.38%   6.9  536s
 509081 468906 -23375.002  140  750 -23108.949 -23657.843  2.38%   6.9  541s
 513160 472791 -23347.242  119  782 -23108.949 -23657.835  2.38%   6.9  546s
 516425 475766 -23351.408  153  729 -23108.949 -23657.748  2.37%   6.9  551s
 519169 478065 -23345.274  168  714 -23108.949 -23657.665  2.37%   6.9  555s
 522553 481542     cutoff  212      -23108.949 -23657.601  2.37%   6.9  561s
 526294 485033 -23520.532   73  972 -23108.949 -23657.525  2.37%   6.9  565s
 529077 487498 -23243.871  211  617 -23108.949 -23657.483  2.37%   6.9  570s
 530740 488896 -23470.247  105  858 -23108.949 -23657.451  2.37%   6.9  575s
 533661 491551 -23161.117  207  587 -23108.949 -23657.395  2.37%   6.9  580s
 535562 493219 -23618.066   30 1160 -23108.949 -23657.357  2.37%   6.9  586s
 538066 495492 -23533.180   91  879 -23108.949 -23657.282  2.37%   6.9  591s
 541527 499016 -23256.347  232  590 -23108.949 -23657.247  2.37%   6.9  595s
 546217 503288 -23492.876  107  797 -23108.949 -23657.172  2.37%   6.9  600s
 549744 506268 -23155.256  326  349 -23108.949 -23657.127  2.37%   6.9  605s
 551537 507939 -23261.112  209  580 -23108.949 -23657.127  2.37%   6.9  610s
 556319 512058 -23465.469  109  810 -23108.949 -23656.976  2.37%   6.9  615s
 559998 515740 -23579.159   53 1048 -23108.949 -23656.949  2.37%   6.9  620s
 562920 518227 -23642.680   30 1121 -23108.949 -23656.903  2.37%   6.9  626s
 565109 519989 -23633.599   33 1122 -23108.949 -23656.835  2.37%   6.9  630s
 570743 525496 -23641.303   30 1128 -23108.949 -23656.725  2.37%   6.9  635s
 572407 526765 -23593.675   40 1073 -23108.949 -23656.725  2.37%   6.9  641s
 575025 529152 -23392.082  127  780 -23108.949 -23656.664  2.37%   6.9  645s
 580594 534478 -23160.420  218  597 -23108.949 -23656.630  2.37%   6.9  650s
 582745 536311 -23192.040  129  728 -23108.949 -23656.563  2.37%   6.9  656s
 585107 538367 -23394.657  158  733 -23108.949 -23656.510  2.37%   6.9  661s
 586082 539490 -23241.453  242  573 -23108.949 -23656.497  2.37%   6.9  665s
 588227 541244 -23274.658  171  695 -23108.949 -23656.490  2.37%   6.9  671s
 589811 542973 -23177.800  353  245 -23108.949 -23656.448  2.37%   6.9  675s
 592272 545315 -23312.754  192  640 -23108.949 -23656.433  2.37%   6.9  680s
 594433 547306 -23137.458  328  350 -23108.949 -23656.388  2.37%   6.9  685s
 599497 551770 -23409.852  122  819 -23108.949 -23656.290  2.37%   6.9  690s
 603654 555398 -23552.408   54 1034 -23108.949 -23656.251  2.37%   6.9  695s
 607053 558469 -23222.513  197  644 -23108.949 -23656.145  2.37%   6.9  700s
 609757 560982 -23291.224  126  811 -23108.949 -23656.102  2.37%   6.9  705s
 611223 562380 -23133.530  173  668 -23108.949 -23656.082  2.37%   6.9  710s
 612465 563453 -23368.199  156  754 -23108.949 -23656.068  2.37%   6.9  716s
 614495 565206 -23617.227   42 1074 -23108.949 -23656.042  2.37%   6.9  720s
 616416 567210 -23385.520  144  741 -23108.949 -23656.016  2.37%   6.9  725s
 619148 569386 -23169.235  283  466 -23108.949 -23655.980  2.37%   6.9  730s
 623319 573302 -23298.436  118  748 -23108.949 -23655.929  2.37%   6.9  735s
 626388 576091 -23469.474  100  845 -23108.949 -23655.881  2.37%   6.9  740s
 628005 577429 -23574.559   49 1035 -23108.949 -23655.832  2.37%   6.9  745s
 628995 578252 -23344.458  156  753 -23108.949 -23655.832  2.37%   6.9  751s
 630107 579269 -23474.195   87  941 -23108.949 -23655.806  2.37%   6.9  755s
 631420 580777 -23634.698   36 1108 -23108.949 -23655.759  2.37%   6.9  760s
 633268 581885 -23597.771   61  970 -23108.949 -23655.728  2.37%   6.9  765s
 633628 582604 -23441.796  123  756 -23108.949 -23655.728  2.37%   6.9  772s
 634930 583682 -23626.457   34 1109 -23108.949 -23655.681  2.37%   6.9  776s
 638244 586531 -23117.795  213  606 -23108.949 -23655.638  2.37%   6.9  780s
 641413 589622 -23622.709   38 1074 -23108.949 -23655.602  2.37%   6.9  786s
 643065 591118 -23510.739   85  883 -23108.949 -23655.572  2.37%   6.9  790s
 645338 593259 -23244.462  121  783 -23108.949 -23655.568  2.37%   6.9  795s
 647204 595162 -23335.481  175  658 -23108.949 -23655.534  2.37%   6.9  800s
 650370 598090 -23120.832  159  674 -23108.949 -23655.491  2.37%   6.9  805s
 654217 601739 -23544.021   70  978 -23108.949 -23655.433  2.36%   6.9  810s
 658136 605318 -23439.073  132  722 -23108.949 -23655.400  2.36%   6.9  815s
 663097 610084 -23366.668  155  713 -23108.949 -23655.328  2.36%   6.9  820s
 666974 613296 -23540.319   80  946 -23108.949 -23655.287  2.36%   6.9  825s
 671242 617663 -23217.506  113  816 -23108.949 -23655.257  2.36%   6.9  830s
 674225 620377 -23244.377  241  520 -23108.949 -23655.231  2.36%   6.9  837s
 675235 621210 -23113.769  323  346 -23108.949 -23655.226  2.36%   6.9  841s
 676462 623179 -23503.939  101  866 -23108.949 -23655.207  2.36%   6.9  846s
 677527 623484 -23323.518  176  669 -23108.949 -23655.207  2.36%   6.9  850s
 679568 625339 -23127.320  343  315 -23108.949 -23655.207  2.36%   6.9  855s
 681650 627530 -23199.878  328  264 -23108.949 -23655.160  2.36%   6.9  860s
 684351 629600 -23209.242  196  636 -23108.949 -23655.160  2.36%   6.9  865s
 688112 633248 -23487.347   63 1028 -23108.949 -23655.085  2.36%   6.9  871s
 691919 636806 -23394.561  145  736 -23108.949 -23655.013  2.36%   6.9  875s
 695550 639973 -23502.369   73  971 -23108.949 -23654.984  2.36%   6.9  880s
 699104 643199 -23124.593  374  179 -23108.949 -23654.918  2.36%   6.9  885s
 701676 645348 -23388.167  106  840 -23108.949 -23654.904  2.36%   6.9  890s
 703912 647734 -23541.761   67  931 -23108.949 -23654.873  2.36%   6.9  895s
 707053 650236 -23146.354  178  679 -23108.949 -23654.808  2.36%   6.9  902s
 709204 651843 -23637.119   32 1134 -23108.949 -23654.758  2.36%   6.9  905s
 711192 654184 infeasible  265      -23108.949 -23654.758  2.36%   6.9  910s
 712115 655012 -23640.278   33 1125 -23108.949 -23654.758  2.36%   6.9  915s
 716737 659075 -23296.839  134  799 -23108.949 -23654.695  2.36%   6.9  920s
 717480 659791 -23338.677  166  664 -23108.949 -23654.686  2.36%   6.9  926s
 718634 660820 -23524.559   51 1001 -23108.949 -23654.669  2.36%   6.9  930s
 721122 663225 -23183.599  220  538 -23108.949 -23654.649  2.36%   6.9  937s
 724104 666096 -23276.369  207  600 -23108.949 -23654.610  2.36%   6.9  940s
 726631 668292 -23378.817  122  825 -23108.949 -23654.594  2.36%   6.9  946s
 729671 671348 -23588.760   63  960 -23108.949 -23654.552  2.36%   6.9  950s
 731921 673281 -23607.049   31 1174 -23108.949 -23654.507  2.36%   6.9  955s
 734570 675572 -23256.311  196  621 -23108.949 -23654.486  2.36%   6.9  962s
 735410 676403 -23141.477  290  409 -23108.949 -23654.486  2.36%   6.9  965s
 737005 677986 -23541.272   77  976 -23108.949 -23654.474  2.36%   6.9  970s
 740103 680762 -23139.534  312  403 -23108.949 -23654.444  2.36%   6.9  976s
 741468 681886 -23336.500  102  870 -23108.949 -23654.435  2.36%   6.9  980s
 743609 683684 -23488.492   73 1003 -23108.949 -23654.402  2.36%   6.9  985s
 747132 687512 -23328.378  158  697 -23108.949 -23654.369  2.36%   6.9  990s
 751507 691333 -23339.834  188  611 -23108.949 -23654.324  2.36%   6.9  995s
 753966 693561 -23126.322  339  306 -23108.949 -23654.319  2.36%   6.9 1000s
 756459 695736 infeasible  474      -23108.949 -23654.300  2.36%   6.9 1005s
 757688 697079 -23410.717  123  737 -23108.949 -23654.285  2.36%   6.9 1010s
 760180 699349 -23269.821  186  686 -23108.949 -23654.256  2.36%   6.9 1015s
 764702 703384 -23168.806  319  273 -23108.949 -23654.202  2.36%   6.9 1020s
 767867 706353 -23120.419  143  725 -23108.949 -23654.151  2.36%   6.9 1026s
 771324 709501 -23437.798  121  812 -23108.949 -23654.124  2.36%   6.9 1030s
 772895 711232 -23248.033  209  621 -23108.949 -23654.104  2.36%   6.9 1035s
 777433 715003     cutoff  247      -23108.949 -23654.062  2.36%   6.9 1044s
 778658 716198 -23440.338  125  743 -23108.949 -23654.062  2.36%   6.9 1045s
 781201 718612 -23271.653  173  694 -23108.949 -23654.034  2.36%   6.9 1051s
 782751 719995 -23411.281  139  747 -23108.949 -23654.019  2.36%   6.9 1057s
 783940 721288 -23225.329  267  441 -23108.949 -23654.019  2.36%   6.9 1060s
 784906 722082 -23162.013  313  364 -23108.949 -23654.019  2.36%   6.9 1065s
 786459 723313 -23231.948  195  600 -23108.949 -23653.977  2.36%   6.9 1070s
 789379 726337 -23622.239   38 1101 -23108.949 -23653.943  2.36%   6.9 1075s
 791702 728330 -23232.192  231  535 -23108.949 -23653.927  2.36%   6.9 1080s
 793311 730155 -23492.711  102  813 -23108.949 -23653.891  2.36%   6.9 1085s
 796883 733128 -23468.800  102  834 -23108.949 -23653.839  2.36%   6.9 1093s
 797616 733967 -23487.271   74  983 -23108.949 -23653.836  2.36%   6.9 1095s
 798835 735192 -23454.464  104  871 -23108.949 -23653.833  2.36%   6.9 1100s
 800317 736354 -23265.322  180  685 -23108.949 -23653.833  2.36%   6.9 1105s
 801383 737344 -23272.887   98  876 -23108.949 -23653.804  2.36%   6.9 1110s
 802638 738430 -23332.219  195  598 -23108.949 -23653.778  2.36%   6.9 1116s
 804221 739786 -23223.789  163  778 -23108.949 -23653.761  2.36%   6.9 1121s
 807421 742769 -23191.430  188  711 -23108.949 -23653.732  2.36%   6.9 1126s
 808397 743550 -23124.458  189  696 -23108.949 -23653.714  2.36%   6.9 1130s
 809643 744631 -23412.557  141  753 -23108.949 -23653.714  2.36%   6.9 1135s
 811288 746187 -23204.542  257  446 -23108.949 -23653.694  2.36%   6.9 1140s
 812620 747422 -23563.795   67  970 -23108.949 -23653.688  2.36%   6.9 1145s
 814520 749214 -23208.030  237  556 -23108.949 -23653.688  2.36%   6.9 1153s
 815764 750579 -23538.417   70  975 -23108.949 -23653.688  2.36%   6.9 1155s
 816221 750979 -23169.293  221  586 -23108.949 -23653.641  2.36%   6.9 1160s
 817893 752459 -23615.895   44 1098 -23108.949 -23653.626  2.36%   6.9 1165s
 820012 754276 -23238.511  190  729 -23108.949 -23653.593  2.36%   6.9 1171s
 821222 755415 -23395.959  145  758 -23108.949 -23653.569  2.36%   6.9 1177s
 822262 756536 -23269.234  217  612 -23108.949 -23653.567  2.36%   6.9 1182s
 823644 757627 -23146.873  304  387 -23108.949 -23653.565  2.36%   6.9 1185s
 824354 758345 -23365.473  114  823 -23108.949 -23653.557  2.36%   6.9 1190s
 826218 760063 -23319.214  186  629 -23108.949 -23653.557  2.36%   6.9 1198s
 827504 760971 -23147.312  296  425 -23108.949 -23653.540  2.36%   6.9 1200s
 828718 762693 -23620.995   37 1101 -23108.949 -23653.540  2.36%   6.9 1206s
 831369 764847 -23248.152  182  656 -23108.949 -23653.515  2.36%   6.9 1210s
 835419 768317 -23490.299  106  841 -23108.949 -23653.481  2.36%   6.9 1215s
 837742 770891 -23205.994  269  444 -23108.949 -23653.467  2.36%   6.9 1220s
 840236 773307     cutoff  242      -23108.949 -23653.454  2.36%   6.9 1225s
 843823 776360 -23637.238   31 1156 -23108.949 -23653.392  2.36%   6.9 1233s
 844855 777511 -23142.852  229  569 -23108.949 -23653.392  2.36%   6.9 1235s
 845592 777872 -23284.341  168  707 -23108.949 -23653.386  2.36%   6.9 1242s
 847235 779602     cutoff  369      -23108.949 -23653.382  2.36%   6.9 1245s
 848465 780646 -23209.409  186  664 -23108.949 -23653.373  2.36%   6.9 1251s
 849822 781643 -23576.554   45 1050 -23108.949 -23653.348  2.36%   6.9 1255s
 851820 783846 infeasible  150      -23108.949 -23653.348  2.36%   6.9 1260s
 855156 786873 -23345.554  193  582 -23108.949 -23653.275  2.36%   6.9 1266s
 856903 788318 -23552.409   68 1001 -23108.949 -23653.274  2.36%   6.9 1271s
 858931 790223 -23466.386  101  859 -23108.949 -23653.235  2.36%   6.9 1275s
 861972 793117 -23624.409   36 1110 -23108.949 -23653.222  2.36%   6.9 1282s
 863653 794619 -23420.423  113  826 -23108.949 -23653.203  2.36%   6.9 1285s
 866213 796855 -23510.865  101  858 -23108.949 -23653.173  2.36%   6.9 1291s
 867944 798800 -23257.696  218  574 -23108.949 -23653.143  2.35%   6.9 1295s
 871204 801776 -23251.722  252  404 -23108.949 -23653.123  2.35%   6.9 1300s
 874476 804252     cutoff  209      -23108.949 -23653.111  2.35%   6.9 1305s
 875331 805193 -23281.331  120  802 -23108.949 -23653.102  2.35%   6.9 1313s
 876535 806677 -23349.128  177  626 -23108.949 -23653.090  2.35%   6.9 1317s
 878377 808273 -23372.664  128  791 -23108.949 -23653.086  2.35%   6.9 1320s
 880538 809755 -23338.705   91  886 -23108.949 -23653.058  2.35%   6.9 1325s
 881735 811125 -23554.871   47 1063 -23108.949 -23653.050  2.35%   6.9 1330s
 884908 814156 -23228.010  214  598 -23108.949 -23653.045  2.35%   6.9 1335s
 887390 816239 -23620.892   35 1109 -23108.949 -23652.966  2.35%   6.9 1340s
 890353 819072 -23152.751  275  461 -23108.949 -23652.931  2.35%   6.9 1345s
 891043 819646 -23556.570   56 1012 -23108.949 -23652.921  2.35%   6.9 1350s
 892783 821293 -23396.353  135  713 -23108.949 -23652.888  2.35%   6.9 1356s
 894145 822592 -23333.780  136  783 -23108.949 -23652.888  2.35%   6.9 1360s
 894655 822811 -23594.857   42 1086 -23108.949 -23652.885  2.35%   6.9 1365s
 895885 825326 -23366.291  153  706 -23108.949 -23652.872  2.35%   6.9 1372s
 897533 825641 -23189.739  263  488 -23108.949 -23652.861  2.35%   6.9 1378s
 897870 826042 -23164.923  287  431 -23108.949 -23652.860  2.35%   6.9 1380s
 899803 827715 -23413.096  128  733 -23108.949 -23652.843  2.35%   6.9 1388s
 901530 829255 -23214.435  259  456 -23108.949 -23652.809  2.35%   6.9 1395s
 902940 830630 -23565.596   51 1033 -23108.949 -23652.796  2.35%   6.9 1401s
 904928 832335 -23385.049   93  896 -23108.949 -23652.782  2.35%   6.9 1408s
 905610 833158 -23150.440  147  742 -23108.949 -23652.774  2.35%   6.9 1410s
 907371 834622 -23327.901  173  652 -23108.949 -23652.760  2.35%   6.9 1417s
 908452 835979 -23193.476  255  485 -23108.949 -23652.750  2.35%   6.9 1421s
 909910 836968 -23555.465   78  957 -23108.949 -23652.727  2.35%   6.9 1428s
 910941 838080 -23390.550  161  721 -23108.949 -23652.727  2.35%   6.9 1431s
 911293 838427 -23337.991  182  656 -23108.949 -23652.727  2.35%   6.9 1435s
 912471 839548 -23207.778  267  477 -23108.949 -23652.727  2.35%   6.8 1440s
 913533 840493 -23117.581  325  344 -23108.949 -23652.726  2.35%   6.8 1448s
 914060 841204 -23401.510  107  878 -23108.949 -23652.726  2.35%   6.8 1450s
 915481 842402 -23565.141   61  993 -23108.949 -23652.700  2.35%   6.8 1455s
 916353 846389 -23399.963  148  741 -23108.949 -23652.699  2.35%   6.8 1462s
 920353 846831 -23213.772  201  638 -23108.949 -23652.656  2.35%   6.8 1466s
 922253 848478 -23456.753   74  928 -23108.949 -23652.632  2.35%   6.8 1470s
 924572 850604 -23231.407  172  678 -23108.949 -23652.604  2.35%   6.8 1475s
 926564 852383 -23225.770  194  636 -23108.949 -23652.548  2.35%   6.8 1481s
 929947 855464 -23388.630   86  879 -23108.949 -23652.508  2.35%   6.8 1485s
 930310 855687 -23274.387  112  802 -23108.949 -23652.504  2.35%   6.8 1490s
 931323 856748 -23243.183  154  719 -23108.949 -23652.483  2.35%   6.8 1496s
 933315 858533 -23496.982   93  881 -23108.949 -23652.460  2.35%   6.8 1503s
 934149 859203 -23582.925   58 1000 -23108.949 -23652.460  2.35%   6.8 1505s
 935013 860174 -23387.328  148  729 -23108.949 -23652.456  2.35%   6.8 1511s
 937146 862273 -23128.075  332  335 -23108.949 -23652.453  2.35%   6.8 1515s
 939394 864427 -23272.646  163  723 -23108.949 -23652.428  2.35%   6.8 1520s
 944021 868387 -23408.911  130  709 -23108.949 -23652.381  2.35%   6.8 1527s
 946253 870500 -23482.405  103  835 -23108.949 -23652.355  2.35%   6.8 1530s
 948187 872344 -23372.187  160  742 -23108.949 -23652.350  2.35%   6.8 1536s
 949350 873435 -23429.251  136  754 -23108.949 -23652.348  2.35%   6.8 1541s
 950757 874837 -23253.689  236  522 -23108.949 -23652.344  2.35%   6.8 1548s
 951730 875647 -23159.227  311  347 -23108.949 -23652.334  2.35%   6.8 1550s
 952065 875850 -23132.445  338  327 -23108.949 -23652.334  2.35%   6.8 1556s
 953724 877421 -23178.421  214  662 -23108.949 -23652.305  2.35%   6.8 1560s
 954136 877650 -23584.555   56 1037 -23108.949 -23652.305  2.35%   6.8 1565s
 956319 879473 -23421.700  130  769 -23108.949 -23652.305  2.35%   6.8 1570s
 959054 882215 -23131.001  308  376 -23108.949 -23652.261  2.35%   6.8 1575s
 961658 884576 -23273.387  189  671 -23108.949 -23652.207  2.35%   6.8 1580s
 963429 886161 -23353.717  171  681 -23108.949 -23652.189  2.35%   6.8 1585s
 966874 889538 -23123.087  319  251 -23108.949 -23652.176  2.35%   6.8 1590s
 970020 892519 -23457.814  114  768 -23108.949 -23652.145  2.35%   6.8 1595s
 972415 894715 infeasible  157      -23108.949 -23652.124  2.35%   6.8 1600s
 974035 896203     cutoff  392      -23108.949 -23652.111  2.35%   6.8 1605s
 975008 896871 -23460.225   99  852 -23108.949 -23652.108  2.35%   6.8 1610s
 976311 898145 -23524.427   65  948 -23108.949 -23652.098  2.35%   6.8 1619s
 976566 898504 -23367.144   92  870 -23108.949 -23652.098  2.35%   6.8 1620s
 977656 899331 -23570.495   53 1026 -23108.949 -23652.095  2.35%   6.8 1627s
 979171 900997 -23481.987   79  920 -23108.949 -23652.095  2.35%   6.8 1634s
 979779 901396 infeasible  230      -23108.949 -23652.078  2.35%   6.8 1635s
 981028 902406 -23373.112  158  723 -23108.949 -23652.067  2.35%   6.8 1640s
 982208 903731 -23221.818  233  565 -23108.949 -23652.049  2.35%   6.8 1646s
 983596 905106 -23478.860   87  918 -23108.949 -23652.046  2.35%   6.8 1650s
 984591 905846 -23555.961   72  959 -23108.949 -23652.046  2.35%   6.8 1655s
 986008 907130 -23347.992  176  673 -23108.949 -23652.032  2.35%   6.8 1663s
 986793 908089 -23256.450  239  542 -23108.949 -23652.029  2.35%   6.8 1666s
 988800 909690 -23129.526  367  275 -23108.949 -23652.019  2.35%   6.8 1673s
 989502 910635 -23406.903  147  687 -23108.949 -23652.019  2.35%   6.8 1676s
 990457 911343 -23474.005   93  891 -23108.949 -23652.019  2.35%   6.8 1682s
 990767 911609 -23215.881  202  659 -23108.949 -23652.008  2.35%   6.8 1686s
 992070 912728 -23125.144  247  591 -23108.949 -23652.000  2.35%   6.8 1693s
 992986 913531 -23403.032  123  797 -23108.949 -23651.999  2.35%   6.8 1699s
 993115 914042 -23362.485  139  739 -23108.949 -23651.999  2.35%   6.8 1700s
 994286 915290 -23487.896   82  912 -23108.949 -23651.995  2.35%   6.8 1705s
 994987 915377 -23637.994   28 1148 -23108.949 -23651.995  2.35%   6.8 1714s
 995091 915849 -23569.486   48 1032 -23108.949 -23651.995  2.35%   6.8 1716s
 996535 917161 -23137.681  251  590 -23108.949 -23651.980  2.35%   6.8 1721s
 998161 918781 -23414.872  125  767 -23108.949 -23651.978  2.35%   6.8 1725s
 999153 919375 -23543.168   53 1014 -23108.949 -23651.978  2.35%   6.8 1731s
 1000618 920988 -23113.268  162  686 -23108.949 -23651.970  2.35%   6.8 1735s
 1002276 922552 -23353.036  166  738 -23108.949 -23651.944  2.35%   6.8 1740s
 1004972 924548 -23605.732   43 1103 -23108.949 -23651.926  2.35%   6.8 1750s
 1007207 926989 -23217.380  227  559 -23108.949 -23651.916  2.35%   6.8 1759s
 1008115 927833 -23147.346  296  429 -23108.949 -23651.912  2.35%   6.8 1760s
 1010266 930290 -23172.965  144  762 -23108.949 -23651.908  2.35%   6.8 1765s
 1012640 931886 -23315.713  176  685 -23108.949 -23651.860  2.35%   6.8 1771s
 1012980 932069 -23555.339   54 1014 -23108.949 -23651.857  2.35%   6.8 1775s
 1014685 933904 -23146.537  185  716 -23108.949 -23651.850  2.35%   6.8 1782s
 1015961 934952 -23120.797  436   92 -23108.949 -23651.850  2.35%   6.8 1788s
 1016744 935822 -23468.365  120  837 -23108.949 -23651.850  2.35%   6.8 1790s
 1017222 936127 -23382.662  157  712 -23108.949 -23651.809  2.35%   6.8 1795s
 1018641 937198 -23235.073  251  503 -23108.949 -23651.803  2.35%   6.8 1800s

Cutting planes:
  Gomory: 11
  Cover: 141
  Implied bound: 1
  Projected implied bound: 2
  Clique: 433
  MIR: 1593
  StrongCG: 478
  Flow cover: 326
  GUB cover: 2
  Inf proof: 42
  Zero half: 323
  RLT: 2
  Relax-and-lift: 229
  BQP: 17

Explored 1018645 nodes (6964689 simplex iterations) in 1800.46 seconds (926.90 work units)
Thread count was 4 (of 24 available processors)

Solution count 10: -23108.9 -23108.9 -23108.9 ... -23088.5

Time limit reached
Best objective -2.310894881604e+04, best bound -2.365180336451e+04, gap 2.3491%

User-callback calls 2494398, time in user-callback 3.74 sec
