
Gurobi 13.0.1 (win64) logging started Tue Oct  6 20:28:27 2026

Set parameter LogFile to value "results/source_summaries/3d/R05/gurobi_extensive.log"
Gurobi Optimizer version 13.0.1 build v13.0.1rc0 (win64 - Windows 11+.0 (26200.2))

CPU model: Intel(R) Core(TM) i7-14650HX, instruction set [SSE2|AVX|AVX2]
Thread count: 16 physical cores, 24 logical processors, using up to 4 threads

Non-default parameters:
TimeLimit  1800
IntFeasTol  1e-06
MIPGap  0.0005
Heuristics  0.2
Cuts  2
Presolve  2
Seed  1
Threads  4

Optimize a model with 5170 rows, 9129 columns and 20060 nonzeros (Min)
Model fingerprint: 0xee796168
Model has 3964 linear objective coefficients
Variable types: 5163 continuous, 3966 integer (3963 binary)
Coefficient statistics:
  Matrix range     [1e-01, 4e+01]
  Objective range  [2e+00, 5e+01]
  Bounds range     [1e-01, 3e+01]
  RHS range        [1e+00, 8e+01]

Found heuristic solution: objective 0.0000000
Presolve removed 565 rows and 5272 columns
Presolve time: 0.13s
Presolved: 4605 rows, 3857 columns, 13600 nonzeros
Variable types: 108 continuous, 3749 integer (3532 binary)
Root relaxation presolve removed 1 rows and 1 columns
Root relaxation presolved: 4604 rows, 3856 columns, 13597 nonzeros


Root relaxation: objective -2.685036e+04, 1711 iterations, 0.05 seconds (0.09 work units)

    Nodes    |    Current Node    |     Objective Bounds      |     Work
 Expl Unexpl |  Obj  Depth IntInf | Incumbent    BestBd   Gap | It/Node Time

     0     0 -26850.356    0  557    0.00000 -26850.356      -     -    0s
H    0     0                    -19815.15760 -26850.356  35.5%     -    0s
H    0     0                    -20162.37203 -26850.356  33.2%     -    0s
H    0     0                    -20174.06589 -26850.356  33.1%     -    0s
H    0     0                    -20432.48657 -26850.356  31.4%     -    0s
H    0     0                    -20640.36143 -26850.356  30.1%     -    0s
H    0     0                    -20662.88345 -26850.356  29.9%     -    0s
H    0     0                    -20720.64227 -26850.356  29.6%     -    0s
H    0     0                    -21480.58360 -26850.356  25.0%     -    0s
H    0     0                    -21537.09601 -26850.356  24.7%     -    0s
H    0     0                    -21664.21994 -26850.356  23.9%     -    0s
H    0     0                    -21713.29618 -26194.960  20.6%     -    0s
H    0     0                    -21778.81056 -26194.960  20.3%     -    0s
H    0     0                    -21795.74254 -26194.960  20.2%     -    0s
H    0     0                    -21856.11095 -26194.960  19.9%     -    0s
H    0     0                    -22055.21053 -26194.960  18.8%     -    0s
     0     0 -26194.960    0 1204 -22055.211 -26194.960  18.8%     -    0s
H    0     0                    -22472.67172 -26194.484  16.6%     -    0s
H    0     0                    -22508.43642 -26194.484  16.4%     -    0s
H    0     0                    -22827.64563 -26194.484  14.7%     -    0s
H    0     0                    -22828.62836 -26194.484  14.7%     -    0s
H    0     0                    -22839.43835 -26194.484  14.7%     -    0s
H    0     0                    -22891.94037 -26081.061  13.9%     -    0s
H    0     0                    -22975.59143 -26081.061  13.5%     -    0s
H    0     0                    -23053.43851 -26081.061  13.1%     -    0s
H    0     0                    -23069.60955 -26081.061  13.1%     -    0s
     0     0 -26081.061    0 1343 -23069.610 -26081.061  13.1%     -    0s
     0     0 -26079.157    0 1369 -23069.610 -26079.157  13.0%     -    0s
     0     0 -26078.964    0 1372 -23069.610 -26078.964  13.0%     -    0s
H    0     0                    -23199.09896 -26078.964  12.4%     -    0s
H    0     0                    -23216.81203 -26078.964  12.3%     -    0s
H    0     0                    -23220.74827 -26078.964  12.3%     -    0s
H    0     0                    -23261.47470 -26078.964  12.1%     -    0s
     0     0 -25995.971    0 1386 -23261.475 -25995.971  11.8%     -    0s
H    0     0                    -23267.74825 -25995.971  11.7%     -    0s
H    0     0                    -23301.27416 -25995.971  11.6%     -    0s
H    0     0                    -23331.11828 -25995.971  11.4%     -    0s
H    0     0                    -23425.14222 -25934.354  10.7%     -    0s
H    0     0                    -23448.65468 -25934.354  10.6%     -    0s
     0     0 -25930.702    0 1558 -23448.655 -25930.702  10.6%     -    0s
     0     0 -25930.702    0 1557 -23448.655 -25930.702  10.6%     -    0s
     0     0 -25929.365    0 1570 -23448.655 -25929.365  10.6%     -    0s
     0     0 -25929.351    0 1570 -23448.655 -25929.351  10.6%     -    0s
H    0     0                    -23517.04636 -25929.351  10.3%     -    1s
H    0     0                    -23524.93256 -25929.351  10.2%     -    1s
H    0     0                    -23541.13237 -25929.351  10.1%     -    1s
H    0     0                    -23553.91089 -25929.351  10.1%     -    1s
H    0     0                    -23691.17915 -25929.351  9.45%     -    1s
H    0     0                    -23701.24138 -25929.351  9.40%     -    1s
     0     0 -25862.366    0 1708 -23701.241 -25862.366  9.12%     -    1s
H    0     0                    -23703.33287 -25820.194  8.93%     -    1s
H    0     0                    -23786.85358 -25820.194  8.55%     -    1s
     0     0 -25820.194    0 1863 -23786.854 -25820.194  8.55%     -    1s
     0     0 -25814.784    0 1909 -23786.854 -25814.784  8.53%     -    1s
H    0     0                    -23798.90211 -25813.145  8.46%     -    1s
     0     0 -25813.145    0 1924 -23798.902 -25813.145  8.46%     -    1s
     0     0 -25812.973    0 1927 -23798.902 -25812.973  8.46%     -    1s
H    0     0                    -23799.92458 -25712.624  8.04%     -    2s
     0     0 -25712.624    0 1965 -23799.925 -25712.624  8.04%     -    2s
H    0     0                    -23815.44789 -25712.570  7.97%     -    2s
H    0     0                    -23818.55125 -25712.570  7.95%     -    2s
     0     0 -25700.241    0 1996 -23818.551 -25700.241  7.90%     -    2s
     0     0 -25698.034    0 1993 -23818.551 -25698.034  7.89%     -    2s
     0     0 -25697.571    0 1980 -23818.551 -25697.571  7.89%     -    2s
H    0     0                    -23919.03052 -25636.661  7.18%     -    3s
H    0     0                    -23940.47103 -25636.661  7.09%     -    3s
H    0     0                    -23944.18708 -25636.661  7.07%     -    3s
H    0     0                    -23948.09496 -25636.661  7.05%     -    3s
H    0     0                    -24010.60012 -25636.661  6.77%     -    3s
H    0     0                    -24011.53854 -25636.661  6.77%     -    3s
     0     0 -25636.661    0 2052 -24011.539 -25636.661  6.77%     -    3s
H    0     0                    -24013.57978 -25608.205  6.64%     -    3s
     0     0 -25608.205    0 2101 -24013.580 -25608.205  6.64%     -    3s
     0     0 -25605.920    0 2114 -24013.580 -25605.920  6.63%     -    3s
H    0     0                    -24023.98892 -25605.603  6.58%     -    3s
H    0     0                    -24031.72711 -25605.603  6.55%     -    3s
     0     0 -25605.603    0 2109 -24031.727 -25605.603  6.55%     -    3s
H    0     0                    -24032.77565 -25605.603  6.54%     -    4s
H    0     0                    -24051.93767 -25605.603  6.46%     -    4s
H    0     0                    -24052.98620 -25605.603  6.45%     -    4s
     0     0 -25584.896    0 2083 -24052.986 -25584.896  6.37%     -    4s
     0     0 -25583.321    0 2117 -24052.986 -25583.321  6.36%     -    4s
H    0     0                    -24057.06869 -25583.321  6.34%     -    5s
     0     0 -25565.205    0 2136 -24057.069 -25565.205  6.27%     -    6s
     0     0 -25565.201    0 2136 -24057.069 -25565.201  6.27%     -    6s
     0     0 -25565.201    0 2136 -24057.069 -25565.201  6.27%     -    6s
     0     2 -25565.168    0 2136 -24057.069 -25565.168  6.27%     -    6s
H    3     4                    -24058.04566 -25497.606  5.98%   985    7s
H   21    20                    -24061.06709 -25448.343  5.77%   515    7s
H   25    28                    -24066.71666 -25448.343  5.74%   437    7s
H   56    55                    -24069.77822 -25448.343  5.73%   238    7s
H   76    76                    -24071.70391 -25448.343  5.72%   212    8s
H  149   150                    -24072.75123 -25448.343  5.71%   136    8s
H  170   178                    -24074.84271 -25448.343  5.71%   125    9s
H  172   178                    -24079.02567 -25448.343  5.69%   124    9s
   313   331 -24901.590   48  858 -24079.026 -25448.343  5.69%  91.5   10s
H  406   409                    -24084.67523 -25448.343  5.66%  78.1   10s
  2191  2152 -24117.140  411 2136 -24084.675 -25448.343  5.66%  25.4   15s
  2203  2160 -25257.639   30 2212 -24084.675 -25448.343  5.66%  25.3   20s
H 2204  2052                    -24147.98903 -25448.343  5.38%  25.3   22s
H 2204  1949                    -24159.34820 -25448.343  5.34%  25.3   22s
H 2204  1852                    -24191.62018 -25448.343  5.19%  25.3   22s
H 2204  1759                    -24193.53722 -25448.343  5.19%  25.3   22s
H 2204  1671                    -24194.51419 -25448.343  5.18%  25.3   22s
H 2204  1587                    -24213.79963 -25448.343  5.10%  25.3   22s
H 2204  1507                    -24227.49954 -25448.343  5.04%  25.3   22s
H 2205  1432                    -24239.00179 -25448.343  4.99%  25.3   23s
H 2206  1361                    -24250.81813 -25448.343  4.94%  25.3   23s
H 2206  1293                    -24252.80513 -25448.343  4.93%  25.3   23s
H 2206  1228                    -24259.81016 -25448.343  4.90%  25.3   23s
H 2206  1166                    -24264.00430 -25448.343  4.88%  25.3   23s
H 2207  1108                    -24266.93521 -25431.045  4.80%  25.3   24s
H 2207  1053                    -24278.85333 -25431.045  4.75%  25.3   24s
H 2207  1000                    -24292.65668 -25431.045  4.69%  25.3   24s
H 2207   949                    -24296.85083 -25431.045  4.67%  25.3   24s
  2208   949 -24654.015  136 2237 -24296.851 -25425.866  4.65%  25.2   25s
H 2208   902                    -24307.96535 -25425.866  4.60%  25.2   26s
H 2208   856                    -24312.82372 -25425.866  4.58%  25.2   26s
H 2208   813                    -24315.75463 -25425.866  4.57%  25.2   26s
H 2208   772                    -24319.57002 -25425.866  4.55%  25.2   26s
H 2208   733                    -24329.41697 -25425.866  4.51%  25.2   26s
  2212   736 -24465.832  224 2281 -24329.417 -25414.158  4.46%  25.2   30s
  2216   739 -24638.416  142 2291 -24329.417 -25405.568  4.42%  25.1   35s
  2220   741 -24985.749   21 2325 -24329.417 -25399.244  4.40%  25.1   41s
  2224   744 -25316.455   14 2287 -24329.417 -25389.224  4.36%  25.1   46s
  2228   747 -25231.157   37 2324 -24329.417 -25351.257  4.20%  25.0   50s
  2232   749 -24329.417  338 2340 -24329.417 -25345.416  4.18%  25.0   55s
  2236   752 -24761.922  101 2323 -24329.417 -25343.352  4.17%  24.9   62s
  2239   755 infeasible   11      -24329.417 -25343.352  4.17%  53.5   67s
  2391   876 -24673.686   35  375 -24329.417 -25281.629  3.91%  71.8   70s
  3735  1873 -24366.422  277   63 -24329.417 -25281.629  3.91%  51.6   75s
  5213  3000 -24875.662   79 1392 -24329.417 -25211.483  3.63%  45.0   80s
  8473  6454 -24422.586  300  794 -24329.417 -25197.165  3.57%  33.3   85s
 12766 10199 -25105.353   23 1806 -24329.417 -25187.651  3.53%  27.8   90s
 15244 12486 -24715.175  149 1241 -24329.417 -25187.651  3.53%  27.1   95s
 19385 16773 -25125.103   19 1862 -24329.417 -25161.658  3.42%  25.4  100s
 24574 21525 -24363.525  211 1051 -24329.417 -25143.985  3.35%  23.8  105s
 29684 26147 -24343.299  364  604 -24329.417 -25131.027  3.29%  22.5  110s
 35264 31224 -24669.533  130 1293 -24329.417 -25121.978  3.26%  22.3  115s
 40305 36316 -24540.692  191 1101 -24329.417 -25118.419  3.24%  21.7  120s
 45766 41046 -24671.228  175 1167 -24329.417 -25116.309  3.23%  21.3  125s
 49674 44751 -24655.354  174 1169 -24329.417 -25114.160  3.23%  20.9  130s
 54360 48844 -24657.151  180 1133 -24329.417 -25112.426  3.22%  20.5  135s
 58229 52727 -24650.927  189 1105 -24329.417 -25112.179  3.22%  20.4  140s
 61750 55772 -24625.024  193 1103 -24329.417 -25110.832  3.21%  20.2  145s
 65702 59408 -24620.713  193 1096 -24329.417 -25110.393  3.21%  20.1  150s
 70083 63524 -24627.553  196 1086 -24329.417 -25109.790  3.21%  19.8  155s
 73562 66816 -24621.102  197 1081 -24329.417 -25109.030  3.20%  19.8  160s
 77575 70844 -24592.817  201 1075 -24329.417 -25108.403  3.20%  19.6  165s
 83139 75493 -25087.234   24 1839 -24329.417 -25108.100  3.20%  19.4  170s
 88563 80712 -24509.124  263  940 -24329.417 -25106.931  3.20%  19.3  175s
 94358 85661 -24438.580  233 1044 -24329.417 -25105.976  3.19%  19.1  180s
 100400 91712 -24605.926  203 1062 -24329.417 -25105.340  3.19%  19.0  185s
 105875 96475 -24898.463   68 1552 -24329.417 -25105.297  3.19%  18.8  190s
 110970 101097 -24754.779  108 1444 -24329.417 -25104.052  3.18%  18.8  195s
 115797 105682 -24710.540  170 1153 -24329.417 -25103.543  3.18%  18.8  200s
 121042 110211 -24348.708  121 1321 -24329.417 -25103.437  3.18%  18.7  205s
 127947 116626 -24473.910  275  830 -24329.417 -25102.565  3.18%  18.6  210s
 133340 121734 -24366.211  338  714 -24329.417 -25102.277  3.18%  18.5  215s
 137402 125320 -25041.377   35 1758 -24329.417 -25101.742  3.17%  18.5  220s
 140566 127825 -24669.208  101 1466 -24329.417 -25101.364  3.17%  18.5  225s
 143219 130477 -24982.094   43 1681 -24329.417 -25100.633  3.17%  18.5  230s
 148318 135302 -24595.000  188 1197 -24329.417 -25100.359  3.17%  18.5  235s
 152750 139155 -24736.587   68 1493 -24329.417 -25099.899  3.17%  18.5  240s
 157583 143696 -24894.654   89 1485 -24329.417 -25099.648  3.17%  18.5  245s
 161927 147344 -24741.237   84 1515 -24329.417 -25099.441  3.16%  18.4  250s
 166622 151731 -24893.602   55 1549 -24329.417 -25099.087  3.16%  18.4  255s
 169631 154577 -24998.963   43 1673 -24329.417 -25098.706  3.16%  18.4  260s
 173496 158146 -25030.706   40 1750 -24329.417 -25098.482  3.16%  18.3  265s
 178662 162779 -24986.488   47 1713 -24329.417 -25098.074  3.16%  18.3  270s
 183576 167157 -25066.241   34 1778 -24329.417 -25097.653  3.16%  18.3  275s
 186941 170179 -24338.498  297  876 -24329.417 -25097.492  3.16%  18.3  280s
 192354 175004 -25038.914   33 1803 -24329.417 -25097.334  3.16%  18.2  285s
 196295 178837 -24599.735   77 1529 -24329.417 -25097.334  3.16%  18.2  290s
 199550 181708 -24865.094   71 1540 -24329.417 -25096.816  3.15%  18.2  295s
 202494 184540 -24742.000   69 1554 -24329.417 -25096.692  3.15%  18.3  300s
 205141 186578 -24918.818   42 1713 -24329.417 -25096.482  3.15%  18.3  305s
 207134 188328 -25038.291   33 1705 -24329.417 -25096.408  3.15%  18.3  310s
 210759 191976 -24664.237  127 1330 -24329.417 -25096.390  3.15%  18.3  315s
 214236 195098 -25033.789   37 1692 -24329.417 -25096.135  3.15%  18.3  320s
 217214 197891 -24974.977   40 1735 -24329.417 -25096.135  3.15%  18.2  325s
 220567 200966 -25040.048   31 1786 -24329.417 -25095.840  3.15%  18.2  330s
 223549 203864 -24469.393  254  876 -24329.417 -25095.624  3.15%  18.2  335s
 225593 205666 -24552.724  166 1171 -24329.417 -25095.594  3.15%  18.2  340s
 229366 209553 -24434.756  350  643 -24329.417 -25095.552  3.15%  18.1  345s
 233820 213154     cutoff  215      -24329.417 -25095.374  3.15%  18.1  350s
 235436 214616 -24601.547  132 1311 -24329.417 -25095.312  3.15%  18.1  355s
 238094 217396 -24937.552   59 1633 -24329.417 -25095.312  3.15%  18.1  360s
 241562 220343 -24654.747  192 1091 -24329.417 -25095.130  3.15%  18.1  365s
 244635 222891 -24978.957   52 1750 -24329.417 -25094.985  3.15%  18.0  370s
 247107 225387 -25068.497   26 1842 -24329.417 -25094.951  3.15%  18.0  375s
 249332 227483 -24534.395  127 1339 -24329.417 -25094.484  3.14%  18.1  380s
 252269 230131 -24385.180  165 1167 -24329.417 -25094.448  3.14%  18.1  385s
 254713 232247 -24626.278  141 1309 -24329.417 -25094.177  3.14%  18.1  390s
 256829 234105 -24947.286   46 1694 -24329.417 -25094.177  3.14%  18.1  395s
 259539 236694 -24775.404   69 1549 -24329.417 -25093.966  3.14%  18.1  400s
 263861 240681 -24473.023  187 1135 -24329.417 -25093.934  3.14%  18.0  405s
 266125 242530 -24912.640   64 1690 -24329.417 -25093.806  3.14%  18.0  411s
 267690 244124 -24404.883  200  972 -24329.417 -25093.577  3.14%  18.0  415s
 271206 247432 -25083.030   25 1788 -24329.417 -25093.537  3.14%  18.0  420s
 274323 250396 -24754.604  110 1480 -24329.417 -25093.537  3.14%  18.0  425s
 277517 252878 -24621.112  108 1377 -24329.417 -25093.222  3.14%  18.0  430s
 280170 255416 -24993.200   47 1665 -24329.417 -25093.148  3.14%  18.0  435s
 283045 258043 -24714.664  115 1450 -24329.417 -25092.983  3.14%  18.0  440s
 286147 261013 -25069.290   37 1778 -24329.417 -25092.858  3.14%  18.0  445s
 287392 261973 -24884.917   37 1711 -24329.417 -25092.740  3.14%  18.0  450s
 290699 264930 -25005.912   45 1666 -24329.417 -25092.740  3.14%  18.1  456s
 293324 267560 -24474.823  152 1263 -24329.417 -25092.561  3.14%  18.1  460s
 295349 269325 -24984.354   44 1712 -24329.417 -25092.512  3.14%  18.0  465s
 297019 270896 -24942.578   76 1546 -24329.417 -25092.469  3.14%  18.1  470s
 300547 274111 -24873.370   54 1672 -24329.417 -25092.384  3.14%  18.0  476s
 301497 274979 -24963.850   48 1717 -24329.417 -25092.384  3.14%  18.0  480s
 305253 278357 -25071.443   26 1799 -24329.417 -25092.184  3.14%  18.1  485s
 309196 282080 -24505.260  152 1337 -24329.417 -25092.140  3.13%  18.0  490s
 312625 285377 -24335.450  305  785 -24329.417 -25092.007  3.13%  18.0  495s
 317037 288892 -25019.051   39 1697 -24329.417 -25091.872  3.13%  18.0  500s
 319804 291850 -24568.216  215 1028 -24329.417 -25091.751  3.13%  18.0  505s
 322230 293913 -24348.261  297  878 -24329.417 -25091.751  3.13%  18.0  510s
 324362 296029 -24448.753  250  918 -24329.417 -25091.607  3.13%  18.0  515s
 327022 298195     cutoff  285      -24329.417 -25091.493  3.13%  18.0  520s
 329781 300734 -24489.454  141 1272 -24329.417 -25091.414  3.13%  18.0  525s
 331916 302819 -24976.857   50 1670 -24329.417 -25091.414  3.13%  18.0  530s
 336424 307105 -24356.229  357  689 -24329.417 -25091.168  3.13%  18.0  535s
 338792 309412 -25003.339   48 1646 -24329.417 -25091.121  3.13%  18.0  540s
 342149 312749     cutoff  268      -24329.417 -25091.019  3.13%  17.9  545s
 344258 314395 -25063.081   27 1762 -24329.417 -25090.989  3.13%  17.9  550s
 347882 317775 -24619.672  180 1195 -24329.417 -25090.974  3.13%  17.9  555s
 350720 320696 -24353.225  289  775 -24329.417 -25090.757  3.13%  17.9  560s
 353130 322734 infeasible  194      -24329.417 -25090.724  3.13%  17.9  566s
 354406 326472 -24874.614   75 1586 -24329.417 -25090.660  3.13%  17.9  571s
 359996 329174 -24959.977   49 1690 -24329.417 -25090.626  3.13%  17.9  575s
 364740 333944 -25051.058   39 1764 -24329.417 -25090.469  3.13%  17.9  580s
 370022 338261 -24674.873  171 1166 -24329.417 -25090.372  3.13%  17.9  585s
 374989 343586 -24526.558  134 1379 -24329.417 -25090.244  3.13%  17.9  590s
 379425 346673 -24395.758  176 1219 -24329.417 -25090.166  3.13%  17.9  595s
 382865 349810 -25075.841   33 1759 -24329.417 -25090.003  3.13%  17.9  600s
 386396 353218 -24769.733  110 1369 -24329.417 -25089.935  3.13%  17.9  605s
 390717 357073 -24927.339   61 1651 -24329.417 -25089.812  3.13%  17.9  610s
 393275 359412 -24714.401  124 1379 -24329.417 -25089.797  3.13%  17.9  616s
 395758 361451 -24573.378  190 1180 -24329.417 -25089.737  3.13%  17.9  620s
 398995 364985 -24704.405  147 1348 -24329.417 -25089.573  3.12%  17.9  625s
 402772 367814 -25033.375   36 1704 -24329.417 -25089.480  3.12%  17.9  630s
 405930 370928 -24583.646  171 1216 -24329.417 -25089.386  3.12%  17.9  635s
 409388 374084 -24611.000   72 1585 -24329.417 -25089.339  3.12%  17.9  640s
 413530 378004 -24363.711  101 1326 -24329.417 -25089.248  3.12%  17.9  645s
 416454 380453 -24894.397   73 1555 -24329.417 -25089.218  3.12%  17.9  650s
 421393 385125 -25065.955   30 1801 -24329.417 -25089.087  3.12%  17.9  655s
 422758 386285 -24980.313   50 1648 -24329.417 -25088.996  3.12%  17.9  660s
 426577 389729 -24342.708  180 1174 -24329.417 -25088.917  3.12%  17.9  666s
 428102 391148 -24419.508  177 1179 -24329.417 -25088.917  3.12%  17.9  670s
 430252 393334 -24725.432  113 1412 -24329.417 -25088.791  3.12%  17.9  676s
 432224 395241 -24968.303   45 1657 -24329.417 -25088.705  3.12%  17.9  680s
 435600 398173 -24972.966   54 1648 -24329.417 -25088.653  3.12%  17.9  685s
 438529 400757 -25058.551   32 1784 -24329.417 -25088.631  3.12%  17.8  690s
 440680 402781 -24406.274  237  961 -24329.417 -25088.605  3.12%  17.8  695s
 441710 403705 -24454.144  159 1175 -24329.417 -25088.582  3.12%  17.8  700s
 442931 404775 -25083.813   28 1822 -24329.417 -25088.556  3.12%  17.8  705s
 445413 407022 -24545.707  120 1334 -24329.417 -25088.455  3.12%  17.8  710s
 447023 408561 -24812.395   76 1521 -24329.417 -25088.417  3.12%  17.8  715s
 448900 410652 -24624.425  176 1100 -24329.417 -25088.417  3.12%  17.8  720s
 451527 412675 -24430.541  180 1085 -24329.417 -25088.374  3.12%  17.8  727s
 452427 413739 -24768.306  114 1378 -24329.417 -25088.370  3.12%  17.8  730s
 454830 415709 -25015.698   36 1727 -24329.417 -25088.266  3.12%  17.8  736s
 456029 416777 -24957.489   43 1742 -24329.417 -25088.230  3.12%  17.8  741s
 457673 418480 -24982.509   45 1663 -24329.417 -25088.174  3.12%  17.8  745s
 459961 420565 -25069.248   25 1829 -24329.417 -25088.159  3.12%  17.8  750s
 461241 421679 -24971.343   40 1676 -24329.417 -25088.128  3.12%  17.8  755s
 462643 422760 -25046.114   30 1795 -24329.417 -25088.098  3.12%  17.8  760s
 464610 424703 -24692.679  150 1229 -24329.417 -25088.098  3.12%  17.8  768s
 465021 425285 -24579.478  202 1031 -24329.417 -25088.055  3.12%  17.8  770s
 466909 426580 -24793.694   83 1589 -24329.417 -25088.053  3.12%  17.8  776s
 467792 427629 -24596.571  110 1556 -24329.417 -25088.014  3.12%  17.8  780s
 468895 428589 -24715.323   96 1531 -24329.417 -25088.006  3.12%  17.8  785s
 471560 430776 -24764.638  114 1501 -24329.417 -25087.942  3.12%  17.8  791s
 472507 431797 -24901.836   48 1639 -24329.417 -25087.922  3.12%  17.8  796s
 472845 432084 -24587.267   83 1442 -24329.417 -25087.922  3.12%  17.8  800s
 474585 433781 -24751.836  103 1464 -24329.417 -25087.908  3.12%  17.8  807s
 475512 434399 -24751.292  102 1480 -24329.417 -25087.908  3.12%  17.8  810s
 478157 436862 -24949.052   37 1722 -24329.417 -25087.798  3.12%  17.8  816s
 479376 437958 infeasible  123      -24329.417 -25087.768  3.12%  17.8  821s
 480675 439518 -24802.234  120 1359 -24329.417 -25087.729  3.12%  17.8  826s
 481874 440875 -24529.112  255  876 -24329.417 -25087.729  3.12%  17.8  831s
 483510 441711 -24917.038   52 1666 -24329.417 -25087.729  3.12%  17.8  835s
 484407 442713 -24629.834  117 1331 -24329.417 -25087.729  3.12%  17.8  841s
 485767 444056 -24710.929  136 1273 -24329.417 -25087.729  3.12%  17.8  845s
 487777 445775 -25055.403   36 1784 -24329.417 -25087.665  3.12%  17.8  850s
 488891 446468 -24529.548  164 1245 -24329.417 -25087.648  3.12%  17.8  856s
 488895 450104 -24524.104  165 1243 -24329.417 -25087.648  3.12%  17.8  861s
 493199 450472 -25030.314   45 1718 -24329.417 -25087.513  3.12%  17.8  876s
 494256 451815 -24783.482  108 1455 -24329.417 -25087.513  3.12%  17.8  880s
 496454 453511 -24676.330  127 1373 -24329.417 -25087.436  3.12%  17.8  886s
 497678 454729 -25035.893   36 1711 -24329.417 -25087.400  3.12%  17.8  890s
 500735 457783 -24947.150   56 1607 -24329.417 -25087.344  3.12%  17.8  895s
 502562 459263 -24895.532   71 1600 -24329.417 -25087.335  3.12%  17.8  901s
 504221 460746 -24774.375   83 1562 -24329.417 -25087.335  3.12%  17.8  906s
 505196 461762 -24670.734  141 1406 -24329.417 -25087.230  3.11%  17.8  910s
 506094 462129 -25059.660   32 1765 -24329.417 -25087.230  3.11%  17.8  915s
 506393 462709 -24980.701   48 1670 -24329.417 -25087.230  3.11%  17.8  920s
 509527 465797 -24839.062   78 1604 -24329.417 -25087.151  3.11%  17.8  925s
 511561 467378 -24442.354  187 1076 -24329.417 -25087.078  3.11%  17.8  931s
 514246 469767 -25072.450   33 1770 -24329.417 -25087.005  3.11%  17.8  935s
 515627 470922 -24724.685   98 1501 -24329.417 -25086.977  3.11%  17.8  942s
 516721 471948 -25068.152   31 1710 -24329.417 -25086.977  3.11%  17.8  947s
 518655 473842 -24887.587   48 1656 -24329.417 -25086.977  3.11%  17.8  952s
 520008 474988 -25062.928   29 1778 -24329.417 -25086.912  3.11%  17.8  955s
 521426 475989 -24564.317  138 1263 -24329.417 -25086.900  3.11%  17.8  960s
 522067 476550 -24869.026   69 1620 -24329.417 -25086.900  3.11%  17.8  966s
 522080 476553 -24825.913   71 1624 -24329.417 -25086.900  3.11%  17.8  970s
 522097 476557 -24811.252   74 1623 -24329.417 -25086.887  3.11%  17.8  976s
 522107 476565 -24808.249   76 1617 -24329.417 -25086.887  3.11%  17.8  980s
 522122 476574 -24802.447   79 1605 -24329.417 -25086.887  3.11%  17.8  987s
 522133 476579 -24796.540   81 1603 -24329.417 -25086.887  3.11%  17.8  991s
 522141 476587 -24790.377   83 1592 -24329.417 -25086.887  3.11%  17.8  996s
 522149 476590 -24787.169   85 1600 -24329.417 -25086.887  3.11%  17.8 1000s
 522171 476616 -24770.923   92 1578 -24329.417 -25086.887  3.11%  17.8 1009s
 522192 476628 -24728.643  107 1460 -24329.417 -25086.878  3.11%  17.8 1013s
 522204 476642 -24703.696  116 1437 -24329.417 -25086.878  3.11%  17.8 1018s
 522218 476652 -24674.661  127 1394 -24329.417 -25086.878  3.11%  17.8 1020s
 522237 476673 -24648.518  140 1375 -24329.417 -25086.878  3.11%  17.8 1027s
 522249 476697 -24629.823  149 1338 -24329.417 -25086.878  3.11%  17.8 1035s
 522837 477485 -25002.985   42 1754 -24329.417 -25086.836  3.11%  17.8 1040s
 523350 477978 -24670.394  129 1351 -24329.417 -25086.836  3.11%  17.8 1047s
 524274 478948 -24884.830   67 1567 -24329.417 -25086.823  3.11%  17.8 1051s
 525280 479787 -24790.448  100 1426 -24329.417 -25086.823  3.11%  17.8 1058s
 525717 480674 -24597.703  173 1173 -24329.417 -25086.823  3.11%  17.9 1061s
 526707 481430 -25071.880   25 1847 -24329.417 -25086.767  3.11%  17.9 1066s
 528486 483226 -24593.473  200 1085 -24329.417 -25086.767  3.11%  17.8 1071s
 530097 484211 -25063.622   31 1784 -24329.417 -25086.767  3.11%  17.8 1076s
 531028 484817 -25068.943   30 1810 -24329.417 -25086.767  3.11%  17.8 1080s
 531521 485513 -24413.186  220 1025 -24329.417 -25086.719  3.11%  17.8 1085s
 532963 486790 -25067.201   28 1785 -24329.417 -25086.718  3.11%  17.8 1090s
 534014 487586 -25031.028   40 1724 -24329.417 -25086.718  3.11%  17.8 1096s
 534750 488563 -25058.915   37 1761 -24329.417 -25086.718  3.11%  17.8 1102s
 536201 489674 -24462.380  145 1267 -24329.417 -25086.689  3.11%  17.8 1106s
 536655 490197 -24859.357   98 1404 -24329.417 -25086.653  3.11%  17.8 1110s
 537596 491082 -24741.907   83 1526 -24329.417 -25086.602  3.11%  17.8 1115s
 539095 492234 -24971.588   55 1605 -24329.417 -25086.602  3.11%  17.8 1121s
 539551 492724 -24785.069  119 1379 -24329.417 -25086.602  3.11%  17.8 1125s
 541348 494157 -24354.559  306  706 -24329.417 -25086.537  3.11%  17.8 1130s
 542478 495311 -24726.553   92 1448 -24329.417 -25086.537  3.11%  17.8 1135s
 543444 496290 -24712.825  148 1277 -24329.417 -25086.537  3.11%  17.8 1140s
 544224 496938 -25033.783   37 1705 -24329.417 -25086.537  3.11%  17.8 1146s
 545087 497498 -24891.420   71 1638 -24329.417 -25086.537  3.11%  17.8 1152s
 545511 498184 -24552.182  170 1251 -24329.417 -25086.537  3.11%  17.8 1156s
 547087 499414 -24876.025   79 1586 -24329.417 -25086.435  3.11%  17.8 1161s
 548034 500454 -24800.812   79 1569 -24329.417 -25086.435  3.11%  17.8 1166s
 549216 501546 -25042.475   33 1784 -24329.417 -25086.435  3.11%  17.8 1172s
 550239 502352 -24950.384   48 1742 -24329.417 -25086.435  3.11%  17.8 1175s
 551685 503519 -24371.300  200 1107 -24329.417 -25086.435  3.11%  17.8 1182s
 551920 503989 -24795.871   60 1652 -24329.417 -25086.435  3.11%  17.8 1185s
 553282 505361 -24703.179  128 1320 -24329.417 -25086.375  3.11%  17.8 1190s
 554290 505994 -24915.901   69 1599 -24329.417 -25086.364  3.11%  17.8 1195s
 555122 506838 -24346.993  283  926 -24329.417 -25086.357  3.11%  17.8 1201s
 556139 507733 -24958.155   51 1603 -24329.417 -25086.320  3.11%  17.8 1206s
 556409 507959 -24422.641  164 1246 -24329.417 -25086.320  3.11%  17.8 1211s
 556992 508653 -24589.150  117 1393 -24329.417 -25086.320  3.11%  17.8 1215s
 558567 509995 -24848.752   67 1598 -24329.417 -25086.320  3.11%  17.8 1222s
 558946 510549 -25061.017   35 1758 -24329.417 -25086.320  3.11%  17.8 1225s
 559877 511225 -25012.655   39 1734 -24329.417 -25086.272  3.11%  17.8 1230s
 561057 512167 -24843.579   75 1560 -24329.417 -25086.272  3.11%  17.8 1237s
 561895 512933 -25021.624   37 1731 -24329.417 -25086.272  3.11%  17.8 1240s
 562592 513757 -24492.199   95 1439 -24329.417 -25086.272  3.11%  17.8 1245s
 563321 514615 -24923.565   77 1563 -24329.417 -25086.233  3.11%  17.8 1250s
 564335 515299 -24928.898   65 1620 -24329.417 -25086.233  3.11%  17.8 1255s
 564771 515675 -24604.087  181 1102 -24329.417 -25086.233  3.11%  17.8 1261s
 566111 516664 -24976.315   40 1679 -24329.417 -25086.169  3.11%  17.8 1266s
 567315 517825 -24589.791  135 1329 -24329.417 -25086.169  3.11%  17.8 1270s
 568845 519011 -24839.205  105 1430 -24329.417 -25086.169  3.11%  17.8 1279s
 569037 519493 -24734.658  142 1258 -24329.417 -25086.169  3.11%  17.8 1281s
 570112 520334 -24494.030  244  916 -24329.417 -25086.169  3.11%  17.8 1286s
 571324 521607 -24675.756  110 1413 -24329.417 -25086.169  3.11%  17.8 1292s
 571836 521962 -24798.028   44 1721 -24329.417 -25086.169  3.11%  17.8 1295s
 572407 522678 -24445.524   86 1553 -24329.417 -25086.169  3.11%  17.8 1300s
 573662 523548 -24345.270  244  934 -24329.417 -25085.991  3.11%  17.8 1305s
 574551 524277 -25044.030   34 1788 -24329.417 -25085.918  3.11%  17.8 1310s
 575434 524919 -25041.771   38 1751 -24329.417 -25085.918  3.11%  17.8 1316s
 576166 525817 -24445.221  241  958 -24329.417 -25085.901  3.11%  17.8 1323s
 576594 526393 -24963.871   56 1677 -24329.417 -25085.901  3.11%  17.8 1326s
 578166 527817 -24472.973  235  982 -24329.417 -25085.901  3.11%  17.8 1333s
 579197 528769 -24360.917  292  838 -24329.417 -25085.878  3.11%  17.8 1337s
 580640 529765 -24864.326   73 1565 -24329.417 -25085.878  3.11%  17.8 1342s
 580824 530386 -24791.136   92 1528 -24329.417 -25085.842  3.11%  17.8 1345s
 582240 531313 -24332.908  250  992 -24329.417 -25085.819  3.11%  17.8 1351s
 582965 532263 -24457.379   99 1395 -24329.417 -25085.808  3.11%  17.8 1357s
 584078 533070 -24830.714   98 1486 -24329.417 -25085.798  3.11%  17.8 1360s
 585314 534533 -24488.766  254  881 -24329.417 -25085.781  3.11%  17.8 1366s
 586401 535331 infeasible  339      -24329.417 -25085.781  3.11%  17.8 1371s
 587172 535711 -24957.079   39 1735 -24329.417 -25085.750  3.11%  17.8 1376s
 587577 536234 -24577.862   89 1479 -24329.417 -25085.750  3.11%  17.8 1383s
 587860 536562 -24460.747  111 1415 -24329.417 -25085.750  3.11%  17.8 1385s
 588345 537151 -24975.606   54 1634 -24329.417 -25085.750  3.11%  17.8 1391s
 588826 537564 -24620.848  160 1226 -24329.417 -25085.749  3.11%  17.8 1395s
 590174 538537 -25012.182   46 1774 -24329.417 -25085.736  3.11%  17.8 1402s
 590864 539598 -24845.516   95 1513 -24329.417 -25085.736  3.11%  17.8 1408s
 591484 540144 -24654.619  158 1221 -24329.417 -25085.718  3.11%  17.8 1411s
 592030 540770 -24584.342  189 1109 -24329.417 -25085.718  3.11%  17.8 1415s
 593570 541850 -25067.682   26 1825 -24329.417 -25085.676  3.11%  17.8 1423s
 593944 542245 -24828.645  112 1431 -24329.417 -25085.676  3.11%  17.8 1425s
 595043 543252 -25060.716   27 1844 -24329.417 -25085.642  3.11%  17.8 1430s
 596261 544372 -24842.614   77 1642 -24329.417 -25085.638  3.11%  17.8 1436s
 598439 546395 -24663.050   98 1505 -24329.417 -25085.638  3.11%  17.8 1440s
 602702 550030 -25049.044   33 1774 -24329.417 -25085.606  3.11%  17.8 1447s
 604814 552187 -25048.645   38 1706 -24329.417 -25085.542  3.11%  17.8 1450s
 606752 553808 -24745.884   63 1611 -24329.417 -25085.488  3.11%  17.8 1455s
 609032 555876 -24760.363   94 1485 -24329.417 -25085.480  3.11%  17.8 1460s
 610957 557712 -24796.767   94 1517 -24329.417 -25085.450  3.11%  17.8 1465s
 613151 559498 -24677.062  142 1280 -24329.417 -25085.411  3.11%  17.8 1470s
 614597 561266 -24877.945   64 1594 -24329.417 -25085.375  3.11%  17.8 1475s
 616335 562476 -25065.979   29 1808 -24329.417 -25085.375  3.11%  17.8 1481s
 617725 563580 -24877.066   77 1614 -24329.417 -25085.303  3.11%  17.8 1486s
 619506 566000 -24735.578  130 1302 -24329.417 -25085.269  3.11%  17.8 1490s
 623395 569090 -24824.197   91 1513 -24329.417 -25085.234  3.11%  17.8 1495s
 623789 569499 -24671.055  142 1273 -24329.417 -25085.234  3.11%  17.8 1500s
 625417 570992 -24818.153   75 1641 -24329.417 -25085.194  3.11%  17.8 1505s
 626261 571634 -24709.350   91 1561 -24329.417 -25085.180  3.11%  17.8 1510s
 627031 572309 -24594.790  106 1476 -24329.417 -25085.144  3.11%  17.8 1515s
 627769 572938 -24662.640  102 1499 -24329.417 -25085.144  3.11%  17.8 1521s
 628369 573479 -25077.291   34 1785 -24329.417 -25085.144  3.11%  17.8 1526s
 629664 574641 -25031.504   38 1783 -24329.417 -25085.144  3.11%  17.8 1532s
 631673 576338 -24967.926   65 1672 -24329.417 -25085.024  3.11%  17.8 1535s
 633667 578307 -25037.631   38 1715 -24329.417 -25085.023  3.11%  17.8 1542s
 635868 580620 -24781.082  105 1477 -24329.417 -25085.007  3.11%  17.8 1545s
 639518 583727 -24789.495   71 1665 -24329.417 -25085.003  3.11%  17.8 1550s
 641961 585913 -24855.261   85 1535 -24329.417 -25084.953  3.11%  17.8 1555s
 644643 588460 -25033.334   37 1720 -24329.417 -25084.858  3.11%  17.8 1560s
 646400 590061 -24522.580  212  965 -24329.417 -25084.832  3.10%  17.8 1565s
 648953 592142 -24814.310   93 1589 -24329.417 -25084.802  3.10%  17.8 1570s
 652360 595490 -24382.342  273  878 -24329.417 -25084.802  3.10%  17.8 1575s
 654463 597272 -24800.228   59 1546 -24329.417 -25084.706  3.10%  17.8 1580s
 656567 599230 -24796.307   83 1570 -24329.417 -25084.682  3.10%  17.8 1585s
 657411 599786 -24747.138   79 1550 -24329.417 -25084.629  3.10%  17.8 1590s
 658424 600626 -24703.987   55 1575 -24329.417 -25084.614  3.10%  17.8 1595s
 659182 601557 -24725.804  128 1262 -24329.417 -25084.614  3.10%  17.8 1600s
 660581 602716 infeasible  162      -24329.417 -25084.591  3.10%  17.8 1605s
 661640 603729 -24995.022   41 1693 -24329.417 -25084.589  3.10%  17.8 1612s
 662657 604922 -24568.309  188 1146 -24329.417 -25084.572  3.10%  17.8 1619s
 663283 605343 -24472.610  260  900 -24329.417 -25084.572  3.10%  17.8 1620s
 664500 606371 -24891.908   53 1701 -24329.417 -25084.542  3.10%  17.8 1626s
 665237 606906 -24420.630  104 1423 -24329.417 -25084.541  3.10%  17.8 1630s
 666181 607963 -24959.006   43 1749 -24329.417 -25084.527  3.10%  17.8 1637s
 666662 608489 -24577.031  148 1317 -24329.417 -25084.527  3.10%  17.8 1643s
 668238 609662 -25013.254   41 1731 -24329.417 -25084.527  3.10%  17.8 1645s
 669015 610321     cutoff  288      -24329.417 -25084.498  3.10%  17.8 1651s
 669634 610977 -24352.335  176 1202 -24329.417 -25084.480  3.10%  17.9 1656s
 671696 612880 -24980.429   50 1755 -24329.417 -25084.475  3.10%  17.9 1662s
 672944 613668 -24654.085  110 1526 -24329.417 -25084.475  3.10%  17.9 1665s
 674418 615357 -24335.978  280  816 -24329.417 -25084.409  3.10%  17.9 1670s
 676819 617303 -24860.812   74 1581 -24329.417 -25084.335  3.10%  17.9 1677s
 677368 618340 -24609.915  181 1143 -24329.417 -25084.335  3.10%  17.9 1680s
 680007 620354 -24368.273  120 1302 -24329.417 -25084.335  3.10%  17.8 1685s
 681500 621885 -24727.548  141 1207 -24329.417 -25084.335  3.10%  17.8 1690s
 682779 623047 -24819.753   58 1680 -24329.417 -25084.280  3.10%  17.8 1695s
 684007 624113 -24549.817  173 1176 -24329.417 -25084.280  3.10%  17.8 1701s
 684761 624742 -24828.478   84 1569 -24329.417 -25084.280  3.10%  17.8 1706s
 685565 625791 -24515.550  199 1066 -24329.417 -25084.280  3.10%  17.8 1710s
 686806 626716 -25022.640   39 1755 -24329.417 -25084.280  3.10%  17.8 1716s
 687552 627489 -24817.154  103 1458 -24329.417 -25084.221  3.10%  17.8 1720s
 689215 628960 -24943.671   55 1658 -24329.417 -25084.221  3.10%  17.8 1727s
 690504 630049 -24613.068  150 1238 -24329.417 -25084.221  3.10%  17.8 1733s
 691553 631168 -24779.476  112 1420 -24329.417 -25084.137  3.10%  17.8 1735s
 693301 632748 -24361.703  341  657 -24329.417 -25084.114  3.10%  17.8 1742s
 693987 633350 -24518.076  117 1346 -24329.417 -25084.114  3.10%  17.8 1745s
 695184 634471 -24979.387   42 1698 -24329.417 -25084.114  3.10%  17.8 1751s
 695999 635216 -24618.610  158 1222 -24329.417 -25084.114  3.10%  17.8 1755s
 697074 636027 -24383.499  269  828 -24329.417 -25084.114  3.10%  17.8 1761s
 697617 636484 -24778.342   52 1628 -24329.417 -25084.056  3.10%  17.8 1767s
 698195 637130 -24938.237   63 1618 -24329.417 -25084.029  3.10%  17.8 1770s
 699777 638759 -24616.992  171 1162 -24329.417 -25084.025  3.10%  17.8 1776s
 700775 639714 -24480.427  249  872 -24329.417 -25084.022  3.10%  17.8 1782s
 702189 640746 -24887.250   70 1606 -24329.417 -25084.022  3.10%  17.8 1788s
 702440 641152 -24548.460  144 1285 -24329.417 -25084.020  3.10%  17.8 1790s
 703158 641738 -25002.752   36 1751 -24329.417 -25084.020  3.10%  17.8 1795s
 704245 642347 -24738.032   81 1590 -24329.417 -25084.020  3.10%  17.8 1800s

Cutting planes:
  Learned: 2
  Gomory: 6
  Cover: 119
  Projected implied bound: 211
  Clique: 758
  MIR: 1914
  StrongCG: 568
  Flow cover: 525
  Inf proof: 9
  Zero half: 265
  Mod-K: 2
  Relax-and-lift: 414
  BQP: 10

Explored 704249 nodes (12553320 simplex iterations) in 1800.04 seconds (1465.93 work units)
Thread count was 4 (of 24 available processors)

Solution count 10: -24329.4 -24319.6 -24315.8 ... -24264

Time limit reached
Best objective -2.432941697124e+04, best bound -2.508402001184e+04, gap 3.1016%

User-callback calls 1668976, time in user-callback 2.61 sec
