
Gurobi 13.0.1 (win64) logging started Wed Oct  7 07:28:10 2026

Set parameter LogFile to value "results/source_summaries/3d/R14/gurobi_extensive.log"
Gurobi Optimizer version 13.0.1 build v13.0.1rc0 (win64 - Windows 11+.0 (26200.2))

CPU model: Intel(R) Core(TM) i7-14650HX, instruction set [SSE2|AVX|AVX2]
Thread count: 16 physical cores, 24 logical processors, using up to 4 threads

Non-default parameters:
TimeLimit  1800
IntFeasTol  1e-06
MIPGap  0.0005
Heuristics  0.2
Cuts  2
Presolve  2
Seed  1
Threads  4

Optimize a model with 5170 rows, 9129 columns and 20060 nonzeros (Min)
Model fingerprint: 0xa0611dc2
Model has 3964 linear objective coefficients
Variable types: 5163 continuous, 3966 integer (3963 binary)
Coefficient statistics:
  Matrix range     [1e-01, 4e+01]
  Objective range  [2e+00, 5e+01]
  Bounds range     [1e-01, 3e+01]
  RHS range        [1e+00, 7e+01]

Found heuristic solution: objective 0.0000000
Presolve removed 436 rows and 5164 columns
Presolve time: 0.14s
Presolved: 4734 rows, 3965 columns, 13981 nonzeros
Variable types: 111 continuous, 3854 integer (3631 binary)
Root relaxation presolve removed 1 rows and 1 columns
Root relaxation presolved: 4733 rows, 3964 columns, 13978 nonzeros


Root relaxation: objective -2.655195e+04, 1797 iterations, 0.06 seconds (0.10 work units)

    Nodes    |    Current Node    |     Objective Bounds      |     Work
 Expl Unexpl |  Obj  Depth IntInf | Incumbent    BestBd   Gap | It/Node Time

     0     0 -26551.950    0  523    0.00000 -26551.950      -     -    0s
H    0     0                    -19842.65801 -26551.950  33.8%     -    0s
H    0     0                    -19848.70499 -26551.950  33.8%     -    0s
H    0     0                    -21531.67548 -26551.950  23.3%     -    0s
H    0     0                    -21623.00071 -26551.950  22.8%     -    0s
H    0     0                    -21755.74461 -26551.950  22.0%     -    0s
H    0     0                    -21801.68919 -26551.950  21.8%     -    0s
H    0     0                    -21807.44931 -26551.950  21.8%     -    0s
H    0     0                    -21829.43818 -26551.950  21.6%     -    0s
H    0     0                    -21835.21865 -25746.798  17.9%     -    0s
H    0     0                    -21856.66679 -25746.798  17.8%     -    0s
H    0     0                    -21876.06654 -25746.798  17.7%     -    0s
H    0     0                    -21898.66229 -25746.798  17.6%     -    0s
H    0     0                    -21904.87692 -25746.798  17.5%     -    0s
H    0     0                    -22867.64609 -25746.798  12.6%     -    0s
H    0     0                    -23219.81679 -25746.798  10.9%     -    0s
H    0     0                    -23314.50119 -25746.798  10.4%     -    0s
H    0     0                    -23330.22023 -25746.798  10.4%     -    0s
     0     0 -25746.798    0 1275 -23330.220 -25746.798  10.4%     -    0s
H    0     0                    -23351.51568 -25745.634  10.3%     -    0s
H    0     0                    -23431.21980 -25544.607  9.02%     -    0s
     0     0 -25529.212    0 1492 -23431.220 -25529.212  8.95%     -    0s
     0     0 -25518.740    0 1493 -23431.220 -25518.740  8.91%     -    0s
     0     0 -25517.157    0 1432 -23431.220 -25517.157  8.90%     -    0s
     0     0 -25515.164    0 1411 -23431.220 -25515.164  8.89%     -    0s
     0     0 -25514.039    0 1429 -23431.220 -25514.039  8.89%     -    0s
     0     0 -25512.993    0 1431 -23431.220 -25512.993  8.88%     -    0s
     0     0 -25512.742    0 1440 -23431.220 -25512.742  8.88%     -    0s
H    0     0                    -23503.11311 -25512.742  8.55%     -    0s
H    0     0                    -23504.12350 -25512.742  8.55%     -    0s
     0     0 -25411.003    0 1661 -23504.124 -25411.003  8.11%     -    1s
H    0     0                    -23508.18118 -25410.871  8.09%     -    1s
H    0     0                    -23511.11093 -25410.871  8.08%     -    1s
H    0     0                    -23557.55368 -25292.823  7.37%     -    1s
H    0     0                    -23559.47442 -25292.823  7.36%     -    1s
     0     0 -25292.823    0 1865 -23559.474 -25292.823  7.36%     -    1s
     0     0 -25281.938    0 1934 -23559.474 -25281.938  7.31%     -    1s
     0     0 -25280.399    0 1968 -23559.474 -25280.399  7.30%     -    1s
     0     0 -25280.241    0 1970 -23559.474 -25280.241  7.30%     -    1s
H    0     0                    -23580.80853 -25230.826  7.00%     -    2s
     0     0 -25230.826    0 1951 -23580.809 -25230.826  7.00%     -    2s
     0     0 -25211.064    0 1934 -23580.809 -25211.064  6.91%     -    2s
     0     0 -25202.913    0 2028 -23580.809 -25202.913  6.88%     -    2s
     0     0 -25201.159    0 2039 -23580.809 -25201.159  6.87%     -    2s
H    0     0                    -23586.39174 -25134.576  6.56%     -    2s
     0     0 -25134.576    0 2051 -23586.392 -25134.576  6.56%     -    2s
H    0     0                    -23603.02615 -25134.562  6.49%     -    2s
H    0     0                    -23612.56089 -25117.466  6.37%     -    3s
H    0     0                    -23616.55571 -25117.466  6.36%     -    3s
H    0     0                    -23625.46454 -25117.466  6.32%     -    3s
H    0     0                    -23627.50185 -25117.466  6.31%     -    3s
     0     0 -25117.466    0 2072 -23627.502 -25117.466  6.31%     -    3s
     0     0 -25115.602    0 2084 -23627.502 -25115.602  6.30%     -    3s
H    0     0                    -23642.11312 -25115.602  6.23%     -    3s
H    0     0                    -23645.32850 -25115.602  6.22%     -    3s
H    0     0                    -23646.24408 -25085.131  6.09%     -    3s
     0     0 -25085.131    0 2076 -23646.244 -25085.131  6.09%     -    3s
H    0     0                    -23647.20602 -25083.534  6.07%     -    3s
     0     0 -25083.534    0 2107 -23647.206 -25083.534  6.07%     -    3s
H    0     0                    -23649.31024 -25083.534  6.06%     -    4s
H    0     0                    -23651.28272 -25083.534  6.06%     -    4s
H    0     0                    -23653.28784 -25050.882  5.91%     -    5s
H    0     0                    -23654.20342 -25050.882  5.90%     -    5s
H    0     0                    -23656.30764 -25050.882  5.90%     -    5s
     0     0 -25050.882    0 2075 -23656.308 -25050.882  5.90%     -    5s
     0     0 -25050.737    0 2075 -23656.308 -25050.737  5.89%     -    5s
     0     0 -25050.737    0 2064 -23656.308 -25050.737  5.89%     -    5s
     0     2 -25050.737    0 2064 -23656.308 -25050.737  5.89%     -    5s
  1272  1246 -23894.192   28  522 -23656.308 -24959.047  5.51%  20.4   10s
  1287  1256 -24062.494  104 2263 -23656.308 -24901.788  5.26%  20.2   15s
  1294  1261 -23737.881  246 2355 -23656.308 -24830.741  4.96%  20.0   20s
  1298  1264 -24240.962   14 2343 -23656.308 -24783.379  4.76%  20.0   25s
  1301  1266 -24728.919    5 2471 -23656.308 -24728.919  4.53%  19.9   30s
H 1305  1204                    -23662.61518 -24721.870  4.48%  19.9   35s
H 1305  1143                    -23664.61258 -24721.870  4.47%  19.9   35s
H 1305  1085                    -23664.61259 -24721.870  4.47%  19.9   35s
H 1305  1030                    -23665.61129 -24721.870  4.46%  19.9   35s
H 1305   978                    -23779.86537 -24721.870  3.96%  19.9   35s
H 1305   928                    -23782.67030 -24721.870  3.95%  19.9   35s
H 1306   882                    -23809.29579 -24721.636  3.83%  19.9   35s
H 1307   839                    -23814.20053 -24721.636  3.81%  19.8   36s
H 1307   796                    -23821.35931 -24721.636  3.78%  19.8   36s
H 1308   756                    -23829.04226 -24721.240  3.74%  19.8   38s
H 1308   717                    -23834.80803 -24713.966  3.69%  19.8   38s
H 1308   681                    -23838.65187 -24713.966  3.67%  19.8   38s
H 1309   647                    -23839.65079 -24713.966  3.67%  19.8   39s
  1311   648 -23839.651   54 2515 -23839.651 -24712.645  3.66%  19.8   40s
H 1311   615                    -23851.37894 -24712.645  3.61%  19.8   40s
H 1312   584                    -23852.38589 -24709.282  3.59%  19.8   42s
H 1312   554                    -23857.47915 -24709.282  3.57%  19.8   42s
H 1314   527                    -23858.53676 -24707.356  3.56%  19.7   44s
H 1314   500                    -23861.70962 -24707.356  3.54%  19.7   44s
  1316   502 -24212.405   35 2534 -23861.710 -24705.597  3.54%  19.7   45s
H 1317   476                    -23864.90861 -24705.192  3.52%  19.7   47s
  1320   478 -24208.531   26 2516 -23864.909 -24703.397  3.51%  19.7   50s
H 1321   454                    -23867.72590 -24702.284  3.50%  19.6   52s
  1325   457 -24126.575   72 2500 -23867.726 -24701.113  3.49%  19.6   55s
  1330   460 -24670.023   28 2539 -23867.726 -24699.976  3.49%  19.5   60s
  1332   461 -23867.726  227 2511 -23867.726 -24698.441  3.48%  19.5   65s
  1334   466 -24698.441   16 2392 -23867.726 -24698.441  3.48%  79.7   71s
  1344   479 -24666.546   19 2078 -23867.726 -24698.441  3.48%   103   76s
  1927   839 -24001.825  116 1089 -23867.726 -24666.408  3.35%   105   80s
  3054  1712 -24369.285  113 1471 -23867.726 -24640.694  3.24%  78.8   85s
  4257  2815 -24047.037  309  546 -23867.726 -24640.694  3.24%  64.3   90s
  6121  4957 -24445.725   49 1904 -23867.726 -24640.694  3.24%  50.1   95s
  8918  7606 -23947.095  368  305 -23867.726 -24640.694  3.24%  39.7  100s
 11705 10561 -23934.263  279  675 -23867.726 -24537.190  2.80%  36.1  105s
 14371 12405 -24447.324   40 1971 -23867.726 -24533.347  2.79%  35.1  110s
 17237 15386 -24475.006   28 2068 -23867.726 -24520.151  2.73%  34.1  115s
 22053 19727 -24055.380  226  940 -23867.726 -24511.064  2.70%  32.1  120s
 26465 23865 -24199.792  112 1600 -23867.726 -24506.643  2.68%  30.4  125s
 29980 27134 -24373.907   49 1919 -23867.726 -24502.882  2.66%  30.4  130s
 34680 31563 -24465.254   35 2051 -23867.726 -24500.316  2.65%  29.3  135s
 38878 35225 -24401.542   43 1990 -23867.726 -24498.825  2.64%  28.7  140s
 42928 39095 -24461.746   29 2058 -23867.726 -24498.165  2.64%  28.2  145s
 46765 42886 -24111.902  216 1030 -23867.726 -24498.051  2.64%  27.7  150s
 50760 46263 -24437.932   42 1998 -23867.726 -24495.446  2.63%  27.1  155s
 55516 51201 -24069.897  251  720 -23867.726 -24495.446  2.63%  26.5  160s
 61443 56341 -24483.446   28 2092 -23867.726 -24493.391  2.62%  25.5  165s
 65248 59601 -24463.950   36 2011 -23867.726 -24493.007  2.62%  25.3  170s
 70320 64686 -23896.559  420  197 -23867.726 -24492.058  2.62%  24.8  175s
 74686 68911 -24181.743  186 1041 -23867.726 -24491.165  2.61%  24.6  180s
 78117 71974 -23962.847  274  501 -23867.726 -24490.831  2.61%  24.7  185s
 82099 75703 -24075.855  244  888 -23867.726 -24490.831  2.61%  24.8  190s
 86209 79037 -24459.414   37 2000 -23867.726 -24488.445  2.60%  24.5  195s
 89301 82098 -24459.035   30 2085 -23867.726 -24488.254  2.60%  24.7  200s
 93486 86182 -24318.037   64 1870 -23867.726 -24486.776  2.59%  24.7  205s
 96849 89401 -24317.335   78 1814 -23867.726 -24486.333  2.59%  24.7  210s
 101671 93297 -24349.049   38 1969 -23867.726 -24486.016  2.59%  24.5  215s
 105083 96653 -24125.218   67 1840 -23867.726 -24485.124  2.59%  24.7  220s
 108807 99995 -24022.006  235  970 -23867.726 -24484.753  2.59%  24.7  225s
 111615 102752 -23873.449  212  981 -23867.726 -24484.501  2.58%  24.7  230s
 116970 107185 -24390.662   39 2026 -23867.726 -24484.045  2.58%  24.5  235s
 121258 111541 -24250.756   88 1575 -23867.726 -24484.045  2.58%  24.4  240s
 126384 116060 -23965.063   94 1613 -23867.726 -24484.045  2.58%  24.3  245s
 129795 119223 -24150.025   90 1693 -23867.726 -24482.459  2.58%  24.2  250s
 134618 123982 -24373.797   73 1744 -23867.726 -24481.829  2.57%  24.2  255s
 139077 128308 -23956.746  308  452 -23867.726 -24481.758  2.57%  24.1  260s
 144685 133040 -24408.239   50 1898 -23867.726 -24481.298  2.57%  23.9  265s
 148343 135893 -24438.250   33 2084 -23867.726 -24480.543  2.57%  24.0  270s
 152435 140312 -24419.441   37 1970 -23867.726 -24480.382  2.57%  23.8  275s
 157182 144577 -24189.524  173 1137 -23867.726 -24480.075  2.57%  23.8  280s
 161517 148144 -24433.320   35 2063 -23867.726 -24479.655  2.56%  23.7  285s
 165204 151988 -24444.708   40 1968 -23867.726 -24479.655  2.56%  23.8  290s
 168259 154625 -24432.393   25 2123 -23867.726 -24479.655  2.56%  23.9  295s
 172642 159006 -24297.741   65 1797 -23867.726 -24478.754  2.56%  23.9  300s
 175936 161909 -24180.935  168 1234 -23867.726 -24478.527  2.56%  23.8  305s
 180336 165606 -24116.174  199 1071 -23867.726 -24478.524  2.56%  23.7  310s
 184026 169027 -24388.798   53 1959 -23867.726 -24478.186  2.56%  23.6  315s
 187563 172469 -24443.376   30 2037 -23867.726 -24477.801  2.56%  23.5  320s
 191588 175722 -24398.463   50 1881 -23867.726 -24477.693  2.56%  23.5  325s
 194564 178695 -24308.456   71 1774 -23867.726 -24477.693  2.56%  23.4  330s
 197431 184831 -24362.132   56 1920 -23867.726 -24477.125  2.55%  23.4  336s
 202127 186212 -24009.891  254  781 -23867.726 -24477.022  2.55%  23.3  340s
 207009 190297 -24409.488   34 2025 -23867.726 -24477.016  2.55%  23.2  345s
 210433 193337 -24041.758  186 1284 -23867.726 -24476.606  2.55%  23.2  350s
 213820 196332 -24096.059  201 1143 -23867.726 -24476.321  2.55%  23.2  355s
 216045 198565 -24446.239   36 2060 -23867.726 -24476.319  2.55%  23.2  360s
 219851 202356 -24366.065   59 1928 -23867.726 -24475.826  2.55%  23.2  365s
 223887 205789 -24428.394   37 2069 -23867.726 -24475.515  2.55%  23.2  370s
 226583 207939 -24337.673   76 1778 -23867.726 -24475.341  2.55%  23.1  375s
 230201 211086 -24425.397   33 2034 -23867.726 -24475.134  2.54%  23.1  380s
 232908 213657 -24433.544   33 2026 -23867.726 -24475.081  2.54%  23.1  385s
 235768 216305 -24377.101   57 1814 -23867.726 -24474.943  2.54%  23.1  390s
 238732 219737 -24213.635  148 1338 -23867.726 -24474.720  2.54%  23.1  395s
 242067 222592 -24439.682   30 2073 -23867.726 -24474.605  2.54%  23.0  400s
 246409 226456 -23877.304  206 1120 -23867.726 -24474.427  2.54%  23.0  405s
 250699 230447 -24253.828   46 1992 -23867.726 -24474.147  2.54%  23.0  410s
 255605 234921 -24179.768  145 1383 -23867.726 -24473.767  2.54%  23.0  415s
 259530 238509 -24130.770  161 1333 -23867.726 -24473.372  2.54%  23.0  421s
 262827 241167 -24448.614   34 2069 -23867.726 -24473.221  2.54%  22.9  425s
 267217 245576 -24444.991   35 2049 -23867.726 -24473.221  2.54%  22.9  430s
 271025 249138 -23923.755  304  545 -23867.726 -24472.644  2.53%  22.8  435s
 274881 252610 -24010.513  256  851 -23867.726 -24472.469  2.53%  22.8  440s
 278572 255944 -24360.121   58 1787 -23867.726 -24472.122  2.53%  22.7  445s
 284032 261005 -24248.165   49 1975 -23867.726 -24471.882  2.53%  22.7  450s
 287242 264281 -24376.703   62 1785 -23867.726 -24471.671  2.53%  22.7  455s
 290477 267135 -24212.939  134 1439 -23867.726 -24471.445  2.53%  22.7  460s
 292626 268972 -24190.545  160 1280 -23867.726 -24471.362  2.53%  22.7  465s
 294929 270896 -24148.321  164 1244 -23867.726 -24471.362  2.53%  22.7  470s
 298155 273864 -24450.187   33 2051 -23867.726 -24471.362  2.53%  22.7  475s
 300399 276490 -24098.419  213 1193 -23867.726 -24470.998  2.53%  22.7  480s
 303743 278843 -24439.853   30 2071 -23867.726 -24470.834  2.53%  22.7  486s
 304631 279906 -24442.526   33 2037 -23867.726 -24470.834  2.53%  22.7  490s
 306963 282444 -24357.759  102 1480 -23867.726 -24470.834  2.53%  22.7  495s
 311964 286715 -24409.034   48 1945 -23867.726 -24470.333  2.52%  22.7  500s
 314671 289128 -24448.164   39 2010 -23867.726 -24470.198  2.52%  22.7  505s
 318935 292941 -24289.938   55 1961 -23867.726 -24470.037  2.52%  22.7  511s
 320741 294750 -24214.858  109 1571 -23867.726 -24470.037  2.52%  22.6  515s
 323975 297497 -24428.170   43 2012 -23867.726 -24469.908  2.52%  22.6  520s
 326688 300291 -24339.502   63 1899 -23867.726 -24469.863  2.52%  22.6  525s
 328786 302163 -24118.829  177 1212 -23867.726 -24469.709  2.52%  22.6  530s
 331774 305313 -24333.676   78 1737 -23867.726 -24469.688  2.52%  22.6  535s
 334331 307151 -24254.288   97 1642 -23867.726 -24469.527  2.52%  22.6  541s
 336218 308897 -24117.745  110 1574 -23867.726 -24469.478  2.52%  22.6  546s
 337658 309983     cutoff  307      -23867.726 -24469.478  2.52%  22.6  552s
 339866 311886 -24437.334   29 2088 -23867.726 -24469.416  2.52%  22.6  556s
 341020 313503 -24315.496   84 1741 -23867.726 -24469.320  2.52%  22.6  560s
 343321 315744 -24039.886   64 1872 -23867.726 -24469.283  2.52%  22.6  565s
 347725 319392 -24382.523   58 1822 -23867.726 -24469.206  2.52%  22.5  570s
 348910 320540 -23902.060  364  270 -23867.726 -24468.913  2.52%  22.5  575s
 351720 322842 -24444.386   40 2053 -23867.726 -24468.913  2.52%  22.5  580s
 351728 322954 -24436.454   42 2006 -23867.726 -24468.913  2.52%  22.5  586s
 352616 324112 -24010.065  158 1308 -23867.726 -24468.913  2.52%  22.5  590s
 355125 326375 -24057.572  243  819 -23867.726 -24468.913  2.52%  22.5  596s
 357966 329266 -24263.422  107 1543 -23867.726 -24468.913  2.52%  22.5  600s
 361183 331789 -24460.605   35 2017 -23867.726 -24468.421  2.52%  22.4  605s
 364107 335021 -24272.623   82 1723 -23867.726 -24468.421  2.52%  22.4  610s
 366487 337140 -23920.159   79 1793 -23867.726 -24468.187  2.52%  22.4  615s
 368773 339264 -24073.589  230  872 -23867.726 -24468.151  2.52%  22.4  621s
 370949 341287 -24140.559  167 1295 -23867.726 -24468.045  2.52%  22.4  625s
 373473 343226 -24060.829   83 1739 -23867.726 -24467.873  2.51%  22.4  630s
 374402 344148 -24366.108   56 1807 -23867.726 -24467.818  2.51%  22.4  635s
 375775 345612 -24056.294  224  967 -23867.726 -24467.793  2.51%  22.5  640s
 377132 346831 -24017.743  268  530 -23867.726 -24467.793  2.51%  22.4  645s
 379123 348585 -24405.362   59 1833 -23867.726 -24467.601  2.51%  22.5  650s
 381004 350519 -24215.827   78 1656 -23867.726 -24467.477  2.51%  22.5  655s
 382782 351656 -24431.396   39 1978 -23867.726 -24467.439  2.51%  22.5  660s
 386125 354994 -24440.416   40 2054 -23867.726 -24467.387  2.51%  22.4  665s
 387684 356374 -24244.073   78 1802 -23867.726 -24467.252  2.51%  22.4  670s
 390640 359030 -24453.469   34 2051 -23867.726 -24467.079  2.51%  22.5  675s
 393112 361636 -24142.048  183 1216 -23867.726 -24467.079  2.51%  22.5  680s
 395580 363623 -24425.647   33 2066 -23867.726 -24466.898  2.51%  22.4  685s
 397044 364953 -24254.884  106 1657 -23867.726 -24466.898  2.51%  22.4  690s
 400567 368322 -23992.325  272  842 -23867.726 -24466.677  2.51%  22.4  695s
 404394 371353 -24435.199   32 2069 -23867.726 -24466.677  2.51%  22.4  700s
 405545 372643 -24328.074   78 1697 -23867.726 -24466.677  2.51%  22.4  705s
 408548 375331 -24378.066   61 1861 -23867.726 -24466.677  2.51%  22.4  710s
 410951 377729 -24293.460   81 1707 -23867.726 -24466.341  2.51%  22.4  715s
 413201 379674 -24387.771   42 1982 -23867.726 -24466.341  2.51%  22.3  720s
 416012 382021 -24119.152   68 1842 -23867.726 -24466.144  2.51%  22.3  725s
 419166 385274 -24271.265  109 1502 -23867.726 -24466.144  2.51%  22.3  730s
 421829 387417 -24025.233  122 1520 -23867.726 -24465.886  2.51%  22.3  736s
 424713 389882 -24374.906   59 1862 -23867.726 -24465.717  2.51%  22.3  740s
 426893 392115 -24408.869   57 1926 -23867.726 -24465.672  2.51%  22.3  745s
 428650 393965 -24137.184  181 1163 -23867.726 -24465.672  2.51%  22.3  750s
 429578 394600 -24134.744  181 1122 -23867.726 -24465.672  2.51%  22.3  756s
 430178 396357 -24133.577  178 1173 -23867.726 -24465.672  2.51%  22.3  763s
 431649 396942 -24183.300  152 1314 -23867.726 -24465.672  2.51%  22.3  766s
 432675 397913 -24304.784  111 1543 -23867.726 -24465.672  2.51%  22.2  772s
 433705 398703 -23963.183  186 1080 -23867.726 -24465.672  2.51%  22.2  775s
 435938 400943 -24014.437  194 1145 -23867.726 -24465.368  2.50%  22.2  780s
 437445 402169 -24457.835   35 2059 -23867.726 -24465.294  2.50%  22.2  785s
 439710 404276 -24459.640   37 2101 -23867.726 -24465.240  2.50%  22.2  791s
 440666 404669 -24434.908   40 2047 -23867.726 -24465.240  2.50%  22.2  796s
 441133 405372 -24307.943   78 1748 -23867.726 -24465.184  2.50%  22.2  800s
 442605 406512 -24388.745   50 1898 -23867.726 -24465.179  2.50%  22.2  807s
 442765 407136 -24263.086  114 1448 -23867.726 -24465.179  2.50%  22.2  810s
 444651 408501 -24356.307   52 1971 -23867.726 -24465.094  2.50%  22.2  816s
 445653 409434 -24428.983   37 2052 -23867.726 -24465.094  2.50%  22.2  821s
 446531 410273 -24048.045  101 1581 -23867.726 -24465.094  2.50%  22.2  826s
 447520 410831 -23993.948  170 1314 -23867.726 -24465.094  2.50%  22.2  831s
 447833 411686 -24183.371  117 1466 -23867.726 -24465.094  2.50%  22.2  837s
 448489 412310 -24372.373   64 1806 -23867.726 -24464.932  2.50%  22.2  840s
 450785 413860 -24419.576   33 2090 -23867.726 -24464.932  2.50%  22.2  846s
 453547 416613 -24412.826   50 1912 -23867.726 -24464.835  2.50%  22.1  850s
 456069 419197 -24406.165   48 1955 -23867.726 -24464.835  2.50%  22.1  855s
 458324 421046 -24337.690   67 1842 -23867.726 -24464.692  2.50%  22.1  860s
 461842 424029 -24023.333  211  999 -23867.726 -24464.692  2.50%  22.1  865s
 463659 425917 -23986.054  175 1271 -23867.726 -24464.692  2.50%  22.1  870s
 465699 427548 -24430.045   33 2069 -23867.726 -24464.692  2.50%  22.1  875s
 468423 430801 -24256.645  123 1422 -23867.726 -24464.451  2.50%  22.1  880s
 472212 433990 -23881.493  374  327 -23867.726 -24464.449  2.50%  22.1  885s
 476225 437221 -24388.073   50 1953 -23867.726 -24464.269  2.50%  22.1  892s
 476520 437493 -24272.905   92 1610 -23867.726 -24464.269  2.50%  22.1  896s
 479400 440757 -23987.044  246  937 -23867.726 -24464.232  2.50%  22.1  900s
 481355 442152 -23873.959  295  646 -23867.726 -24464.232  2.50%  22.1  905s
 482931 443706 -24016.587  234 1028 -23867.726 -24464.115  2.50%  22.1  911s
 484886 445492 -24123.924  123 1494 -23867.726 -24464.115  2.50%  22.1  915s
 486477 446814 -24198.823  137 1496 -23867.726 -24463.961  2.50%  22.1  920s
 490397 450134 -24438.762   39 2024 -23867.726 -24463.901  2.50%  22.1  928s
 490401 453824 -24437.781   40 2024 -23867.726 -24463.834  2.50%  22.1  936s
 494401 454298 -24198.054  134 1385 -23867.726 -24463.772  2.50%  22.1  941s
 495848 455616 -24384.098   53 1900 -23867.726 -24463.752  2.50%  22.1  945s
 499751 459323 -24127.336  163 1159 -23867.726 -24463.672  2.50%  22.1  950s
 500916 460373 -24439.146   29 2012 -23867.726 -24463.669  2.50%  22.1  955s
 503904 462974 -23969.762  312  427 -23867.726 -24463.517  2.50%  22.1  961s
 505369 464457 -24304.179  105 1555 -23867.726 -24463.422  2.50%  22.1  965s
 508225 467367 -24209.406  157 1318 -23867.726 -24463.365  2.50%  22.1  972s
 509922 468476 -24404.611   41 1991 -23867.726 -24463.365  2.50%  22.1  975s
 513097 471382 -23889.090  319  589 -23867.726 -24463.307  2.50%  22.1  980s
 515918 474224 -24117.677  206 1083 -23867.726 -24463.307  2.50%  22.0  988s
 517078 475220 -24457.030   41 2014 -23867.726 -24463.199  2.49%  22.0  990s
 520236 478085 -24428.306   39 2010 -23867.726 -24463.118  2.49%  22.0  995s
 523474 481244 -24370.536   47 1971 -23867.726 -24463.024  2.49%  22.0 1000s
 525252 482918 -24235.193  114 1508 -23867.726 -24462.987  2.49%  22.0 1005s
 528103 485842 -24253.898  125 1329 -23867.726 -24462.923  2.49%  22.0 1010s
 529415 486706 -24238.100  128 1401 -23867.726 -24462.842  2.49%  22.0 1016s
 532418 489573 -23929.617  302  654 -23867.726 -24462.799  2.49%  22.0 1020s
 536039 492484 -24054.177  191 1178 -23867.726 -24462.785  2.49%  22.0 1025s
 538493 495003     cutoff  305      -23867.726 -24462.672  2.49%  22.0 1030s
 539153 495338 -24299.205   71 1767 -23867.726 -24462.669  2.49%  22.0 1036s
 541519 497972 -24413.986   44 1986 -23867.726 -24462.614  2.49%  22.0 1040s
 544826 500962 -24241.044  121 1493 -23867.726 -24462.504  2.49%  22.0 1047s
 546551 502329 -24371.501   60 1886 -23867.726 -24462.504  2.49%  22.0 1050s
 547223 503065 -24424.400   36 2010 -23867.726 -24462.504  2.49%  22.0 1055s
 550076 505289 -24426.984   38 2065 -23867.726 -24462.448  2.49%  21.9 1060s
 551012 506395 -24438.586   41 2053 -23867.726 -24462.448  2.49%  22.0 1065s
 554148 509338 -24210.146   56 1937 -23867.726 -24462.292  2.49%  22.0 1070s
 556506 511517 -24124.886  127 1510 -23867.726 -24462.212  2.49%  22.0 1077s
 557421 512314 -24016.164  163 1278 -23867.726 -24462.212  2.49%  22.0 1080s
 557975 512774 -24406.052   39 2049 -23867.726 -24462.189  2.49%  22.0 1085s
 561579 516651 -24350.399   50 1974 -23867.726 -24462.189  2.49%  22.0 1090s
 563027 517720 -24316.669   82 1708 -23867.726 -24462.189  2.49%  22.0 1095s
 564755 518985 -23958.984   96 1604 -23867.726 -24462.189  2.49%  22.0 1102s
 565743 520529 -24348.012   65 1701 -23867.726 -24462.044  2.49%  22.1 1106s
 567279 521165 -23897.994  285  679 -23867.726 -24462.034  2.49%  22.0 1110s
H567860 521611                    -23867.72590 -24462.034  2.49%  22.0 1112s
 567880 521966 -24224.081   94 1654 -23867.726 -24462.034  2.49%  22.0 1116s
 568469 522635 -24391.817   59 1791 -23867.726 -24462.034  2.49%  22.0 1120s
 569675 523569 -24444.447   32 2051 -23867.726 -24461.963  2.49%  22.1 1128s
 570041 523657 -24314.906   85 1716 -23867.726 -24461.963  2.49%  22.1 1131s
 570734 524578 -24420.123   40 1994 -23867.726 -24461.963  2.49%  22.1 1137s
 572079 526055 -23956.573  305  548 -23867.726 -24461.963  2.49%  22.1 1140s
 574031 527767 -24350.484   58 1857 -23867.726 -24461.883  2.49%  22.1 1145s
 576464 529992 -23901.903  317  709 -23867.726 -24461.883  2.49%  22.1 1150s
 578370 531626 -24345.347   66 1806 -23867.726 -24461.731  2.49%  22.1 1155s
 582358 535446 -24227.190  109 1567 -23867.726 -24461.730  2.49%  22.1 1160s
 584988 537893 -24133.629  163 1307 -23867.726 -24461.563  2.49%  22.1 1165s
 587919 540257 -24430.612   37 2022 -23867.726 -24461.432  2.49%  22.1 1172s
 588458 541483 -24261.547  113 1478 -23867.726 -24461.432  2.49%  22.1 1175s
 590019 542275 -23945.605  298  547 -23867.726 -24461.432  2.49%  22.1 1183s
 590866 542954 -24261.391   85 1691 -23867.726 -24461.399  2.49%  22.1 1187s
 593039 545357 -24413.990   46 2035 -23867.726 -24461.358  2.49%  22.1 1190s
 594955 547108 -24426.607   35 2020 -23867.726 -24461.354  2.49%  22.0 1195s
 596573 548228 -24313.329   72 1823 -23867.726 -24461.354  2.49%  22.0 1200s
 598785 550466 -24215.991  102 1577 -23867.726 -24461.281  2.49%  22.0 1205s
 601795 553251 -24402.742   45 1999 -23867.726 -24461.216  2.49%  22.0 1210s
 604595 555434 -24183.494   99 1599 -23867.726 -24461.169  2.49%  22.0 1215s
 604930 555931 -23872.584  220 1100 -23867.726 -24461.169  2.49%  22.0 1220s
 605813 557051 -24433.780   38 2058 -23867.726 -24461.169  2.49%  22.1 1225s
 607115 558133 -24288.889   95 1587 -23867.726 -24461.169  2.49%  22.0 1230s
 609755 560698 -24159.787  174 1124 -23867.726 -24461.077  2.49%  22.0 1238s
 610986 561816 -23896.084  332  453 -23867.726 -24461.077  2.49%  22.0 1243s
 612038 562791 -24132.153  123 1464 -23867.726 -24461.051  2.49%  22.0 1248s
 613189 563486 -24100.134  128 1520 -23867.726 -24461.051  2.49%  22.0 1253s
 614385 564998 -23982.724  289  625 -23867.726 -24461.002  2.49%  22.0 1255s
 618182 568091 -24437.239   34 2066 -23867.726 -24460.918  2.49%  22.0 1260s
 619180 569061 -24213.537   54 1841 -23867.726 -24460.878  2.49%  22.0 1265s
 620524 570405 -23886.636  213 1038 -23867.726 -24460.878  2.49%  22.0 1272s
 621906 571522 -24425.284   35 2047 -23867.726 -24460.774  2.48%  22.0 1275s
 625067 574554 -24299.983   86 1700 -23867.726 -24460.733  2.48%  22.0 1280s
 625981 575355 -24416.461   49 1941 -23867.726 -24460.733  2.48%  22.0 1285s
 626315 575369 -24407.852   52 1904 -23867.726 -24460.733  2.48%  22.0 1290s
 630191 579213 -24287.231   63 1739 -23867.726 -24460.583  2.48%  22.0 1299s
 630558 579550 -23918.812  172 1202 -23867.726 -24460.583  2.48%  22.0 1303s
 630951 579915 -24302.414   66 1829 -23867.726 -24460.583  2.48%  22.0 1307s
 632356 581659 -24419.804   44 2022 -23867.726 -24460.583  2.48%  22.0 1310s
 635893 584522 -24032.380  243  845 -23867.726 -24460.583  2.48%  22.0 1316s
 637383 585950 -24210.706  133 1283 -23867.726 -24460.450  2.48%  22.0 1320s
 637833 586458 -24036.404  237  908 -23867.726 -24460.450  2.48%  22.0 1325s
 639149 587417 -24158.425  111 1528 -23867.726 -24460.407  2.48%  22.0 1330s
 639608 587593 -24361.441   69 1851 -23867.726 -24460.371  2.48%  22.0 1335s
 641274 589453 -24272.640  109 1440 -23867.726 -24460.354  2.48%  22.0 1343s
 642346 590627 -23988.637  265  775 -23867.726 -24460.320  2.48%  22.0 1346s
 643395 591572 -24306.165   69 1826 -23867.726 -24460.320  2.48%  22.0 1350s
 646622 594098 -24433.912   41 2058 -23867.726 -24460.320  2.48%  22.0 1355s
 649200 596971 -23931.896  215  988 -23867.726 -24460.231  2.48%  22.0 1360s
 651944 599404 -24438.345   38 2074 -23867.726 -24460.198  2.48%  22.0 1369s
 652370 600076 -24297.508   60 1899 -23867.726 -24460.169  2.48%  22.0 1370s
 655007 601767 -24432.101   29 2065 -23867.726 -24460.125  2.48%  21.9 1377s
 655011 601771 -24431.526   30 2060 -23867.726 -24460.125  2.48%  21.9 1382s
 655036 601845 -24413.375   33 2042 -23867.726 -24460.125  2.48%  21.9 1387s
 655089 601923 -24412.197   34 2038 -23867.726 -24460.125  2.48%  21.9 1390s
 655348 602211 -24413.576   38 2006 -23867.726 -24460.125  2.48%  21.9 1395s
 655455 602664 -24218.363   94 1587 -23867.726 -24460.107  2.48%  22.0 1401s
 655971 602819 -24429.729   33 2052 -23867.726 -24460.094  2.48%  21.9 1405s
 657030 603932 -24085.555  210  998 -23867.726 -24460.094  2.48%  21.9 1410s
 659875 606621 -24450.009   47 2024 -23867.726 -24460.018  2.48%  22.0 1415s
 661123 607901 -24025.863  254  723 -23867.726 -24460.010  2.48%  22.0 1422s
 663439 609970 -24225.623   84 1727 -23867.726 -24459.953  2.48%  22.0 1430s
 666019 611978 -24426.589   36 2101 -23867.726 -24459.891  2.48%  21.9 1435s
 668712 614956 -24410.726   51 1986 -23867.726 -24459.891  2.48%  22.0 1440s
 671251 616715 -24228.300   51 1925 -23867.726 -24459.775  2.48%  21.9 1446s
 672197 617774 -24006.200   95 1639 -23867.726 -24459.775  2.48%  22.0 1450s
 674969 620273 -24315.134   92 1641 -23867.726 -24459.775  2.48%  22.0 1459s
 675216 620906 -24308.869   97 1650 -23867.726 -24459.775  2.48%  21.9 1460s
 676851 621982 -24170.570  113 1599 -23867.726 -24459.775  2.48%  21.9 1466s
 678206 623627 -24207.770   52 1907 -23867.726 -24459.650  2.48%  21.9 1470s
 679203 624345 -24363.112   61 1826 -23867.726 -24459.650  2.48%  21.9 1475s
 681363 626512 -24340.005   92 1614 -23867.726 -24459.641  2.48%  21.9 1480s
 683695 628575 -23918.794  323  573 -23867.726 -24459.619  2.48%  21.9 1485s
 686710 631378 -23893.558  281  894 -23867.726 -24459.610  2.48%  21.9 1490s
 689503 633686 -24172.985  168 1290 -23867.726 -24459.490  2.48%  21.9 1497s
 690650 634972 -23942.798  308  565 -23867.726 -24459.490  2.48%  21.9 1500s
 692938 636585 -24424.158   38 2031 -23867.726 -24459.423  2.48%  21.9 1509s
 693148 637199 -24312.550   75 1664 -23867.726 -24459.423  2.48%  21.9 1510s
 696367 639793 -24046.330  144 1307 -23867.726 -24459.292  2.48%  21.9 1515s
 699147 642782 -24007.252  266  801 -23867.726 -24459.292  2.48%  21.9 1520s
 701901 644847 -24362.689   79 1728 -23867.726 -24459.201  2.48%  21.9 1527s
 702525 645853 -24092.699  240  829 -23867.726 -24459.201  2.48%  21.9 1530s
 704807 647468 -24310.566   72 1710 -23867.726 -24459.201  2.48%  21.9 1535s
 707902 650168 -23905.531  302  666 -23867.726 -24459.109  2.48%  21.9 1540s
 710390 652729 -24288.555  120 1391 -23867.726 -24459.041  2.48%  21.9 1545s
 713587 655951 -24426.760   40 2045 -23867.726 -24459.041  2.48%  21.9 1550s
 716687 658577 -23882.196  372  322 -23867.726 -24459.041  2.48%  21.9 1555s
 719824 661390 -24372.786   36 1989 -23867.726 -24458.974  2.48%  21.8 1560s
 720622 662656 -24066.480  126 1455 -23867.726 -24458.905  2.48%  21.8 1565s
 723125 664546 -24421.935   38 2022 -23867.726 -24458.905  2.48%  21.8 1574s
 723516 665016 -24420.953   39 2020 -23867.726 -24458.905  2.48%  21.8 1575s
 725868 667168 -24377.535   56 1922 -23867.726 -24458.800  2.48%  21.8 1580s
 728874 669696 -24403.125   42 2045 -23867.726 -24458.716  2.48%  21.8 1585s
 731371 672271 -24161.248  170 1285 -23867.726 -24458.699  2.48%  21.8 1590s
 732421 672958 -24418.715   34 2006 -23867.726 -24458.679  2.48%  21.8 1596s
 733809 674116 -24293.880   58 1886 -23867.726 -24458.631  2.48%  21.8 1603s
 733948 674281 -24277.786   59 1877 -23867.726 -24458.631  2.48%  21.8 1605s
 735666 676343 -24289.275   77 1624 -23867.726 -24458.618  2.48%  21.9 1611s
 738309 678600 -24081.368  202 1094 -23867.726 -24458.581  2.48%  21.9 1615s
 741026 681048 -23944.191  303  562 -23867.726 -24458.559  2.48%  21.9 1620s
 744356 684283 -23888.454  327  518 -23867.726 -24458.535  2.48%  21.8 1625s
 746733 686100 -24420.671   35 2050 -23867.726 -24458.535  2.48%  21.8 1630s
 747683 686938 -24418.939   39 2060 -23867.726 -24458.535  2.48%  21.8 1635s
 748904 688412 -24063.519  211 1109 -23867.726 -24458.535  2.48%  21.8 1640s
 751107 690129 -24264.187  113 1465 -23867.726 -24458.408  2.47%  21.8 1645s
 753602 692847 -24090.007   73 1755 -23867.726 -24458.391  2.47%  21.9 1650s
 755974 694717 -23882.388  205 1110 -23867.726 -24458.348  2.47%  21.9 1655s
 757024 695523 -24416.598   32 2043 -23867.726 -24458.332  2.47%  21.8 1660s
 757770 696548 -24309.599   77 1735 -23867.726 -24458.332  2.47%  21.8 1665s
 760865 699254 -24271.749   97 1673 -23867.726 -24458.289  2.47%  21.8 1670s
 763292 701181 -24233.999   52 1874 -23867.726 -24458.209  2.47%  21.8 1675s
 766470 704389 -24449.026   44 2050 -23867.726 -24458.168  2.47%  21.8 1682s
 768228 705977 -24310.860   64 1867 -23867.726 -24458.160  2.47%  21.8 1685s
 769830 707477 -24416.793   40 2037 -23867.726 -24458.134  2.47%  21.8 1691s
 770442 708183 -24272.039   76 1796 -23867.726 -24458.134  2.47%  21.8 1695s
 773839 711081 -24440.233   53 1921 -23867.726 -24458.079  2.47%  21.8 1700s
 774728 711905 -24318.513  101 1558 -23867.726 -24458.064  2.47%  21.8 1707s
 775794 713136 -23910.043  308  525 -23867.726 -24458.064  2.47%  21.8 1714s
 776781 713764 -23880.481  212 1109 -23867.726 -24458.064  2.47%  21.8 1716s
 777818 715071 -24279.196   68 1871 -23867.726 -24457.981  2.47%  21.8 1720s
 781462 718109 -24294.343   97 1662 -23867.726 -24457.981  2.47%  21.8 1725s
 784755 721275 -24408.502   47 1937 -23867.726 -24457.878  2.47%  21.8 1730s
 785356 721279 -23977.460  248  862 -23867.726 -24457.878  2.47%  21.8 1735s
 786343 722537 -23877.359  102 1627 -23867.726 -24457.878  2.47%  21.8 1740s
 787777 723772 -24260.774   87 1694 -23867.726 -24457.780  2.47%  21.8 1745s
 790944 726894 -24435.075   41 2025 -23867.726 -24457.748  2.47%  21.8 1750s
 791821 727464 -24157.255  135 1426 -23867.726 -24457.748  2.47%  21.8 1756s
 793690 728838 -24385.032   47 1959 -23867.726 -24457.748  2.47%  21.8 1760s
 794670 729987 -24358.942   56 1882 -23867.726 -24457.679  2.47%  21.8 1767s
 795973 731029 -24264.337   67 1780 -23867.726 -24457.679  2.47%  21.8 1773s
 796161 731156 -24075.718  118 1530 -23867.726 -24457.679  2.47%  21.8 1775s
 797835 732791 -24295.105   70 1758 -23867.726 -24457.630  2.47%  21.8 1781s
 800107 735459 -24054.757  228  906 -23867.726 -24457.596  2.47%  21.8 1785s
 800839 735925 -23944.369  281  721 -23867.726 -24457.596  2.47%  21.8 1791s
 801775 736533 -24143.296  101 1590 -23867.726 -24457.577  2.47%  21.8 1798s
 802414 737445 -24265.191   72 1783 -23867.726 -24457.558  2.47%  21.8 1800s

Cutting planes:
  Learned: 8
  Gomory: 16
  Cover: 213
  Projected implied bound: 100
  Clique: 1271
  MIR: 1747
  Mixing: 1
  StrongCG: 442
  Flow cover: 486
  GUB cover: 1
  Inf proof: 34
  Zero half: 328
  Relax-and-lift: 489
  BQP: 26

Explored 803088 nodes (17531715 simplex iterations) in 1800.10 seconds (2079.54 work units)
Thread count was 4 (of 24 available processors)

Solution count 10: -23867.7 -23867.7 -23867.7 ... -23839.7

Time limit reached
Best objective -2.386772589903e+04, best bound -2.445755759124e+04, gap 2.4713%

User-callback calls 1943595, time in user-callback 2.81 sec
