
Gurobi 13.0.1 (win64) logging started Wed Oct  7 07:26:01 2026

Set parameter LogFile to value "results/source_summaries/2d/B0960/gurobi_extensive.log"
Gurobi Optimizer version 13.0.1 build v13.0.1rc0 (win64 - Windows 11+.0 (26200.2))

CPU model: Intel(R) Core(TM) i7-14700, instruction set [SSE2|AVX|AVX2]
Thread count: 20 physical cores, 28 logical processors, using up to 4 threads

Non-default parameters:
TimeLimit  3000
IntFeasTol  1e-06
MIPGap  0.0005
Heuristics  0.2
Cuts  2
Presolve  2
Seed  1
Threads  4

Optimize a model with 30727 rows, 51846 columns and 111376 nonzeros (Min)
Model fingerprint: 0xef6c7d50
Model has 21124 linear objective coefficients
Variable types: 30722 continuous, 21124 integer (21122 binary)
Coefficient statistics:
  Matrix range     [1e-01, 3e+01]
  Objective range  [2e+00, 5e+01]
  Bounds range     [1e-01, 2e+01]
  RHS range        [1e+00, 8e+01]

Found heuristic solution: objective 0.0000000
Presolve removed 0 rows and 28800 columns
Presolve time: 2.79s
Presolved: 30727 rows, 23046 columns, 82579 nonzeros
Variable types: 1922 continuous, 21124 integer (21122 binary)
Root relaxation presolved: 30727 rows, 23046 columns, 82579 nonzeros


Root relaxation: objective -2.555166e+05, 8807 iterations, 0.48 seconds (0.65 work units)

    Nodes    |    Current Node    |     Objective Bounds      |     Work
 Expl Unexpl |  Obj  Depth IntInf | Incumbent    BestBd   Gap | It/Node Time

     0     0 -255516.57    0 2176    0.00000 -255516.57      -     -    3s
H    0     0                    -231057.2409 -255516.57  10.6%     -    3s
H    0     0                    -233002.8430 -255516.57  9.66%     -    3s
H    0     0                    -233258.0029 -255516.57  9.54%     -    3s
H    0     0                    -233299.5462 -255516.57  9.52%     -    3s
H    0     0                    -233354.6828 -255516.57  9.50%     -    4s
H    0     0                    -233379.0203 -251940.52  7.95%     -    4s
H    0     0                    -233439.1523 -251940.52  7.93%     -    4s
H    0     0                    -233489.1134 -251940.52  7.90%     -    4s
     0     0 -251635.41    0 3020 -233489.11 -251635.41  7.77%     -    4s
H    0     0                    -233497.8624 -251045.83  7.52%     -    5s
     0     0 -251045.83    0 3884 -233497.86 -251045.83  7.52%     -    5s
H    0     0                    -233528.0796 -250709.53  7.36%     -    6s
H    0     0                    -233534.6310 -250709.53  7.35%     -    6s
H    0     0                    -233550.4061 -250709.53  7.35%     -    6s
H    0     0                    -233566.7919 -250709.53  7.34%     -    6s
     0     0 -250709.53    0 4316 -233566.79 -250709.53  7.34%     -    6s
     0     0 -250690.89    0 4244 -233566.79 -250690.89  7.33%     -    6s
H    0     0                    -233618.4556 -250553.30  7.25%     -    6s
H    0     0                    -233620.6039 -250553.30  7.25%     -    6s
H    0     0                    -233633.2093 -250553.30  7.24%     -    6s
H    0     0                    -233637.2229 -250553.30  7.24%     -    6s
     0     0 -250553.30    0 4765 -233637.22 -250553.30  7.24%     -    6s
     0     0 -250553.27    0 4758 -233637.22 -250553.27  7.24%     -    6s
     0     0 -250553.01    0 4765 -233637.22 -250553.01  7.24%     -    6s
H    0     0                    -233716.4232 -250553.01  7.20%     -    7s
H    0     0                    -233762.3838 -250553.01  7.18%     -    7s
H    0     0                    -233790.8077 -250553.01  7.17%     -    7s
H    0     0                    -233797.8531 -250553.01  7.17%     -    7s
H    0     0                    -233809.8855 -250553.01  7.16%     -    7s
H    0     0                    -233858.0742 -249939.10  6.88%     -    8s
H    0     0                    -233908.9074 -249939.10  6.85%     -    8s
H    0     0                    -233935.5180 -249939.10  6.84%     -    8s
     0     0 -249939.10    0 4257 -233935.52 -249939.10  6.84%     -    8s
H    0     0                    -233936.4713 -249938.99  6.84%     -    9s
H    0     0                    -233975.7980 -249489.47  6.63%     -    9s
     0     0 -249489.47    0 4858 -233975.80 -249489.47  6.63%     -    9s
H    0     0                    -233996.8192 -249015.55  6.42%     -   10s
     0     0 -249015.55    0 4745 -233996.82 -249015.55  6.42%     -   10s
     0     0 -248775.92    0 4972 -233996.82 -248775.92  6.32%     -   11s
H    0     0                    -234012.6022 -248658.37  6.26%     -   11s
     0     0 -248658.37    0 5111 -234012.60 -248658.37  6.26%     -   11s
     0     0 -248645.49    0 5164 -234012.60 -248645.49  6.25%     -   11s
     0     0 -248645.22    0 5167 -234012.60 -248645.22  6.25%     -   11s
H    0     0                    -234040.3020 -248645.22  6.24%     -   13s
H    0     0                    -234042.4271 -248645.22  6.24%     -   13s
H    0     0                    -234055.0141 -248338.10  6.10%     -   14s
     0     0 -248338.10    0 5308 -234055.01 -248338.10  6.10%     -   14s
     0     0 -248337.99    0 5300 -234055.01 -248337.99  6.10%     -   14s
     0     0 -248176.91    0 5319 -234055.01 -248176.91  6.03%     -   15s
     0     0 -248057.55    0 5446 -234055.01 -248057.55  5.98%     -   15s
     0     0 -248015.57    0 5494 -234055.01 -248015.57  5.96%     -   15s
     0     0 -247794.98    0 5584 -234055.01 -247794.98  5.87%     -   17s
     0     0 -247756.23    0 5777 -234055.01 -247756.23  5.85%     -   17s
     0     0 -247754.80    0 5820 -234055.01 -247754.80  5.85%     -   17s
H    0     0                    -234067.2754 -247754.80  5.85%     -   18s
     0     0 -247688.12    0 5845 -234067.28 -247688.12  5.82%     -   19s
H    0     0                    -234068.2927 -247687.88  5.82%     -   19s
     0     0 -247445.06    0 5725 -234068.29 -247445.06  5.71%     -   20s
     0     0 -247389.58    0 5741 -234068.29 -247389.58  5.69%     -   21s
     0     0 -247284.56    0 5867 -234068.29 -247284.56  5.65%     -   21s
     0     0 -247245.33    0 5964 -234068.29 -247245.33  5.63%     -   22s
     0     0 -247245.32    0 5978 -234068.29 -247245.32  5.63%     -   22s
H    0     0                    -234074.5341 -247234.04  5.62%     -   22s
     0     0 -247234.04    0 6026 -234074.53 -247234.04  5.62%     -   22s
     0     0 -247232.41    0 6033 -234074.53 -247232.41  5.62%     -   22s
     0     0 -247078.38    0 5946 -234074.53 -247078.38  5.56%     -   25s
     0     0 -247063.00    0 6007 -234074.53 -247063.00  5.55%     -   25s
     0     0 -247061.21    0 6030 -234074.53 -247061.21  5.55%     -   25s
H    0     0                    -234077.5186 -247061.21  5.55%     -   29s
H    0     0                    -234083.7449 -247061.21  5.54%     -   30s
H    0     0                    -234087.5606 -247061.21  5.54%     -   30s
     0     0 -246820.57    0 6119 -234087.56 -246820.57  5.44%     -   33s
     0     0 -246807.11    0 6277 -234087.56 -246807.11  5.43%     -   33s
     0     0 -246806.44    0 6286 -234087.56 -246806.44  5.43%     -   33s
H    0     0                    -234089.6123 -246806.44  5.43%     -   40s
     0     0 -246715.30    0 6282 -234089.61 -246715.30  5.39%     -   41s
     0     0 -246715.25    0 6282 -234089.61 -246715.25  5.39%     -   41s
     0     0 -246715.25    0 6282 -234089.61 -246715.25  5.39%     -   41s
     0     2 -246711.53    0 6282 -234089.61 -246711.53  5.39%     -   45s
   172   181 -244432.64   41 5627 -234089.61 -244941.11  4.64%   113   50s
   551   575 -244414.98  144 5578 -234089.61 -244941.11  4.64%  38.9   55s
   711   758 -244403.83  193 5510 -234089.61 -244941.11  4.64%  31.2   60s
  1507  1597 -244295.69  359 5269 -234089.61 -244941.11  4.64%  17.7   65s
  2450  2542 -244093.65  532 5096 -234089.61 -244941.11  4.64%  13.1   71s
  2805  2941 -243952.25  597 5049 -234089.61 -244941.11  4.64%  12.4   75s
  4749  5079 -243308.53  882 4772 -234089.61 -244941.11  4.64%   9.4   80s
  5464  5435 -238390.90  303 6282 -234089.61 -244941.11  4.64%   8.8   91s
  5474  5442 -238953.82  295 5195 -234089.61 -244941.11  4.64%   8.8   95s
  5479  5445 -237890.08  705 6176 -234089.61 -244941.11  4.64%   8.8  100s
  5482  5447 -237023.79 1058 6288 -234089.61 -244941.11  4.64%   8.8  105s
  5487  5450 -244077.98  536 6054 -234089.61 -244941.11  4.64%   8.8  112s
  5488  5451 -237579.94  815 6019 -234089.61 -244941.11  4.64%   8.8  115s
  5491  5453 -238451.03  492 6918 -234089.61 -244941.11  4.64%   8.8  120s
  5493  5454 -243383.65  849 7062 -234089.61 -244941.11  4.64%   8.8  126s
  5495  5456 -238211.80 1037 7011 -234089.61 -244941.11  4.64%   8.8  131s
  5496  5456 -238864.97  284 6999 -234089.61 -244941.11  4.64%   8.8  135s
  5498  5458 -236757.44 1143 6483 -234089.61 -244941.11  4.64%   8.8  140s
  5502  5460 -238159.92 1091 6767 -234089.61 -244941.11  4.64%   8.8  145s
  5503  5461 -239041.44   37 6805 -234089.61 -244941.11  4.64%   8.8  151s
  5504  5462 -244172.35  486 6746 -234089.61 -244941.11  4.64%   8.8  156s
  5505  5462 -238026.97  575 6877 -234089.61 -244941.11  4.64%   8.8  165s
  5507  5464 -237242.94  964 6825 -234089.61 -244941.11  4.64%   8.8  172s
  5509  5465 -238191.71  468 6994 -234089.61 -244941.11  4.64%   8.8  175s
  5511  5466 -244405.62  117 7020 -234089.61 -244941.11  4.64%   8.8  181s
  5512  5467 -238346.28  864 7707 -234089.61 -244941.11  4.64%   8.8  187s
  5513  5468 -238868.15  274 7785 -234089.61 -244941.11  4.64%   8.8  194s
  5514  5468 -238013.06  660 7807 -234089.61 -244941.11  4.64%   8.8  199s
  5515  5469 -239012.25  261 7799 -234089.61 -244941.11  4.64%   8.8  203s
  5516  5470 -244236.64  409 7808 -234089.61 -244941.11  4.64%   8.8  211s
  5518  5471 -238074.55  633 7797 -234089.61 -244941.11  4.64%   8.8  219s
  5519  5475 -244941.11   11 7509 -234089.61 -244941.11  4.64%  22.9  222s
  5521  5478 -243261.28   12 6404 -234089.61 -244941.11  4.64%  24.8  225s
  5755  5634 -243214.08   34 6496 -234089.61 -244148.16  4.30%  28.2  230s
  5983  5794 -243161.40   48 6503 -234089.61 -244148.16  4.30%  27.8  235s
  6216  5954 -243127.64   69 6435 -234089.61 -244148.16  4.30%  27.5  240s
  6446  6145 -243078.52   98 6406 -234089.61 -244148.16  4.30%  27.1  245s
  6752  6328 -242989.90  127 6370 -234089.61 -244148.16  4.30%  26.6  250s
  6968  6488 -242946.71  140 6371 -234089.61 -244148.16  4.30%  26.2  255s
  7333  6778 -242837.42  179 6323 -234089.61 -244148.16  4.30%  25.7  260s
  7592  6960 -242794.97  210 6306 -234089.61 -244148.16  4.30%  25.6  265s
  7831  7037 -242756.38  234 6263 -234089.61 -244148.16  4.30%  25.6  270s
  8044  7381 -242713.27  243 6238 -234089.61 -244148.16  4.30%  25.4  275s
  8838  7956 -242625.24  294 6147 -234089.61 -244148.16  4.30%  24.6  281s
  9574  8308 -242535.42  347 6110 -234089.61 -244148.16  4.30%  24.0  286s
  9963  8567 infeasible  401      -234089.61 -243918.28  4.20%  23.7  290s
 10760  9359 -243833.86   49 7212 -234089.61 -243895.50  4.19%  23.7  296s
 11777  9861 -243632.58  138 7063 -234089.61 -243895.50  4.19%  23.1  300s
 12688 10202 -243326.24  235 6900 -234089.61 -243895.50  4.19%  22.2  306s
 12700 10203 -243320.61  235 6898 -234089.61 -243895.50  4.19%  22.2  314s
 12705 10257 -243313.20  236 6897 -234089.61 -243895.50  4.19%  22.2  324s
 12789 10375 -243250.07  249 6931 -234089.61 -243895.50  4.19%  22.2  334s
 12935 10493 -243154.79  277 6902 -234089.61 -243895.50  4.19%  22.6  343s
 13101 10722 -243115.02  293 6886 -234089.61 -243895.50  4.19%  22.4  360s
 13392 10977 -242961.57  336 6807 -234089.61 -243895.50  4.19%  22.2  372s
 13744 11269 -242761.58  386 6715 -234089.61 -243895.50  4.19%  21.9  381s
 14163 11556 -242544.68  448 6584 -234089.61 -243895.50  4.19%  21.6  387s
 14596 11642 -242355.54  514 6507 -234089.61 -243895.50  4.19%  21.2  391s
 14830 11694 -242250.31  533 6484 -234089.61 -243895.50  4.19%  21.0  401s
 14960 11892 -242247.32  534 6483 -234089.61 -243895.50  4.19%  20.9  414s
 15203 11975 -242248.27  534 6480 -234089.61 -243895.50  4.19%  20.6  430s
 15425 11905 -242246.08  535 6485 -234089.61 -243895.50  4.19%  20.5  447s
 15429 11907 -242241.13  535 6481 -234089.61 -243895.50  4.19%  20.5  463s
 15433 11910 -242245.43  536 6483 -234089.61 -243895.50  4.19%  20.8  480s
 15437 12106 -242243.18  536 6483 -234089.61 -243895.50  4.19%  20.8  494s
 15638 12698 -242242.71  537 6480 -234089.61 -243895.50  4.19%  20.8  510s
 16305 13184 -241753.66  644 6329 -234089.61 -243895.50  4.19%  20.6  525s
 17028 13727 -241269.79  764 6153 -234089.61 -243895.50  4.19%  20.2  530s
 17824 14201 -240804.30  881 5987 -234089.61 -243895.50  4.19%  19.8  535s
 18577 14846 -240374.05  976 5827 -234089.61 -243895.50  4.19%  19.5  540s
 20269 15840 infeasible 1194      -234089.61 -243895.50  4.19%  18.9  548s
 21085 17143 -238910.53 1297 5287 -234089.61 -243895.50  4.19%  18.6  556s
 23107 17679 -237681.10 1554 4940 -234089.61 -243895.50  4.19%  17.9  560s
 23916 18396 -237273.22 1657 4827 -234089.61 -243895.50  4.19%  17.6  565s
 25123 19670 -236636.48 1811 4557 -234089.61 -243895.50  4.19%  17.2  571s
 26002 20469 -236160.87 1922 4389 -234089.61 -243895.50  4.19%  16.9  575s
 27113 21488 -235378.09 2087 4168 -234089.61 -243895.50  4.19%  16.9  581s
 28358 22694 -234594.62 2261 3954 -234089.61 -243895.50  4.19%  16.6  586s
 29178 23384 -234135.59 2358 3842 -234089.61 -243890.48  4.19%  16.4  590s
 30337 24450 -243411.15  146 7188 -234089.61 -243890.48  4.19%  16.3  596s
 31093 25210 -243229.65  202 7079 -234089.61 -243890.48  4.19%  16.2  600s
 31474 26205 -243134.43  222 7019 -234089.61 -243890.48  4.19%  16.1  605s
 32869 26829 -242773.15  295 6911 -234089.61 -243890.48  4.19%  16.0  610s
 33992 28096 -242582.38  346 6789 -234089.61 -243890.48  4.19%  16.0  617s
 34798 28906 -242389.29  378 6756 -234089.61 -243890.48  4.19%  16.0  621s
 35633 29778 -242234.21  411 6723 -234089.61 -243890.48  4.19%  16.0  626s
 36520 30675 -242090.23  442 6663 -234089.61 -243890.48  4.19%  15.9  631s
 37407 31522 -241951.17  465 6636 -234089.61 -243890.48  4.19%  15.7  635s
 38131 32275 -241834.90  496 6572 -234089.61 -243890.48  4.19%  15.7  640s
 39032 33151 -241674.49  536 6515 -234089.61 -243890.48  4.19%  15.6  645s
 40340 34650 -241452.72  576 6440 -234089.61 -243890.48  4.19%  15.5  651s
 41588 35861 -241223.09  621 6351 -234089.61 -243890.48  4.19%  15.4  656s
 42205 37174 -241087.14  641 6330 -234089.61 -243890.48  4.19%  15.4  660s
 44322 38376 -240532.84  734 6136 -234089.61 -243889.11  4.19%  15.4  665s
 45706 39752 -240284.15  778 6077 -234089.61 -243889.11  4.19%  16.1  671s
 47228 41257 -239997.11  849 6001 -234089.61 -243889.11  4.19%  16.0  676s
 48765 42597 -239714.92  906 5891 -234089.61 -243889.11  4.19%  15.9  680s
 50051 43936 -239361.33  956 5794 -234089.61 -243889.11  4.19%  15.9  685s
 51773 45607 -239054.82 1025 5731 -234089.61 -243889.11  4.19%  15.7  691s
 52654 47322 -238881.96 1063 5642 -234089.61 -243889.11  4.19%  15.7  696s
 54436 48569 -238566.43 1133 5524 -234089.61 -243889.11  4.19%  15.5  701s
 55942 49866 -238242.67 1199 5404 -234089.61 -243889.11  4.19%  15.4  705s
 57863 51741 -237791.07 1279 5305 -234089.61 -243889.11  4.19%  15.2  710s
 59535 53431 -237501.91 1333 5239 -234089.61 -243889.11  4.19%  15.1  716s
 60927 54778 -237187.42 1391 5165 -234089.61 -243889.11  4.19%  14.9  720s
 62512 56492 -236917.44 1434 5098 -234089.61 -243889.11  4.19%  14.7  725s
 64127 58078 -236675.58 1484 5026 -234089.61 -243889.11  4.19%  14.6  730s
 66114 60004 -236412.54 1548 4939 -234089.61 -243889.11  4.19%  14.4  735s
 67656 61320 -243801.34   62 7351 -234089.61 -243889.11  4.19%  14.4  740s
 68979 62750 -243309.09  174 7120 -234089.61 -243889.11  4.19%  14.3  745s
 70681 64332 -242847.77  253 6984 -234089.61 -243889.11  4.19%  14.1  750s
 72416 65901 -242438.89  341 6853 -234089.61 -243889.11  4.19%  14.0  756s
 73320 67366 -242227.10  385 6775 -234089.61 -243889.11  4.19%  14.1  761s
 75183 68476 -237484.37  186 5869 -234089.61 -243889.11  4.19%  14.0  765s
 76975 70415 -241368.29  537 6491 -234089.61 -243889.11  4.19%  13.9  771s
 78689 72042 -241038.14  609 6380 -234089.61 -243889.11  4.19%  13.8  776s
 79851 73331 -240851.83  645 6263 -234089.61 -243889.11  4.19%  13.8  780s
 81504 74865 -240654.59  687 6252 -234089.61 -243889.11  4.19%  13.7  785s
 82967 76332 -240510.85  714 6210 -234089.61 -243889.11  4.19%  13.7  790s
 84719 78023 -240269.42  759 6121 -234089.61 -243889.11  4.19%  13.6  796s
 85983 79408 -240056.03  797 6068 -234089.61 -243889.11  4.19%  13.6  800s
 87222 80579 -239901.01  836 6021 -234089.61 -243889.11  4.19%  13.5  805s
 88773 82256 -239669.47  892 5830 -234089.61 -243883.88  4.18%  13.5  810s
 90312 83529 -239426.45  935 5757 -234089.61 -243883.76  4.18%  13.5  816s
 91334 84635 -239297.66  959 5737 -234089.61 -243883.76  4.18%  13.5  820s
 92754 85876 -239087.60  992 5689 -234089.61 -243883.76  4.18%  13.4  825s
 94499 88084 -238720.05 1072 5579 -234089.61 -243883.76  4.18%  13.4  832s
 95841 89044 -238508.40 1120 5524 -234089.61 -243883.76  4.18%  13.4  836s
 96894 90021 -238354.39 1148 5475 -234089.61 -243883.76  4.18%  13.3  840s
 98878 91838 -238063.08 1206 5386 -234089.61 -243883.76  4.18%  13.3  846s
 99469 92600 -237957.03 1224 5364 -234089.61 -243883.45  4.18%  13.3  850s
 100712 93994 -237800.44 1258 5326 -234089.61 -243883.45  4.18%  13.3  855s
 102307 95393 -237577.17 1315 5239 -234089.61 -243883.34  4.18%  13.2  860s
 104053 97297 -237449.27 1335 5217 -234089.61 -243883.34  4.18%  13.2  866s
 105026 98754 -237377.89 1350 5204 -234089.61 -243883.34  4.18%  13.1  871s
 106769 99677 -237196.17 1387 5136 -234089.61 -243883.18  4.18%  13.1  875s
 108283 101182 -237019.25 1421 5101 -234089.61 -243883.18  4.18%  13.0  880s
 109305 102318 -236903.46 1443 5064 -234089.61 -243883.18  4.18%  13.0  885s
 110958 103941 -236792.63 1473 5022 -234089.61 -243883.18  4.18%  12.9  891s
 112310 105137 -236671.76 1496 4994 -234089.61 -243883.18  4.18%  12.9  895s
 114024 106698 -236427.26 1544 4919 -234089.61 -243883.15  4.18%  12.8  901s
 114899 107610 -236322.16 1576 4856 -234089.61 -243882.72  4.18%  12.9  905s
 115537 108821 -236229.23 1600 4822 -234089.61 -243882.72  4.18%  12.9  910s
 116856 109811 -236077.73 1628 4797 -234089.61 -243882.54  4.18%  12.9  915s
 118283 111124 -235865.86 1680 4717 -234089.61 -243882.50  4.18%  12.9  920s
 119608 112289 -235731.62 1709 4689 -234089.61 -243882.50  4.18%  12.8  925s
 120789 113512 -235621.94 1738 4657 -234089.61 -243881.45  4.18%  12.8  931s
 122307 115075 -235465.44 1768 4623 -234089.61 -243881.45  4.18%  12.8  936s
 124045 116804 -235335.38 1797 4583 -234089.61 -243881.45  4.18%  12.7  941s
 125121 117725 -235181.03 1355 4930 -234089.61 -243881.45  4.18%  12.7  945s
 126573 119114 -235086.87 1865 4511 -234089.61 -243881.31  4.18%  12.7  951s
 127973 120699 -234971.38 1913 4422 -234089.61 -243881.31  4.18%  12.6  956s
 129346 121953 -234839.44 1942 4383 -234089.61 -243881.31  4.18%  12.6  961s
 130826 123283 -234618.69 1986 4309 -234089.61 -243881.05  4.18%  12.5  965s
 131733 124370 -234490.47 2014 4260 -234089.61 -243881.05  4.18%  12.6  970s
 133050 125692 -234342.03 2043 4212 -234089.61 -243881.05  4.18%  12.5  975s
 134355 126932 -234184.86 2076 4183 -234089.61 -243880.39  4.18%  12.5  980s
 135303 127697 -243770.99   54 7321 -234089.61 -243880.39  4.18%  12.5  985s
 137151 129353 infeasible  610      -234089.61 -243880.00  4.18%  12.4  991s
 138154 130466 infeasible  311      -234089.61 -243879.52  4.18%  12.4  995s
 139227 131664 -241989.68  316 6815 -234089.61 -243879.52  4.18%  12.4 1000s
 140581 132989 -238919.35  774 5885 -234089.61 -243879.52  4.18%  12.4 1005s
 141952 134150 infeasible   84      -234089.61 -243879.28  4.18%  12.5 1011s
 143081 135458 -243869.80   24 7427 -234089.61 -243878.98  4.18%  12.5 1016s
 144155 136637 -242296.53  276 6801 -234089.61 -243878.98  4.18%  12.5 1021s
 145297 137565 -243835.28   38 7373 -234089.61 -243878.95  4.18%  12.4 1025s
 146453 139000 -243452.21  143 7123 -234089.61 -243878.95  4.18%  12.4 1032s
 147506 139730 -242897.06  239 6983 -234089.61 -243878.95  4.18%  12.4 1036s
 148322 140713 -242546.71  313 6857 -234089.61 -243878.95  4.18%  12.4 1040s
 149826 142171 -241764.18  469 6544 -234089.61 -243878.95  4.18%  12.4 1046s
 151141 143230 -243612.47   82 7259 -234089.61 -243878.82  4.18%  12.4 1051s
 151752 143809 -243301.10  119 7163 -234089.61 -243878.82  4.18%  12.4 1055s
 153130 145120 -242341.08  216 7025 -234089.61 -243878.57  4.18%  12.3 1061s
 153812 145962 -241934.12  251 6993 -234089.61 -243878.57  4.18%  12.4 1065s
 155586 147577 -243874.30   23 7446 -234089.61 -243878.38  4.18%  12.3 1071s
 156554 148733 -243322.25  149 7034 -234089.61 -243878.38  4.18%  12.3 1075s
 157791 149876 -242915.13  214 6923 -234089.61 -243878.13  4.18%  12.3 1081s
 159216 151028 -242725.82  235 6883 -234089.61 -243877.62  4.18%  12.3 1086s
 160299 152241 -240991.88  556 6382 -234089.61 -243877.62  4.18%  12.3 1090s
 161667 153419 -243249.82  142 7091 -234089.61 -243877.56  4.18%  12.2 1096s
 162645 154653 -241642.32  443 6495 -234089.61 -243877.56  4.18%  12.2 1100s
 163956 155314 -243060.11  175 6926 -234089.61 -243877.45  4.18%  12.2 1123s
 163960 155318 -243060.09  176 6925 -234089.61 -243877.45  4.18%  12.2 1129s
 163964 155346 -243054.72  177 6922 -234089.61 -243877.45  4.18%  12.2 1135s
 163992 155568 -242933.59  202 6868 -234089.61 -243877.45  4.18%  12.2 1141s
 164495 156038 -241864.35  389 6594 -234089.61 -243877.45  4.18%  12.2 1146s
 165307 156883 infeasible  614      -234089.61 -243877.30  4.18%  12.2 1150s
 166365 158144 -243208.95  132 7124 -234089.61 -243877.11  4.18%  12.2 1155s
 167198 158783 infeasible  175      -234089.61 -243877.05  4.18%  12.2 1161s
 168166 160021 -242329.60  308 6776 -234089.61 -243877.05  4.18%  12.2 1166s
 169291 160750 infeasible  674      -234089.61 -243877.03  4.18%  12.2 1170s
 170529 161932 -237866.09 1216 5442 -234089.61 -243877.01  4.18%  12.2 1175s
 171469 162857 -242799.20  242 6909 -234089.61 -243877.01  4.18%  12.2 1180s
 172490 164146 -242498.82  287 6805 -234089.61 -243877.01  4.18%  12.2 1185s
 173841 165405 -242122.04  359 6719 -234089.61 -243877.01  4.18%  12.1 1191s
 174666 166360 -241964.20  385 6658 -234089.61 -243877.01  4.18%  12.1 1195s
 175983 167551 -241725.94  447 6574 -234089.61 -243877.01  4.18%  12.1 1201s
 176774 168367 -241595.45  469 6535 -234089.61 -243877.01  4.18%  12.1 1205s
 177540 169076 -241423.70  496 6493 -234089.61 -243877.01  4.18%  12.1 1210s
 178712 170270 -241253.33  540 6430 -234089.61 -243877.01  4.18%  12.1 1215s
 179661 171099 -241062.47  568 6355 -234089.61 -243877.01  4.18%  12.1 1221s
 180463 171840 -240846.45  609 6299 -234089.61 -243877.01  4.18%  12.1 1225s
 181536 172993 -240601.84  642 6258 -234089.61 -243877.01  4.18%  12.1 1231s
 182256 173762 -240453.25  669 6183 -234089.61 -243877.01  4.18%  12.1 1235s
 183624 175225 -240288.70  714 6114 -234089.61 -243877.01  4.18%  12.1 1241s
 184560 176026 -240125.82  743 6060 -234089.61 -243876.33  4.18%  12.1 1245s
 185477 177117 -240006.14  764 6014 -234089.61 -243876.33  4.18%  12.1 1250s
 187031 178435 -239787.11  805 5974 -234089.61 -243876.03  4.18%  12.1 1256s
 187930 179239 -239657.50  842 5904 -234089.61 -243876.03  4.18%  12.1 1262s
 188299 179881 -239621.38  847 5899 -234089.61 -243876.03  4.18%  12.1 1265s
 189252 180711 -239520.75  873 5860 -234089.61 -243875.75  4.18%  12.1 1270s
 190333 181629 -239408.91  892 5835 -234089.61 -243875.75  4.18%  12.1 1275s
 190737 181642 -239354.69  900 5814 -234089.61 -243875.75  4.18%  12.0 1292s
 190772 181688 -239344.83  908 5801 -234089.61 -243875.75  4.18%  12.0 1302s
 190818 181902 -239340.73  908 5798 -234089.61 -243875.75  4.18%  12.0 1309s
 191034 182352 -239308.38  914 5787 -234089.61 -243875.75  4.18%  12.0 1311s
 192203 183666 -239099.53  968 5742 -234089.61 -243875.75  4.18%  12.0 1316s
 193417 184412 -238898.02 1007 5708 -234089.61 -243875.75  4.18%  12.0 1320s
 193959 185336 -238777.28 1036 5684 -234089.61 -243875.51  4.18%  12.0 1325s
 195611 186714 -238563.36 1090 5601 -234089.61 -243875.48  4.18%  12.0 1331s
 196356 187373 -238447.57 1110 5564 -234089.61 -243875.48  4.18%  12.0 1335s
 197451 188693 -238338.31 1135 5522 -234089.61 -243875.37  4.18%  12.0 1342s
 198485 189382 -238224.97 1159 5483 -234089.61 -243875.37  4.18%  12.0 1348s
 198631 189960 -238211.98 1160 5480 -234089.61 -243875.32  4.18%  12.0 1351s
 199792 191080 -238090.84 1192 5423 -234089.61 -243875.32  4.18%  12.0 1356s
 200596 191769 -237991.07 1214 5395 -234089.61 -243875.32  4.18%  12.0 1360s
 201604 192814 -237867.08 1239 5370 -234089.61 -243875.32  4.18%  11.9 1365s
 202664 193754 -237765.11 1263 5334 -234089.61 -243875.32  4.18%  11.9 1371s
 203364 194241 -237669.27 1283 5296 -234089.61 -243875.31  4.18%  11.9 1375s
 204493 195669 -237560.12 1297 5274 -234089.61 -243875.31  4.18%  11.9 1383s
 205351 196195 -237503.71 1318 5260 -234089.61 -243875.31  4.18%  11.9 1386s
 205957 197158 -237435.21 1337 5217 -234089.61 -243875.31  4.18%  11.9 1391s
 206904 197846 -237320.74 1364 5199 -234089.61 -243875.26  4.18%  11.9 1396s
 207730 198624 -237253.46 1376 5188 -234089.61 -243875.26  4.18%  11.9 1400s
 208489 199259 -237163.82 1390 5171 -234089.61 -243875.25  4.18%  11.9 1420s
 208678 199295 -237164.80 1392 5164 -234089.61 -243875.25  4.18%  11.9 1436s
 208714 199550 -237161.83 1389 5172 -234089.61 -243875.25  4.18%  11.9 1445s
 209883 200650 -237046.03 1410 5142 -234089.61 -243875.25  4.18%  11.9 1451s
 210810 201696 -236950.71 1434 5115 -234089.61 -243875.22  4.18%  11.9 1457s
 211545 202430 infeasible 1455      -234089.61 -243875.12  4.18%  11.9 1461s
 212331 203068 -236806.22 1464 5071 -234089.61 -243875.12  4.18%  11.9 1465s
 213363 204251 -236714.39 1483 5030 -234089.61 -243875.12  4.18%  11.9 1472s
 214056 205067 -236637.31 1496 5010 -234089.61 -243875.12  4.18%  11.9 1476s
 214892 205940 -236617.06 1502 5009 -234089.61 -243875.12  4.18%  11.8 1481s
 215874 206742 -236530.27 1518 4998 -234089.61 -243875.12  4.18%  11.8 1486s
 216704 207559 -236437.90 1536 4970 -234089.61 -243875.12  4.18%  11.8 1491s
 217568 208136 -236340.64 1558 4939 -234089.61 -243875.12  4.18%  11.8 1516s
 217661 208398 -236314.84 1565 4935 -234089.61 -243875.10  4.18%  11.8 1522s
 217923 208815 -236271.97 1573 4919 -234089.61 -243875.10  4.18%  11.8 1526s
 218627 209590 -236181.31 1599 4915 -234089.61 -243875.10  4.18%  11.8 1531s
 219127 209914 -236137.47 1609 4889 -234089.61 -243875.10  4.18%  11.8 1539s
 219455 210700 -236087.40 1618 4887 -234089.61 -243875.10  4.18%  11.8 1543s
 220247 210914 -236022.19 1639 4845 -234089.61 -243875.10  4.18%  11.8 1545s
 221261 211951 -235901.48 1670 4783 -234089.61 -243875.10  4.18%  11.8 1552s
 221910 212755 -235841.89 1679 4740 -234089.61 -243875.05  4.18%  11.8 1557s
 222670 213144 -242999.56  207 6936 -234089.61 -243875.05  4.18%  11.8 1560s
 223382 214138 -235734.15 1700 4713 -234089.61 -243875.05  4.18%  11.8 1565s
 224235 215017 -235658.63 1713 4695 -234089.61 -243875.05  4.18%  11.8 1570s
 224684 215173 -235616.05 1720 4694 -234089.61 -243875.05  4.18%  11.7 1591s
 225184 215928 -235494.26 1723 4685 -234089.61 -243874.95  4.18%  11.8 1596s
 226200 216857 -235463.17 1735 4675 -234089.61 -243874.95  4.18%  11.7 1602s
 226562 217294 -235428.35 1743 4640 -234089.61 -243874.95  4.18%  11.7 1605s
 227592 217906 -235343.57 1769 4621 -234089.61 -243874.95  4.18%  11.7 1639s
 227611 218193 -235336.08 1774 4616 -234089.61 -243874.95  4.18%  11.7 1641s
 228420 219132 -235261.98 1791 4594 -234089.61 -243874.87  4.18%  11.7 1646s
 229412 220080 -235195.04 1814 4550 -234089.61 -243874.87  4.18%  11.7 1653s
 229831 220969 -235181.00 1828 4517 -234089.61 -243874.87  4.18%  11.7 1657s
 230728 221160 -235108.05 1850 4465 -234089.61 -243874.87  4.18%  11.7 1660s
 231486 222156 -235052.57 1869 4438 -234089.61 -243874.73  4.18%  11.7 1667s
 232314 223035 -234967.93 1887 4396 -234089.61 -243874.73  4.18%  11.7 1672s
 232814 223415 -234904.51 1901 4393 -234089.61 -243874.73  4.18%  11.7 1675s
 233524 223886 -234839.64 1916 4369 -234089.61 -243874.72  4.18%  11.7 1702s
 233679 224197 -234829.94 1916 4366 -234089.61 -243874.72  4.18%  11.7 1706s
 233990 224521 -234767.20 1925 4360 -234089.61 -243874.72  4.18%  11.7 1713s
 234314 224867 -234685.41 1949 4328 -234089.61 -243874.72  4.18%  11.7 1718s
 234660 225431 -234670.42 1954 4326 -234089.61 -243874.72  4.18%  11.7 1722s
 235541 226364 -234598.33 1974 4309 -234089.61 -243874.72  4.18%  11.7 1727s
 236164 226751 -234567.35 1978 4305 -234089.61 -243874.72  4.18%  11.6 1731s
 237170 227736 -234491.87 1998 4288 -234089.61 -243874.72  4.18%  11.6 1738s
 237566 228253 -234458.81 2003 4284 -234089.61 -243874.65  4.18%  11.6 1740s
 238523 229230 -234353.77 2022 4277 -234089.61 -243874.65  4.18%  11.6 1746s
 239572 230138 -234269.70 2033 4249 -234089.61 -243874.65  4.18%  11.6 1752s
 239972 230632 -234288.64 2041 4231 -234089.61 -243874.65  4.18%  11.6 1758s
 240466 231542 -234264.05 2047 4233 -234089.61 -243874.65  4.18%  11.6 1763s
 241376 231830 -234167.42 2063 4211 -234089.61 -243874.65  4.18%  11.6 1765s
 242050 232364 -243855.83   33 7424 -234089.61 -243874.63  4.18%  11.6 1771s
 242822 233318 -242790.25  230 6880 -234089.61 -243874.63  4.18%  11.6 1776s
 243300 233556 infeasible  351      -234089.61 -243874.60  4.18%  11.6 1780s
 243919 234426 -242961.23  159 6997 -234089.61 -243874.51  4.18%  11.6 1785s
 244957 235179 infeasible  450      -234089.61 -243874.44  4.18%  11.5 1792s
 245233 235238 -243667.59   92 7174 -234089.61 -243874.30  4.18%  11.5 1818s
 245292 235516 -243574.08  105 7157 -234089.61 -243874.30  4.18%  11.5 1820s
 245937 236385 -241894.56  346 6703 -234089.61 -243874.30  4.18%  11.6 1825s
 247063 237341 infeasible  640      -234089.61 -243874.30  4.18%  11.6 1832s
 247787 237995 -243606.12   99 7166 -234089.61 -243874.27  4.18%  11.6 1838s
 248161 238377 -242914.10  216 6975 -234089.61 -243874.27  4.18%  11.6 1841s
 248543 238759 -242261.42  312 6846 -234089.61 -243874.27  4.18%  11.6 1859s
 248929 239240 -241222.30  460 6603 -234089.61 -243874.27  4.18%  11.6 1862s
 249412 239885 -240563.23  598 6384 -234089.61 -243874.27  4.18%  11.6 1866s
 250735 240817 -238310.49  963 5900 -234089.61 -243874.27  4.18%  11.5 1877s
 251037 241345 -243830.41   28 7886 -234089.61 -243874.14  4.18%  11.6 1882s
 251565 241939 -243768.87   52 7287 -234089.61 -243874.14  4.18%  11.6 1886s
 252163 242318 -243737.41   80 7223 -234089.61 -243874.14  4.18%  11.6 1890s
 252959 243194 -243567.23  134 7105 -234089.61 -243874.14  4.18%  11.6 1910s
 253890 243855 -243566.55  136 7098 -234089.61 -243874.14  4.18%  11.7 1934s
 254115 244325 -243522.07  146 7076 -234089.61 -243874.14  4.18%  11.7 1937s
 254589 244736 -241353.29  168 6396 -234089.61 -243874.14  4.18%  11.8 1942s
 255004 245331 -236659.67  169 5044 -234089.61 -243874.14  4.18%  11.8 1945s
 255601 245850 infeasible  174      -234089.61 -243874.08  4.18%  11.8 1951s
 256146 246334 -243311.76  169 7177 -234089.61 -243874.08  4.18%  11.8 1955s
 256630 246545 -242625.86  259 6947 -234089.61 -243874.08  4.18%  11.8 1971s
 256845 246938 -242613.05  260 6947 -234089.61 -243874.08  4.18%  11.8 1979s
 257246 247455 -242599.70  261 6965 -234089.61 -243874.08  4.18%  11.8 1982s
 257769 248165 -242586.09  262 6963 -234089.61 -243874.08  4.18%  11.8 1988s
 258491 249014 -240777.23  504 6412 -234089.61 -243874.08  4.18%  11.7 1993s
 259346 249604 -238513.76  810 5846 -234089.61 -243874.08  4.18%  11.7 1998s
 259994 250112 -236658.17 1092 5338 -234089.61 -243874.08  4.18%  11.7 2003s
 260504 250705 -235391.46 1277 5053 -234089.61 -243874.08  4.18%  11.7 2007s
 261175 250858 -234119.39 1491 4713 -234089.61 -243873.97  4.18%  11.7 2017s
 261406 252646 -243844.22   39 7426 -234089.61 -243873.97  4.18%  11.8 2030s
 263776 253350 -241548.30  398 6704 -234089.61 -243873.88  4.18%  11.8 2035s
 264634 254181 infeasible  569      -234089.61 -243873.88  4.18%  11.8 2042s
 264920 254713 -243663.12  100 7250 -234089.61 -243873.88  4.18%  11.8 2045s
 265808 255634 -241782.88  343 6814 -234089.61 -243873.88  4.18%  11.8 2050s
 266804 256437     cutoff   37      -234089.61 -243873.88  4.18%  11.8 2057s
 267306 257170 -237407.88  202 6010 -234089.61 -243873.88  4.18%  11.8 2060s
 268387 257965 -243599.81  100 7223 -234089.61 -243873.51  4.18%  11.8 2067s
 268910 258413 -242673.90  237 6924 -234089.61 -243873.51  4.18%  11.8 2070s
 269968 259540 -243136.18  167 7122 -234089.61 -243873.51  4.18%  11.8 2076s
 270927 260465 -241635.63  416 6661 -234089.61 -243873.51  4.18%  11.8 2082s
 271488 261301 -240537.27  605 6410 -234089.61 -243873.51  4.18%  11.8 2095s
 272577 261855 -243610.47   77 7405 -234089.61 -243873.51  4.18%  11.8 2102s
 273499 262792 -242473.42  287 6964 -234089.61 -243873.51  4.18%  11.8 2107s
 273951 263093 -241282.25  415 6647 -234089.61 -243873.51  4.18%  11.8 2110s
 274736 264085 -239036.54  721 6016 -234089.61 -243873.51  4.18%  11.8 2116s
 275663 265043 -236729.52 1056 5398 -234089.61 -243873.51  4.18%  11.8 2122s
 276226 265574 -235539.37 1253 5098 -234089.61 -243873.51  4.18%  11.8 2125s
 277019 266145 -243777.26   45 7433 -234089.61 -243873.26  4.18%  11.8 2131s
 277708 266929 -242600.34  242 6919 -234089.61 -243873.26  4.18%  11.8 2136s
 278416 267373 -243573.44   58 7378 -234089.61 -243873.22  4.18%  11.8 2141s
 279203 268407 -242340.27  270 6852 -234089.61 -243873.22  4.18%  11.8 2147s
 279732 268539 infeasible  411      -234089.61 -243873.08  4.18%  11.8 2152s
 280089 269009 -243492.40  118 7165 -234089.61 -243873.06  4.18%  11.9 2157s
 280384 269452 -242930.76  190 7055 -234089.61 -243873.06  4.18%  11.9 2160s
 281520 270606 -241320.96  473 6533 -234089.61 -243873.06  4.18%  11.9 2167s
 282028 271125 -240262.12  636 6345 -234089.61 -243873.06  4.18%  11.9 2173s
 282585 271387 -243836.31   39 7460 -234089.61 -243873.06  4.18%  11.9 2180s
 283557 272433 -243030.14  208 6998 -234089.61 -243873.06  4.18%  11.9 2187s
 283925 273050 -242853.76  248 6948 -234089.61 -243873.06  4.18%  11.9 2191s
 285028 273752 -242533.47  293 6884 -234089.61 -243873.06  4.18%  11.9 2221s
 285264 273781 -242393.79  321 6815 -234089.61 -243873.06  4.18%  11.9 2243s
 285293 274075 -242381.43  329 6797 -234089.61 -243873.06  4.18%  11.9 2251s
 286085 274809 -242024.18  375 6729 -234089.61 -243873.06  4.18%  11.9 2257s
 286325 275252 -241924.01  390 6709 -234089.61 -243873.06  4.18%  11.9 2260s
 287358 276232 -241689.03  443 6599 -234089.61 -243873.06  4.18%  11.9 2267s
 287752 276817 -241566.64  463 6587 -234089.61 -243873.06  4.18%  11.9 2271s
 288349 277117 -241463.93  491 6506 -234089.61 -243873.06  4.18%  11.9 2275s
 289163 277998 -241201.49  532 6437 -234089.61 -243872.96  4.18%  11.9 2282s
 289558 278470 -241151.21  544 6421 -234089.61 -243872.94  4.18%  11.9 2286s
 290428 279270 -240908.55  575 6383 -234089.61 -243872.94  4.18%  11.9 2292s
 290832 279855 -240841.19  580 6377 -234089.61 -243872.94  4.18%  11.8 2296s
 291664 280410 -240341.33  644 6321 -234089.61 -243872.94  4.18%  11.8 2300s
 291980 280705 -240639.87  615 6328 -234089.61 -243872.94  4.18%  11.8 2305s
 292896 281609 -240455.63  665 6262 -234089.61 -243872.94  4.18%  11.8 2316s
 293203 282168 -240412.89  671 6252 -234089.61 -243872.94  4.18%  11.8 2320s
 294141 282705 -240241.97  699 6210 -234089.61 -243872.94  4.18%  11.8 2362s
 294301 283344 -240180.30  711 6198 -234089.61 -243872.94  4.18%  11.8 2365s
 294942 283613 -240104.46  723 6174 -234089.61 -243872.94  4.18%  11.8 2370s
 295605 284401 -239951.12  748 6123 -234089.61 -243872.90  4.18%  11.8 2376s
 296396 285218 -239849.85  767 6063 -234089.61 -243872.90  4.18%  11.8 2384s
 296854 285828 -239794.26  785 6072 -234089.61 -243872.90  4.18%  11.8 2388s
 297478 286225 -239744.53  790 6065 -234089.61 -243872.90  4.18%  11.8 2391s
 297875 286680 -239706.12  809 6021 -234089.61 -243872.90  4.18%  11.8 2396s
 298358 286917 -239590.83  828 5989 -234089.61 -243872.85  4.18%  11.8 2420s
 298599 287137 -239542.81  830 5984 -234089.61 -243872.85  4.18%  11.8 2432s
 298819 287722 -239537.16  837 5980 -234089.61 -243872.85  4.18%  11.8 2435s
 299846 288541 -239374.91  865 5938 -234089.61 -243872.85  4.18%  11.8 2444s
 300061 288541 -240777.60  537 6388 -234089.61 -243872.77  4.18%  11.8 2445s
 300744 289377 -239227.09  893 5886 -234089.61 -243872.77  4.18%  11.8 2451s
 301099 289729 -239176.00  903 5874 -234089.61 -243872.77  4.18%  11.8 2455s
 301878 290597 -239089.37  918 5847 -234089.61 -243872.77  4.18%  11.8 2463s
 302357 290756 -239001.92  941 5825 -234089.61 -243872.71  4.18%  11.8 2496s
 302516 291392 -238979.43  941 5818 -234089.61 -243872.71  4.18%  11.8 2501s
 303156 291805 -238840.39  956 5796 -234089.61 -243872.71  4.18%  11.8 2505s
 303569 292184 -238794.39  960 5802 -234089.61 -243872.71  4.18%  11.8 2519s
 303948 292596 -238738.35  979 5769 -234089.61 -243872.71  4.18%  11.8 2523s
 304376 292968 -238666.66  989 5752 -234089.61 -243872.71  4.18%  11.8 2527s
 304748 293459 -238619.40 1003 5733 -234089.61 -243872.71  4.18%  11.8 2530s
 305676 294196 -238486.28 1017 5720 -234089.61 -243872.71  4.18%  11.7 2537s
 305992 294563 -238433.61 1023 5707 -234089.61 -243872.71  4.18%  11.7 2540s
 306880 295410 -238334.72 1049 5685 -234089.61 -243872.71  4.18%  11.7 2548s
 307206 295681 -238282.48 1057 5671 -234089.61 -243872.71  4.18%  11.7 2574s
 307477 296147 -238248.32 1070 5665 -234089.61 -243872.71  4.18%  11.7 2577s
 307943 296451 -238154.71 1074 5650 -234089.61 -243872.71  4.18%  11.7 2581s
 308255 296828 -238122.96 1081 5641 -234089.61 -243872.71  4.18%  11.7 2585s
 309127 297810 -238080.04 1091 5628 -234089.61 -243872.71  4.18%  11.7 2591s
 309614 297906 -238011.96 1107 5614 -234089.61 -243872.71  4.18%  11.7 2624s
 309710 298239 -238002.43 1108 5618 -234089.61 -243872.71  4.18%  11.7 2628s
 310045 298527 -237960.42 1110 5616 -234089.61 -243872.71  4.18%  11.7 2631s
 310867 299399 -237837.84 1145 5527 -234089.61 -243872.71  4.18%  11.7 2638s
 311207 299897 -237783.86 1153 5512 -234089.61 -243872.71  4.18%  11.7 2641s
 311707 300321 -237692.28 1172 5471 -234089.61 -243872.71  4.18%  11.7 2646s
 312614 301103 -237501.69 1203 5432 -234089.61 -243872.71  4.18%  11.7 2653s
 312921 301415 -237428.54 1217 5394 -234089.61 -243872.71  4.18%  11.7 2685s
 313233 302273 -237372.31 1224 5377 -234089.61 -243872.71  4.18%  11.7 2690s
 314091 302584 -237270.32 1245 5354 -234089.61 -243872.71  4.18%  11.7 2706s
 314406 303174 -237182.14 1253 5344 -234089.61 -243872.71  4.18%  11.7 2710s
 315291 304012 -237086.23 1275 5316 -234089.61 -243872.71  4.18%  11.7 2718s
 315846 304371 -237022.06 1282 5307 -234089.61 -243872.71  4.18%  11.7 2722s
 316207 304866 -236990.65 1291 5302 -234089.61 -243872.71  4.18%  11.7 2726s
 316704 305222 -236967.21 1294 5294 -234089.61 -243872.71  4.18%  11.6 2731s
 317064 305603 -236890.89 1309 5280 -234089.61 -243872.71  4.18%  11.6 2753s
 317445 305887 -236847.76 1309 5278 -234089.61 -243872.71  4.18%  11.6 2761s
 317739 306331 -236798.65 1320 5271 -234089.61 -243872.71  4.18%  11.6 2766s
 318566 306844 -236851.53 1395 5146 -234089.61 -243872.71  4.18%  11.6 2770s
 319063 307738 -236635.47 1353 5221 -234089.61 -243872.71  4.18%  11.6 2778s
 319596 308172 -236613.90 1365 5203 -234089.61 -243872.71  4.18%  11.6 2782s
 320032 308406 -236554.55 1378 5168 -234089.61 -243872.71  4.18%  11.6 2786s
 320268 308594 -236526.17 1381 5174 -234089.61 -243872.71  4.18%  11.6 2817s
 320456 308992 -236533.19 1385 5168 -234089.61 -243872.71  4.18%  11.6 2821s
 320854 309522 -236505.17 1392 5160 -234089.61 -243872.71  4.18%  11.6 2825s
 321916 310450 -236380.45 1421 5129 -234089.61 -243872.71  4.18%  11.6 2834s
 322312 310959 -236334.78 1429 5112 -234089.61 -243872.71  4.18%  11.6 2838s
 322821 311489 -236301.32 1435 5110 -234089.61 -243872.71  4.18%  11.6 2841s
 323351 311842 -236263.16 1447 5087 -234089.61 -243872.71  4.18%  11.6 2867s
 323704 312653 -236228.00 1450 5080 -234089.61 -243872.71  4.18%  11.6 2872s
 324521 312888 -236164.26 1466 5051 -234089.61 -243872.71  4.18%  11.6 2888s
 324756 313424 -236165.82 1467 5052 -234089.61 -243872.71  4.18%  11.6 2892s
 325292 313815 -236112.65 1482 5025 -234089.61 -243872.71  4.18%  11.6 2897s
 325693 314334 -236066.78 1491 5013 -234089.61 -243872.71  4.18%  11.5 2900s
 326214 314840 -236001.38 1507 4985 -234089.61 -243872.71  4.18%  11.5 2905s
 327072 315663 -235910.01 1524 4969 -234089.61 -243872.71  4.18%  11.5 2913s
 327545 315822 -235856.15 1534 4952 -234089.61 -243872.71  4.18%  11.5 2922s
 327704 316190 -235851.07 1541 4947 -234089.61 -243872.71  4.18%  11.5 2927s
 328072 316737 -235809.96 1546 4941 -234089.61 -243872.71  4.18%  11.5 2930s
 329087 317565 -235705.12 1566 4926 -234089.61 -243872.71  4.18%  11.5 2939s
 329453 318079 -235657.61 1579 4907 -234089.61 -243872.71  4.18%  11.5 2943s
 329971 318305 -235623.44 1588 4912 -234089.61 -243872.71  4.18%  11.5 2947s
 330215 318672 -235596.12 1587 4907 -234089.61 -243872.71  4.18%  11.5 2952s
 330584 318959 -235559.24 1605 4892 -234089.61 -243872.71  4.18%  11.5 2977s
 330871 319475 -235534.62 1610 4881 -234089.61 -243872.71  4.18%  11.5 2981s
 331387 319840 -235507.37 1621 4853 -234089.61 -243872.71  4.18%  11.5 2986s
 331758 320367 -235457.13 1629 4839 -234089.61 -243872.71  4.18%  11.5 2990s
 332651 321216 -235378.46 1647 4838 -234089.61 -243872.71  4.18%  11.5 2998s
 333136 321220 -235300.82 1660 4824 -234089.61 -243872.71  4.18%  11.5 3000s

Cutting planes:
  Gomory: 443
  Lift-and-project: 9
  Cover: 1632
  MIR: 4130
  Mixing: 1
  StrongCG: 1727
  Flow cover: 819
  GUB cover: 123
  Inf proof: 2
  Zero half: 137
  Mod-K: 1
  RLT: 3
  Relax-and-lift: 126

Explored 333140 nodes (3875718 simplex iterations) in 3000.65 seconds (2080.86 work units)
Thread count was 4 (of 28 available processors)

Solution count 10: -234090 -234088 -234084 ... -234040

Time limit reached
Best objective -2.340896122898e+05, best bound -2.438727055285e+05, gap 4.1792%

User-callback calls 914240, time in user-callback 3.77 sec
