
Gurobi 13.0.1 (win64) logging started Wed Oct  7 16:23:36 2026

Set parameter LogFile to value "results/source_summaries/2d/B0600/gurobi_extensive.log"
Gurobi Optimizer version 13.0.1 build v13.0.1rc0 (win64 - Windows 11+.0 (26200.2))

CPU model: Intel(R) Core(TM) i7-14700, instruction set [SSE2|AVX|AVX2]
Thread count: 20 physical cores, 28 logical processors, using up to 4 threads

Non-default parameters:
TimeLimit  2400
IntFeasTol  1e-06
MIPGap  0.0005
Heuristics  0.2
Cuts  2
Presolve  2
Seed  1
Threads  4

Optimize a model with 19207 rows, 32406 columns and 69616 nonzeros (Min)
Model fingerprint: 0x20ec7f11
Model has 13204 linear objective coefficients
Variable types: 19202 continuous, 13204 integer (13202 binary)
Coefficient statistics:
  Matrix range     [1e-01, 3e+01]
  Objective range  [2e+00, 5e+01]
  Bounds range     [1e-01, 2e+01]
  RHS range        [1e+00, 8e+01]

Found heuristic solution: objective 0.0000000
Presolve removed 0 rows and 18000 columns
Presolve time: 1.75s
Presolved: 19207 rows, 14406 columns, 51619 nonzeros
Variable types: 1202 continuous, 13204 integer (13202 binary)
Root relaxation presolved: 19207 rows, 14406 columns, 51619 nonzeros


Root relaxation: objective -1.597082e+05, 5387 iterations, 0.25 seconds (0.32 work units)

    Nodes    |    Current Node    |     Objective Bounds      |     Work
 Expl Unexpl |  Obj  Depth IntInf | Incumbent    BestBd   Gap | It/Node Time

     0     0 -159708.16    0 1351    0.00000 -159708.16      -     -    2s
H    0     0                    -144517.3270 -159708.16  10.5%     -    2s
H    0     0                    -145827.3489 -159708.16  9.52%     -    2s
H    0     0                    -146003.8262 -159708.16  9.39%     -    2s
H    0     0                    -146012.3437 -159708.16  9.38%     -    2s
H    0     0                    -146067.9728 -159708.16  9.34%     -    2s
H    0     0                    -146081.6003 -157139.64  7.57%     -    2s
H    0     0                    -146097.4821 -157139.64  7.56%     -    2s
H    0     0                    -146127.5429 -157139.64  7.54%     -    2s
H    0     0                    -146136.0187 -157139.64  7.53%     -    2s
H    0     0                    -146138.9028 -157139.64  7.53%     -    2s
     0     0 -157139.64    0 2201 -146138.90 -157139.64  7.53%     -    2s
     0     0 -157133.52    0 2175 -146138.90 -157133.52  7.52%     -    2s
H    0     0                    -146143.1994 -157132.87  7.52%     -    3s
     0     0 -156792.12    0 2592 -146143.20 -156792.12  7.29%     -    3s
H    0     0                    -146147.1408 -156588.14  7.14%     -    3s
     0     0 -156588.14    0 2966 -146147.14 -156588.14  7.14%     -    3s
     0     0 -156588.13    0 2962 -146147.14 -156588.13  7.14%     -    3s
     0     0 -156585.41    0 2971 -146147.14 -156585.41  7.14%     -    3s
H    0     0                    -146170.8409 -156585.41  7.12%     -    4s
H    0     0                    -146173.9299 -156585.41  7.12%     -    4s
H    0     0                    -146184.2645 -156180.35  6.84%     -    4s
H    0     0                    -146195.5612 -156180.35  6.83%     -    4s
H    0     0                    -146202.1216 -156180.35  6.82%     -    4s
     0     0 -156180.35    0 2689 -146202.12 -156180.35  6.82%     -    4s
H    0     0                    -146217.2840 -155641.72  6.45%     -    5s
H    0     0                    -146219.3356 -155641.72  6.44%     -    5s
H    0     0                    -146238.3190 -155641.72  6.43%     -    5s
H    0     0                    -146240.3783 -155641.72  6.43%     -    5s
     0     0 -155641.72    0 2929 -146240.38 -155641.72  6.43%     -    5s
     0     0 -155498.30    0 3026 -146240.38 -155498.30  6.33%     -    5s
     0     0 -155319.70    0 3129 -146240.38 -155319.70  6.21%     -    5s
     0     0 -155299.33    0 3255 -146240.38 -155299.33  6.19%     -    6s
     0     0 -155296.87    0 3280 -146240.38 -155296.87  6.19%     -    6s
H    0     0                    -146257.3640 -155296.87  6.18%     -    6s
H    0     0                    -146273.3914 -155296.87  6.17%     -    6s
H    0     0                    -146282.3990 -155103.75  6.03%     -    7s
     0     0 -155103.75    0 3338 -146282.40 -155103.75  6.03%     -    7s
H    0     0                    -146292.3536 -154720.19  5.76%     -    8s
H    0     0                    -146294.2388 -154720.19  5.76%     -    8s
     0     0 -154720.19    0 3414 -146294.24 -154720.19  5.76%     -    8s
     0     0 -154574.02    0 3487 -146294.24 -154574.02  5.66%     -    8s
     0     0 -154513.77    0 3539 -146294.24 -154513.77  5.62%     -    8s
     0     0 -154494.63    0 3634 -146294.24 -154494.63  5.61%     -    8s
     0     0 -154492.30    0 3657 -146294.24 -154492.30  5.60%     -    9s
H    0     0                    -146302.1440 -154492.30  5.60%     -    9s
     0     0 -154461.37    0 3511 -146302.14 -154461.37  5.58%     -   10s
     0     0 -154391.66    0 3628 -146302.14 -154391.66  5.53%     -   10s
     0     0 -154382.53    0 3722 -146302.14 -154382.53  5.52%     -   10s
     0     0 -154381.18    0 3743 -146302.14 -154381.18  5.52%     -   11s
H    0     0                    -146310.2313 -154381.18  5.52%     -   11s
     0     0 -154344.65    0 3791 -146310.23 -154344.65  5.49%     -   12s
     0     0 -154344.64    0 3784 -146310.23 -154344.64  5.49%     -   12s
     0     0 -154339.34    0 3814 -146310.23 -154339.34  5.49%     -   12s
H    0     0                    -146312.2582 -154339.34  5.49%     -   14s
     0     0 -154144.06    0 3741 -146312.26 -154144.06  5.35%     -   16s
     0     0 -154144.06    0 3738 -146312.26 -154144.06  5.35%     -   16s
     0     0 -154135.97    0 3734 -146312.26 -154135.97  5.35%     -   16s
     0     0 -154135.96    0 3731 -146312.26 -154135.96  5.35%     -   16s
     0     0 -154101.26    0 3844 -146312.26 -154101.26  5.32%     -   16s
     0     0 -154095.56    0 3905 -146312.26 -154095.56  5.32%     -   17s
H    0     0                    -146314.3792 -154095.56  5.32%     -   18s
H    0     0                    -146315.4418 -154095.56  5.32%     -   20s
     0     0 -153978.82    0 3981 -146315.44 -153978.82  5.24%     -   22s
     0     0 -153974.39    0 3989 -146315.44 -153974.39  5.23%     -   22s
     0     0 -153930.49    0 3984 -146315.44 -153930.49  5.20%     -   23s
     0     0 -153930.43    0 3984 -146315.44 -153930.43  5.20%     -   24s
     0     0 -153930.43    0 3942 -146315.44 -153930.43  5.20%     -   24s
     0     2 -153927.66    0 3940 -146315.44 -153927.66  5.20%     -   26s
   205   215 -152495.72   39 3515 -146315.44 -153014.60  4.58%  76.0   30s
   911   928 -152332.22  176 3321 -146315.44 -153014.60  4.58%  23.1   35s
  2072  2240 -151827.19  352 3076 -146315.44 -153014.60  4.58%  13.5   40s
  3399  3697 -151154.07  703 3050 -146315.44 -153014.60  4.58%  12.1   45s
  5187  5120 -148537.84  621 3942 -146315.44 -152908.01  4.51%  11.6   55s
  5200  5129 -147777.76  713 4258 -146315.44 -152908.01  4.51%  11.5   60s
  5208  5134 -148214.95  598 4290 -146315.44 -152908.01  4.51%  11.5   66s
  5212  5137 -148954.62  412 4367 -146315.44 -152908.01  4.51%  11.5   70s
  5215  5139 -149432.38   15 4472 -146315.44 -152908.01  4.51%  11.5   76s
  5217  5140 -149167.93  203 4515 -146315.44 -152908.01  4.51%  11.5   81s
  5218  5141 -148247.88  559 4521 -146315.44 -152908.01  4.51%  11.5   85s
  5221  5143 -147059.54  979 5099 -146315.44 -152908.01  4.51%  11.5   91s
  5223  5144 -151799.91  350 4684 -146315.44 -152908.01  4.51%  11.5   95s
  5225  5145 -149458.97  115 4688 -146315.44 -152908.01  4.51%  11.5  100s
  5227  5147 -149026.86  380 4711 -146315.44 -152908.01  4.51%  11.5  105s
  5230  5149 -151990.35  297 4841 -146315.44 -152889.68  4.49%  11.5  111s
  5231  5149 -152157.89  229 5479 -146315.44 -152887.56  4.49%  11.5  116s
  5232  5150 -148874.21  490 5434 -146315.44 -152846.58  4.46%  11.5  121s
  5233  5151 -149163.92  158 4945 -146315.44 -152836.89  4.46%  11.5  125s
  5234  5151 -148867.10  391 5563 -146315.44 -152835.39  4.46%  11.5  130s
  5235  5152 -150181.92  954 5518 -146315.44 -152788.18  4.42%  11.5  137s
  5237  5153 -149254.63  133 4939 -146315.44 -152755.08  4.40%  11.4  141s
  5239  5155 -149428.41  137 5058 -146315.44 -152742.01  4.39%  11.4  149s
  5240  5155 -148102.72  621 5026 -146315.44 -152714.35  4.37%  11.4  153s
  5241  5156 -148263.38  746 5073 -146315.44 -152711.37  4.37%  11.4  160s
  5242  5157 -152517.70   18 5780 -146315.44 -152678.86  4.35%  11.4  167s
  5243  5157 -148956.27  333 5822 -146315.44 -152661.70  4.34%  11.4  173s
  5244  5158 -148897.53  460 5868 -146315.44 -152642.85  4.32%  11.4  177s
  5245  5159 -148923.74  354 5916 -146315.44 -152638.42  4.32%  11.4  183s
  5246  5159 -152448.56   55 5866 -146315.44 -152619.36  4.31%  11.4  188s
  5247  5160 -149378.27   52 5924 -146315.44 -152615.28  4.31%  11.4  196s
  5248  5161 -152440.81  104 5888 -146315.44 -152576.94  4.28%  11.4  202s
  5249  5161 -149091.60  287 5178 -146315.44 -152569.47  4.27%  11.4  206s
  5250  5162 -148400.84  557 5976 -146315.44 -152557.09  4.27%  11.4  210s
  5251  5163 -149028.19  319 6042 -146315.44 -152553.07  4.26%  11.4  215s
  5252  5163 -149316.92   45 5984 -146315.44 -152530.77  4.25%  11.4  222s
  5253  5164 -151638.41  506 5982 -146315.44 -152530.77  4.25%  11.4  225s
  5254  5165 -149232.17  236 5982 -146315.44 -152530.77  4.25%  11.4  233s
  5255  5168 -152527.78   10 5858 -146315.44 -152530.76  4.25%  30.3  236s
  5261  5174 -151396.60   12 4931 -146315.44 -152211.09  4.03%  34.0  240s
  5562  5383 -151366.40   29 4905 -146315.44 -152211.09  4.03%  35.3  245s
  5836  5592 -151360.60   42 4871 -146315.44 -152211.09  4.03%  35.0  250s
  6179  5800 -151324.29   61 4848 -146315.44 -152211.09  4.03%  34.5  255s
  6482  6005 -151314.17   72 4830 -146315.44 -152211.09  4.03%  34.2  266s
  6511  6065 -151312.80   73 4824 -146315.44 -152211.09  4.03%  34.2  275s
  6582  6154 -151302.17   73 4830 -146315.44 -152211.09  4.03%  34.1  282s
  6695  6168 -151304.08   74 4832 -146315.44 -152211.09  4.03%  33.9  289s
  6747  6247 -151312.07   74 4824 -146315.44 -152211.09  4.03%  33.7  298s
  6843  6266 -151311.74   75 4827 -146315.44 -152211.09  4.03%  33.6  306s
  6894  6368 -151294.20   75 4822 -146315.44 -152211.09  4.03%  33.5  315s
  7013  6415 -151311.50   76 4831 -146315.44 -152211.09  4.03%  33.2  323s
  7102  6584 -151302.69   76 4828 -146315.44 -152211.09  4.03%  33.1  332s
  7300  6721 -151311.32   77 4824 -146315.44 -152211.09  4.03%  32.6  339s
  7503  6784 -151305.71   77 4802 -146315.44 -152211.09  4.03%  32.1  340s
  7753  6889 -151277.68   84 4822 -146315.44 -152211.09  4.03%  31.7  347s
  7822  6998 -151282.72   85 4827 -146315.44 -152211.09  4.03%  31.5  356s
  7954  7087 -151276.55   85 4815 -146315.44 -152211.09  4.03%  31.2  364s
  8089  7282 -151280.44   86 4824 -146315.44 -152211.09  4.03%  30.8  371s
  8329  7521 -151274.23   88 4819 -146315.44 -152211.09  4.03%  30.3  378s
  8654  7767 -151259.05   96 4805 -146315.44 -152211.09  4.03%  30.0  385s
  9452  8191 -151198.36  117 5017 -146315.44 -152211.09  4.03%  29.6  391s
  9981  8503 -151158.15  130 4965 -146315.44 -152211.09  4.03%  30.9  397s
 10256  8719 -151143.27  145 4956 -146315.44 -152211.09  4.03%  31.4  400s
 10993  9142 -150988.50  190 4900 -146315.44 -152211.09  4.03%  32.7  407s
 11485  9505 -150925.76  209 4858 -146315.44 -152211.09  4.03%  33.3  412s
 11762  9671 -150920.47  218 4848 -146315.44 -152211.09  4.03%  33.5  415s
 12233  9809 -150829.86  244 4767 -146315.44 -152211.09  4.03%  36.1  421s
 12522 10035 -150725.38  278 4721 -146315.44 -152211.09  4.03%  38.4  427s
 12673  9991 -150694.01  286 4703 -146315.44 -152211.09  4.03%  40.0  431s
 12872 10342 -150620.91  301 4705 -146315.44 -152211.09  4.03%  40.8  436s
 13369 10688 -150487.53  362 4591 -146315.44 -152211.09  4.03%  42.7  443s
 13616 10940 -150412.58  392 4520 -146315.44 -152211.09  4.03%  43.9  446s
 13957 10853 -150378.15  412 4492 -146315.44 -152211.09  4.03%  44.8  451s
 13983 11171 -150368.18  416 4489 -146315.44 -152211.09  4.03%  44.8  455s
 14652 11667 -150156.19  486 4323 -146315.44 -152211.09  4.03%  46.7  464s
 15049 12178 -150046.24  518 4266 -146315.44 -152211.09  4.03%  46.9  469s
 15706 12641 -149981.39  556 4179 -146315.44 -152211.09  4.03%  47.2  474s
 16404 12976 -149837.35  586 4091 -146315.44 -152211.09  4.03%  47.1  480s
 16992 13698 -149657.85  619 4039 -146315.44 -152211.09  4.03%  46.6  485s
 18577 13913 -149227.00  747 3752 -146315.44 -152211.09  4.03%  45.4  495s
 18703 14596 -149144.05  766 3708 -146315.44 -152211.09  4.03%  45.3  503s
 19444 15403 -148877.02  849 3551 -146315.44 -152211.09  4.03%  44.6  508s
 20526 16083 -148634.41  923 3418 -146315.44 -152211.09  4.03%  43.5  512s
 21597 16988 -148329.37 1005 3262 -146315.44 -152211.09  4.03%  42.4  518s
 22648 17496 -147997.99 1129 3001 -146315.44 -152211.09  4.03%  41.6  520s
 23653 18468 -147653.99 1250 2761 -146315.44 -152211.09  4.03%  40.9  525s
 24276 18750 -147256.41 1364 2558 -146315.44 -152211.09  4.03%  40.7  532s
 24442 18908 -147083.61 1435 2451 -146315.44 -152211.09  4.03%  40.7  537s
 24602 19321 -146893.53 1502 2360 -146315.44 -152211.09  4.03%  40.7  540s
 25494 19955 -146512.65 1663 2041 -146315.44 -152211.09  4.03%  40.3  545s
 25993 20240 -151235.93   48 5054 -146315.44 -152211.09  4.03%  41.1  551s
 26357 20614 -151131.21   89 4909 -146315.44 -152211.09  4.03%  42.0  556s
 26559 20829 -151027.84  112 4878 -146315.44 -152211.09  4.03%  43.0  561s
 26834 21092 -150935.50  137 4785 -146315.44 -152211.09  4.03%  43.5  566s
 27101 21433 -150869.03  154 4719 -146315.44 -152211.09  4.03%  44.2  572s
 27299 21528 -150806.51  184 4667 -146315.44 -152211.09  4.03%  44.6  575s
 27558 21877 -150754.50  195 4621 -146315.44 -152211.09  4.03%  45.3  581s
 27928 22139 -150657.94  218 4596 -146315.44 -152211.09  4.03%  46.1  587s
 28009 22295 -150615.55  232 4585 -146315.44 -152211.09  4.03%  46.3  590s
 28409 22881 -150484.01  266 4463 -146315.44 -152211.09  4.03%  47.0  596s
 28771 23172 -150395.81  297 4370 -146315.44 -152211.09  4.03%  47.2  600s
 29580 23973 -150253.83  348 4282 -146315.44 -152211.09  4.03%  47.2  608s
 29881 24226 -150200.73  373 4189 -146315.44 -152211.09  4.03%  47.2  611s
 30140 25057 -150182.69  381 4193 -146315.44 -152211.09  4.03%  47.1  615s
 31676 26089 -150016.91  411 4121 -146315.44 -152211.09  4.03%  46.5  623s
 32035 26844 -149961.13  421 4097 -146315.44 -152211.09  4.03%  46.4  631s
 33050 27458 -149723.77  480 3977 -146315.44 -152211.09  4.03%  46.4  636s
 33985 28235 -149567.44  504 3944 -146315.44 -152211.09  4.03%  46.2  642s
 34249 28646 -149527.15  520 3924 -146315.44 -152211.09  4.03%  46.2  647s
 34660 29297 -149407.84  550 3833 -146315.44 -152211.09  4.03%  46.2  650s
 35968 30107 -149138.69  611 3681 -146315.44 -152211.09  4.03%  45.8  655s
 36619 31203 -148991.94  646 3612 -146315.44 -152211.09  4.03%  45.8  660s
 38151 32455 -148865.24  686 3532 -146315.44 -152211.09  4.03%  45.4  667s
 39246 33980 -148698.00  751 3415 -146315.44 -152211.09  4.03%  45.0  672s
 40062 34098 -148582.08  804 3331 -146315.44 -152211.09  4.03%  44.5  677s
 40180 34529 -148540.16  811 3326 -146315.44 -152211.09  4.03%  44.5  680s
 41135 35886 -148362.21  863 3241 -146315.44 -152211.09  4.03%  44.2  686s
 42732 38091 -148128.92  946 3102 -146315.44 -152211.09  4.03%  43.3  692s
 44666 39042 -147829.58 1041 2995 -146315.44 -152211.09  4.03%  42.5  695s
 45563 39833 -147649.62 1100 2859 -146315.44 -152211.09  4.03%  42.1  701s
 46941 41336 -147410.08 1188 2727 -146315.44 -152211.09  4.03%  41.5  705s
 49525 43524 -147082.38 1295 2500 -146315.44 -152211.09  4.03%  40.3  710s
 50150 44346 -147007.61 1312 2440 -146315.44 -152211.09  4.03%  40.1  715s
 51688 45885 -146767.12 1409 2338 -146315.44 -152211.09  4.03%  39.5  720s
 52885 46952 -146545.87 1485 2244 -146315.44 -152211.09  4.03%  39.1  725s
 54406 48211 -146362.82 1574 2113 -146315.44 -152211.09  4.03%  38.7  731s
 54820 48507 -151253.60   39 5041 -146315.44 -152211.09  4.03%  38.8  737s
 54861 48613 -151248.27   40 5027 -146315.44 -152211.09  4.03%  38.9  740s
 55348 49184 -151219.35   55 4969 -146315.44 -152211.09  4.03%  39.1  747s
 55797 49551 -151201.96   69 4942 -146315.44 -152211.09  4.03%  39.2  752s
 56203 50202 -151140.75   81 4898 -146315.44 -152211.09  4.03%  39.5  757s
 56566 50565 -151088.20   95 4855 -146315.44 -152211.09  4.03%  39.6  760s
 57152 51284 -151047.09  101 4840 -146315.44 -152211.09  4.03%  39.7  767s
 57652 51720 -151035.82  102 4846 -146315.44 -152211.09  4.03%  39.7  770s
 58524 52508 -150910.79  127 4771 -146315.44 -152211.09  4.03%  39.7  776s
 58884 52750 -150846.45  151 4714 -146315.44 -152211.09  4.03%  39.8  780s
 59604 53562 -150783.34  171 4655 -146315.44 -152211.09  4.03%  40.1  788s
 59948 53877 -150744.54  187 4640 -146315.44 -152211.09  4.03%  40.2  791s
 60487 54331 -150659.30  212 4546 -146315.44 -152211.09  4.03%  40.4  795s
 60942 54581 -150502.41  264 4378 -146315.44 -152211.09  4.03%  40.7  803s
 61013 54767 -150497.55  266 4348 -146315.44 -152211.09  4.03%  40.7  806s
 61476 55557 -150397.16  282 4311 -146315.44 -152211.09  4.03%  41.1  813s
 61991 56325 -150295.99  302 4275 -146315.44 -152211.09  4.03%  41.1  815s
 62799 56367 -150182.62  331 4235 -146315.44 -152211.09  4.03%  41.0  820s
 63315 57142 -150132.72  348 4187 -146315.44 -152084.85  3.94%  41.1  827s
 63632 57680 -150071.96  375 4136 -146315.44 -152084.85  3.94%  41.1  831s
 64926 58713 infeasible  388      -146315.44 -152084.85  3.94%  40.9  836s
 65428 59232 -149917.81  409 4129 -146315.44 -152084.85  3.94%  41.0  841s
 66347 60268 infeasible  428      -146315.44 -152084.85  3.94%  40.9  845s
 67367 60975 -149585.37  505 3957 -146315.44 -152084.85  3.94%  40.7  851s
 68075 61930 -149478.08  549 3854 -146315.44 -152084.85  3.94%  40.8  857s
 68621 62381 -149403.76  564 3850 -146315.44 -152084.85  3.94%  40.6  862s
 69693 62992 -149206.72  611 3768 -146315.44 -152084.85  3.94%  40.4  872s
 69697 62996 -149214.63  612 3756 -146315.44 -152084.85  3.94%  40.4  884s
 69701 63000 -149199.34  613 3746 -146315.44 -152084.85  3.94%  40.4  893s
 69705 63004 -149213.30  610 3770 -146315.44 -152084.85  3.94%  40.4  905s
 69709 63014 -149191.90  613 3749 -146315.44 -152084.85  3.94%  40.4  913s
 69719 63021 -149210.40  611 3758 -146315.44 -152084.85  3.94%  40.4  924s
 69726 63029 -149202.40  611 3767 -146315.44 -152084.85  3.94%  40.4  934s
 69734 63096 -149209.11  612 3758 -146315.44 -152084.85  3.94%  40.3  941s
 69801 63123 -149192.42  613 3756 -146315.44 -152084.85  3.94%  40.3  951s
 69828 63229 -149182.15  613 3751 -146315.44 -152084.85  3.94%  40.3  959s
 69934 63290 -149157.86  627 3730 -146315.44 -152084.85  3.94%  40.3  963s
 69995 63653 -149153.59  629 3731 -146315.44 -152084.85  3.94%  40.3  966s
 70955 64483 -149149.25  628 3728 -146315.44 -152084.85  3.94%  40.0  974s
 71240 64838 -149145.44  629 3707 -146315.44 -152075.03  3.94%  39.9  977s
 71599 65471 -149156.59  626 3730 -146315.44 -152075.03  3.94%  39.8  981s
 72766 66144 -149020.83  660 3639 -146315.44 -152067.53  3.93%  39.5  988s
 72981 66545 -149023.32  661 3651 -146315.44 -152067.53  3.93%  39.4  991s
 73386 66965 -148960.00  668 3629 -146315.44 -152067.53  3.93%  39.4  995s
 74259 68471 -148819.42  730 3525 -146315.44 -152067.53  3.93%  39.1 1003s
 75314 68922 -148669.29  779 3442 -146315.44 -152067.53  3.93%  38.9 1006s
 75930 69339 -148547.48  808 3385 -146315.44 -152067.53  3.93%  38.7 1012s
 76182 69728 -148508.00  823 3378 -146315.44 -152067.53  3.93%  38.7 1015s
 77116 70532 -148296.30  899 3251 -146315.44 -152067.53  3.93%  38.4 1020s
 77819 71575 -148255.45  917 3242 -146315.44 -152067.53  3.93%  38.3 1026s
 78913 72484 -148145.20  946 3184 -146315.44 -152067.53  3.93%  38.0 1031s
 79679 73046 -148081.39  956 3148 -146315.44 -152067.53  3.93%  38.0 1036s
 79915 73390 -148085.15  957 3150 -146315.44 -152067.53  3.93%  37.9 1040s
 81686 75115 -147888.44 1027 3047 -146315.44 -152067.53  3.93%  37.4 1047s
 82706 76136 -147774.23 1086 2962 -146315.44 -152067.53  3.93%  37.1 1050s
 84066 77585 -147483.16 1172 2849 -146315.44 -152067.53  3.93%  36.8 1056s
 84613 78888 -147403.06 1214 2738 -146315.44 -152067.53  3.93%  36.7 1060s
 87491 80565 -147025.20 1356 2519 -146315.44 -152067.53  3.93%  35.8 1068s
 87863 81088 -147030.95 1350 2527 -146315.44 -152067.42  3.93%  35.7 1071s
 88645 81799 infeasible 1351      -146315.44 -152067.42  3.93%  35.5 1076s
 89289 82749 -146972.28 1358 2493 -146315.44 -152067.42  3.93%  35.4 1080s
 91414 84668 -146658.12 1475 2261 -146315.44 -152064.14  3.93%  34.9 1085s
 93795 86572 infeasible 1623      -146315.44 -152064.10  3.93%  34.3 1092s
 93912 86780 -151994.84   19 5074 -146315.44 -152064.10  3.93%  34.3 1095s
 94841 88928 -151767.33   42 4947 -146315.44 -152064.10  3.93%  34.1 1101s
 97067 90153 -147759.92  651 3611 -146315.44 -152064.10  3.93%  33.6 1105s
 98183 91070 -151837.05   91 4876 -146315.44 -152063.53  3.93%  33.3 1110s
 99127 91948 -150849.65  251 4416 -146315.44 -152063.53  3.93%  33.1 1115s
 101474 94395 -146710.94  853 3087 -146315.44 -152063.53  3.93%  32.6 1120s
 102681 95203 -151167.92  180 4522 -146315.44 -152063.53  3.93%  32.4 1126s
 103582 96439 -149454.05  441 3984 -146315.44 -152063.53  3.93%  32.2 1130s
 104799 97299 -152018.40   23 5084 -146315.44 -152063.07  3.93%  32.0 1135s
 107065 99288 -151482.66   98 4763 -146315.44 -152062.90  3.93%  31.7 1140s
 108396 100667 infeasible  525      -146315.44 -152061.65  3.93%  31.6 1146s
 109614 101757 infeasible   45      -146315.44 -152060.99  3.93%  31.4 1150s
 110343 102718 -151359.17  122 4715 -146315.44 -152060.79  3.93%  31.3 1155s
 111766 104122 -151215.50  143 4672 -146315.44 -152060.79  3.93%  31.1 1162s
 112664 104464 -149498.69  390 4095 -146315.44 -152060.79  3.93%  31.0 1165s
 113151 105021 -147077.06  742 3457 -146315.44 -152060.79  3.93%  30.9 1170s
 114574 106462 -149442.98  411 4092 -146315.44 -152060.79  3.93%  30.8 1175s
 115130 107087 -148038.09  603 3749 -146315.44 -152060.79  3.93%  30.8 1181s
 116534 108418 -150850.19  217 4417 -146315.44 -152060.45  3.93%  30.6 1186s
 117225 109308 -148979.49  501 3913 -146315.44 -152060.45  3.93%  30.5 1190s
 118186 110152 -147043.57  884 3261 -146315.44 -152060.26  3.93%  30.4 1196s
 118737 110786 -151941.40   53 4966 -146315.44 -152060.26  3.93%  30.3 1200s
 119847 112005 -150522.24  278 4387 -146315.44 -152060.26  3.93%  30.2 1207s
 120505 112254 -149358.65  447 3986 -146315.44 -152060.26  3.93%  30.1 1210s
 122218 113975 -151513.65   91 4728 -146315.44 -152060.26  3.93%  29.9 1215s
 123585 115152 -149254.92  417 4083 -146315.44 -152060.26  3.93%  29.7 1224s
 123782 115754 -148971.54  467 3965 -146315.44 -152059.84  3.93%  29.7 1225s
 125475 117184 -151846.30   44 4937 -146315.44 -152059.84  3.93%  29.5 1230s
 127947 119297 -148100.22  703 3603 -146315.44 -152059.84  3.93%  29.2 1236s
 128777 120350     cutoff 1098      -146315.44 -152059.38  3.93%  29.0 1240s
 130307 122031 -149815.99  364 4174 -146315.44 -152059.38  3.93%  28.9 1245s
 131337 122559 -151618.72   75 4807 -146315.44 -152059.16  3.93%  28.8 1250s
 132977 124179 -149108.69  488 3933 -146315.44 -152059.16  3.93%  28.6 1256s
 133894 125300 -147175.91  834 3354 -146315.44 -152059.16  3.93%  28.5 1261s
 135624 127109 -151089.50  179 4505 -146315.44 -152059.16  3.93%  28.3 1265s
 136102 128661 -150227.17  312 4234 -146315.44 -152059.16  3.93%  28.2 1270s
 137914 129073 -146574.34  830 3337 -146315.44 -152059.16  3.93%  28.0 1279s
 138104 129462 -146566.19  834 3325 -146315.44 -152059.16  3.93%  27.9 1281s
 139111 130461 -151475.40  150 4691 -146315.44 -152058.97  3.93%  27.8 1287s
 139803 131002 -150579.74  279 4365 -146315.44 -152058.97  3.93%  27.8 1290s
 141308 132320 -146831.31  820 3178 -146315.44 -152058.97  3.93%  27.6 1295s
 142298 133219 -150772.62  211 4445 -146315.44 -152058.10  3.92%  27.6 1300s
 143964 135043 -151522.72  103 4754 -146315.44 -152057.56  3.92%  27.5 1305s
 144618 135283 -150019.15  322 4196 -146315.44 -152057.56  3.92%  27.5 1310s
 145886 136817 -151272.76  140 4621 -146315.44 -152057.56  3.92%  27.5 1315s
 147316 138113 -150932.43  174 4520 -146315.44 -152057.56  3.92%  27.3 1323s
 147730 139242 -150510.49  262 4352 -146315.44 -152057.56  3.92%  27.3 1325s
 149502 139867 -151468.70  104 4759 -146315.44 -152056.78  3.92%  27.1 1330s
 150717 141591 -148702.72  509 3910 -146315.44 -152056.78  3.92%  27.0 1335s
 152385 143058 -151623.34   91 4763 -146315.44 -152056.78  3.92%  26.9 1340s
 153368 143592 -152033.46   34 5053 -146315.44 -152056.78  3.92%  26.9 1348s
 153466 143618 -152033.26   35 5049 -146315.44 -152056.78  3.92%  26.8 1355s
 153512 143677 -152031.84   36 5044 -146315.44 -152056.72  3.92%  26.8 1363s
 153571 143744 -152027.10   37 5032 -146315.44 -152056.72  3.92%  26.8 1366s
 154080 144435 -150991.48  167 4584 -146315.44 -152056.72  3.92%  26.8 1370s
 155637 146199 -151932.81   47 4962 -146315.44 -152056.72  3.92%  26.7 1375s
 156185 146513 -151252.70  141 4640 -146315.44 -152056.72  3.92%  26.7 1381s
 157872 147984 -151970.06   47 4937 -146315.44 -152056.72  3.92%  26.6 1389s
 158086 148465 -151926.76   70 4850 -146315.44 -152056.72  3.92%  26.6 1390s
 159581 149728 -151248.82  196 4481 -146315.44 -152056.72  3.92%  26.5 1396s
 161272 151333 -150391.09  363 4168 -146315.44 -152056.72  3.92%  26.4 1403s
 161681 151879 -150210.20  401 4112 -146315.44 -152056.72  3.92%  26.3 1408s
 162043 152077 -149924.03  448 4032 -146315.44 -152056.72  3.92%  26.3 1410s
 163479 153419 -148963.00  642 3674 -146315.44 -152055.66  3.92%  26.2 1417s
 163639 153732 -148896.22  662 3639 -146315.44 -152055.66  3.92%  26.2 1420s
 165210 155356 -147941.84  858 3359 -146315.44 -152055.66  3.92%  26.1 1429s
 165586 155763 -147717.80  919 3258 -146315.44 -152055.66  3.92%  26.1 1430s
 166841 156943 -147062.84 1094 2975 -146315.44 -152055.44  3.92%  26.0 1436s
 168434 158308 -151854.24   62 4909 -146315.44 -152055.44  3.92%  25.9 1442s
 168657 158644 -151467.51  103 4798 -146315.44 -152055.44  3.92%  25.9 1446s
 169642 159774 -150147.34  301 4280 -146315.44 -152055.44  3.92%  25.8 1451s
 170653 160512 -148424.49  538 3849 -146315.44 -152055.44  3.92%  25.7 1455s
 171940 161734 -151347.46  168 4653 -146315.44 -152055.36  3.92%  25.6 1463s
 172549 162743 -150141.07  341 4198 -146315.44 -152055.36  3.92%  25.6 1466s
 173166 162970 -148442.68  581 3646 -146315.44 -152055.36  3.92%  25.5 1471s
 174366 164250 -152021.28   42 4995 -146315.44 -152055.36  3.92%  25.5 1478s
 175112 165038 -151064.21  170 4568 -146315.44 -152055.36  3.92%  25.4 1483s
 175515 165510 -150610.17  249 4433 -146315.44 -152055.36  3.92%  25.4 1485s
 176337 166356 -149392.14  458 4015 -146315.44 -152055.36  3.92%  25.3 1490s
 177377 167257 -147836.58  746 3565 -146315.44 -152055.36  3.92%  25.2 1495s
 177760 168261 -147324.54  860 3372 -146315.44 -152055.31  3.92%  25.2 1501s
 179615 169415 -151134.76  135 4639 -146315.44 -152055.31  3.92%  25.1 1505s
 180066 169814 -150309.72  265 4382 -146315.44 -152055.31  3.92%  25.0 1510s
 180951 170738 -148396.47  518 3881 -146315.44 -152055.31  3.92%  25.0 1516s
 182205 171886 -151993.47   39 4952 -146315.44 -152055.31  3.92%  24.9 1523s
 183268 172588 -151046.26  164 4597 -146315.44 -152055.31  3.92%  24.8 1526s
 184328 173717 -151592.36   90 4816 -146315.44 -152055.14  3.92%  24.8 1530s
 184587 174083 -151259.70  136 4618 -146315.44 -152055.14  3.92%  24.7 1535s
 185384 174803 -151705.13   77 4860 -146315.44 -152055.03  3.92%  24.7 1540s
 186024 175276 -150579.89  230 4417 -146315.44 -152055.03  3.92%  24.7 1550s
 187509 176775 -150147.43  319 4234 -146315.44 -152055.03  3.92%  24.7 1559s
 187767 177184 -149625.68  420 4047 -146315.44 -152055.03  3.92%  24.6 1560s
 189660 178763     cutoff 1098      -146315.44 -152054.95  3.92%  24.5 1567s
 190593 179606 -151338.75  176 4659 -146315.44 -152054.95  3.92%  24.5 1571s
 192386 181276 -147315.51  741 3267 -146315.44 -152054.95  3.92%  24.4 1577s
 192878 181865 -151849.02   57 4957 -146315.44 -152054.81  3.92%  24.3 1580s
 194643 183929 -150441.15  274 4375 -146315.44 -152054.79  3.92%  24.3 1585s
 195600 184799 -148951.47  539 3870 -146315.44 -152054.79  3.92%  24.2 1591s
 196680 185562 -147252.66  874 3362 -146315.44 -152054.79  3.92%  24.2 1595s
 197545 186395 -151863.21   54 4873 -146315.44 -152054.60  3.92%  24.2 1600s
 198477 187831 -151293.20  106 4702 -146315.44 -152054.60  3.92%  24.1 1606s
 199300 188240 -151016.94  145 4586 -146315.44 -152054.60  3.92%  24.1 1610s
 199711 188894 -150786.29  172 4482 -146315.44 -152054.60  3.92%  24.1 1615s
 200728 189378 -150397.18  215 4436 -146315.44 -152054.60  3.92%  24.0 1627s
 200909 189686 -150253.70  229 4400 -146315.44 -152054.55  3.92%  24.0 1631s
 202456 191514 -149428.34  319 4224 -146315.44 -152054.55  3.92%  23.9 1635s
 204605 193367 -151904.60   51 4942 -146315.44 -152054.52  3.92%  23.8 1640s
 206659 195665 -151363.39  119 4730 -146315.44 -152054.50  3.92%  23.8 1647s
 207649 196281 -150300.04  295 4359 -146315.44 -152054.50  3.92%  23.7 1650s
 209739 198300 -151939.59   36 4995 -146315.44 -152054.40  3.92%  23.6 1655s
 211575 200355 -150998.90  158 4622 -146315.44 -152054.40  3.92%  23.6 1660s
 214349 202258     cutoff  884      -146315.44 -152054.13  3.92%  23.4 1665s
 214550 202644 -151939.65   51 4982 -146315.44 -152054.13  3.92%  23.4 1671s
 215356 203431 -150308.42  306 4277 -146315.44 -152054.13  3.92%  23.4 1675s
 215820 203835 -151906.09   55 4958 -146315.44 -152054.02  3.92%  23.4 1681s
 216536 204554 -150934.25  185 4565 -146315.44 -152054.02  3.92%  23.4 1689s
 216743 204974 -150545.12  251 4449 -146315.44 -152054.02  3.92%  23.4 1690s
 218022 206178 -151967.77   61 4939 -146315.44 -152054.02  3.92%  23.3 1696s
 218940 207607 -151563.80   86 4806 -146315.44 -152053.99  3.92%  23.3 1701s
 219834 208119 -150302.23  269 4395 -146315.44 -152053.99  3.92%  23.3 1705s
 221346 209642 -147682.96  752 3563 -146315.44 -152053.99  3.92%  23.2 1710s
 222575 210416 infeasible   98      -146315.44 -152053.93  3.92%  23.1 1718s
 222993 211115 -152047.40   21 5078 -146315.44 -152053.93  3.92%  23.1 1721s
 224515 212527 -150273.52  276 4368 -146315.44 -152053.93  3.92%  23.1 1731s
 225596 213628 -148483.03  569 3788 -146315.44 -152053.93  3.92%  23.0 1740s
 226672 214629 -146619.67  977 3161 -146315.44 -152053.93  3.92%  22.9 1747s
 227308 215186 -151818.42   63 4882 -146315.44 -152053.93  3.92%  22.9 1750s
 227515 215505 -151732.75   75 4858 -146315.44 -152053.85  3.92%  22.9 1755s
 227846 215710 -152002.42   36 5026 -146315.44 -152053.81  3.92%  22.9 1761s
 228061 215977 -151942.85   49 4908 -146315.44 -152053.81  3.92%  22.9 1766s
 229289 217530 -151479.92  161 4565 -146315.44 -152053.81  3.92%  22.8 1774s
 229953 217881 -151242.82  207 4480 -146315.44 -152053.81  3.92%  22.8 1777s
 230791 218953 -150888.09  268 4338 -146315.44 -152053.81  3.92%  22.8 1785s
 231432 219270 -150579.10  332 4215 -146315.44 -152053.70  3.92%  22.7 1792s
 232197 220173 -150111.22  424 4059 -146315.44 -152053.70  3.92%  22.7 1795s
 232670 220420 -149895.89  478 3945 -146315.44 -152053.70  3.92%  22.7 1800s
 234006 221871 -148920.22  667 3672 -146315.44 -152053.56  3.92%  22.6 1808s
 234991 223126 -148365.32  792 3436 -146315.44 -152053.56  3.92%  22.6 1813s
 235677 223341 -148077.89  864 3333 -146315.44 -152053.52  3.92%  22.6 1819s
 235892 223803 -147964.51  899 3283 -146315.44 -152053.52  3.92%  22.5 1820s
 237521 225253 -146999.69 1126 2934 -146315.44 -152053.52  3.92%  22.5 1827s
 238266 225982 -146702.29 1231 2731 -146315.44 -152053.52  3.92%  22.4 1834s
 238567 226331 -146549.85 1267 2693 -146315.44 -152053.52  3.92%  22.4 1839s
 238938 226747 infeasible 1302      -146315.44 -152053.52  3.92%  22.4 1840s
 239700 228072 -151432.29  105 4774 -146315.44 -152053.52  3.92%  22.4 1845s
 241368 228776 -152048.16   33 5091 -146315.44 -152053.50  3.92%  22.3 1851s
 242462 229958 -151366.46  143 4677 -146315.44 -152053.50  3.92%  22.3 1858s
 242908 230499 -148058.05  634 3630 -146315.44 -152053.50  3.92%  22.3 1860s
 243360 230822 -150072.35  308 4273 -146315.44 -152053.50  3.92%  22.3 1866s
 244656 232179 -147193.02  741 3530 -146315.44 -152053.39  3.92%  22.2 1875s
 245435 232752 -151850.98   63 4925 -146315.44 -152053.39  3.92%  22.2 1882s
 246316 233477 -151448.89  136 4685 -146315.44 -152053.39  3.92%  22.2 1891s
 247160 234419 infeasible  164      -146315.44 -152053.39  3.92%  22.2 1896s
 248044 235222 -151936.98   62 4959 -146315.44 -152053.39  3.92%  22.2 1900s
 248710 236137 -150905.90  252 4441 -146315.44 -152053.39  3.92%  22.2 1905s
 249269 236699 -149305.28  449 3943 -146315.44 -152053.39  3.92%  22.1 1910s
 250470 238664 -146869.57  819 3194 -146315.44 -152053.32  3.92%  22.1 1917s
 252066 238885 -151036.58  173 4595 -146315.44 -152053.32  3.92%  22.0 1921s
 253228 239928 -148233.67  580 3741 -146315.44 -152053.32  3.92%  22.0 1931s
 253485 240451 -147382.29  703 3525 -146315.44 -152053.32  3.92%  22.0 1935s
 255476 242762 -149606.40  382 4168 -146315.44 -152053.32  3.92%  22.0 1940s
 257416 244240 -146381.36 1022 3105 -146315.44 -152053.32  3.92%  21.9 1945s
 259440 246215 -150325.13  337 4190 -146315.44 -152053.32  3.92%  21.9 1950s
 260171 246747 -148591.58  572 3613 -146315.44 -152052.81  3.92%  21.8 1955s
 262114 248564 -151408.53  110 4721 -146315.44 -152052.81  3.92%  21.8 1960s
 262371 248785 -150927.78  175 4531 -146315.44 -152052.79  3.92%  21.8 1966s
 263696 250110 -147640.29  662 3548 -146315.44 -152052.79  3.92%  21.7 1974s
 263961 250532 -146810.78  795 3407 -146315.44 -152052.79  3.92%  21.7 1975s
 264429 250664 infeasible   37      -146315.44 -152052.76  3.92%  21.7 1981s
 265304 251936 -152038.09   30 5069 -146315.44 -152052.76  3.92%  21.7 1985s
 266825 253068 -151588.05  141 4642 -146315.44 -152052.76  3.92%  21.6 1993s
 267021 253327 -151386.62  174 4467 -146315.44 -152052.71  3.92%  21.6 1995s
 268610 254927 -150494.57  352 4189 -146315.44 -152052.71  3.92%  21.6 2005s
 269344 255802 -149980.89  434 3990 -146315.44 -152052.71  3.92%  21.6 2013s
 270380 256763 -149548.05  519 3879 -146315.44 -152052.71  3.92%  21.5 2018s
 271129 257204 -146484.11 1008 3082 -146315.44 -152052.69  3.92%  21.5 2020s
 271243 257893 -149057.37  611 3748 -146315.44 -152052.69  3.92%  21.5 2025s
 272403 258961 -148262.72  774 3511 -146315.44 -152052.67  3.92%  21.5 2030s
 274511 261172 -147286.00 1029 3075 -146315.44 -152052.67  3.92%  21.4 2035s
 276649 262773 -151999.59   36 5013 -146315.44 -152052.64  3.92%  21.3 2040s
 277430 263430 -151140.08  194 4610 -146315.44 -152052.64  3.92%  21.3 2051s
 278784 265036 -150377.07  256 4372 -146315.44 -152052.61  3.92%  21.2 2059s
 279293 265096 infeasible  373      -146315.44 -152052.59  3.92%  21.2 2068s
 279375 265366 -152046.34   23 5096 -146315.44 -152052.59  3.92%  21.2 2076s
 280247 266330 -151765.65   70 4884 -146315.44 -152052.59  3.92%  21.2 2080s
 281258 267524 -151329.42  172 4590 -146315.44 -152052.59  3.92%  21.2 2085s
 283152 269026 -150425.11  344 4220 -146315.44 -152052.58  3.92%  21.1 2091s
 284544 270615 -149921.72  415 4122 -146315.44 -152052.58  3.92%  21.1 2095s
 286347 272586 -149438.72  496 3956 -146315.44 -152052.46  3.92%  21.1 2100s
 287874 273703 -149044.39  580 3820 -146315.44 -152052.40  3.92%  21.0 2105s
 289501 275271 -148710.23  648 3691 -146315.44 -152052.40  3.92%  21.0 2110s
 291431 277174 -148359.32  724 3526 -146315.44 -152052.40  3.92%  21.0 2116s
 292322 278528 -148191.66  754 3491 -146315.44 -152052.37  3.92%  20.9 2120s
 294546 280159 -147796.13  838 3394 -146315.44 -152052.30  3.92%  20.9 2125s
 296208 281881 -147468.43  904 3275 -146315.44 -152052.30  3.92%  20.8 2130s
 297975 283631 -147274.16  962 3166 -146315.44 -152052.27  3.92%  20.8 2135s
 298804 284147 -147163.10  987 3122 -146315.44 -152052.27  3.92%  20.8 2145s
 300245 285774 -147004.80 1043 3055 -146315.44 -152052.26  3.92%  20.7 2150s
 300611 286004 -146952.49 1061 3035 -146315.44 -152052.26  3.92%  20.7 2158s
 301392 286770 -146891.63 1080 3010 -146315.44 -152052.26  3.92%  20.7 2161s
 302037 287167 -146774.97 1118 2927 -146315.44 -152052.26  3.92%  20.7 2177s
 302506 288003 -146712.50 1140 2890 -146315.44 -152052.26  3.92%  20.7 2180s
 303750 289306 -146569.79 1180 2824 -146315.44 -152052.26  3.92%  20.6 2191s
 305378 290365 infeasible 1210      -146315.44 -152052.26  3.92%  20.6 2198s
 305757 291197 -146387.99 1220 2759 -146315.44 -152052.26  3.92%  20.6 2200s
 307649 292508 -150963.64  176 4578 -146315.44 -152052.16  3.92%  20.5 2211s
 308007 292995 -149950.11  307 4247 -146315.44 -152052.08  3.92%  20.5 2215s
 309639 294777 -151790.66   61 4915 -146315.44 -152052.06  3.92%  20.5 2225s
 310191 295160 -150946.61  152 4645 -146315.44 -152052.06  3.92%  20.5 2234s
 310446 295839 -150673.06  195 4502 -146315.44 -152052.06  3.92%  20.5 2235s
 311307 296193 -152049.24   23 5066 -146315.44 -152051.96  3.92%  20.4 2241s
 312231 297260 -151553.79  153 4726 -146315.44 -152051.96  3.92%  20.4 2250s
 313502 299288 -149162.01  477 3876 -146315.44 -152051.96  3.92%  20.4 2256s
 315526 300265 -151239.90  136 4719 -146315.44 -152051.96  3.92%  20.3 2267s
 316041 300596 -149699.27  339 4228 -146315.44 -152051.96  3.92%  20.3 2271s
 317150 302195 -147083.51  714 3531 -146315.44 -152051.96  3.92%  20.3 2275s
 318234 302805 -151251.44  137 4693 -146315.44 -152051.96  3.92%  20.3 2283s
 318931 303541 -149804.12  342 4181 -146315.44 -152051.96  3.92%  20.3 2292s
 319822 304380 infeasible  644      -146315.44 -152051.80  3.92%  20.3 2300s
 320927 305662 -151166.70  167 4606 -146315.44 -152051.80  3.92%  20.2 2306s
 321786 306597 -149382.30  408 4021 -146315.44 -152051.80  3.92%  20.2 2314s
 322263 307072 -148457.84  558 3757 -146315.44 -152051.80  3.92%  20.2 2315s
 322738 307076 -147494.56  747 3465 -146315.44 -152051.80  3.92%  20.2 2321s
 323784 308993 -152005.38   37 5012 -146315.44 -152051.80  3.92%  20.2 2326s
 325393 310088 -151937.38   43 4960 -146315.44 -152051.80  3.92%  20.1 2330s
 326162 310461 -151659.53   90 4843 -146315.44 -152051.80  3.92%  20.1 2342s
 327188 311902 -151254.33  131 4708 -146315.44 -152051.80  3.92%  20.1 2346s
 327834 312367 -151982.98   28 5018 -146315.44 -152051.80  3.92%  20.1 2350s
 329604 314112 -149793.51  331 4211 -146315.44 -152051.80  3.92%  20.0 2356s
 330855 315143 -147512.72  718 3544 -146315.44 -152051.80  3.92%  20.0 2370s
 332643 316884 -151375.51  179 4659 -146315.44 -152051.80  3.92%  19.9 2375s
 332940 317002 -150893.07  249 4514 -146315.44 -152051.80  3.92%  19.9 2392s
 333611 317937 -149614.49  423 3959 -146315.44 -152051.80  3.92%  19.9 2395s
 334891 318838 -146696.56  841 3097 -146315.44 -152051.80  3.92%  19.9 2400s

Cutting planes:
  Gomory: 267
  Lift-and-project: 11
  Cover: 1372
  MIR: 2868
  StrongCG: 1061
  Flow cover: 921
  GUB cover: 81
  Zero half: 111
  Mod-K: 1
  RLT: 8
  Relax-and-lift: 213

Explored 334916 nodes (6701935 simplex iterations) in 2400.21 seconds (2320.84 work units)
Thread count was 4 (of 28 available processors)

Solution count 10: -146315 -146314 -146312 ... -146257

Time limit reached
Best objective -1.463154418012e+05, best bound -1.520517998146e+05, gap 3.9205%

User-callback calls 988566, time in user-callback 3.43 sec
