
Gurobi 13.0.1 (win64) logging started Wed Oct  7 21:49:34 2026

Set parameter LogFile to value "results/source_summaries/2d/B0300/gurobi_extensive.log"
Gurobi Optimizer version 13.0.1 build v13.0.1rc0 (win64 - Windows 11+.0 (26200.2))

CPU model: Intel(R) Core(TM) i7-14700, instruction set [SSE2|AVX|AVX2]
Thread count: 20 physical cores, 28 logical processors, using up to 4 threads

Non-default parameters:
TimeLimit  1800
IntFeasTol  1e-06
MIPGap  0.0005
Heuristics  0.2
Cuts  2
Presolve  2
Seed  1
Threads  4

Optimize a model with 9607 rows, 16206 columns and 34816 nonzeros (Min)
Model fingerprint: 0x07c8f0a9
Model has 6604 linear objective coefficients
Variable types: 9602 continuous, 6604 integer (6602 binary)
Coefficient statistics:
  Matrix range     [1e-01, 3e+01]
  Objective range  [2e+00, 5e+01]
  Bounds range     [1e-01, 2e+01]
  RHS range        [1e+00, 8e+01]

Found heuristic solution: objective 0.0000000
Presolve removed 0 rows and 9000 columns
Presolve time: 0.78s
Presolved: 9607 rows, 7206 columns, 25819 nonzeros
Variable types: 602 continuous, 6604 integer (6602 binary)
Root relaxation presolved: 9607 rows, 7206 columns, 25819 nonzeros


Root relaxation: objective -7.978140e+04, 2643 iterations, 0.09 seconds (0.12 work units)

    Nodes    |    Current Node    |     Objective Bounds      |     Work
 Expl Unexpl |  Obj  Depth IntInf | Incumbent    BestBd   Gap | It/Node Time

     0     0 -79781.396    0  680    0.00000 -79781.396      -     -    0s
H    0     0                    -72210.74592 -79781.396  10.5%     -    0s
H    0     0                    -72881.74132 -79781.396  9.47%     -    0s
H    0     0                    -72947.66600 -79781.396  9.37%     -    1s
H    0     0                    -72949.81429 -79781.396  9.36%     -    1s
H    0     0                    -73004.58992 -79781.396  9.28%     -    1s
H    0     0                    -73029.65158 -78354.709  7.29%     -    1s
H    0     0                    -73033.82077 -78354.709  7.29%     -    1s
H    0     0                    -73041.01943 -78354.709  7.27%     -    1s
     0     0 -78354.709    0 1212 -73041.019 -78354.709  7.27%     -    1s
     0     0 -78348.343    0 1225 -73041.019 -78348.343  7.27%     -    1s
     0     0 -78180.117    0 1481 -73041.019 -78180.117  7.04%     -    1s
     0     0 -78178.235    0 1487 -73041.019 -78178.235  7.03%     -    1s
     0     0 -78178.227    0 1485 -73041.019 -78178.227  7.03%     -    1s
H    0     0                    -73044.20099 -78178.227  7.03%     -    1s
H    0     0                    -73049.44799 -78178.227  7.02%     -    1s
     0     0 -77844.841    0 1400 -73049.448 -77844.841  6.56%     -    1s
H    0     0                    -73056.00158 -77844.841  6.56%     -    1s
H    0     0                    -73059.08673 -77507.657  6.09%     -    2s
     0     0 -77507.657    0 1524 -73059.087 -77507.657  6.09%     -    2s
     0     0 -77411.073    0 1577 -73059.087 -77411.073  5.96%     -    2s
     0     0 -77405.695    0 1628 -73059.087 -77405.695  5.95%     -    2s
H    0     0                    -73064.92833 -77405.412  5.94%     -    2s
     0     0 -77405.412    0 1626 -73064.928 -77405.412  5.94%     -    2s
H    0     0                    -73068.95419 -77405.412  5.93%     -    2s
H    0     0                    -73070.85492 -77405.412  5.93%     -    2s
     0     0 -77267.574    0 1740 -73070.855 -77267.574  5.74%     -    2s
     0     0 -77159.318    0 1813 -73070.855 -77159.318  5.60%     -    3s
     0     0 -77155.086    0 1848 -73070.855 -77155.086  5.59%     -    3s
     0     0 -77154.825    0 1857 -73070.855 -77154.825  5.59%     -    3s
H    0     0                    -73073.75580 -77154.825  5.58%     -    3s
H    0     0                    -73075.68972 -77154.825  5.58%     -    3s
H    0     0                    -73083.85021 -77154.825  5.57%     -    3s
     0     0 -77089.407    0 1916 -73083.850 -77089.407  5.48%     -    3s
H    0     0                    -73084.86066 -77089.248  5.48%     -    3s
     0     0 -77074.635    0 1961 -73084.861 -77074.635  5.46%     -    3s
     0     0 -77073.217    0 1971 -73084.861 -77073.217  5.46%     -    3s
H    0     0                    -73086.90420 -77073.217  5.45%     -    4s
     0     0 -77035.149    0 1941 -73086.904 -77035.149  5.40%     -    4s
H    0     0                    -73093.98331 -76849.123  5.14%     -    4s
     0     0 -76849.123    0 1962 -73093.983 -76849.123  5.14%     -    4s
     0     0 -76802.201    0 2001 -73093.983 -76802.201  5.07%     -    4s
     0     0 -76796.619    0 2040 -73093.983 -76796.619  5.07%     -    5s
     0     0 -76795.652    0 2037 -73093.983 -76795.652  5.06%     -    5s
H    0     0                    -73094.99980 -76795.652  5.06%     -    5s
H    0     0                    -73097.02069 -76725.752  4.96%     -    6s
     0     0 -76725.752    0 2192 -73097.021 -76725.752  4.96%     -    6s
     0     0 -76720.185    0 2230 -73097.021 -76720.185  4.96%     -    6s
     0     0 -76719.820    0 2240 -73097.021 -76719.820  4.96%     -    6s
     0     0 -76664.206    0 2172 -73097.021 -76664.206  4.88%     -    8s
     0     0 -76662.884    0 2194 -73097.021 -76662.884  4.88%     -    8s
     0     0 -76590.110    0 2350 -73097.021 -76590.110  4.78%     -   10s
     0     0 -76586.312    0 2375 -73097.021 -76586.312  4.77%     -   10s
     0     0 -76494.074    0 2391 -73097.021 -76494.074  4.65%     -   11s
     0     0 -76486.332    0 2196 -73097.021 -76486.332  4.64%     -   11s
     0     0 -76484.577    0 2228 -73097.021 -76484.577  4.63%     -   12s
     0     0 -76410.779    0 2270 -73097.021 -76410.779  4.53%     -   13s
     0     0 -76361.270    0 2614 -73097.021 -76361.270  4.47%     -   14s
     0     0 -76354.501    0 2691 -73097.021 -76354.501  4.46%     -   14s
     0     0 -76353.675    0 2710 -73097.021 -76353.675  4.46%     -   15s
     0     0 -76322.609    0 2474 -73097.021 -76322.609  4.41%     -   17s
     0     0 -76319.525    0 2472 -73097.021 -76319.525  4.41%     -   17s
     0     0 -76295.615    0 2502 -73097.021 -76295.615  4.38%     -   19s
     0     0 -76295.471    0 2499 -73097.021 -76295.471  4.38%     -   19s
     0     0 -76295.471    0 2473 -73097.021 -76295.471  4.38%     -   19s
     0     2 -76293.940    0 2471 -73097.021 -76293.940  4.37%     -   21s
   176   187 -75718.163   21 2381 -73097.021 -76133.239  4.15%  88.0   25s
   817   876 -75669.915   51 2333 -73097.021 -76133.239  4.15%  33.5   30s
  2115  2104 -75471.448  168 2223 -73097.021 -76061.444  4.06%  24.2   35s
  5114  4998 -73996.125  209 2473 -73097.021 -75972.215  3.93%  20.0   44s
  5117  5000 -74753.394  412 1370 -73097.021 -75972.215  3.93%  20.0   45s
  5124  5005 -75576.444  290 2832 -73097.021 -75972.215  3.93%  20.0   50s
  5128  5007 -73700.743  170 2946 -73097.021 -75972.215  3.93%  20.0   57s
  5129  5008 -75364.915  202 2952 -73097.021 -75972.215  3.93%  20.0   60s
  5133  5011 -74397.029   17 3016 -73097.021 -75972.215  3.93%  20.0   65s
  5136  5013 -73773.167  349 3125 -73097.021 -75970.989  3.93%  19.9   70s
  5140  5015 -75720.029   16 3131 -73097.021 -75921.347  3.86%  19.9   77s
  5142  5017 -74390.523   19 3228 -73097.021 -75914.216  3.85%  19.9   81s
  5144  5018 -75236.323  243 3217 -73097.021 -75875.362  3.80%  19.9   85s
  5147  5020 -74577.241  453 3178 -73097.021 -75843.408  3.76%  19.9   91s
  5150  5022 -73151.968  744 3256 -73097.021 -75834.915  3.75%  19.9   95s
  5152  5023 -75789.511  134 3150 -73097.021 -75795.370  3.69%  19.9  101s
  5155  5025 -74045.064  186 3259 -73097.021 -75787.396  3.68%  19.9  106s
  5157  5027 -73950.950   79 3199 -73097.021 -75764.339  3.65%  19.9  111s
  5159  5028 -73754.834  147 3206 -73097.021 -75750.809  3.63%  19.9  117s
  5161  5029 -75683.359  212 3295 -73097.021 -75731.555  3.60%  19.9  121s
  5163  5031 -75585.884  276 3278 -73097.021 -75717.803  3.59%  19.8  128s
  5165  5032 -74996.061  456 3341 -73097.021 -75714.963  3.58%  19.8  132s
  5166  5033 -74234.479  131 3298 -73097.021 -75702.302  3.56%  19.8  136s
  5169  5035 -75645.381   75 3367 -73097.021 -75692.168  3.55%  19.8  142s
  5170  5035 -73724.451  230 3324 -73097.021 -75681.700  3.54%  19.8  145s
  5173  5037 -74652.676  502 3340 -73097.021 -75668.150  3.52%  19.8  153s
  5174  5038 -74494.455  505 3386 -73097.021 -75660.468  3.51%  19.8  155s
  5177  5040 -75339.343  399 3356 -73097.021 -75648.622  3.49%  19.8  163s
  5178  5041 -74175.580   31 3390 -73097.021 -75647.054  3.49%  19.8  165s
  5180  5042 -75002.922  330 3383 -73097.021 -75640.801  3.48%  19.8  171s
  5182  5043 -73800.974  326 3466 -73097.021 -75632.497  3.47%  19.8  175s
  5184  5045 -74180.110  103 3396 -73097.021 -75622.774  3.46%  19.8  181s
  5186  5046 -75425.861  179 3417 -73097.021 -75616.242  3.45%  19.8  187s
  5187  5047 -73289.470  641 3443 -73097.021 -75610.007  3.44%  19.8  190s
  5189  5048 -74072.783  174 3397 -73097.021 -75599.991  3.42%  19.7  196s
  5191  5049 -75460.307  333 3470 -73097.021 -75595.789  3.42%  19.7  200s
  5193  5051 -74366.422   29 3422 -73097.021 -75584.115  3.40%  19.7  205s
  5195  5052 -74127.959  156 3425 -73097.021 -75574.808  3.39%  19.7  211s
  5197  5053 -73451.363  235 3425 -73097.021 -75574.791  3.39%  19.7  220s
  5198  5057 -75557.173   16 3087 -73097.021 -75574.791  3.39%  43.8  225s
  5204  5063 -74008.841   18 2822 -73097.021 -75550.086  3.36%  49.1  230s
  5366  5178 -73986.797   35 2709 -73097.021 -75550.086  3.36%  55.1  235s
  5640  5394 -73961.572   53 2669 -73097.021 -75550.086  3.36%  57.7  240s
  6019  5650 -73927.740   71 2618 -73097.021 -75550.086  3.36%  58.4  245s
  6144  5694 -73876.151   79 2652 -73097.021 -75550.086  3.36%  61.3  250s
  6305  5782 -73829.189   95 2616 -73097.021 -75550.086  3.36%  63.5  256s
  6388  5804 -73801.754  111 2594 -73097.021 -75550.086  3.36%  67.4  264s
  6396  5817 -73801.337  111 2590 -73097.021 -75550.086  3.36%  68.2  271s
  6411  5825 -73790.940  112 2588 -73097.021 -75550.086  3.36%  68.9  279s
  6424  5835 -73792.738  112 2590 -73097.021 -75550.086  3.36%  69.7  285s
  6455  5857 -73790.922  114 2583 -73097.021 -75550.086  3.36%  71.3  290s
  6572  5930 -73736.384  141 2562 -73097.021 -75550.086  3.36%  76.6  296s
  6649  6006 -73699.837  161 2537 -73097.021 -75550.086  3.36%  79.6  300s
  6812  6143 -73583.616  214 2428 -73097.021 -75550.086  3.36%  84.2  305s
  6996  6262 -73469.181  266 2324 -73097.021 -75550.086  3.36%  87.2  310s
  7170  6378 -73375.902  314 2198 -73097.021 -75550.086  3.36%  91.3  316s
  7234  6406 -73350.114  328 2147 -73097.021 -75550.086  3.36%  92.3  323s
  7284  6421 -73334.738  336 2147 -73097.021 -75550.086  3.36%  93.5  332s
  7315  6447 -73332.091  337 2143 -73097.021 -75550.086  3.36%  94.8  341s
  7353  6472 -73334.403  337 2147 -73097.021 -75550.086  3.36%  96.1  350s
  7390  6486 -73334.216  338 2148 -73097.021 -75550.086  3.36%  97.4  360s
  7419  6516 -73331.583  338 2147 -73097.021 -75550.086  3.36%  98.4  369s
  7460  6552 -73328.760  339 2147 -73097.021 -75550.086  3.36%   100  379s
  7510  6601 -73325.771  339 2145 -73097.021 -75550.086  3.36%   101  388s
  7578  6644 -73328.480  340 2138 -73097.021 -75550.086  3.36%   103  399s
  7643  6686 -73323.912  340 2126 -73097.021 -75550.086  3.36%   104  409s
  7709  6726 -73328.102  341 2135 -73097.021 -75550.086  3.36%   106  419s
  7773  6774 -73312.726  341 2111 -73097.021 -75550.086  3.36%   107  429s
  7844  6810 -73328.029  342 2128 -73097.021 -75550.086  3.36%   109  439s
  7906  7001 -73314.233  342 2138 -73097.021 -75550.086  3.36%   111  442s
  8120  7126 -73210.926  410 1974 -73097.021 -75550.086  3.36%   112  447s
  8346  7184 -75031.819   24 3175 -73097.021 -75550.086  3.36%   113  450s
  8617  7381 -75002.757   35 3045 -73097.021 -75550.086  3.36%   117  456s
  8785  7512 -74996.323   46 2983 -73097.021 -75550.086  3.36%   119  460s
  8976  7482 -74982.887   55 2958 -73097.021 -75550.086  3.36%   121  465s
  9172  7771 -74965.258   68 2904 -73097.021 -75550.086  3.36%   122  473s
  9372  7998 -74941.489   83 2865 -73097.021 -75550.086  3.36%   124  477s
  9667  8316 -73103.694   94 2247 -73097.021 -75550.086  3.36%   126  481s
 10094  8726 -74876.538  100 2841 -73097.021 -75550.086  3.36%   125  486s
 10654  8543 -74867.597  100 2850 -73097.021 -75550.086  3.36%   122  495s
 10658  9588 -74875.564  101 2846 -73097.021 -75550.086  3.36%   122  626s
 11754  9909 -74450.195  238 2472 -73097.021 -75550.086  3.36%   122  640s
 12550  9997 -74260.027  331 2311 -73097.021 -75526.404  3.32%   121  651s
 12961  9887 -73983.478  442 2001 -73097.021 -75526.404  3.32%   123  664s
 12988  9942 -73958.824  449 1959 -73097.021 -75523.085  3.32%   123  682s
 13052 10477 -73935.669  462 1916 -73097.021 -75523.085  3.32%   124  692s
 13622 10880 -73569.090  659 1567 -73097.021 -75522.796  3.32%   124  702s
 14231 10965 -73183.852  870 1160 -73097.021 -75522.796  3.32%   124  711s
 14549 11183 -74905.944   58 2929 -73097.021 -75522.796  3.32%   126  720s
 14893 11342 -74722.535   95 2817 -73097.021 -75522.796  3.32%   129  731s
 15193 11888 -74649.282  135 2713 -73097.021 -75522.796  3.32%   130  741s
 15853 12561 -74512.669  172 2625 -73097.021 -75522.796  3.32%   131  753s
 16760 13941 -74425.626  208 2523 -73097.021 -75522.796  3.32%   128  763s
 18478 13955 -74310.955  245 2407 -73097.021 -75522.796  3.32%   121  770s
 19177 14249 -74245.963  281 2307 -73097.021 -75522.796  3.32%   120  776s
 19704 14701 -74127.656  312 2217 -73097.021 -75522.796  3.32%   121  783s
 20347 15454 -73963.638  348 2118 -73097.021 -75522.796  3.32%   121  789s
 21333 17916 -73742.312  442 1924 -73097.021 -75522.796  3.32%   119  799s
 23946 18065 infeasible  653      -73097.021 -75522.793  3.32%   112  801s
 24545 18791 -75455.528   42 2960 -73097.021 -75522.793  3.32%   111  805s
 25491 19807 -75296.794   79 2794 -73097.021 -75522.793  3.32%   109  811s
 26260 20299 -75158.549  114 2685 -73097.021 -75522.793  3.32%   107  815s
 26998 20870 -75018.279  159 2592 -73097.021 -75522.793  3.32%   107  821s
 27372 21308 -74885.814  191 2463 -73097.021 -75522.793  3.32%   107  825s
 28009 21917 -74667.626  246 2314 -73097.021 -75518.956  3.31%   107  831s
 28499 22441 -74436.548  303 2163 -73097.021 -75518.956  3.31%   107  836s
 29114 23299 -74241.299  346 2033 -73097.021 -75518.956  3.31%   106  841s
 30187 24237 -73942.411  432 1866 -73097.021 -75518.813  3.31%   104  847s
 31122 25239 -73452.945  542 1660 -73097.021 -75518.813  3.31%   103  852s
 31701 26074 -75496.410   24 3010 -73097.021 -75518.813  3.31%   102  859s
 32566 26855 -74247.242  225 2350 -73097.021 -75517.283  3.31%   102  863s
 33407 27469 -75473.864   33 2971 -73097.021 -75517.252  3.31%   100  867s
 34461 28249 -75155.847  104 2741 -73097.021 -75517.252  3.31%  98.6  872s
 34893 28356 -74608.763  179 2454 -73097.021 -75517.252  3.31%  98.1  875s
 35472 29446 -73905.261  283 2117 -73097.021 -75517.252  3.31%  97.4  880s
 36535 30089 -75367.522   51 2891 -73097.021 -75517.252  3.31%  96.1  885s
 37206 30655 -74926.241  100 2670 -73097.021 -75517.252  3.31%  96.1  891s
 37817 31217 -73564.654  270 2201 -73097.021 -75517.252  3.31%  96.0  897s
 38265 31556 -75364.669   54 2907 -73097.021 -75517.252  3.31%  96.0  902s
 38821 32177 -74283.132  180 2488 -73097.021 -75517.252  3.31%  96.0  908s
 39085 32669 -73804.419  246 2287 -73097.021 -75517.252  3.31%  95.7  910s
 39890 33336 -75180.329   66 2768 -73097.021 -75517.252  3.31%  95.3  916s
 40887 34545 -73951.175  262 2242 -73097.021 -75517.252  3.31%  94.4  921s
 41905 35878 -75446.233   37 3014 -73097.021 -75517.109  3.31%  93.2  930s
 43446 36341 -75032.713   98 2729 -73097.021 -75517.109  3.31%  91.7  935s
 43804 36769 -74874.989  128 2641 -73097.021 -75517.109  3.31%  91.9  940s
 44360 37606 -74713.278  162 2581 -73097.021 -75517.109  3.31%  91.9  945s
 45223 38358 -74456.049  223 2417 -73097.021 -75516.480  3.31%  91.5  950s
 46229 39499 -74211.917  269 2301 -73097.021 -75516.480  3.31%  91.0  955s
 46913 40076 -74052.563  314 2183 -73097.021 -75515.036  3.31%  90.5  961s
 48252 41482 -73737.427  387 1997 -73097.021 -75515.036  3.31%  89.3  967s
 48858 42131 -73599.354  432 1888 -73097.021 -75515.036  3.31%  88.7  970s
 50452 43771 -73235.075  544 1705 -73097.021 -75515.036  3.31%  86.9  976s
 51704 44428 -75366.357   38 2944 -73097.021 -75515.036  3.31%  85.8  980s
 52221 45517 -74722.076  106 2680 -73097.021 -75515.036  3.31%  85.6  988s
 53151 45817 -75491.463   26 3046 -73097.021 -75515.036  3.31%  85.2  991s
 53745 46230 -75271.832   57 2793 -73097.021 -75515.036  3.31%  85.2  996s
 54332 47223 -75068.669   91 2734 -73097.021 -75515.036  3.31%  85.4 1002s
 54959 47429 -74965.643  108 2705 -73097.021 -75515.036  3.31%  85.1 1005s
 55506 48252 -74818.894  144 2656 -73097.021 -75515.036  3.31%  85.1 1010s
 56616 49052 -74523.641  194 2477 -73097.021 -75514.316  3.31%  84.6 1016s
 57470 50122 -74281.314  254 2316 -73097.021 -75514.316  3.31%  84.5 1022s
 58591 51243 -74033.031  299 2177 -73097.021 -75514.110  3.31%  84.0 1027s
 59148 52109 -73863.589  353 2078 -73097.021 -75514.110  3.31%  83.8 1030s
 60581 53370 -73626.707  411 1940 -73097.021 -75514.110  3.31%  82.8 1036s
 61901 54202 -73295.108  501 1758 -73097.021 -75514.110  3.31%  82.0 1041s
 62367 54419 -75360.216   44 2941 -73097.021 -75514.110  3.31%  82.0 1045s
 63541 55703 -73610.470  346 2041 -73097.021 -75514.110  3.31%  81.7 1051s
 63976 56108 -75315.863   48 2908 -73097.021 -75514.110  3.31%  81.8 1056s
 64665 57041 -74303.838  199 2431 -73097.021 -75514.110  3.31%  81.7 1062s
 65701 57690 -75434.650   37 2958 -73097.021 -75514.110  3.31%  81.2 1066s
 66324 58722 -75018.143  103 2671 -73097.021 -75514.110  3.31%  81.2 1071s
 67603 59820 -73925.529  269 2202 -73097.021 -75513.322  3.31%  80.4 1075s
 68681 60382 -75209.597   50 2841 -73097.021 -75513.224  3.31%  80.0 1082s
 68844 60754 -74783.890   90 2624 -73097.021 -75513.224  3.31%  80.1 1086s
 69623 61532 -73311.463  327 2067 -73097.021 -75513.224  3.31%  79.9 1090s
 70530 62219 -75012.829  108 2664 -73097.021 -75513.224  3.31%  79.8 1097s
 70782 62251 -74398.119  186 2392 -73097.021 -75513.224  3.31%  79.8 1100s
 71288 63107 -73159.638  408 1813 -73097.021 -75513.224  3.31%  79.7 1105s
 71806 63343 -75421.844   44 2910 -73097.021 -75513.224  3.31%  79.6 1111s
 72177 63560 -75319.817   64 2781 -73097.021 -75513.052  3.31%  79.9 1116s
 72495 64014 -75131.193   96 2693 -73097.021 -75513.052  3.31%  80.2 1120s
 73001 65691 -74914.394  130 2620 -73097.021 -75513.052  3.31%  80.1 1132s
 74480 66867 -74076.908  332 2108 -73097.021 -75512.582  3.30%  79.8 1136s
 75742 66947 -73510.079  480 1796 -73097.021 -75512.582  3.30%  79.0 1140s
 76345 67467 -75474.631   28 3008 -73097.021 -75512.582  3.30%  78.8 1145s
 76975 68332 -74696.489  134 2574 -73097.021 -75512.582  3.30%  78.9 1151s
 77896 69002 -73617.144  333 2081 -73097.021 -75512.582  3.30%  78.6 1155s
 78627 69914 -74653.076  125 2636 -73097.021 -75512.582  3.30%  78.6 1161s
 79500 70417 -73387.617  319 2099 -73097.021 -75512.582  3.30%  78.3 1166s
 79833 70944 -75239.325   52 2801 -73097.021 -75512.582  3.30%  78.4 1170s
 80767 71887 -74233.163  206 2425 -73097.021 -75512.582  3.30%  78.2 1175s
 81337 72132 -75353.183   46 2956 -73097.021 -75512.582  3.30%  78.1 1180s
 81913 73226 -74586.747  151 2506 -73097.021 -75512.582  3.30%  78.1 1185s
 82989 74004 -75225.399   61 2817 -73097.021 -75512.582  3.30%  77.9 1193s
 83495 74872 -74414.175  214 2379 -73097.021 -75512.582  3.30%  77.9 1197s
 84705 75153 -75400.160   46 2963 -73097.021 -75512.582  3.30%  77.5 1202s
 85049 75847 -74896.343  114 2639 -73097.021 -75512.582  3.30%  77.7 1207s
 86256 76572 -75440.358   33 2951 -73097.021 -75512.509  3.30%  77.3 1212s
 86441 76862 -75251.868   59 2808 -73097.021 -75512.509  3.30%  77.6 1216s
 86904 77350 -75054.801   98 2677 -73097.021 -75512.509  3.30%  77.8 1220s
 87346 77774 -74946.185  120 2678 -73097.021 -75512.509  3.30%  78.0 1226s
 87956 78552 -74673.785  166 2562 -73097.021 -75512.509  3.30%  78.1 1232s
 88425 78912 -74572.402  187 2475 -73097.021 -75512.463  3.30%  78.1 1235s
 89358 80259 -74339.115  258 2327 -73097.021 -75512.463  3.30%  78.0 1242s
 90142 81042 -74159.879  302 2193 -73097.021 -75512.463  3.30%  77.8 1245s
 91557 81970 -73796.576  368 2016 -73097.021 -75512.462  3.30%  77.0 1250s
 92758 83372 -73406.208  474 1818 -73097.021 -75510.960  3.30%  76.6 1256s
 93367 83609 -73187.952  534 1686 -73097.021 -75510.960  3.30%  76.3 1261s
 93640 83935 -75267.193   49 2874 -73097.021 -75510.960  3.30%  76.5 1268s
 93974 84702 -74766.304  131 2600 -73097.021 -75510.960  3.30%  76.6 1274s
 94807 85183 -73629.624  360 1967 -73097.021 -75510.375  3.30%  76.5 1279s
 95332 85774 -75177.447   66 2803 -73097.021 -75510.375  3.30%  76.6 1284s
 95961 86413 -74150.686  207 2371 -73097.021 -75510.375  3.30%  76.5 1289s
 96656 86655 -75328.611   43 2870 -73097.021 -75510.375  3.30%  76.5 1295s
 96898 87241 -74961.657   90 2745 -73097.021 -75510.375  3.30%  76.5 1300s
 97993 88071 -75482.173   23 3098 -73097.021 -75510.375  3.30%  76.4 1308s
 98449 88480 -75337.248   41 2869 -73097.021 -75510.375  3.30%  76.4 1311s
 98926 88798 -74936.094   84 2675 -73097.021 -75510.375  3.30%  76.3 1316s
 99280 89079 -74119.073  211 2353 -73097.021 -75510.375  3.30%  76.3 1320s
 99928 90092 -75332.163   53 2873 -73097.021 -75510.375  3.30%  76.4 1329s
 100698 90135 -74416.927  126 2601 -73097.021 -75510.375  3.30%  76.3 1333s
 100743 90362 -73993.260  156 2498 -73097.021 -75510.375  3.30%  76.3 1338s
 101014 90562 -75400.481   34 2962 -73097.021 -75510.375  3.30%  76.4 1341s
 101214 90835 -75377.954   35 2936 -73097.021 -75510.375  3.30%  76.4 1345s
 102022 91437 -75278.237   50 2841 -73097.021 -75510.375  3.30%  76.2 1352s
 102215 91858 -75211.682   67 2816 -73097.021 -75509.296  3.30%  76.4 1357s
 102636 92172 -75046.897   83 2748 -73097.021 -75509.296  3.30%  76.5 1363s
 102950 92701 -74925.600  100 2668 -73097.021 -75509.296  3.30%  76.4 1368s
 103550 92824 -74675.560  147 2580 -73097.021 -75509.017  3.30%  76.3 1373s
 103673 92901 -74582.470  161 2519 -73097.021 -75509.017  3.30%  76.5 1377s
 103752 95901 -74548.817  169 2492 -73097.021 -75509.017  3.30%  76.5 1396s
 107250 96444 -73578.895  427 1884 -73097.021 -75508.746  3.30%  76.4 1411s
 107479 96448 -73493.323  446 1852 -73097.021 -75508.746  3.30%  76.3 1419s
 107483 96452 -73483.396  446 1839 -73097.021 -75508.746  3.30%  76.3 1429s
 107487 96456 -73492.238  446 1852 -73097.021 -75508.746  3.30%  76.3 1439s
 107491 96460 -73492.587  447 1846 -73097.021 -75508.746  3.30%  76.3 1450s
 107495 96464 -73488.202  447 1843 -73097.021 -75508.746  3.30%  76.3 1460s
 107499 96468 -73486.931  446 1856 -73097.021 -75508.746  3.30%  76.3 1469s
 107503 96472 -73483.910  445 1846 -73097.021 -75508.746  3.30%  76.3 1479s
 107507 96476 -73498.320  445 1850 -73097.021 -75508.746  3.30%  76.3 1490s
 107511 96480 -73482.657  446 1857 -73097.021 -75508.746  3.30%  76.3 1501s
 107515 96484 -73477.346  446 1838 -73097.021 -75508.746  3.30%  76.3 1511s
 107519 96488 -73478.739  448 1846 -73097.021 -75508.746  3.30%  76.3 1522s
 107523 96492 -73462.602  448 1859 -73097.021 -75508.746  3.30%  76.3 1534s
 107527 96496 -73480.146  447 1834 -73097.021 -75508.746  3.30%  76.3 1545s
 107531 96500 -73491.676  448 1843 -73097.021 -75508.746  3.30%  76.3 1556s
 107535 96504 -73486.117  449 1842 -73097.021 -75508.746  3.30%  76.3 1568s
 107539 96508 -73468.564  449 1840 -73097.021 -75508.746  3.30%  76.3 1580s
 107543 96512 -73475.750  450 1841 -73097.021 -75508.746  3.30%  76.3 1592s
 107547 96516 -73478.615  448 1837 -73097.021 -75508.746  3.30%  76.3 1605s
 107551 96520 -73456.339  448 1825 -73097.021 -75508.746  3.30%  76.3 1618s
 107555 96524 -73477.905  447 1853 -73097.021 -75508.746  3.30%  76.4 1631s
 107559 96528 -73486.725  448 1862 -73097.021 -75508.746  3.30%  76.4 1645s
 107563 96531 -73478.861  449 1843 -73097.021 -75508.746  3.30%  76.4 1658s
 107568 96535 -73412.148  450 1839 -73097.021 -75508.746  3.30%  76.4 1670s
 107572 96539 -73481.067  447 1857 -73097.021 -75508.746  3.30%  76.4 1683s
 107576 96543 -73480.332  448 1852 -73097.021 -75508.746  3.30%  76.4 1697s
 107580 96547 -73475.947  448 1848 -73097.021 -75508.746  3.30%  76.4 1711s
 107584 96551 -73476.277  449 1842 -73097.021 -75508.746  3.30%  76.4 1725s
 107588 96555 -73474.915  450 1842 -73097.021 -75508.746  3.30%  76.4 1740s
 107592 96559 -73473.904  451 1839 -73097.021 -75508.746  3.30%  76.4 1754s
 107596 96563 -73472.910  452 1832 -73097.021 -75508.746  3.30%  76.4 1768s
 107600 96567 -73471.840  452 1839 -73097.021 -75508.746  3.30%  76.4 1783s
 107604 96571 -73471.523  453 1838 -73097.021 -75508.746  3.30%  76.4 1798s
 107608 96575 -73471.198  454 1834 -73097.021 -75508.746  3.30%  76.4 1800s

Cutting planes:
  Learned: 1
  Gomory: 97
  Lift-and-project: 10
  Cover: 959
  MIR: 1731
  StrongCG: 578
  Flow cover: 597
  GUB cover: 66
  Zero half: 157
  Mod-K: 1
  Relax-and-lift: 34

Explored 107612 nodes (8253338 simplex iterations) in 1800.03 seconds (3365.52 work units)
Thread count was 4 (of 28 available processors)

Solution count 10: -73097 -73095 -73094 ... -73069

Time limit reached
Best objective -7.309702069239e+04, best bound -7.550874630986e+04, gap 3.2993%

User-callback calls 432829, time in user-callback 1.45 sec
