
Gurobi 13.0.1 (win64) logging started Wed Oct  7 10:54:42 2026

Set parameter LogFile to value "results/source_summaries/2d/B0840/gurobi_extensive.log"
Gurobi Optimizer version 13.0.1 build v13.0.1rc0 (win64 - Windows 11+.0 (26200.2))

CPU model: Intel(R) Core(TM) i7-14700, instruction set [SSE2|AVX|AVX2]
Thread count: 20 physical cores, 28 logical processors, using up to 4 threads

Non-default parameters:
TimeLimit  2400
IntFeasTol  1e-06
MIPGap  0.0005
Heuristics  0.2
Cuts  2
Presolve  2
Seed  1
Threads  4

Optimize a model with 26887 rows, 45366 columns and 97456 nonzeros (Min)
Model fingerprint: 0x03a97585
Model has 18484 linear objective coefficients
Variable types: 26882 continuous, 18484 integer (18482 binary)
Coefficient statistics:
  Matrix range     [1e-01, 3e+01]
  Objective range  [2e+00, 5e+01]
  Bounds range     [1e-01, 2e+01]
  RHS range        [1e+00, 8e+01]

Found heuristic solution: objective 0.0000000
Presolve removed 0 rows and 25200 columns
Presolve time: 2.37s
Presolved: 26887 rows, 20166 columns, 72259 nonzeros
Variable types: 1682 continuous, 18484 integer (18482 binary)
Root relaxation presolved: 26887 rows, 20166 columns, 72259 nonzeros


Root relaxation: objective -2.235946e+05, 7680 iterations, 0.41 seconds (0.56 work units)

    Nodes    |    Current Node    |     Objective Bounds      |     Work
 Expl Unexpl |  Obj  Depth IntInf | Incumbent    BestBd   Gap | It/Node Time

     0     0 -223594.60    0 1903    0.00000 -223594.60      -     -    3s
H    0     0                    -202440.0754 -223594.60  10.4%     -    3s
H    0     0                    -204262.9254 -223594.60  9.46%     -    3s
H    0     0                    -204418.1242 -223594.60  9.38%     -    3s
H    0     0                    -204576.8061 -223594.60  9.30%     -    3s
H    0     0                    -204582.9141 -220259.89  7.66%     -    4s
H    0     0                    -204604.6803 -220259.89  7.65%     -    4s
H    0     0                    -204608.8936 -220259.89  7.65%     -    4s
     0     0 -220195.57    0 2757 -204608.89 -220195.57  7.62%     -    4s
H    0     0                    -204635.7928 -219623.42  7.32%     -    4s
     0     0 -219623.42    0 3429 -204635.79 -219623.42  7.32%     -    4s
     0     0 -219620.58    0 3395 -204635.79 -219620.58  7.32%     -    4s
H    0     0                    -204641.6727 -219274.55  7.15%     -    5s
H    0     0                    -204643.5417 -219274.55  7.15%     -    5s
H    0     0                    -204646.4676 -219274.55  7.15%     -    5s
     0     0 -219274.55    0 3701 -204646.47 -219274.55  7.15%     -    5s
     0     0 -219148.77    0 4153 -204646.47 -219148.77  7.09%     -    5s
     0     0 -219148.76    0 4147 -204646.47 -219148.76  7.09%     -    5s
H    0     0                    -204661.4516 -219148.52  7.08%     -    5s
     0     0 -219148.52    0 4152 -204661.45 -219148.52  7.08%     -    5s
H    0     0                    -204667.5829 -219148.52  7.08%     -    7s
H    0     0                    -204687.0267 -219148.52  7.07%     -    7s
H    0     0                    -204691.9412 -219148.52  7.06%     -    7s
H    0     0                    -204694.0663 -219148.52  7.06%     -    7s
H    0     0                    -204723.7112 -219148.52  7.05%     -    7s
H    0     0                    -204730.3912 -218560.20  6.76%     -    7s
H    0     0                    -204745.0786 -218560.20  6.75%     -    7s
     0     0 -218554.58    0 3843 -204745.08 -218554.58  6.74%     -    7s
H    0     0                    -204747.9585 -218375.65  6.66%     -    8s
H    0     0                    -204751.9915 -218375.65  6.65%     -    8s
     0     0 -218279.54    0 4079 -204751.99 -218279.54  6.61%     -    8s
H    0     0                    -204777.6052 -217720.84  6.32%     -    9s
     0     0 -217720.84    0 4204 -204777.61 -217720.84  6.32%     -    9s
H    0     0                    -204793.0672 -217507.31  6.21%     -    9s
H    0     0                    -204795.1265 -217507.31  6.21%     -    9s
     0     0 -217507.31    0 4369 -204795.13 -217507.31  6.21%     -    9s
H    0     0                    -204796.1523 -217379.99  6.14%     -   10s
H    0     0                    -204801.3669 -217379.99  6.14%     -   10s
H    0     0                    -204810.4528 -217379.99  6.14%     -   10s
     0     0 -217379.99    0 4563 -204810.45 -217379.99  6.14%     -   10s
     0     0 -217374.28    0 4596 -204810.45 -217374.28  6.13%     -   10s
     0     0 -217373.88    0 4599 -204810.45 -217373.88  6.13%     -   10s
H    0     0                    -204826.6954 -217373.88  6.13%     -   11s
     0     0 -217197.15    0 4661 -204826.70 -217197.15  6.04%     -   12s
     0     0 -217197.12    0 4658 -204826.70 -217197.12  6.04%     -   12s
     0     0 -216970.90    0 4544 -204826.70 -216970.90  5.93%     -   12s
     0     0 -216901.15    0 4876 -204826.70 -216901.15  5.89%     -   13s
H    0     0                    -204833.7832 -216750.85  5.82%     -   14s
     0     0 -216750.85    0 5008 -204833.78 -216750.85  5.82%     -   14s
     0     0 -216750.85    0 5005 -204833.78 -216750.85  5.82%     -   14s
     0     0 -216742.76    0 5035 -204833.78 -216742.76  5.81%     -   14s
     0     0 -216742.35    0 5043 -204833.78 -216742.35  5.81%     -   14s
     0     0 -216700.08    0 5078 -204833.78 -216700.08  5.79%     -   15s
     0     0 -216550.40    0 5110 -204833.78 -216550.40  5.72%     -   16s
     0     0 -216388.18    0 5071 -204833.78 -216388.18  5.64%     -   17s
H    0     0                    -204834.8039 -216140.74  5.52%     -   18s
     0     0 -216140.74    0 5235 -204834.80 -216140.74  5.52%     -   18s
     0     0 -216035.20    0 5526 -204834.80 -216035.20  5.47%     -   19s
     0     0 -216027.75    0 5563 -204834.80 -216027.75  5.46%     -   19s
H    0     0                    -204843.9526 -215987.90  5.44%     -   21s
     0     0 -215987.90    0 5596 -204843.95 -215987.90  5.44%     -   21s
     0     0 -215953.32    0 5340 -204843.95 -215953.32  5.42%     -   21s
     0     0 -215951.91    0 5368 -204843.95 -215951.91  5.42%     -   22s
     0     0 -215784.31    0 5496 -204843.95 -215784.31  5.34%     -   26s
     0     0 -215783.91    0 5493 -204843.95 -215783.91  5.34%     -   27s
     0     0 -215763.09    0 5453 -204843.95 -215763.09  5.33%     -   27s
     0     0 -215750.30    0 5564 -204843.95 -215750.30  5.32%     -   27s
     0     0 -215748.66    0 5610 -204843.95 -215748.66  5.32%     -   28s
H    0     0                    -204844.9507 -215748.66  5.32%     -   31s
H    0     0                    -204846.9852 -215748.66  5.32%     -   33s
     0     0 -215669.38    0 5626 -204846.99 -215669.38  5.28%     -   35s
     0     0 -215669.22    0 5626 -204846.99 -215669.22  5.28%     -   35s
     0     0 -215669.22    0 5533 -204846.99 -215669.22  5.28%     -   36s
     0     2 -215667.04    0 5530 -204846.99 -215667.04  5.28%     -   40s
   187   200 -213712.02   36 4777 -204846.99 -214351.61  4.64%   101   45s
   495   521 -213672.10   88 4714 -204846.99 -214351.61  4.64%  43.9   51s
   771   811 -213610.10  145 4641 -204846.99 -214351.61  4.64%  31.1   55s
  1136  1171 -213516.60  180 4614 -204846.99 -214351.61  4.64%  23.0   60s
  2030  2137 -213146.57  320 4511 -204846.99 -214351.61  4.64%  15.9   65s
  3321  3649 -212702.93  524 4292 -204846.99 -214351.61  4.64%  12.1   70s
  4999  5237 -212044.93  797 4170 -204846.99 -214351.61  4.64%  10.8   75s
  5273  5238 -209225.17   83 5533 -204846.99 -214351.61  4.64%  10.7   84s
  5275  5239 -212891.65  405 1841 -204846.99 -214351.61  4.64%  10.7   85s
  5287  5247 -213077.42  344 4854 -204846.99 -214351.61  4.64%  10.7   91s
  5292  5251 -212506.92  630 5036 -204846.99 -214351.61  4.64%  10.7   96s
  5296  5253 -208013.29  655 5351 -204846.99 -214351.61  4.64%  10.7  101s
  5298  5255 -208184.54  528 5275 -204846.99 -214351.61  4.64%  10.7  105s
  5301  5257 -208632.20  732 5433 -204846.99 -214351.61  4.64%  10.6  110s
  5303  5258 -209296.90  149 5515 -204846.99 -214351.61  4.64%  10.6  118s
  5304  5259 -208685.65  675 5563 -204846.99 -214351.61  4.64%  10.6  121s
  5305  5259 -207604.16  873 5591 -204846.99 -214351.61  4.64%  10.6  125s
  5308  5261 -208851.20  461 5800 -204846.99 -214351.61  4.64%  10.6  130s
  5309  5262 -207691.00  838 5845 -204846.99 -214351.61  4.64%  10.6  135s
  5311  5263 -208366.95  405 5867 -204846.99 -214351.61  4.64%  10.6  147s
  5312  5264 -213672.53   32 5906 -204846.99 -214351.61  4.64%  10.6  151s
  5315  5266 -208148.69  559 6047 -204846.99 -214351.61  4.64%  10.6  155s
  5317  5267 -209509.74   24 7046 -204846.99 -214351.61  4.64%  10.6  161s
  5318  5268 -208745.11  125 6920 -204846.99 -214351.61  4.64%  10.6  166s
  5319  5269 -208647.30  426 7078 -204846.99 -214351.61  4.64%  10.6  174s
  5320  5269 -213639.62  121 7040 -204846.99 -214351.61  4.64%  10.6  179s
  5321  5270 -213342.98  252 7008 -204846.99 -214351.61  4.64%  10.6  183s
  5322  5271 -209002.77   64 6147 -204846.99 -214351.61  4.64%  10.6  185s
  5324  5272 -208764.28  122 6267 -204846.99 -214351.61  4.64%  10.6  193s
  5325  5273 -213669.25   85 6171 -204846.99 -214351.61  4.64%  10.6  198s
  5326  5273 -212691.52  529 6258 -204846.99 -214351.61  4.64%  10.6  201s
  5327  5274 -208747.15  395 6319 -204846.99 -214351.61  4.64%  10.6  207s
  5328  5275 -212851.55  425 6399 -204846.99 -214351.61  4.64%  10.6  214s
  5329  5275 -209073.65  233 6356 -204846.99 -214351.61  4.64%  10.6  220s
  5331  5277 -208458.95  831 6461 -204846.99 -214351.61  4.64%  10.6  228s
  5332  5277 -208500.20  313 6461 -204846.99 -214351.61  4.64%  10.6  234s
  5333  5278 -212829.54  434 6555 -204846.99 -214351.61  4.64%  10.6  237s
  5335  5279 -208748.11  397 6652 -204846.99 -214339.36  4.63%  10.6  244s
  5336  5280 -213388.31  232 7500 -204846.99 -214302.71  4.62%  10.6  251s
  5337  5281 -209035.15   53 7544 -204846.99 -214291.93  4.61%  10.6  256s
  5339  5282 -212770.12  486 7583 -204846.99 -214263.51  4.60%  10.6  263s
  5340  5283 -208325.81  441 7618 -204846.99 -214258.80  4.59%  10.6  271s
  5341  5283 -212891.19  405 7568 -204846.99 -214211.21  4.57%  10.6  278s
  5342  5284 -209166.61  216 7652 -204846.99 -214204.55  4.57%  10.6  283s
  5343  5285 -208320.97  566 7671 -204846.99 -214201.86  4.57%  10.6  292s
  5344  5285 -212336.37  695 7697 -204846.99 -214172.43  4.55%  10.6  299s
  5345  5286 -207234.58 1011 6706 -204846.99 -214159.58  4.55%  10.6  305s
  5346  5287 -212277.77  721 6820 -204846.99 -214141.37  4.54%  10.6  310s
  5347  5287 -213631.34  120 6810 -204846.99 -214136.38  4.53%  10.6  316s
  5348  5288 -207787.18  769 6768 -204846.99 -214099.70  4.52%  10.6  324s
  5349  5289 -207671.06  783 6817 -204846.99 -214096.26  4.52%  10.6  336s
  5350  5289 -208974.88  316 6810 -204846.99 -214063.89  4.50%  10.5  346s
  5351  5290 -207155.35 1025 6861 -204846.99 -214054.92  4.50%  10.5  356s
  5352  5291 -209023.14   55 7983 -204846.99 -214042.16  4.49%  10.5  363s
  5353  5291 -208547.20  754 8052 -204846.99 -214036.70  4.49%  10.5  376s
  5354  5292 -208213.37  596 7973 -204846.99 -214013.82  4.47%  10.5  390s
  5356  5293 -208158.39  545 7962 -204846.99 -214013.47  4.47%  10.5  402s
  5357  5297 -214009.14   14 7798 -204846.99 -214013.47  4.47%  37.3  407s
  5359  5300 -212358.73   15 6372 -204846.99 -214008.51  4.47%  39.6  411s
  5402  5342 -212334.46   20 6485 -204846.99 -213488.41  4.22%  43.3  415s
  5606  5474 -212316.34   29 6491 -204846.99 -213488.41  4.22%  43.1  420s
  5842  5653 -212320.42   38 6467 -204846.99 -213488.41  4.22%  42.3  425s
  5977  5725 -212305.18   46 6454 -204846.99 -213488.41  4.22%  42.0  430s
  6157  5832 -212289.82   51 6463 -204846.99 -213488.41  4.22%  41.6  435s
  6354  5992 -212296.41   58 6459 -204846.99 -213488.41  4.22%  41.3  440s
  6755  6318 -212261.37   63 6431 -204846.99 -213488.41  4.22%  40.2  445s
  7051  6424 -212225.23   72 6410 -204846.99 -213488.41  4.22%  39.4  450s
  7318  6695 -212193.39   80 6398 -204846.99 -213488.41  4.22%  38.8  456s
  7669  6974 -212170.07   91 6382 -204846.99 -213488.41  4.22%  38.0  460s
  8068  7196 -212158.22  104 6349 -204846.99 -213488.41  4.22%  37.4  466s
  8355  7389 -212147.43  113 6352 -204846.99 -213488.41  4.22%  36.9  470s
  8648  7582 -212135.24  124 6354 -204846.99 -213488.41  4.22%  36.6  476s
  8861  7685 -212102.27  134 6341 -204846.99 -213488.41  4.22%  36.2  480s
  9006  7789 -212092.39  140 6337 -204846.99 -213488.41  4.22%  36.1  490s
  9077  7914 -212082.20  144 6300 -204846.99 -213488.41  4.22%  36.1  501s
  9226  7914 -212059.58  151 6300 -204846.99 -213488.41  4.22%  35.8  511s
  9276  8145 -212046.01  153 6299 -204846.99 -213488.41  4.22%  35.7  522s
  9523  8356 -212044.80  161 6289 -204846.99 -213488.41  4.22%  35.3  532s
  9819  8268 -212028.43  168 6267 -204846.99 -213488.41  4.22%  34.8  536s
 10284  9110 -211994.90  180 6244 -204846.99 -213488.41  4.22%  34.0  542s
 10832  9582 -211983.19  194 6219 -204846.99 -213488.41  4.22%  33.0  546s
 12136 10066 -211921.84  222 6190 -204846.99 -213488.41  4.22%  31.2  552s
 12697 10118 -211874.09  234 6328 -204846.99 -213488.41  4.22%  31.1  558s
 12708 10121 -211890.00  235 6329 -204846.99 -213488.41  4.22%  31.3  561s
 12723 10294 -211879.20  237 6314 -204846.99 -213488.41  4.22%  31.4  567s
 12894 10434 -211868.66  244 6298 -204846.99 -213488.41  4.22%  31.3  571s
 13271 10441 -211794.00  261 6284 -204846.99 -213488.41  4.22%  31.8  588s
 13275 10444 -211793.95  262 6283 -204846.99 -213488.41  4.22%  31.8  608s
 13279 10446 -211785.30  262 6289 -204846.99 -213488.41  4.22%  31.8  628s
 13283 10449 -211793.60  263 6281 -204846.99 -213488.41  4.22%  31.9  648s
 13287 10452 -211778.59  263 6278 -204846.99 -213488.41  4.22%  31.9  668s
 13291 10454 -211787.67  264 6279 -204846.99 -213488.41  4.22%  32.0  689s
 13295 10457 -211791.73  264 6280 -204846.99 -213488.41  4.22%  32.0  711s
 13299 10460 -211790.66  265 6280 -204846.99 -213488.41  4.22%  32.0  735s
 13303 10462 -211782.92  265 6274 -204846.99 -213488.41  4.22%  32.0  758s
 13307 10465 -211784.01  266 6275 -204846.99 -213488.41  4.22%  32.1  770s
 13311 10469 -211777.27  266 6269 -204846.99 -213488.41  4.22%  32.1  781s
 13316 10472 -211783.70  267 6272 -204846.99 -213488.41  4.22%  32.2  789s
 13321 10474 -211772.80  267 6274 -204846.99 -213488.41  4.22%  32.2  798s
 13325 10506 -211783.45  268 6270 -204846.99 -213488.41  4.22%  32.2  807s
 13358 10527 -211776.98  268 6268 -204846.99 -213488.41  4.22%  32.6  816s
 13390 10540 -211782.98  269 6270 -204846.99 -213488.41  4.22%  32.9  824s
 13414 10571 -211776.63  269 6264 -204846.99 -213488.41  4.22%  33.1  833s
 13453 10567 -211782.81  270 6270 -204846.99 -213488.41  4.22%  33.9  842s
 13462 10650 -211777.17  270 6269 -204846.99 -213488.41  4.22%  34.0  846s
 13548 10724 -211773.59  271 6268 -204846.99 -213488.41  4.22%  34.2  853s
 13650 10755 -211771.87  271 6257 -204846.99 -213488.41  4.22%  34.5  860s
 13715 10838 -211773.21  272 6272 -204846.99 -213488.41  4.22%  34.9  866s
 13822 10938 -211761.26  272 6259 -204846.99 -213488.41  4.22%  35.3  873s
 13958 10944 -211772.54  273 6271 -204846.99 -213488.41  4.22%  35.6  879s
 14009 11101 -211767.54  273 6272 -204846.99 -213488.41  4.22%  35.5  886s
 14185 11250 -211761.06  274 6261 -204846.99 -213488.41  4.22%  35.6  891s
 14393 11438 -211761.01  275 6262 -204846.99 -213488.41  4.22%  36.2  897s
 14650 11618 -211717.50  286 6226 -204846.99 -213488.41  4.22%  37.3  903s
 14918 11791 -211652.35  311 6198 -204846.99 -213488.41  4.22%  37.9  909s
 15186 11911 -211571.72  333 6150 -204846.99 -213488.41  4.22%  38.1  916s
 15399 11928 -211473.90  364 6105 -204846.99 -213488.41  4.22%  39.0  928s
 15491 12068 -211430.77  385 6057 -204846.99 -213488.41  4.22%  40.9  940s
 15664 12165 -211385.54  416 6004 -204846.99 -213488.41  4.22%  42.0  952s
 15823 12323 -211169.44  452 5919 -204846.99 -213488.41  4.22%  42.5  965s
 16036 12538 -211095.63  480 5894 -204846.99 -213488.41  4.22%  43.3  977s
 16326 12689 -210977.73  524 5818 -204846.99 -213488.41  4.22%  43.8  989s
 16573 12958 -210915.33  560 5735 -204846.99 -213488.41  4.22%  44.8  997s
 16931 13439 -210825.43  624 5643 -204846.99 -213488.41  4.22%  45.6 1006s
 17539 14163 -210702.27  676 5518 -204846.99 -213488.41  4.22%  45.0 1014s
 18484 14500 -210431.51  771 5404 -204846.99 -213488.41  4.22%  44.2 1021s
 19221 14692 -210225.52  850 5271 -204846.99 -213488.41  4.22%  43.9 1027s
 19670 14755 -210062.92  907 5175 -204846.99 -213488.41  4.22%  44.4 1033s
 19889 15004 -209972.76  938 5133 -204846.99 -213488.41  4.22%  44.9 1039s
 20225 15374 -209748.43 1011 4999 -204846.99 -213488.41  4.22%  45.6 1045s
 20721 15868 -209606.64 1093 4864 -204846.99 -213488.41  4.22%  46.6 1052s
 21396 16981 -209357.73 1216 4625 -204846.99 -213488.41  4.22%  46.6 1068s
 22705 17551 -208559.31 1494 4204 -204846.99 -213488.41  4.22%  46.3 1073s
 23301 17642 -208246.27 1596 4053 -204846.99 -213488.41  4.22%  46.1 1079s
 23398 17805 -208243.77 1597 4054 -204846.99 -213488.41  4.22%  46.0 1085s
 23567 18142 -208232.45 1597 4050 -204846.99 -213488.41  4.22%  46.0 1091s
 23912 18547 -208109.57 1654 3981 -204846.99 -213488.41  4.22%  45.6 1097s
 24329 19133 -207835.22 1780 3807 -204846.99 -213488.41  4.22%  45.3 1103s
 24927 19733 -207376.46 1925 3597 -204846.99 -213488.41  4.22%  45.0 1108s
 25535 20538 -207072.24 2062 3387 -204846.99 -213488.41  4.22%  44.5 1114s
 26362 21272 -206564.31 2202 3171 -204846.99 -213488.41  4.22%  43.9 1118s
 27124 22061 -206177.95 2332 2988 -204846.99 -213488.41  4.22%  43.4 1123s
 27927 22804 -205790.57 2477 2686 -204846.99 -213488.41  4.22%  42.9 1127s
 28686 23543 -205316.99 2608 2510 -204846.99 -213488.41  4.22%  42.3 1131s
 29441 24014 -204896.63 2735 2365 -204846.99 -213488.41  4.22%  41.7 1135s
 30516 25089 -212303.62   33 6686 -204846.99 -213488.41  4.22%  41.2 1142s
 31081 25485 -212298.16   43 6650 -204846.99 -213488.41  4.22%  40.9 1147s
 31564 25818 -212287.43   50 6645 -204846.99 -213488.41  4.22%  40.8 1150s
 31903 26178 -212278.40   59 6612 -204846.99 -213488.41  4.22%  40.8 1159s
 32316 26693 -212264.18   60 6586 -204846.99 -213488.41  4.22%  40.9 1168s
 32839 26946 -212124.92  104 6529 -204846.99 -213488.41  4.22%  41.6 1178s
 33092 27672 -212058.87  131 6464 -204846.99 -213488.41  4.22%  42.2 1187s
 33826 28059 -211893.44  183 6341 -204846.99 -213488.41  4.22%  42.9 1195s
 34223 28604 -211769.41  219 6242 -204846.99 -213488.41  4.22%  43.0 1202s
 34780 28856 -211556.77  258 6208 -204846.99 -213488.41  4.22%  43.9 1211s
 35044 29440 -211518.40  275 6139 -204846.99 -213488.41  4.22%  44.1 1220s
 35644 30218 -211416.67  310 6080 -204846.99 -213488.41  4.22%  44.5 1228s
 36436 30631 -211218.14  378 5940 -204846.99 -213488.41  4.22%  44.6 1235s
 36855 30712 -211181.38  397 5908 -204846.99 -213488.41  4.22%  44.6 1241s
 36936 31052 -211174.73  397 5902 -204846.99 -213488.41  4.22%  44.6 1247s
 37280 31859 -211181.36  398 5903 -204846.99 -213488.41  4.22%  44.6 1254s
 38101 32834 -211000.28  447 5793 -204846.99 -213488.41  4.22%  44.6 1261s
 39112 33748 -210880.60  488 5705 -204846.99 -213488.41  4.22%  44.4 1268s
 40076 34086 -210562.56  571 5563 -204846.99 -213488.41  4.22%  44.3 1273s
 40420 34612 -210397.62  629 5388 -204846.99 -213488.41  4.22%  44.5 1277s
 40954 34935 -209903.96  721 5233 -204846.99 -213488.41  4.22%  44.7 1284s
 41277 35584 -209686.36  773 5159 -204846.99 -213488.41  4.22%  44.8 1289s
 41934 36291 -209152.38  912 4939 -204846.99 -213488.41  4.22%  44.9 1294s
 42655 37413 -208615.59 1029 4724 -204846.99 -213488.41  4.22%  44.7 1302s
 43803 37626 -207805.98 1245 4338 -204846.99 -213488.41  4.22%  44.8 1306s
 44032 37691 -207530.67 1289 4281 -204846.99 -213488.41  4.22%  45.0 1311s
 44109 38289 -207530.26 1290 4281 -204846.99 -213488.41  4.22%  45.5 1315s
 45189 39513 -206335.30 1554 3782 -204846.99 -213488.41  4.22%  45.9 1323s
 45989 40067 -205588.26 1749 3568 -204846.99 -213344.51  4.15%  45.6 1326s
 46549 40266 -205024.60 1888 3353 -204846.99 -213344.51  4.15%  45.4 1333s
 46772 40712 -207939.12   19 4447 -204846.99 -213344.51  4.15%  45.6 1336s
 47900 41837 -207934.43  192 5176 -204846.99 -213344.51  4.15%  45.0 1342s
 48359 42291 -207656.16  241 5097 -204846.99 -213344.51  4.15%  44.7 1346s
 49414 43602 -207162.53  365 4940 -204846.99 -213344.51  4.15%  44.2 1352s
 50172 43916 -206929.15  447 4829 -204846.99 -213344.51  4.15%  43.9 1358s
 50488 44666 -206833.65  465 4797 -204846.99 -213344.51  4.15%  43.7 1361s
 52035 46154 -206350.88  586 4650 -204846.99 -213344.51  4.15%  42.9 1366s
 52748 46441 -206162.03  647 4570 -204846.99 -213344.51  4.15%  42.5 1372s
 53037 48819 -206126.73  654 4562 -204846.99 -213344.51  4.15%  42.4 1380s
 55435 49144 -205420.23  785 4394 -204846.99 -213344.51  4.15%  41.2 1385s
 55778 49364 -205234.86  819 4354 -204846.99 -213344.51  4.15%  41.0 1390s
 56306 50064 -205079.24  855 4314 -204846.99 -213344.51  4.15%  40.7 1395s
 56945 50527 -204945.02  891 4272 -204846.99 -213344.51  4.15%  40.4 1401s
 57480 51197 -213130.96   79 6698 -204846.99 -213344.51  4.15%  40.3 1406s
 58388 52100 -212870.83  182 6440 -204846.99 -213344.51  4.15%  39.9 1410s
 58932 52546 -212786.03  218 6343 -204846.99 -213344.51  4.15%  39.7 1416s
 59812 53202 -212612.61  270 6215 -204846.99 -213344.51  4.15%  39.4 1420s
 60921 54239 -212374.34  304 6158 -204846.99 -213344.51  4.15%  39.0 1426s
 61514 55269 -212280.51  328 6059 -204846.99 -213344.51  4.15%  38.8 1430s
 63066 56729 -212009.80  412 5958 -204846.99 -213344.51  4.15%  38.2 1436s
 63556 58083 -211896.42  427 5931 -204846.99 -213344.51  4.15%  38.0 1445s
 66119 59677 -211407.95  528 5739 -204846.99 -213344.51  4.15%  37.1 1451s
 67661 61160 -211113.36  603 5618 -204846.99 -213344.51  4.15%  36.6 1456s
 68111 61164 -210957.24  625 5577 -204846.99 -213344.51  4.15%  36.5 1466s
 68115 61168 -210951.62  626 5570 -204846.99 -213344.51  4.15%  36.5 1471s
 68130 61507 -210915.85  625 5575 -204846.99 -213344.51  4.15%  36.5 1477s
 68979 62532 -210739.62  664 5528 -204846.99 -213344.51  4.15%  36.2 1480s
 69979 63004 -210568.22  713 5442 -204846.99 -213344.51  4.15%  35.8 1489s
 69983 63107 -210569.24  714 5445 -204846.99 -213344.51  4.15%  35.8 1492s
 70491 63892 -210495.26  728 5423 -204846.99 -213344.51  4.15%  35.7 1496s
 71801 65102 -210162.36  796 5337 -204846.99 -213344.51  4.15%  35.3 1502s
 72631 65982 -210033.44  828 5248 -204846.99 -213344.51  4.15%  35.1 1505s
 73912 68611 -209705.59  885 5189 -204846.99 -213344.51  4.15%  34.8 1515s
 75804 68615 -209331.46  967 5049 -204846.99 -213344.51  4.15%  34.3 1522s
 75808 68726 -209342.96  968 5046 -204846.99 -213344.51  4.15%  34.3 1525s
 76432 69644 -209239.03  981 5029 -204846.99 -213344.51  4.15%  34.2 1531s
 77296 70475 -209092.33 1026 4915 -204846.99 -213344.51  4.15%  34.1 1535s
 78417 71659 -208876.40 1071 4869 -204846.99 -213344.51  4.15%  33.9 1540s
 79863 73179 -208625.81 1132 4768 -204846.99 -213344.51  4.15%  33.6 1545s
 80412 73183 -208497.13 1149 4742 -204846.99 -213344.51  4.15%  33.4 1552s
 80416 73491 -208521.39 1151 4726 -204846.99 -213344.51  4.15%  33.4 1556s
 81488 74757 -208313.44 1202 4665 -204846.99 -213344.51  4.15%  33.2 1561s
 82539 75677 -208042.67 1260 4583 -204846.99 -213344.51  4.15%  32.9 1566s
 83394 76603 -207828.36 1308 4510 -204846.99 -213344.51  4.15%  32.8 1570s
 84314 78542 -207658.73 1343 4465 -204846.99 -213344.51  4.15%  32.6 1584s
 85847 79026 -207474.87 1398 4375 -204846.99 -213344.51  4.15%  32.2 1586s
 86833 79697 -207347.72 1421 4336 -204846.99 -213344.51  4.15%  32.0 1596s
 87516 80687 -207318.34 1426 4333 -204846.99 -213344.51  4.15%  31.9 1600s
 89061 81884 -207039.01 1466 4282 -204846.99 -213344.51  4.15%  31.5 1607s
 89802 82853 -206940.46 1481 4259 -204846.99 -213344.51  4.15%  31.3 1611s
 91249 83869 -206665.45 1533 4210 -204846.99 -213344.51  4.15%  31.0 1623s
 91290 84258 -206690.67 1533 4199 -204846.99 -213344.51  4.15%  31.0 1625s
 92527 85572 -206526.29 1564 4168 -204846.99 -213344.51  4.15%  30.7 1630s
 93443 86464 infeasible 1584      -204846.99 -213344.51  4.15%  30.5 1636s
 94916 89076 -206160.80 1629 4065 -204846.99 -213344.51  4.15%  30.3 1648s
 96577 89194 -205827.58 1695 3949 -204846.99 -213344.51  4.15%  29.9 1657s
 96695 89384 -205806.33 1698 3941 -204846.99 -213344.51  4.15%  29.9 1661s
 97458 90503 -205709.34 1712 3905 -204846.99 -213344.51  4.15%  29.7 1665s
 99049 92036 -205534.49 1751 3870 -204846.99 -213344.51  4.15%  29.4 1670s
 100494 93033 -205273.28 1808 3749 -204846.99 -213344.51  4.15%  29.1 1683s
 100566 93473 -205246.05 1812 3739 -204846.99 -213344.51  4.15%  29.1 1686s
 101948 94696 -204853.74 1866 3663 -204846.99 -213344.51  4.15%  28.9 1691s
 103212 95829 -212471.45  162 6434 -204846.99 -213344.51  4.15%  28.7 1701s
 103497 96155 -212222.86  203 6352 -204846.99 -213344.51  4.15%  28.7 1705s
 104205 96868 -212207.81  205 6351 -204846.99 -213344.51  4.15%  28.5 1711s
 105519 99243 -210899.85  428 5845 -204846.99 -213344.51  4.15%  28.3 1720s
 107001 99497 -207832.48  846 5185 -204846.99 -213344.51  4.15%  28.1 1725s
 107811 100294 -206312.25 1102 4749 -204846.99 -213344.51  4.15%  28.0 1730s
 108126 100600 -205688.87 1218 4579 -204846.99 -213344.51  4.15%  27.9 1741s
 108464 100866     cutoff 1342      -204846.99 -213326.33  4.14%  27.9 1756s
 108778 101319 -213322.99   18 7360 -204846.99 -213326.33  4.14%  27.9 1761s
 109831 102627 -212059.83  261 6178 -204846.99 -213326.33  4.14%  27.7 1767s
 111111 103785 -210367.55  577 5512 -204846.99 -213326.33  4.14%  27.5 1771s
 112279 104942 -208032.93  982 4923 -204846.99 -213326.33  4.14%  27.4 1776s
 113502 106108 -205845.97 1426 4290 -204846.99 -213326.33  4.14%  27.2 1780s
 114068 106424 -204898.78 1598 3997 -204846.99 -213326.33  4.14%  27.1 1785s
 115557 108013 -208076.85  186 5169 -204846.99 -213326.33  4.14%  27.0 1791s
 116035 109528 -207900.35  238 5101 -204846.99 -213326.33  4.14%  26.9 1797s
 117836 110198 -207337.23  378 4898 -204846.99 -213321.07  4.14%  26.7 1801s
 119232 111411 -206976.18  433 4847 -204846.99 -213321.07  4.14%  26.5 1806s
 120310 112563 -206607.77  511 4745 -204846.99 -213321.07  4.14%  26.3 1811s
 121355 113527 -206308.83  558 4692 -204846.99 -213321.07  4.14%  26.2 1815s
 122623 114507 -206001.48  629 4652 -204846.99 -213321.07  4.14%  26.0 1820s
 123802 115977 -205639.68  672 4592 -204846.99 -213321.07  4.14%  25.8 1825s
 125356 117378 -205444.48  727 4530 -204846.99 -213321.07  4.14%  25.6 1831s
 126604 119271 -205233.39  775 4449 -204846.99 -213321.07  4.14%  25.5 1840s
 128582 119888 -212723.84  122 6551 -204846.99 -213319.76  4.14%  25.3 1856s
 128587 119945 -212717.75  123 6548 -204846.99 -213319.76  4.14%  25.3 1863s
 128646 120332 -212717.63  124 6541 -204846.99 -213319.76  4.14%  25.3 1866s
 129650 121376 -211204.30  351 6022 -204846.99 -213319.01  4.14%  25.2 1870s
 130985 122655 -212532.98  145 6430 -204846.99 -213319.01  4.14%  25.1 1876s
 131912 123595 -211260.02  382 5937 -204846.99 -213319.01  4.14%  25.0 1880s
 133473 124980 -208738.84  803 5255 -204846.99 -213318.56  4.14%  24.9 1886s
 133910 125176 -208141.31  932 5065 -204846.99 -213318.56  4.14%  24.8 1902s
 134106 125728 -207870.17  990 4998 -204846.99 -213318.56  4.14%  24.8 1905s
 134658 126272 -207167.92 1153 4738 -204846.99 -213318.56  4.14%  24.8 1910s
 135760 127303 -205540.98 1499 4216 -204846.99 -213317.83  4.14%  24.6 1915s
 136669 127874 -212936.67   81 6606 -204846.99 -213317.44  4.14%  24.6 1928s
 136862 128730 -212736.09  111 6526 -204846.99 -213317.44  4.14%  24.6 1938s
 137770 129401 -210979.49  443 5795 -204846.99 -213317.44  4.14%  24.5 1941s
 138964 130537 -208909.13  819 5197 -204846.99 -213317.44  4.14%  24.4 1946s
 139771 131041 -207571.93 1103 4785 -204846.99 -213317.44  4.14%  24.3 1953s
 140083 131724 -207085.79 1207 4633 -204846.99 -213317.44  4.14%  24.3 1956s
 141795 132917 -204902.60 1695 3921 -204846.99 -213317.16  4.13%  24.1 1971s
 142739 133954 -212979.69   80 6627 -204846.99 -213317.16  4.13%  24.0 1975s
 143399 134345 -211864.42  250 6220 -204846.99 -213317.16  4.13%  24.0 1991s
 143668 134791 -211117.27  359 5969 -204846.99 -213317.16  4.13%  24.0 1997s
 144359 135392 -213074.51   56 6716 -204846.99 -213316.02  4.13%  24.0 2000s
 145294 136290 -211570.22  324 6038 -204846.99 -213316.02  4.13%  23.9 2012s
 145656 136799 -210915.34  417 5864 -204846.99 -213316.02  4.13%  23.9 2015s
 146053 137082 -209954.07  613 5509 -204846.99 -213316.02  4.13%  23.9 2026s
 146935 138093 -208340.99  906 5102 -204846.99 -213316.02  4.13%  23.8 2030s
 147391 139001 -207303.00 1121 4788 -204846.99 -213316.02  4.13%  23.8 2043s
 148315 139616 -205335.44 1529 4178 -204846.99 -213316.02  4.13%  23.7 2046s
 149739 140625 -212659.09  161 6489 -204846.99 -213316.02  4.13%  23.6 2056s
 150076 140696 -211792.46  271 6245 -204846.99 -213316.02  4.13%  23.6 2062s
 150237 140878 -211765.87  272 6238 -204846.99 -213316.02  4.13%  23.6 2067s
 150758 141767 -210983.98  394 5992 -204846.99 -213316.02  4.13%  23.6 2071s
 151965 142961 -208100.61  799 5136 -204846.99 -213316.02  4.13%  23.5 2076s
 152922 143660 -205251.37 1233 4308 -204846.99 -213315.26  4.13%  23.5 2080s
 154025 144886 -212136.61  227 6231 -204846.99 -213314.76  4.13%  23.4 2086s
 154535 144905 -211402.02  352 6022 -204846.99 -213314.76  4.13%  23.4 2096s
 155358 146047 -209882.20  614 5583 -204846.99 -213314.76  4.13%  23.3 2111s
 155724 146639 -209298.67  704 5445 -204846.99 -213314.76  4.13%  23.3 2119s
 156316 147218 -208365.92  883 5162 -204846.99 -213314.76  4.13%  23.2 2122s
 157848 149482 -205953.50 1417 4372 -204846.99 -213314.68  4.13%  23.1 2137s
 159303 149546 -212254.07  192 6277 -204846.99 -213314.67  4.13%  23.0 2148s
 159367 149895 -212132.27  208 6247 -204846.99 -213314.67  4.13%  23.0 2150s
 160143 150812 -210867.07  416 5870 -204846.99 -213314.67  4.13%  22.9 2160s
 161454 151769 -208611.77  853 5221 -204846.99 -213314.67  4.13%  22.8 2172s
 162114 152898 -207479.68 1075 4875 -204846.99 -213314.67  4.13%  22.8 2176s
 162765 153264 -206484.33 1293 4558 -204846.99 -213314.67  4.13%  22.7 2186s
 163781 154138 -205314.27 1567 4179 -204846.99 -213314.67  4.13%  22.6 2190s
 164530 154514 -213238.39   39 6814 -204846.99 -213314.67  4.13%  22.6 2203s
 164626 154720 -213233.98   40 6823 -204846.99 -213314.67  4.13%  22.6 2205s
 165468 155495 -212681.34  122 6484 -204846.99 -213314.67  4.13%  22.6 2211s
 166651 156803 -211060.01  377 5951 -204846.99 -213314.67  4.13%  22.5 2218s
 167566 157733 infeasible  660      -204846.99 -213314.44  4.13%  22.4 2221s
 168247 159189 -213238.59   46 6789 -204846.99 -213314.44  4.13%  22.4 2233s
 169417 159431 -212610.05  138 6487 -204846.99 -213314.44  4.13%  22.3 2244s
 169659 159740 -212412.55  149 6436 -204846.99 -213314.44  4.13%  22.3 2254s
 169972 160235 -212326.50  166 6390 -204846.99 -213314.44  4.13%  22.3 2262s
 170483 160308 -212177.41  179 6388 -204846.99 -213314.44  4.13%  22.3 2269s
 170598 160640 -212176.67  180 6392 -204846.99 -213314.28  4.13%  22.3 2273s
 170932 161154 -211941.32  199 6360 -204846.99 -213314.28  4.13%  22.2 2278s
 171448 161336 -211764.55  220 6319 -204846.99 -213314.28  4.13%  22.2 2280s
 172095 162344 -211493.02  256 6296 -204846.99 -213314.28  4.13%  22.2 2285s
 172652 162871 -211142.55  287 6203 -204846.99 -213314.28  4.13%  22.1 2291s
 173195 163204 -212968.48   81 6650 -204846.99 -213314.28  4.13%  22.1 2302s
 173532 163758 -212964.21   82 6644 -204846.99 -213314.28  4.13%  22.1 2305s
 174090 164338 -212963.75   83 6645 -204846.99 -213314.28  4.13%  22.0 2310s
 175221 165533 -212716.43  111 6574 -204846.99 -213314.28  4.13%  22.0 2315s
 176414 166282 -212265.37  180 6374 -204846.99 -213314.28  4.13%  21.9 2320s
 176648 166689 -212192.20  195 6364 -204846.99 -213314.28  4.13%  21.9 2328s
 177065 166874 -212130.69  203 6325 -204846.99 -213314.28  4.13%  21.9 2346s
 177635 167691 -212018.58  233 6238 -204846.99 -213314.28  4.13%  21.8 2350s
 178067 168202 -211914.14  252 6216 -204846.99 -213314.28  4.13%  21.8 2358s
 178578 169440 -211747.48  274 6160 -204846.99 -213314.28  4.13%  21.8 2373s
 179830 169830 -211510.93  314 6085 -204846.99 -213314.28  4.13%  21.7 2385s
 180846 170640 -211308.03  351 6028 -204846.99 -213314.28  4.13%  21.6 2395s
 181656 171395 -211099.84  379 5981 -204846.99 -213313.02  4.13%  21.6 2400s

Cutting planes:
  Gomory: 319
  Lift-and-project: 8
  Cover: 1300
  MIR: 3946
  Mixing: 1
  StrongCG: 1327
  Flow cover: 814
  GUB cover: 118
  Zero half: 278
  RLT: 1
  Relax-and-lift: 323

Explored 181850 nodes (3979044 simplex iterations) in 2400.20 seconds (2641.35 work units)
Thread count was 4 (of 28 available processors)

Solution count 10: -204847 -204845 -204844 ... -204795

Time limit reached
Best objective -2.048469851873e+05, best bound -2.133130211052e+05, gap 4.1329%

User-callback calls 684740, time in user-callback 2.79 sec
