
Gurobi 13.0.1 (win64) logging started Tue Oct  6 17:22:23 2026

Set parameter LogFile to value "results/source_summaries/3d/R02/gurobi_extensive.log"
Gurobi Optimizer version 13.0.1 build v13.0.1rc0 (win64 - Windows 11+.0 (26200.2))

CPU model: Intel(R) Core(TM) i7-14650HX, instruction set [SSE2|AVX|AVX2]
Thread count: 16 physical cores, 24 logical processors, using up to 4 threads

Non-default parameters:
TimeLimit  1800
IntFeasTol  1e-06
MIPGap  0.0005
Heuristics  0.2
Cuts  2
Presolve  2
Seed  1
Threads  4

Optimize a model with 5170 rows, 9129 columns and 20060 nonzeros (Min)
Model fingerprint: 0xa68ce9f4
Model has 3964 linear objective coefficients
Variable types: 5163 continuous, 3966 integer (3963 binary)
Coefficient statistics:
  Matrix range     [1e-01, 4e+01]
  Objective range  [2e+00, 5e+01]
  Bounds range     [1e-01, 3e+01]
  RHS range        [1e+00, 8e+01]

Found heuristic solution: objective 0.0000000
Presolve removed 178 rows and 4948 columns
Presolve time: 0.17s
Presolved: 4992 rows, 4181 columns, 14743 nonzeros
Variable types: 117 continuous, 4064 integer (3829 binary)
Root relaxation presolve removed 1 rows and 1 columns
Root relaxation presolved: 4991 rows, 4180 columns, 14740 nonzeros


Root relaxation: objective -2.682556e+04, 1865 iterations, 0.06 seconds (0.10 work units)

    Nodes    |    Current Node    |     Objective Bounds      |     Work
 Expl Unexpl |  Obj  Depth IntInf | Incumbent    BestBd   Gap | It/Node Time

     0     0 -26825.564    0  538    0.00000 -26825.564      -     -    0s
H    0     0                    -18926.23615 -26825.564  41.7%     -    0s
H    0     0                    -18929.93126 -26825.564  41.7%     -    0s
H    0     0                    -21430.77122 -26825.564  25.2%     -    0s
H    0     0                    -21502.67487 -26825.564  24.8%     -    0s
H    0     0                    -22063.32309 -26825.564  21.6%     -    0s
H    0     0                    -22170.67956 -26825.564  21.0%     -    0s
H    0     0                    -22178.48688 -26825.564  21.0%     -    0s
H    0     0                    -22189.22335 -26825.564  20.9%     -    0s
H    0     0                    -22211.55220 -26611.981  19.8%     -    0s
H    0     0                    -22223.46351 -26611.981  19.7%     -    0s
H    0     0                    -22261.59665 -26611.981  19.5%     -    0s
H    0     0                    -22274.07274 -26611.981  19.5%     -    0s
     0     0 -26451.476    0  736 -22274.073 -26451.476  18.8%     -    0s
H    0     0                    -22298.46707 -26451.476  18.6%     -    0s
H    0     0                    -22306.05644 -26451.476  18.6%     -    0s
H    0     0                    -22324.37314 -26223.866  17.5%     -    0s
H    0     0                    -22331.96252 -26223.866  17.4%     -    0s
H    0     0                    -22365.95236 -26223.866  17.2%     -    0s
H    0     0                    -22370.65386 -26223.866  17.2%     -    0s
     0     0 -25883.470    0 1190 -22370.654 -25883.470  15.7%     -    0s
H    0     0                    -22392.03896 -25883.470  15.6%     -    0s
H    0     0                    -22398.43136 -25883.470  15.6%     -    0s
H    0     0                    -22463.39097 -25883.470  15.2%     -    0s
H    0     0                    -22477.01720 -25883.470  15.2%     -    0s
H    0     0                    -22827.19360 -25883.470  13.4%     -    0s
H    0     0                    -22986.51687 -25883.470  12.6%     -    0s
H    0     0                    -23516.50216 -25883.470  10.1%     -    0s
H    0     0                    -23534.77098 -25883.470  10.0%     -    0s
     0     0 -25687.131    0 1322 -23534.771 -25687.131  9.15%     -    0s
H    0     0                    -23811.13518 -25687.131  7.88%     -    0s
H    0     0                    -23812.19580 -25687.131  7.87%     -    0s
H    0     0                    -23816.43827 -25687.131  7.85%     -    0s
H    0     0                    -23820.68074 -25687.131  7.84%     -    0s
H    0     0                    -23827.04445 -25687.131  7.81%     -    0s
H    0     0                    -23850.99965 -25687.131  7.70%     -    0s
     0     0 -25663.509    0 1318 -23851.000 -25663.509  7.60%     -    0s
     0     0 -25663.509    0 1313 -23851.000 -25663.509  7.60%     -    0s
H    0     0                    -23967.74284 -25663.509  7.08%     -    0s
H    0     0                    -23982.25995 -25663.509  7.01%     -    0s
H    0     0                    -23997.98168 -25515.630  6.32%     -    0s
H    0     0                    -24019.32286 -25515.630  6.23%     -    0s
H    0     0                    -24022.29026 -25515.630  6.22%     -    1s
     0     0 -25499.998    0 1382 -24022.290 -25499.998  6.15%     -    1s
H    0     0                    -24025.34744 -25499.998  6.14%     -    1s
     0     0 -25499.998    0 1382 -24025.347 -25499.998  6.14%     -    1s
     0     0 -25499.998    0 1379 -24025.347 -25499.998  6.14%     -    1s
H    0     0                    -24051.46525 -25499.998  6.02%     -    1s
H    0     0                    -24054.44890 -25499.998  6.01%     -    1s
H    0     0                    -24055.45864 -25499.998  6.01%     -    1s
H    0     0                    -24063.30499 -25499.998  5.97%     -    1s
H    0     0                    -24109.38110 -25499.998  5.77%     -    1s
H    0     0                    -24115.34839 -25499.998  5.74%     -    1s
H    0     2                    -24117.51679 -25499.998  5.73%     -    1s
     0     2 -25499.998    0 1379 -24117.517 -25499.998  5.73%     -    1s
H    3     8                    -24121.46575 -25499.998  5.71%   798    1s
H    6     8                    -24124.16833 -25499.998  5.70%   740    1s
H    7    12                    -24132.24627 -25499.998  5.67%   790    1s
H   11    21                    -24161.57416 -25499.998  5.54%   539    1s
H   21    31                    -24173.07112 -25499.998  5.49%   329    1s
H   25    31                    -24183.28817 -25499.998  5.44%   292    1s
H   50    48                    -24199.88117 -25499.998  5.37%   156    1s
H   52    48                    -24200.54472 -25499.998  5.37%   154    1s
H   93    80                    -24209.37619 -25335.291  4.65%   156    2s
H  112   103                    -24212.51216 -25335.291  4.64%   131    2s
H  116   103                    -24221.55348 -25335.291  4.60%   127    2s
H  159   146                    -24222.57930 -25335.291  4.59%  93.4    2s
H  322   315                    -24224.70543 -25335.291  4.58%  48.4    2s
H  527   514                    -24226.77596 -25335.291  4.58%  31.1    2s
H  528   514                    -24227.84140 -25335.291  4.57%  31.0    2s
H  626   611                    -24229.91192 -25335.291  4.56%  26.7    2s
  1289  1258 -24581.723  160 1619 -24229.912 -25335.291  4.56%  16.7    5s
  1350  1285     cutoff   20      -24229.912 -25335.291  4.56%  44.0   10s
  1909  1616 -25273.281   97 1569 -24229.912 -25335.291  4.56%  78.5   15s
  4300  3088 -24467.370  150  467 -24229.912 -25335.291  4.56%  59.3   20s
H 4918  2670                    -24330.20776 -25335.291  4.13%  57.0   22s
H 4920  2656                    -24359.23710 -25335.291  4.01%  57.0   22s
H 4924  2448                    -24411.07831 -25335.291  3.79%  57.0   22s
H 5074  2616                    -24414.31483 -25335.291  3.77%  57.4   22s
H 5244  2605                    -24417.32934 -25335.291  3.76%  57.4   22s
H 5464  2799                    -24422.18730 -25335.291  3.74%  59.7   23s
  6072  3452 infeasible  200      -24422.187 -25335.291  3.74%  60.9   25s
H 6710  3906                    -24423.19628 -25335.291  3.73%  58.5   26s
H 8201  5345                    -24426.22551 -25335.291  3.72%  53.9   29s
  8821  5727 -24657.061   98 1113 -24426.226 -25335.291  3.72%  52.9   30s
 11929  8409 -24786.626   27 1632 -24426.226 -25335.291  3.72%  50.8   35s
 15381 11575 -25335.291   38 1846 -24426.226 -25335.291  3.72%  50.4   40s
 18536 14108     cutoff   27      -24426.226 -25335.291  3.72%  51.9   45s
 21449 18990 -25297.897   54 1794 -24426.226 -25335.291  3.72%  50.1   56s
H27388 21313                    -24428.14740 -25335.291  3.71%  48.7   60s
H27967 21521                    -24436.24287 -25335.291  3.68%  48.4   61s
H28488 21857                    -24437.23374 -25335.291  3.67%  48.5   62s
H30419 23552                    -24438.24272 -25335.291  3.67%  47.2   65s
 33932 26072 -25323.263   55 1775 -24438.243 -25335.291  3.67%  46.5   70s
 36885 28489 -25302.755   51 1821 -24438.243 -25335.291  3.67%  46.2   75s
 39573 31131 -24541.990  110 1194 -24438.243 -25335.291  3.67%  46.3   80s
 42929 33881 -24778.616   64 1198 -24438.243 -25335.291  3.67%  46.0   85s
 46618 36658 -25304.728   55 1791 -24438.243 -25335.291  3.67%  45.7   90s
 49818 39367 -24803.895   67 1209 -24438.243 -25335.291  3.67%  46.3   95s
 52423 41606 -25171.210   96 1666 -24438.243 -25335.291  3.67%  46.7  100s
 56273 44368 -25268.535   57 1807 -24438.243 -25335.291  3.67%  46.1  105s
 59966 47640     cutoff   33      -24438.243 -25335.291  3.67%  45.6  110s
 63121 50309     cutoff   64      -24438.243 -25335.291  3.67%  45.6  115s
 67014 53512 -24889.970  223 1299 -24438.243 -25335.291  3.67%  45.2  120s
 69926 55860 -24504.772  154  921 -24438.243 -25335.291  3.67%  45.2  125s
 73048 58332 -25322.044   47 1827 -24438.243 -25335.291  3.67%  45.1  130s
 77276 62012 -24746.619  319 1020 -24438.243 -25335.291  3.67%  44.5  135s
 80570 64473 infeasible  189      -24438.243 -25335.291  3.67%  44.1  140s
 84435 68029 -25332.753   36 1882 -24438.243 -25335.291  3.67%  43.6  145s
 86627 69628 -24818.323   49 1221 -24438.243 -25335.291  3.67%  43.6  150s
 90394 72952 -25226.896   74 1734 -24438.243 -25335.291  3.67%  43.3  155s
 93245 75008     cutoff   81      -24438.243 -25335.291  3.67%  43.0  160s
 93692 75299 -25198.805   85 1685 -24438.243 -25335.291  3.67%  42.9  166s
 93824 75447     cutoff   86      -24438.243 -25335.291  3.67%  42.9  170s
 94187 75890 -24511.743  137  958 -24438.243 -25335.291  3.67%  43.0  175s
 96696 77978 -24616.646   44 1642 -24438.243 -25335.291  3.67%  42.8  180s
 99691 80508 -24984.998  192 1384 -24438.243 -25335.291  3.67%  43.1  185s
 103213 83076     cutoff   36      -24438.243 -25335.291  3.67%  43.0  190s
 105315 85030 -24911.668  177 1418 -24438.243 -25335.291  3.67%  43.3  195s
 108461 87730 -25070.558  136 1470 -24438.243 -25334.642  3.67%  43.0  200s
 112637 91254     cutoff  427      -24438.243 -25333.862  3.66%  42.7  205s
 115740 93842 -25241.538   57 1829 -24438.243 -25332.775  3.66%  42.7  210s
 118350 95772 -25228.513   82 1709 -24438.243 -25331.696  3.66%  42.7  215s
 121485 98263 -25046.634   77 1882 -24438.243 -25330.168  3.65%  42.7  220s
 124695 101154 -25281.813   52 1866 -24438.243 -25329.167  3.65%  42.7  225s
 127284 103563 -25230.331   67 1745 -24438.243 -25328.073  3.64%  42.9  230s
 131100 106195     cutoff   43      -24438.243 -25327.204  3.64%  42.6  235s
 134026 108702 -25046.750   78 1897 -24438.243 -25326.485  3.63%  42.7  240s
 136016 110247 -25256.837   66 1848 -24438.243 -25325.849  3.63%  42.9  245s
 138790 112613 -24825.276   45 1247 -24438.243 -25325.514  3.63%  42.9  250s
 141968 115169 -24642.973  322 1080 -24438.243 -25324.500  3.63%  42.9  255s
 145265 117778 -24678.109   90 1036 -24438.243 -25323.705  3.62%  43.0  260s
 147579 119962 -25280.837   56 1818 -24438.243 -25322.232  3.62%  43.2  265s
 151026 122473 -24563.268  281 1258 -24438.243 -25321.570  3.61%  43.1  270s
 153459 124541 -25289.905   45 1845 -24438.243 -25320.897  3.61%  43.1  275s
 155468 126103 -24463.536  174 1042 -24438.243 -25320.120  3.61%  43.1  280s
 158477 128623 -24447.342  153 1065 -24438.243 -25319.362  3.61%  43.0  285s
 160547 130481 -25272.010   49 1865 -24438.243 -25318.769  3.60%  43.4  291s
 162744 132051 -25298.449   48 1883 -24438.243 -25317.898  3.60%  43.6  295s
 164674 133881 -25181.344   87 1705 -24438.243 -25317.440  3.60%  43.7  300s
 167267 135644 -25247.204   58 1829 -24438.243 -25316.870  3.60%  43.7  305s
 169712 137327 -24713.932   46 1714 -24438.243 -25316.081  3.59%  43.7  310s
 171026 138553 -24742.452   70 1185 -24438.243 -25315.996  3.59%  43.8  315s
 173622 140992 -24931.104  138 1613 -24438.243 -25315.181  3.59%  44.0  320s
 178160 144406 -24528.522  356 1018 -24438.243 -25313.991  3.58%  43.7  325s
 181122 146635 -24593.847  335  986 -24438.243 -25313.024  3.58%  44.0  330s
 183830 148813 -24563.372   75 1488 -24438.243 -25312.210  3.58%  44.3  335s
 186650 150659 -24685.229   83 1185 -24438.243 -25311.666  3.57%  44.3  340s
 189566 152873     cutoff   81      -24438.243 -25310.869  3.57%  44.4  345s
 192007 155029 -24496.462  395 1243 -24438.243 -25310.507  3.57%  44.6  350s
 195031 157621 -25263.606   54 1865 -24438.243 -25309.975  3.57%  44.4  356s
 197022 159234 -24899.190  134 1616 -24438.243 -25309.734  3.57%  44.3  360s
 199310 161222     cutoff   46      -24438.243 -25309.122  3.56%  44.4  365s
 201477 162815 -25036.847  126 1539 -24438.243 -25308.767  3.56%  44.7  370s
 203736 164182 -24462.076  374  941 -24438.243 -25308.285  3.56%  44.8  375s
 205765 166181 -24652.554   89 1208 -24438.243 -25307.610  3.56%  44.7  380s
 208664 168537 -25262.972   54 1855 -24438.243 -25307.144  3.56%  44.5  385s
 211045 170271 -25263.189   52 1843 -24438.243 -25306.456  3.55%  44.6  390s
 212559 171549     cutoff   45      -24438.243 -25306.125  3.55%  44.7  395s
 214487 173354 -24745.743   86 1221 -24438.243 -25305.731  3.55%  44.7  401s
 216229 174436 -25149.633   91 1744 -24438.243 -25305.531  3.55%  44.7  405s
 218046 176017 -24629.426  294 1147 -24438.243 -25305.206  3.55%  44.8  411s
 220181 177938     cutoff   55      -24438.243 -25304.913  3.55%  44.7  415s
 222995 180024 -24696.891   61 1138 -24438.243 -25304.510  3.54%  44.6  421s
 225194 181871 -24921.536  157 1584 -24438.243 -25304.133  3.54%  44.5  425s
 227028 183299 -24566.353  165 1054 -24438.243 -25303.928  3.54%  44.6  430s
 229249 184904     cutoff   47      -24438.243 -25303.438  3.54%  44.5  435s
 230556 186499 -24535.542  322 1119 -24438.243 -25303.110  3.54%  44.5  441s
 232415 187778 -24566.600  162 1121 -24438.243 -25302.999  3.54%  44.4  445s
 234468 189125 -25177.294   69 1772 -24438.243 -25302.479  3.54%  44.4  450s
 237896 192096     cutoff   46      -24438.243 -25301.914  3.53%  44.2  455s
 240016 194096     cutoff   41      -24438.243 -25301.368  3.53%  44.2  462s
 241696 195429 -25246.875   48 1831 -24438.243 -25301.029  3.53%  44.2  467s
 242731 196173 infeasible   50      -24438.243 -25300.861  3.53%  44.3  471s
 244535 197443     cutoff   51      -24438.243 -25300.296  3.53%  44.3  476s
 245357 198104 -24477.080  157  970 -24438.243 -25300.136  3.53%  44.4  480s
 247500 199651     cutoff  194      -24438.243 -25299.644  3.52%  44.4  485s
 249392 201472 -25283.476   56 1853 -24438.243 -25299.425  3.52%  44.4  490s
 250804 202716 -25187.686   63 1768 -24438.243 -25299.051  3.52%  44.4  496s
 252320 204248 -24600.095   40 1651 -24438.243 -25298.806  3.52%  44.5  500s
 253823 204933 -24637.199   88 1056 -24438.243 -25298.412  3.52%  44.4  505s
 255834 206400 -24541.559  113 1009 -24438.243 -25298.091  3.52%  44.4  510s
 257508 207891 -25142.347   85 1721 -24438.243 -25298.011  3.52%  44.5  515s
 259091 209112 -24485.595  143  934 -24438.243 -25297.140  3.51%  44.6  521s
 260405 210200 -24797.686  178 1452 -24438.243 -25296.765  3.51%  44.7  525s
 263015 212702 -24780.005  288 1136 -24438.243 -25296.518  3.51%  44.6  530s
 264698 213894     cutoff   82      -24438.243 -25296.335  3.51%  44.5  535s
 266226 214769     cutoff   55      -24438.243 -25295.870  3.51%  44.6  540s
 267435 215791     cutoff   50      -24438.243 -25295.559  3.51%  44.6  546s
 268557 217128 -24785.318  247 1277 -24438.243 -25295.400  3.51%  44.7  550s
 271019 218983     cutoff  101      -24438.243 -25294.996  3.51%  44.6  556s
 272408 219949 -24531.329   47 1636 -24438.243 -25294.743  3.50%  44.6  560s
 275111 222087 -25275.937   50 1848 -24438.243 -25294.034  3.50%  44.7  565s
 277952 224488 -24573.880   74 1197 -24438.243 -25293.685  3.50%  44.6  570s
 280937 226659 -25261.481   56 1835 -24438.243 -25293.438  3.50%  44.5  575s
 282354 227865 -25143.691   73 1820 -24438.243 -25293.033  3.50%  44.8  581s
 284466 229416 -25024.977  109 1634 -24438.243 -25292.537  3.50%  44.8  585s
 287189 231543 -24804.990   47 1237 -24438.243 -25292.291  3.49%  44.7  590s
 288350 232357 -25200.660   82 1800 -24438.243 -25291.626  3.49%  44.9  595s
 290569 234456 -25174.792   83 1756 -24438.243 -25291.006  3.49%  45.0  600s
 292606 235620 -25263.617   59 1850 -24438.243 -25290.450  3.49%  45.0  605s
 294240 236678     cutoff   53      -24438.243 -25289.810  3.48%  45.0  610s
 295454 238062 -25279.704   56 1832 -24438.243 -25289.422  3.48%  45.1  616s
 296786 238983 -24749.705   62 1282 -24438.243 -25289.369  3.48%  45.1  620s
 297684 239490 -25252.267   58 1825 -24438.243 -25289.111  3.48%  45.1  625s
 299679 241255 -25181.907   83 1790 -24438.243 -25288.784  3.48%  45.1  631s
 300919 242730 -24849.345  191 1366 -24438.243 -25288.697  3.48%  45.1  635s
 302641 243979 -25247.747   59 1863 -24438.243 -25288.506  3.48%  45.0  640s
 303390 244974 -24742.425   79 1244 -24438.243 -25288.419  3.48%  45.0  645s
 305241 246496 -25274.150   53 1875 -24438.243 -25288.250  3.48%  44.9  651s
 306598 247237 -25217.253   61 1798 -24438.243 -25288.108  3.48%  44.9  655s
 308050 248554 -24845.018  214 1396 -24438.243 -25287.911  3.48%  44.9  660s
 309299 249950 -24555.444  350  956 -24438.243 -25287.773  3.48%  44.8  665s
 310585 250971 -25060.159  113 1643 -24438.243 -25287.548  3.48%  44.8  671s
 311534 251523 -25255.606   61 1844 -24438.243 -25287.302  3.47%  44.8  675s
 312881 252644 -24809.901  184 1515 -24438.243 -25287.168  3.47%  44.8  681s
 313792 253595 -25052.196  118 1603 -24438.243 -25286.880  3.47%  44.8  686s
 315193 254578 -25263.507   57 1848 -24438.243 -25286.424  3.47%  44.9  690s
 316452 255442 -24552.281  106 1013 -24438.243 -25286.158  3.47%  44.8  696s
 318177 256975 -24785.352  204 1400 -24438.243 -25285.871  3.47%  44.9  700s
 319029 257501 -25269.705   60 1826 -24438.243 -25285.570  3.47%  44.8  705s
 320012 258336 -24725.736   85 1101 -24438.243 -25285.418  3.47%  44.9  710s
 321734 259635 -24470.390   49 1646 -24438.243 -25285.028  3.46%  44.9  716s
 323002 260671 -25166.544   88 1693 -24438.243 -25284.825  3.46%  44.9  722s
 324239 261728     cutoff   53      -24438.243 -25284.434  3.46%  45.0  726s
 326360 263460 -24743.125   50 1333 -24438.243 -25284.175  3.46%  44.9  730s
 328912 265492 -24761.470   68 1178 -24438.243 -25283.947  3.46%  45.0  735s
 330336 266454 -24445.437  203 1016 -24438.243 -25283.711  3.46%  45.1  740s
 331081 267070 -25277.680   53 1876 -24438.243 -25283.468  3.46%  45.1  745s
 332496 268037 -25120.890   83 1616 -24438.243 -25283.113  3.46%  45.2  751s
 333249 268641 -25193.571   54 1784 -24438.243 -25283.051  3.46%  45.2  755s
 335099 270248 -25257.512   49 1881 -24438.243 -25282.713  3.46%  45.2  760s
 336342 271262     cutoff   59      -24438.243 -25282.318  3.45%  45.2  765s
 337646 272374 -25226.338   54 1867 -24438.243 -25282.044  3.45%  45.1  770s
 338367 272776 -24608.728   99 1088 -24438.243 -25281.995  3.45%  45.2  775s
 339220 273604 -25147.017   92 1715 -24438.243 -25281.846  3.45%  45.2  780s
 340060 274424 -24798.233  150 1505 -24438.243 -25281.600  3.45%  45.2  785s
 341817 275764 -25251.798   49 1867 -24438.243 -25281.318  3.45%  45.3  792s
 342663 276665 -24630.988  108 1114 -24438.243 -25281.114  3.45%  45.3  795s
 344458 278009 -25257.875   48 1877 -24438.243 -25280.757  3.45%  45.2  800s
 347207 280250     cutoff   51      -24438.243 -25280.444  3.45%  45.3  806s
 349764 282091 -25177.099   74 1766 -24438.243 -25280.018  3.44%  45.3  811s
 352660 284407     cutoff   54      -24438.243 -25279.746  3.44%  45.1  815s
 353789 285512 -25263.071   60 1843 -24438.243 -25279.289  3.44%  45.2  820s
 355137 286542 -25143.059   99 1670 -24438.243 -25278.927  3.44%  45.3  827s
 355772 287514 -25045.095   95 1655 -24438.243 -25278.898  3.44%  45.3  830s
 356854 287927 -24600.081  103 1020 -24438.243 -25278.627  3.44%  45.4  835s
 357829 288616 -25211.554   69 1805 -24438.243 -25278.298  3.44%  45.4  841s
 358665 289390 infeasible  149      -24438.243 -25278.078  3.44%  45.4  846s
 359375 290137 -25188.758   87 1750 -24438.243 -25277.847  3.44%  45.5  850s
 360774 291205 -25211.415   63 1790 -24438.243 -25277.541  3.43%  45.4  855s
 362322 292723 -24562.226  354  971 -24438.243 -25277.473  3.43%  45.4  861s
 364063 293881 -24968.003  145 1549 -24438.243 -25277.301  3.43%  45.3  865s
 365354 294930 -25250.668   64 1821 -24438.243 -25276.917  3.43%  45.4  870s
 366720 296047 -24502.608  166  995 -24438.243 -25276.569  3.43%  45.4  875s
 368674 298132 -24803.826  257 1195 -24438.243 -25276.320  3.43%  45.3  880s
 370530 299391     cutoff   52      -24438.243 -25276.197  3.43%  45.3  886s
 371247 299927 -25207.351   65 1809 -24438.243 -25276.057  3.43%  45.3  892s
 371780 300299 -24456.912  113 1005 -24438.243 -25275.810  3.43%  45.3  895s
 372379 300640 -24980.845  105 1802 -24438.243 -25275.642  3.43%  45.4  901s
 372917 301053 -25259.192   62 1803 -24438.243 -25275.642  3.43%  45.5  906s
 373561 301632 -25147.033   91 1726 -24438.243 -25275.390  3.43%  45.6  913s
 374141 302340 -25002.368  177 1499 -24438.243 -25275.262  3.43%  45.7  916s
 375041 303077 -24736.926  328  999 -24438.243 -25275.043  3.42%  45.7  921s
 375828 303162 -25244.406   63 1788 -24438.243 -25274.743  3.42%  45.8  925s
 375858 303168 -25221.535   67 1761 -24438.243 -25274.743  3.42%  45.8  930s
 375878 303181 -25203.511   71 1749 -24438.243 -25274.743  3.42%  45.8  935s
 375882 306412 -25198.963   72 1741 -24438.243 -25274.743  3.42%  45.8  961s
 379882 307630 -24487.684  240  877 -24438.243 -25274.130  3.42%  45.8  965s
 382085 308510 -24486.245   59 1601 -24438.243 -25273.703  3.42%  45.8  970s
 383574 309529 -24601.231   73 1169 -24438.243 -25273.294  3.42%  45.9  976s
 384622 310625 -25222.954   68 1792 -24438.243 -25272.833  3.42%  46.0  980s
 387079 312313     cutoff   65      -24438.243 -25272.572  3.41%  45.9  985s
 388475 313217 -24445.839  124 1087 -24438.243 -25272.248  3.41%  45.9  990s
 389691 314478 -24638.051   48 1653 -24438.243 -25271.974  3.41%  45.9  996s
 390967 315643 -25246.161   65 1847 -24438.243 -25271.575  3.41%  45.9 1001s
 391958 316254 -24517.733   51 1643 -24438.243 -25271.418  3.41%  45.9 1005s
 392983 317071 -24606.788   56 1622 -24438.243 -25271.261  3.41%  46.0 1010s
 394053 318194 -25245.891   44 1881 -24438.243 -25271.154  3.41%  46.0 1015s
 395369 319062     cutoff   55      -24438.243 -25270.784  3.41%  46.0 1020s
 396838 320096 -24517.890  252 1298 -24438.243 -25270.626  3.41%  46.0 1026s
 398102 321387     cutoff   97      -24438.243 -25270.470  3.41%  46.0 1030s
 399229 322122 -24588.096  102 1159 -24438.243 -25270.246  3.40%  46.0 1035s
 400615 323110 -25001.687  114 1683 -24438.243 -25269.824  3.40%  46.1 1041s
 401515 323783 -25224.473   57 1820 -24438.243 -25269.655  3.40%  46.1 1045s
 402274 324191 -25262.606   60 1838 -24438.243 -25269.474  3.40%  46.1 1050s
 402846 324955 -25171.439   82 1772 -24438.243 -25269.313  3.40%  46.2 1055s
 404184 325815     cutoff   65      -24438.243 -25269.028  3.40%  46.3 1063s
 405139 326670 -25266.988   52 1875 -24438.243 -25269.028  3.40%  46.3 1066s
 405587 327083 -24667.815   94 1112 -24438.243 -25268.905  3.40%  46.3 1070s
 406829 327892     cutoff   62      -24438.243 -25268.487  3.40%  46.4 1077s
 407177 328100 -25255.722   51 1870 -24438.243 -25268.410  3.40%  46.4 1080s
 408606 329240 -24466.758  187  907 -24438.243 -25268.246  3.40%  46.4 1086s
 409490 329910     cutoff   53      -24438.243 -25267.999  3.40%  46.5 1091s
 410301 330579 -25225.578   60 1773 -24438.243 -25267.617  3.39%  46.5 1096s
 411314 331056     cutoff   86      -24438.243 -25267.501  3.39%  46.5 1102s
 411786 331581     cutoff   51      -24438.243 -25267.302  3.39%  46.6 1107s
 412519 332129     cutoff   52      -24438.243 -25266.901  3.39%  46.6 1111s
 413221 332905 -24740.803   75 1215 -24438.243 -25266.769  3.39%  46.7 1115s
 415141 334445     cutoff   69      -24438.243 -25266.548  3.39%  46.6 1120s
 416282 335237 -24557.960  327 1028 -24438.243 -25266.479  3.39%  46.6 1126s
 416886 335487     cutoff   51      -24438.243 -25266.331  3.39%  46.6 1130s
 417644 336114     cutoff   52      -24438.243 -25266.154  3.39%  46.6 1135s
 418272 336477 -25183.130   87 1712 -24438.243 -25265.903  3.39%  46.6 1141s
 418619 337099 -25169.795   94 1695 -24438.243 -25265.747  3.39%  46.7 1145s
 420097 337971 -24484.289  147 1012 -24438.243 -25265.427  3.38%  46.6 1151s
 420722 338423     cutoff   68      -24438.243 -25265.303  3.38%  46.7 1155s
 421125 338719 -25049.595  100 1687 -24438.243 -25265.200  3.38%  46.7 1160s
 423038 340216 -25151.351   90 1706 -24438.243 -25264.889  3.38%  46.6 1166s
 423724 340790 -25127.449  100 1649 -24438.243 -25264.799  3.38%  46.6 1171s
 425012 341741 -24448.793  207  984 -24438.243 -25264.554  3.38%  46.6 1177s
 425655 342411 -24636.653  151 1112 -24438.243 -25264.386  3.38%  46.6 1181s
 426706 342917     cutoff   57      -24438.243 -25264.273  3.38%  46.7 1185s
 427486 343698     cutoff   58      -24438.243 -25263.970  3.38%  46.7 1195s
 428862 345006 infeasible  124      -24438.243 -25263.906  3.38%  46.8 1201s
 429414 345091 -25216.587   67 1819 -24438.243 -25263.906  3.38%  46.8 1205s
 429970 345757 -24606.086   93 1166 -24438.243 -25263.652  3.38%  46.9 1211s
 430988 346650 -24686.116   80 1315 -24438.243 -25263.395  3.38%  47.0 1215s
 431924 347393 -24609.896  100 1081 -24438.243 -25263.246  3.38%  47.0 1221s
 432887 348132 -24596.199   81 1211 -24438.243 -25263.134  3.38%  47.1 1225s
 434268 348906     cutoff   58      -24438.243 -25262.965  3.37%  47.1 1231s
 434976 349724 -25192.338   83 1738 -24438.243 -25262.695  3.37%  47.2 1237s
 436195 350677     cutoff   55      -24438.243 -25262.695  3.37%  47.2 1244s
 436866 350879 -24536.638   52 1621 -24438.243 -25262.285  3.37%  47.2 1246s
 437654 351578 -25108.101  103 1650 -24438.243 -25262.144  3.37%  47.3 1252s
 438571 352138     cutoff   56      -24438.243 -25261.853  3.37%  47.3 1257s
 439308 352681     cutoff   65      -24438.243 -25261.550  3.37%  47.4 1260s
 440105 353293     cutoff   55      -24438.243 -25261.109  3.37%  47.4 1267s
 440898 353814 -24707.719   63 1483 -24438.243 -25260.936  3.37%  47.5 1270s
 441900 354634     cutoff  128      -24438.243 -25260.900  3.37%  47.5 1276s
 442642 355065     cutoff   60      -24438.243 -25260.663  3.37%  47.5 1280s
 443417 355665     cutoff   63      -24438.243 -25260.639  3.37%  47.6 1285s
 444564 356687     cutoff   62      -24438.243 -25260.195  3.36%  47.6 1291s
 445495 357475     cutoff   51      -24438.243 -25259.858  3.36%  47.6 1300s
 446730 358314     cutoff   55      -24438.243 -25259.728  3.36%  47.7 1306s
 447169 358635 -25015.507  110 1713 -24438.243 -25259.653  3.36%  47.7 1310s
 448691 359802 -24610.114  105 1113 -24438.243 -25259.147  3.36%  47.7 1319s
 449022 360131     cutoff   60      -24438.243 -25259.123  3.36%  47.7 1322s
 450161 360844 -25216.524   55 1847 -24438.243 -25258.849  3.36%  47.8 1326s
 451583 362081 -25239.887   53 1843 -24438.243 -25258.669  3.36%  47.8 1331s
 453012 363444 -24563.258  149 1155 -24438.243 -25258.328  3.36%  47.8 1336s
 453902 363804 -25139.380   72 1822 -24438.243 -25258.188  3.36%  47.8 1340s
 454893 364688     cutoff   56      -24438.243 -25257.943  3.35%  47.8 1345s
 455990 365607 -25249.129   59 1836 -24438.243 -25257.737  3.35%  47.9 1350s
 456521 365892 -25218.415   64 1823 -24438.243 -25257.669  3.35%  47.9 1355s
 457438 366765 -25204.183   56 1855 -24438.243 -25257.389  3.35%  47.9 1361s
 458311 367352 -24670.147   96 1190 -24438.243 -25257.075  3.35%  48.0 1368s
 458849 367622 -25237.773   56 1852 -24438.243 -25256.991  3.35%  48.0 1370s
 459557 368121 -25142.876   88 1698 -24438.243 -25256.798  3.35%  48.0 1375s
 460650 369044 -25189.434   80 1777 -24438.243 -25256.570  3.35%  48.0 1380s
 461888 370235 -24757.211   56 1364 -24438.243 -25256.245  3.35%  48.1 1386s
 462922 370731 -25122.376  102 1678 -24438.243 -25256.121  3.35%  48.1 1391s
 464330 371801 -24552.688  111 1004 -24438.243 -25255.791  3.35%  48.1 1397s
 465234 372206     cutoff   60      -24438.243 -25255.716  3.35%  48.1 1401s
 465722 372428     cutoff   55      -24438.243 -25255.513  3.34%  48.2 1405s
 466576 373240 -25154.471   84 1748 -24438.243 -25255.265  3.34%  48.3 1412s
 466855 373879 -24847.333  218 1388 -24438.243 -25255.235  3.34%  48.3 1416s
 468444 374755 -24475.968  410  841 -24438.243 -25255.158  3.34%  48.2 1421s
 468855 375178 -25175.066   85 1733 -24438.243 -25254.917  3.34%  48.3 1425s
 469435 375614 -25226.329   62 1829 -24438.243 -25254.648  3.34%  48.3 1430s
 470200 376197 -24633.648  140 1098 -24438.243 -25254.504  3.34%  48.3 1436s
 471606 377256 -24609.198   54 1630 -24438.243 -25254.261  3.34%  48.3 1441s
 472417 378045 -25163.894   79 1788 -24438.243 -25254.021  3.34%  48.3 1449s
 472885 378376 -24447.785  210 1037 -24438.243 -25253.943  3.34%  48.3 1450s
 474377 379515 -24454.411  179 1006 -24438.243 -25253.832  3.34%  48.3 1457s
 474776 379672 -25236.541   50 1870 -24438.243 -25253.728  3.34%  48.3 1463s
 475015 379983 -25158.191   73 1797 -24438.243 -25253.728  3.34%  48.3 1465s
 475614 380516 -25229.731   55 1838 -24438.243 -25253.228  3.33%  48.4 1472s
 476308 380758 -25177.174   79 1765 -24438.243 -25252.877  3.33%  48.4 1475s
 477682 381885     cutoff   64      -24438.243 -25252.653  3.33%  48.4 1482s
 477869 382209     cutoff   63      -24438.243 -25252.554  3.33%  48.4 1486s
 478693 382822 -25137.381   84 1739 -24438.243 -25252.417  3.33%  48.5 1490s
 480236 383822     cutoff   55      -24438.243 -25252.274  3.33%  48.5 1496s
 481446 385071     cutoff   66      -24438.243 -25252.057  3.33%  48.6 1502s
 482144 385385     cutoff   75      -24438.243 -25251.879  3.33%  48.6 1506s
 482754 385827     cutoff   64      -24438.243 -25251.725  3.33%  48.6 1510s
 483656 386368 infeasible   49      -24438.243 -25251.410  3.33%  48.7 1519s
 484018 386805     cutoff   60      -24438.243 -25251.147  3.33%  48.7 1520s
 485064 387685 -25072.978  110 1699 -24438.243 -25250.916  3.33%  48.8 1527s
 485730 388110 -25118.433   80 1762 -24438.243 -25250.706  3.32%  48.8 1536s
 486881 389103     cutoff   63      -24438.243 -25250.561  3.32%  48.8 1540s
 488580 390078 -24444.239  196  990 -24438.243 -25250.098  3.32%  48.9 1546s
 489341 390933     cutoff   59      -24438.243 -25249.930  3.32%  48.9 1550s
 490939 391960 -24629.969   86 1204 -24438.243 -25249.601  3.32%  48.9 1555s
 492117 392796 -25169.385   94 1779 -24438.243 -25249.318  3.32%  48.9 1561s
 492727 393122 -25026.904  115 1670 -24438.243 -25249.213  3.32%  49.0 1565s
 493911 394456     cutoff   62      -24438.243 -25248.642  3.32%  49.0 1574s
 494586 394950     cutoff   59      -24438.243 -25248.609  3.32%  49.0 1576s
 495855 395936 -24551.961  215  985 -24438.243 -25248.464  3.32%  49.0 1585s
 496930 396415 -25159.870   85 1768 -24438.243 -25248.150  3.31%  49.0 1590s
 497116 396587 -24659.864   75 1309 -24438.243 -25247.853  3.31%  49.1 1595s
 498425 397586 -24646.168   97 1177 -24438.243 -25247.518  3.31%  49.1 1602s
 499103 398047 -25216.473   68 1807 -24438.243 -25247.373  3.31%  49.1 1605s
 499854 398520 -25237.581   54 1848 -24438.243 -25247.036  3.31%  49.2 1610s
 500389 399415 -24567.410  140  997 -24438.243 -25246.987  3.31%  49.2 1615s
 501315 399784 -25230.123   65 1851 -24438.243 -25246.909  3.31%  49.2 1622s
 501541 400488 -24751.435   70 1213 -24438.243 -25246.909  3.31%  49.2 1625s
 502687 401109 -25152.054   81 1787 -24438.243 -25246.481  3.31%  49.3 1635s
 503982 401773 -25194.843   66 1831 -24438.243 -25246.152  3.31%  49.3 1641s
 504669 402301 -24501.775  176  959 -24438.243 -25245.761  3.30%  49.4 1646s
 505750 403173 infeasible   66      -24438.243 -25245.542  3.30%  49.4 1652s
 506156 403758 -25205.582   67 1869 -24438.243 -25245.394  3.30%  49.4 1656s
 506859 404011     cutoff   51      -24438.243 -25245.306  3.30%  49.3 1660s
 507877 405043 -24603.037  131 1004 -24438.243 -25245.219  3.30%  49.4 1666s
 508791 405619 -25208.585   71 1766 -24438.243 -25245.036  3.30%  49.3 1671s
 509702 406706 -24696.863   84 1215 -24438.243 -25244.934  3.30%  49.3 1675s
 510965 407195     cutoff   59      -24438.243 -25244.598  3.30%  49.3 1681s
 511373 407667 -25222.703   70 1798 -24438.243 -25244.297  3.30%  49.4 1685s
 512174 407884     cutoff   57      -24438.243 -25244.124  3.30%  49.4 1690s
 512665 408740     cutoff   59      -24438.243 -25244.008  3.30%  49.5 1695s
 514580 410049     cutoff   56      -24438.243 -25243.638  3.30%  49.5 1703s
 515076 410350     cutoff  177      -24438.243 -25243.596  3.30%  49.5 1706s
 515829 410960 -24461.532  159 1042 -24438.243 -25243.485  3.30%  49.5 1710s
 517444 411873     cutoff   54      -24438.243 -25243.205  3.29%  49.5 1716s
 517810 412457 -24525.296   86 1231 -24438.243 -25243.102  3.29%  49.6 1720s
 518860 413123     cutoff   60      -24438.243 -25242.710  3.29%  49.6 1725s
 519875 414010 -25222.715   58 1845 -24438.243 -25242.285  3.29%  49.6 1731s
 520630 414699 -25202.071   65 1791 -24438.243 -25242.213  3.29%  49.7 1735s
 521659 415167     cutoff   73      -24438.243 -25241.901  3.29%  49.7 1742s
 521916 415681 -25082.135  117 1651 -24438.243 -25241.798  3.29%  49.7 1745s
 523283 416548     cutoff  395      -24438.243 -25241.679  3.29%  49.7 1750s
 524237 417409 -25156.044   97 1681 -24438.243 -25241.541  3.29%  49.8 1756s
 525331 418060 -24563.639   95 1181 -24438.243 -25241.316  3.29%  49.8 1763s
 525787 418248     cutoff   61      -24438.243 -25241.127  3.29%  49.8 1766s
 526394 418543 -25230.942   58 1842 -24438.243 -25240.803  3.28%  49.9 1771s
 526570 418721 -25160.866   81 1752 -24438.243 -25240.803  3.28%  49.9 1775s
 527265 419527 -25115.128  107 1670 -24438.243 -25240.639  3.28%  49.9 1780s
 528514 420203 -25199.694   69 1826 -24438.243 -25240.546  3.28%  50.0 1786s
 529500 421104     cutoff  141      -24438.243 -25240.399  3.28%  50.0 1793s
 529907 421553     cutoff   66      -24438.243 -25240.270  3.28%  50.0 1795s
 530862 421868     cutoff  182      -24438.243 -25240.019  3.28%  50.0 1800s

Cutting planes:
  Gomory: 65
  Lift-and-project: 5
  Cover: 1084
  Implied bound: 2
  Projected implied bound: 138
  Clique: 1378
  MIR: 1481
  StrongCG: 537
  Flow cover: 255
  GUB cover: 6
  Inf proof: 30
  Zero half: 118
  Relax-and-lift: 490
  BQP: 2
  PSD: 1

Explored 530953 nodes (26556926 simplex iterations) in 1800.09 seconds (1792.87 work units)
Thread count was 4 (of 24 available processors)

Solution count 10: -24438.2 -24437.2 -24436.2 ... -24411.1

Time limit reached
Best objective -2.443824272473e+04, best bound -2.523996471423e+04, gap 3.2806%

User-callback calls 1241710, time in user-callback 1.84 sec
