
Gurobi 13.0.1 (win64) logging started Tue Oct  6 16:20:17 2026

Set parameter LogFile to value "results/source_summaries/3d/R01/gurobi_extensive.log"
Gurobi Optimizer version 13.0.1 build v13.0.1rc0 (win64 - Windows 11+.0 (26200.2))

CPU model: Intel(R) Core(TM) i7-14650HX, instruction set [SSE2|AVX|AVX2]
Thread count: 16 physical cores, 24 logical processors, using up to 4 threads

Non-default parameters:
TimeLimit  1800
IntFeasTol  1e-06
MIPGap  0.0005
Heuristics  0.2
Cuts  2
Presolve  2
Seed  1
Threads  4

Optimize a model with 5170 rows, 9129 columns and 20060 nonzeros (Min)
Model fingerprint: 0x9082410a
Model has 3964 linear objective coefficients
Variable types: 5163 continuous, 3966 integer (3963 binary)
Coefficient statistics:
  Matrix range     [1e-01, 4e+01]
  Objective range  [2e+00, 5e+01]
  Bounds range     [1e-01, 3e+01]
  RHS range        [1e+00, 8e+01]

Found heuristic solution: objective 0.0000000
Presolve removed 221 rows and 4984 columns
Presolve time: 0.18s
Presolved: 4949 rows, 4145 columns, 14616 nonzeros
Variable types: 116 continuous, 4029 integer (3796 binary)
Root relaxation presolve removed 1 rows and 1 columns
Root relaxation presolved: 4948 rows, 4144 columns, 14613 nonzeros


Root relaxation: objective -2.799573e+04, 1827 iterations, 0.06 seconds (0.09 work units)

    Nodes    |    Current Node    |     Objective Bounds      |     Work
 Expl Unexpl |  Obj  Depth IntInf | Incumbent    BestBd   Gap | It/Node Time

     0     0 -27995.727    0  497    0.00000 -27995.727      -     -    0s
H    0     0                    -22208.58314 -27995.727  26.1%     -    0s
H    0     0                    -22212.78190 -27995.727  26.0%     -    0s
H    0     0                    -22272.04020 -27995.727  25.7%     -    0s
H    0     0                    -22640.69236 -27995.727  23.7%     -    0s
H    0     0                    -22718.44238 -27995.727  23.2%     -    0s
H    0     0                    -22723.37620 -27478.702  20.9%     -    0s
H    0     0                    -22727.48211 -27478.702  20.9%     -    0s
H    0     0                    -22828.51359 -27478.702  20.4%     -    0s
     0     0 -27380.248    0  938 -22828.514 -27380.248  19.9%     -    0s
H    0     0                    -22935.00024 -26953.492  17.5%     -    0s
H    0     0                    -22937.97979 -26953.492  17.5%     -    0s
H    0     0                    -22954.29823 -26953.492  17.4%     -    0s
H    0     0                    -23051.11399 -26953.492  16.9%     -    0s
H    0     0                    -23060.41416 -26953.492  16.9%     -    0s
H    0     0                    -23069.57850 -26953.492  16.8%     -    0s
H    0     0                    -23165.24773 -26936.145  16.3%     -    0s
H    0     0                    -23181.70601 -26936.145  16.2%     -    0s
     0     0 -26936.145    0 1315 -23181.706 -26936.145  16.2%     -    0s
     0     0 -26495.418    0 1360 -23181.706 -26495.418  14.3%     -    0s
     0     0 -26495.418    0 1372 -23181.706 -26495.418  14.3%     -    0s
     0     0 -26495.418    0 1372 -23181.706 -26495.418  14.3%     -    0s
H    0     0                    -23194.70967 -26495.418  14.2%     -    0s
H    0     0                    -23206.84738 -26495.418  14.2%     -    0s
H    0     0                    -23207.78105 -26495.418  14.2%     -    0s
H    0     0                    -23211.51572 -26495.418  14.1%     -    0s
H    0     0                    -23217.59670 -26495.418  14.1%     -    0s
H    0     0                    -23311.63398 -26495.418  13.7%     -    0s
H    0     0                    -23315.58747 -26495.418  13.6%     -    0s
H    0     0                    -23318.62084 -26495.418  13.6%     -    0s
H    0     0                    -23363.15310 -26495.418  13.4%     -    0s
H    0     0                    -23372.59868 -26495.418  13.4%     -    0s
H    0     0                    -23390.48195 -26447.122  13.1%     -    1s
H    0     0                    -23393.51531 -26447.122  13.1%     -    1s
     0     0 -26420.263    0 1498 -23393.515 -26420.263  12.9%     -    1s
     0     0 -26416.854    0 1498 -23393.515 -26416.854  12.9%     -    1s
     0     0 -26416.854    0 1497 -23393.515 -26416.854  12.9%     -    1s
H    0     0                    -23411.29448 -26416.854  12.8%     -    1s
     0     2 -26416.854    0 1497 -23411.294 -26416.854  12.8%     -    1s
H    7    12                    -23412.28005 -26416.854  12.8%   819    2s
H    8    12                    -23413.27324 -26416.854  12.8%   881    2s
  2939  3105 -23915.331    4  636 -23413.273 -25998.947  11.0%  18.3    5s
  3158  3115 -23469.954  638 2143 -23413.273 -25998.947  11.0%  17.3   11s
  3165  3119 -24055.784  294 2337 -23413.273 -25865.131  10.5%  17.3   15s
  3167  3121 -23835.361  369 2352 -23413.273 -25777.247  10.1%  17.3   20s
  3170  3123 -25232.430   76 2409 -23413.273 -25742.186  9.95%  17.2   25s
  3172  3124 -25132.356  110 2441 -23413.273 -25703.929  9.78%  17.2   30s
  3174  3125 -25457.299   27 2471 -23413.273 -25457.299  8.73%  17.2   36s
H 3174  2968                    -23419.40151 -25457.299  8.70%  17.2   39s
H 3174  2819                    -23592.87401 -25457.299  7.90%  17.2   39s
H 3174  2677                    -23877.30403 -25457.299  6.62%  17.2   39s
H 3174  2543                    -23897.31589 -25457.299  6.53%  17.2   39s
H 3174  2415                    -23900.56514 -25457.299  6.51%  17.2   39s
H 3174  2294                    -23928.08424 -25457.299  6.39%  17.2   39s
H 3174  2179                    -23941.55963 -25457.299  6.33%  17.2   39s
H 3174  2069                    -23961.58482 -25457.299  6.24%  17.2   39s
H 3174  1965                    -23969.57341 -25457.299  6.21%  17.2   39s
H 3174  1867                    -23974.56627 -25457.299  6.18%  17.2   39s
H 3175  1774                    -23976.49763 -25447.974  6.14%  17.2   40s
H 3175  1684                    -23978.49612 -25447.974  6.13%  17.2   40s
H 3175  1600                    -23982.49311 -25447.974  6.11%  17.2   40s
H 3175  1519                    -23987.48934 -25447.974  6.09%  17.2   40s
H 3176  1444                    -24052.00600 -25381.528  5.53%  17.2   40s
H 3176  1371                    -24070.29825 -25381.528  5.45%  17.2   40s
H 3176  1302                    -24090.78898 -25381.528  5.36%  17.2   40s
H 3176  1236                    -24099.96490 -25381.528  5.32%  17.2   40s
H 3176  1174                    -24115.10386 -25381.528  5.25%  17.2   40s
H 3176  1115                    -24129.31961 -25381.528  5.19%  17.2   40s
H 3176  1058                    -24144.48489 -25381.528  5.12%  17.2   40s
H 3176  1005                    -24147.51794 -25381.528  5.11%  17.2   40s
H 3177   954                    -24160.95285 -25381.528  5.05%  17.2   44s
H 3177   906                    -24177.47781 -25381.528  4.98%  17.2   44s
H 3177   860                    -24180.39397 -25381.528  4.97%  17.2   44s
H 3177   816                    -24184.55743 -25381.528  4.95%  17.2   44s
H 3177   775                    -24216.26230 -25381.528  4.81%  17.2   44s
H 3177   736                    -24225.57033 -25381.528  4.77%  17.2   44s
H 3177   698                    -24230.48750 -25381.528  4.75%  17.2   44s
H 3177   663                    -24234.33202 -25381.528  4.73%  17.2   44s
  3178   664 -24234.332  474 2509 -24234.332 -25378.351  4.72%  17.2   45s
H 3178   630                    -24243.49871 -25378.351  4.68%  17.2   47s
H 3178   598                    -24252.12443 -25378.351  4.64%  17.2   47s
H 3178   568                    -24264.35394 -25378.351  4.59%  17.2   47s
H 3179   540                    -24265.34310 -25373.595  4.57%  17.2   49s
H 3179   512                    -24283.42103 -25373.595  4.49%  17.2   49s
  3181   513 -25226.122   78 2551 -24283.421 -25371.382  4.48%  17.2   52s
  3183   514 -24283.421  322 2557 -24283.421 -25368.262  4.47%  17.2   56s
  3185   516 -25366.609   23 2536 -24283.421 -25366.609  4.46%  17.2   60s
  3187   520 -25366.609   16 2399 -24283.421 -25366.609  4.46%  46.6   65s
  3217   557 -24918.041   22 1518 -24283.421 -25366.609  4.46%  61.8   70s
  4264  1276 -24600.779  145 1015 -24283.421 -25361.464  4.44%  53.4   75s
  5067  1973 -25105.904   50  642 -24283.421 -25361.464  4.44%  46.3   80s
  9085  6296 -24800.407  166  450 -24283.421 -25361.464  4.44%  28.4   85s
 16317 12761 -24709.986  217  397 -24283.421 -25247.928  3.97%  18.2   90s
 24751 21244 -24558.482  270  303 -24283.421 -25246.462  3.97%  13.7   95s
 35325 31032 -24391.687  330  260 -24283.421 -25235.282  3.92%  11.4  100s
 46475 41465 -24304.196  406  161 -24283.421 -25212.031  3.82%   9.9  105s
 58308 52397 -24676.023  190  458 -24283.421 -25200.033  3.77%   9.0  110s
 70140 63383 -24941.528   57  702 -24283.421 -25195.421  3.76%   8.3  115s
 82088 74626 -24930.884   81  628 -24283.421 -25192.302  3.74%   7.9  120s
 92754 84812 -24296.812  414   98 -24283.421 -25190.825  3.74%   7.5  125s
 105550 96407 -24515.296  228  428 -24283.421 -25187.395  3.72%   7.2  130s
 116789 106819 -24621.002  243  381 -24283.421 -25185.185  3.71%   7.0  135s
 127328 116660 -24463.520  308  230 -24283.421 -25183.479  3.71%   6.9  140s
 136065 124370 -24984.497   81  648 -24283.421 -25182.353  3.70%   6.8  145s
 147105 134776 -24535.475  275  326 -24283.421 -25180.975  3.70%   6.6  150s
 158227 145079 -25058.953   42  789 -24283.421 -25178.816  3.69%   6.5  155s
 169105 155343 -24366.880  367  179 -24283.421 -25176.743  3.68%   6.4  160s
 177913 162964 -24913.262   72  686 -24283.421 -25175.641  3.67%   6.4  165s
 188307 172451 -24819.054  127  593 -24283.421 -25174.101  3.67%   6.3  170s
 197010 181020 -24479.988  294  267 -24283.421 -25173.373  3.66%   6.3  175s
 205096 188638 -24406.049  348  173 -24283.421 -25172.656  3.66%   6.2  180s
 214460 196943 -24512.050  280  344 -24283.421 -25171.784  3.66%   6.2  185s
 223186 205223 -24403.310  109  634 -24283.421 -25171.247  3.66%   6.1  190s
 232530 213573 -24654.920  193  454 -24283.421 -25170.224  3.65%   6.1  195s
 239013 219726 -24937.554   63  715 -24283.421 -25169.784  3.65%   6.1  200s
 245335 225448 -24659.799  224  368 -24283.421 -25169.500  3.65%   6.0  205s
 253053 232883 -24833.955  132  550 -24283.421 -25168.596  3.65%   6.0  210s
 260830 239930 -24781.265  117  672 -24283.421 -25168.077  3.64%   6.0  215s
 269161 248088 -24632.617  163  574 -24283.421 -25167.779  3.64%   5.9  220s
 277936 256589 -24541.288  162  589 -24283.421 -25166.997  3.64%   5.9  225s
 286510 264251 -24397.149  362  137 -24283.421 -25166.604  3.64%   5.9  230s
 293387 270466 -25136.392   33  852 -24283.421 -25165.785  3.63%   5.9  235s
 297625 274183 -24298.032  266  445 -24283.421 -25165.418  3.63%   5.8  240s
 300794 276728 -24700.812  205  453 -24283.421 -25165.265  3.63%   5.8  245s
 300802 276736 -24702.045  203  455 -24283.421 -25165.265  3.63%   5.8  250s
 300810 276744 -24700.437  205  460 -24283.421 -25165.265  3.63%   5.8  256s
 300818 276752 -24701.712  205  452 -24283.421 -25165.265  3.63%   5.8  262s
 300826 276760 -24701.296  205  451 -24283.421 -25165.265  3.63%   5.8  268s
 300830 276764 -24701.210  206  447 -24283.421 -25165.265  3.63%   5.8  271s
 300838 276772 -24698.891  206  450 -24283.421 -25165.265  3.63%   5.8  277s
 300842 276776 -24682.904  207  443 -24283.421 -25165.265  3.63%   5.8  280s
 300850 276784 -24691.288  206  447 -24283.421 -25165.265  3.63%   5.8  286s
 300871 276816 -24692.179  210  430 -24283.421 -25165.265  3.63%   5.8  291s
 300886 276859 -24679.075  211  429 -24283.421 -25165.265  3.63%   5.8  295s
 300967 276905 -24671.886  211  424 -24283.421 -25165.265  3.63%   5.8  300s
 302088 277949 -24536.689  279  285 -24283.421 -25165.265  3.63%   5.8  305s
 304240 280628 -24310.639  385  131 -24283.421 -25165.174  3.63%   5.8  310s
 307095 282790 -24594.344  171  636 -24283.421 -25164.988  3.63%   5.8  315s
 308797 284895 -24808.516  139  568 -24283.421 -25164.820  3.63%   5.8  320s
 312183 287642 -24444.326  332  208 -24283.421 -25164.689  3.63%   5.8  325s
 315419 290732 -24389.731  182  541 -24283.421 -25164.507  3.63%   5.8  330s
 319557 294537 -24633.170  200  456 -24283.421 -25164.152  3.63%   5.8  335s
 324076 299014 -24805.111  132  611 -24283.421 -25163.990  3.63%   5.8  340s
 330689 304575 -24902.377  119  579 -24283.421 -25163.187  3.62%   5.8  345s
 335318 309157 -24505.018  315  194 -24283.421 -25162.939  3.62%   5.8  350s
 339679 312885 -24655.694   88  659 -24283.421 -25162.773  3.62%   5.8  355s
 343813 317131 -24575.325  257  393 -24283.421 -25162.392  3.62%   5.8  360s
 350761 323581 -24950.132   62  694 -24283.421 -25161.664  3.62%   5.7  365s
 356659 329036 -24558.400  302  288 -24283.421 -25161.471  3.62%   5.7  370s
 362053 333848 -24697.010  184  507 -24283.421 -25161.326  3.62%   5.7  375s
 366087 338093 infeasible  389      -24283.421 -25160.973  3.61%   5.7  380s
 373024 344379 -24969.084   81  659 -24283.421 -25160.416  3.61%   5.7  385s
 378131 349439 -24308.293  415  101 -24283.421 -25160.416  3.61%   5.7  390s
 382539 353549 -24566.290  250  420 -24283.421 -25160.006  3.61%   5.7  395s
 386903 357774 -24818.550  150  562 -24283.421 -25159.974  3.61%   5.7  400s
 392637 363033     cutoff  239      -24283.421 -25159.605  3.61%   5.7  405s
 398288 368496 -24693.385  184  501 -24283.421 -25159.490  3.61%   5.7  410s
 404463 374053 -24291.535  256  389 -24283.421 -25159.052  3.61%   5.7  415s
 409437 378519 -24382.676  339  175 -24283.421 -25158.545  3.60%   5.6  420s
 413670 382729 -24594.435  129  615 -24283.421 -25158.426  3.60%   5.6  425s
 418731 387348 -24381.994  347  160 -24283.421 -25158.224  3.60%   5.6  430s
 424375 392656 -24965.037   91  635 -24283.421 -25157.962  3.60%   5.6  435s
 427722 395804 -24512.216  313  252 -24283.421 -25157.836  3.60%   5.6  440s
 432208 400088 -24648.029  131  632 -24283.421 -25157.559  3.60%   5.6  445s
 435711 403315 -25058.009   52  726 -24283.421 -25157.457  3.60%   5.6  450s
 440987 408390 -24359.934  385  127 -24283.421 -25157.348  3.60%   5.6  455s
 445946 412599 -24899.008   91  638 -24283.421 -25156.888  3.60%   5.6  460s
 449278 416224 -24577.261  134  596 -24283.421 -25156.783  3.60%   5.6  465s
 454874 420926 -24611.495  252  387 -24283.421 -25156.485  3.60%   5.6  470s
 458766 424680 -24286.607  433   98 -24283.421 -25156.366  3.59%   5.6  475s
 463795 429490 -25099.520   41  771 -24283.421 -25155.958  3.59%   5.6  480s
 467753 433315 -24529.716  292  270 -24283.421 -25155.817  3.59%   5.6  485s
 472097 437409 -24900.346   82  707 -24283.421 -25155.644  3.59%   5.6  490s
 477190 442015 -24670.159  222  396 -24283.421 -25155.385  3.59%   5.5  495s
 481838 446473 infeasible  238      -24283.421 -25155.243  3.59%   5.5  500s
 487042 450689 -25038.923   48  739 -24283.421 -25155.091  3.59%   5.5  505s
 491288 455337 -24434.230  336  215 -24283.421 -25154.839  3.59%   5.5  510s
 496805 460192 -24580.765  160  562 -24283.421 -25154.618  3.59%   5.5  515s
 501673 464678 -24460.436  221  529 -24283.421 -25154.133  3.59%   5.5  520s
 506948 469433 -24322.257  369  187 -24283.421 -25153.926  3.58%   5.5  525s
 511704 473931 -24707.151  190  493 -24283.421 -25153.611  3.58%   5.5  530s
 516338 478442 -24633.134  149  583 -24283.421 -25153.557  3.58%   5.5  535s
*517499 476600             483    -24291.19413 -25153.542  3.55%   5.5  536s
H517800 466623                    -24305.66933 -25153.483  3.49%   5.5  537s
H517800 333379                    -24477.51423 -25153.483  2.76%   5.5  537s
H517849 318560                    -24499.68885 -25153.483  2.67%   5.5  537s
H518036 318103                    -24500.60940 -25153.481  2.66%   5.5  538s
H519079 317880                    -24502.73238 -25153.454  2.66%   5.5  541s
H519238 316545                    -24504.73088 -25153.393  2.65%   5.5  541s
 520696 318048 -24572.135  272  378 -24504.731 -25153.238  2.65%   5.5  546s
 523588 320897 -25104.707   31  895 -24504.731 -25153.075  2.65%   5.5  551s
 527765 324498 -24738.946  111  651 -24504.731 -25152.839  2.64%   5.5  555s
H532361 326943                    -24506.76778 -25152.447  2.63%   5.5  559s
 532422 327188 -24732.544  175  495 -24506.768 -25152.447  2.63%   5.5  562s
H532625 325809                    -24508.80469 -25152.445  2.63%   5.5  562s
 534086 327468 -24518.401  283  316 -24508.805 -25152.376  2.63%   5.5  566s
 537774 331010 -24879.059  125  585 -24508.805 -25152.115  2.62%   5.5  570s
 540232 333112 -24576.970  260  400 -24508.805 -25152.020  2.62%   5.5  575s
 542414 335118 -25073.152   58  728 -24508.805 -25151.933  2.62%   5.5  580s
 545397 337875 -24559.642  273  347 -24508.805 -25151.918  2.62%   5.5  586s
 549357 341786 -24941.807   71  746 -24508.805 -25151.645  2.62%   5.5  591s
 551589 343947 -24952.817   80  685 -24508.805 -25151.437  2.62%   5.5  595s
 553255 345301 -24808.954  135  598 -24508.805 -25151.402  2.62%   5.5  600s
 553959 349480 -24607.266  225  443 -24508.805 -25151.402  2.62%   5.5  605s
 561505 353117 -24922.148  111  614 -24508.805 -25151.142  2.62%   5.5  610s
 566609 357792 -24886.185   83  674 -24508.805 -25150.780  2.62%   5.5  615s
 571050 361566 -24574.897  110  576 -24508.805 -25150.458  2.62%   5.5  620s
 573629 363799 -24526.676  218  499 -24508.805 -25150.297  2.62%   5.5  625s
 579399 369064 -24703.082  121  578 -24508.805 -25149.820  2.62%   5.5  630s
 582095 371404 -24762.579   97  652 -24508.805 -25149.578  2.61%   5.5  635s
 584916 373887 -24702.106  146  604 -24508.805 -25149.377  2.61%   5.5  642s
 586787 375578 -24804.047  156  524 -24508.805 -25149.335  2.61%   5.5  646s
 588670 377526 -24568.693  263  349 -24508.805 -25149.195  2.61%   5.5  650s
 591316 379960 -24711.839  199  459 -24508.805 -25149.145  2.61%   5.5  657s
 593478 381950 -24966.317   59  738 -24508.805 -25149.035  2.61%   5.5  662s
 595556 383925 -24606.899  147  588 -24508.805 -25148.858  2.61%   5.5  666s
 597443 385694 -25057.115   43  764 -24508.805 -25148.744  2.61%   5.5  670s
 602889 390326 -24646.051  244  407 -24508.805 -25148.301  2.61%   5.5  675s
 607423 394357 -24743.585  141  618 -24508.805 -25148.129  2.61%   5.5  681s
 608794 395722 -24844.558  123  580 -24508.805 -25148.100  2.61%   5.5  685s
 611442 398233 -25061.755   34  766 -24508.805 -25148.033  2.61%   5.5  691s
 615118 401517 -24820.479  140  582 -24508.805 -25147.939  2.61%   5.5  695s
 617521 404205 -24905.616   78  663 -24508.805 -25147.931  2.61%   5.5  700s
 620366 406747 -24898.202   65  753 -24508.805 -25147.871  2.61%   5.5  705s
 622055 407733 -24565.756   91  672 -24508.805 -25147.699  2.61%   5.5  710s
 625586 411608 -25074.258   50  743 -24508.805 -25147.571  2.61%   5.5  715s
 630674 416172 -24874.826   90  673 -24508.805 -25147.459  2.61%   5.5  720s
 635232 420092 -24625.578  214  468 -24508.805 -25147.339  2.61%   5.5  725s
 637817 422419 -25065.126   52  749 -24508.805 -25147.221  2.60%   5.5  730s
 640408 425069 -24676.400  177  499 -24508.805 -25147.124  2.60%   5.5  735s
 643212 427406 -24979.793   59  706 -24508.805 -25146.968  2.60%   5.5  742s
 644675 429104 -24814.553  125  541 -24508.805 -25146.880  2.60%   5.5  745s
 647481 431574 -24876.395  100  597 -24508.805 -25146.791  2.60%   5.5  750s
 650460 434242 -24900.424   97  655 -24508.805 -25146.637  2.60%   5.5  755s
 655034 438244 -24634.058  215  412 -24508.805 -25146.437  2.60%   5.5  760s
 657982 440856 -25023.741   49  742 -24508.805 -25146.268  2.60%   5.5  765s
 660677 443458 -24579.888  248  427 -24508.805 -25146.196  2.60%   5.5  770s
 665743 448120 -24520.967  143  614 -24508.805 -25145.717  2.60%   5.5  775s
 669192 450927 -24518.771  188  534 -24508.805 -25145.547  2.60%   5.5  780s
 671277 452739 -24974.872   70  695 -24508.805 -25145.466  2.60%   5.5  787s
 673698 455061 -24521.330  277  250 -24508.805 -25145.383  2.60%   5.5  792s
 675408 456508 -25037.726   52  736 -24508.805 -25145.266  2.60%   5.5  796s
 676984 457789 -24740.092  164  525 -24508.805 -25145.196  2.60%   5.5  801s
 678445 459094 -24522.116  267  352 -24508.805 -25145.131  2.60%   5.5  805s
H678451 459096                    -24508.80469 -25145.131  2.60%   5.5  806s
 681954 462527 -24851.036   77  691 -24508.805 -25145.032  2.60%   5.5  810s
 683917 464199 -24869.930  103  588 -24508.805 -25144.993  2.60%   5.5  816s
 685698 465904 -24585.851  234  414 -24508.805 -25144.993  2.60%   5.5  820s
 689323 469429 -24555.466  241  316 -24508.805 -25144.760  2.59%   5.5  825s
 694334 473919 -24911.515   53  775 -24508.805 -25144.552  2.59%   5.5  830s
 698554 477953 -24880.476   88  697 -24508.805 -25144.507  2.59%   5.5  835s
 703157 482136 -24629.334  136  597 -24508.805 -25144.352  2.59%   5.5  840s
 707830 486220 -24783.015  163  466 -24508.805 -25144.059  2.59%   5.5  845s
 712083 490254 -25098.707   36  779 -24508.805 -25143.941  2.59%   5.5  851s
 713482 491350 -24805.444   80  685 -24508.805 -25143.908  2.59%   5.5  857s
 715069 492734 -25001.199   68  740 -24508.805 -25143.860  2.59%   5.5  860s
 718657 496123 -24791.943  125  633 -24508.805 -25143.692  2.59%   5.5  865s
 724032 500974 -24984.342   41  861 -24508.805 -25143.438  2.59%   5.5  870s
 727767 504144 -24509.299  330   68 -24508.805 -25143.302  2.59%   5.5  876s
 728940 505341 -24840.043  103  634 -24508.805 -25143.286  2.59%   5.5  880s
 731355 510731 -25102.993   44  797 -24508.805 -25143.135  2.59%   5.5  886s
 736183 512167 -24592.671  165  575 -24508.805 -25142.959  2.59%   5.4  890s
 741000 516285 -24721.912  187  412 -24508.805 -25142.771  2.59%   5.4  895s
 745773 520499 -24913.647   91  700 -24508.805 -25142.599  2.59%   5.4  900s
 750067 524430 -24565.029  259  333 -24508.805 -25142.411  2.59%   5.4  905s
 750854 525207 -24733.395  123  658 -24508.805 -25142.377  2.59%   5.4  910s
 752611 526517 -25057.622   48  738 -24508.805 -25142.242  2.58%   5.4  915s
 754761 528355     cutoff  146      -24508.805 -25142.147  2.58%   5.4  920s
 756999 530498 -24716.810  175  498 -24508.805 -25142.074  2.58%   5.4  925s
 758852 532242 -25047.460   47  746 -24508.805 -25142.019  2.58%   5.4  930s
 760856 533875 -24974.778   51  775 -24508.805 -25141.889  2.58%   5.4  935s
 765950 538453 -24648.697  143  612 -24508.805 -25141.702  2.58%   5.4  940s
 768899 541073 -24744.175  150  487 -24508.805 -25141.650  2.58%   5.4  945s
 772530 544141 -24780.414  113  632 -24508.805 -25141.482  2.58%   5.4  950s
 777061 548311 -24536.775  202  517 -24508.805 -25141.279  2.58%   5.4  955s
 779738 550753 -24568.075  151  559 -24508.805 -25141.190  2.58%   5.4  960s
 781899 552735 -24687.378  200  499 -24508.805 -25141.123  2.58%   5.4  965s
 783750 557743 -24774.796  122  654 -24508.805 -25141.067  2.58%   5.4  972s
 789467 559731 -24834.160   98  675 -24508.805 -25140.825  2.58%   5.4  975s
 793325 563021 -25005.061   56  767 -24508.805 -25140.611  2.58%   5.4  980s
 797911 567337 -24968.535   82  659 -24508.805 -25140.439  2.58%   5.4  985s
 801892 570425 -24688.540  191  455 -24508.805 -25140.359  2.58%   5.4  994s
 802007 570869 -24674.868  194  455 -24508.805 -25140.359  2.58%   5.4  995s
 804898 573513 -25084.738   35  781 -24508.805 -25140.220  2.58%   5.4 1002s
 806524 574815 -24656.347  134  599 -24508.805 -25140.181  2.58%   5.4 1007s
 806772 575169 -25040.648   64  726 -24508.805 -25140.181  2.58%   5.4 1011s
 808258 576570 -24921.171  112  604 -24508.805 -25140.104  2.58%   5.4 1015s
 810674 578818 -24596.650  257  330 -24508.805 -25140.085  2.58%   5.4 1020s
 812488 580067 -24774.784   74  710 -24508.805 -25140.013  2.58%   5.4 1026s
 812497 580144 -24749.137   75  709 -24508.805 -25140.013  2.58%   5.4 1030s
 815621 582928 -24958.297   72  741 -24508.805 -25139.889  2.57%   5.4 1035s
 820285 587302 -24835.744  105  647 -24508.805 -25139.657  2.57%   5.4 1040s
 822216 589250 -24617.550  164  566 -24508.805 -25139.612  2.57%   5.4 1045s
 826622 593082 -24647.632  205  450 -24508.805 -25139.358  2.57%   5.4 1050s
 830889 596949 -24750.743  164  573 -24508.805 -25139.184  2.57%   5.4 1055s
 833797 599673 -24869.695   83  743 -24508.805 -25139.053  2.57%   5.4 1061s
 837417 602720 -24640.247  136  606 -24508.805 -25138.777  2.57%   5.4 1065s
 840268 605121 -24972.344   47  751 -24508.805 -25138.674  2.57%   5.4 1072s
 842298 607217 -24914.008   62  747 -24508.805 -25138.632  2.57%   5.4 1075s
 844657 609217 -24769.479   99  661 -24508.805 -25138.562  2.57%   5.4 1080s
 846569 610813 -24698.208   90  669 -24508.805 -25138.507  2.57%   5.4 1086s
 848935 612982 -24893.234   70  751 -24508.805 -25138.409  2.57%   5.4 1090s
 851731 615557 -24582.994  253  330 -24508.805 -25138.349  2.57%   5.4 1095s
 854793 618398 -24904.029   81  660 -24508.805 -25138.269  2.57%   5.4 1100s
 856439 623055 -24773.995  104  656 -24508.805 -25138.139  2.57%   5.4 1109s
 859439 623055 -24509.824  175  583 -24508.805 -25138.062  2.57%   5.4 1110s
 861651 624759 -24977.838   66  730 -24508.805 -25138.021  2.57%   5.4 1115s
 865867 628592 -24598.438  253  434 -24508.805 -25137.931  2.57%   5.4 1120s
 867505 630061 -24701.207  182  493 -24508.805 -25137.914  2.57%   5.4 1125s
 868237 630754 -24510.775  255  390 -24508.805 -25137.872  2.57%   5.4 1131s
 869146 631726 -24852.786  134  574 -24508.805 -25137.851  2.57%   5.4 1135s
 871506 633916 -24514.480  284  343 -24508.805 -25137.851  2.57%   5.4 1140s
 875171 637250 -24640.744   85  682 -24508.805 -25137.675  2.57%   5.4 1145s
 876674 638405 -24539.938  279  240 -24508.805 -25137.656  2.57%   5.4 1151s
 879593 641169 -24563.501  282  269 -24508.805 -25137.542  2.57%   5.4 1155s
 881369 642587 -24906.979   95  643 -24508.805 -25137.454  2.56%   5.4 1160s
 882487 643814     cutoff  232      -24508.805 -25137.435  2.56%   5.4 1165s
 883685 644897 -24839.008  134  595 -24508.805 -25137.363  2.56%   5.4 1170s
 885055 646139 -24637.327  228  417 -24508.805 -25137.341  2.56%   5.4 1175s
 886327 647171 -25086.614   39  768 -24508.805 -25137.328  2.56%   5.4 1180s
 887975 648594 -24674.156  172  517 -24508.805 -25137.326  2.56%   5.4 1185s
 887979 652107 -24698.305  173  513 -24508.805 -25137.326  2.56%   5.4 1190s
 892567 652686 -24994.835   58  730 -24508.805 -25137.146  2.56%   5.4 1200s
 896611 656641 -24558.838  232  418 -24508.805 -25137.033  2.56%   5.4 1205s
 899935 659554 -24938.986   78  695 -24508.805 -25136.930  2.56%   5.4 1210s
 902867 662517 -24623.605  217  425 -24508.805 -25136.904  2.56%   5.4 1216s
 905132 664393 -24771.939  103  691 -24508.805 -25136.822  2.56%   5.4 1223s
 906954 666143 -24896.246   79  697 -24508.805 -25136.749  2.56%   5.4 1229s
 907922 667019 -24663.941  110  644 -24508.805 -25136.731  2.56%   5.4 1231s
 909838 668522 -24736.174  135  638 -24508.805 -25136.670  2.56%   5.4 1237s
 911848 670315 -24561.406  123  582 -24508.805 -25136.611  2.56%   5.4 1243s
 912652 671185 -24708.372  168  433 -24508.805 -25136.583  2.56%   5.4 1247s
 913599 671649 -24982.975   71  700 -24508.805 -25136.535  2.56%   5.4 1250s
 916434 674605 -25072.190   36  779 -24508.805 -25136.535  2.56%   5.4 1257s
 918640 676709 -25005.665   57  741 -24508.805 -25136.448  2.56%   5.4 1260s
 922182 680038 -24545.649  252  363 -24508.805 -25136.358  2.56%   5.4 1265s
 926044 683536 -24753.601  150  505 -24508.805 -25136.241  2.56%   5.4 1273s
 926434 683793 -24541.396  267  276 -24508.805 -25136.241  2.56%   5.4 1276s
 927458 684753 -24691.828  138  598 -24508.805 -25136.195  2.56%   5.4 1282s
 929583 686771 -25015.253   54  760 -24508.805 -25136.115  2.56%   5.4 1285s
 931018 688036 -24898.943  123  572 -24508.805 -25136.086  2.56%   5.4 1293s
 931914 688863 -24726.468  207  428 -24508.805 -25136.086  2.56%   5.4 1298s
 933071 690065 -24527.169  291  317 -24508.805 -25136.086  2.56%   5.4 1303s
 934260 691306 -24844.376  115  558 -24508.805 -25136.018  2.56%   5.4 1305s
 935456 692374 -24670.226  208  402 -24508.805 -25135.969  2.56%   5.4 1310s
 936816 693517 -24768.961  145  595 -24508.805 -25135.950  2.56%   5.4 1318s
 937834 694450 -24783.373  127  596 -24508.805 -25135.950  2.56%   5.4 1323s
 938896 695752 -24515.083  238  411 -24508.805 -25135.935  2.56%   5.4 1325s
 939735 695862 -25019.126   52  750 -24508.805 -25135.905  2.56%   5.4 1331s
 942701 699059 -24720.123  178  474 -24508.805 -25135.855  2.56%   5.4 1335s
 946230 702560 -24953.267   71  676 -24508.805 -25135.811  2.56%   5.4 1340s
 949514 705305 -24680.806  190  449 -24508.805 -25135.718  2.56%   5.4 1345s
 952065 707093 -24583.414  119  629 -24508.805 -25135.673  2.56%   5.4 1350s
 954656 709869 -24959.919   88  644 -24508.805 -25135.590  2.56%   5.4 1355s
 958263 712846 -24934.275   93  648 -24508.805 -25135.445  2.56%   5.4 1360s
 961048 715439 -24539.783  251  360 -24508.805 -25135.413  2.56%   5.4 1365s
 963218 717711 -24869.415   86  707 -24508.805 -25135.366  2.56%   5.4 1370s
 966930 720610 -24524.270  163  572 -24508.805 -25135.236  2.56%   5.4 1375s
 968781 722494 -24696.751  108  698 -24508.805 -25135.160  2.56%   5.4 1380s
 972003 725397 -24708.140  189  563 -24508.805 -25135.102  2.56%   5.4 1385s
 973256 726616 -24532.151  267  399 -24508.805 -25135.095  2.56%   5.4 1390s
 975345 728437 -25030.783   57  728 -24508.805 -25135.023  2.56%   5.4 1395s
 978924 731866 -24719.946  172  544 -24508.805 -25134.960  2.55%   5.4 1400s
 981792 734439 -25039.006   68  700 -24508.805 -25134.889  2.55%   5.4 1406s
 983580 735870 -24767.621  197  487 -24508.805 -25134.889  2.55%   5.4 1410s
 985386 737960 -24538.542  292  296 -24508.805 -25134.878  2.55%   5.4 1415s
 989230 741269 -24874.380  131  576 -24508.805 -25134.745  2.55%   5.4 1420s
 992177 743841 -24536.362  267  371 -24508.805 -25134.715  2.55%   5.4 1425s
 995475 747085 -24662.275  217  470 -24508.805 -25134.663  2.55%   5.4 1430s
 996647 747939 -24777.456   96  660 -24508.805 -25134.637  2.55%   5.4 1438s
 997234 748808 -24916.651   77  703 -24508.805 -25134.626  2.55%   5.4 1440s
 998083 749519 -24996.530   67  718 -24508.805 -25134.605  2.55%   5.4 1445s
 999936 751046 -24674.262  204  442 -24508.805 -25134.599  2.55%   5.4 1450s
 1000579 751667 -24581.943  244  356 -24508.805 -25134.599  2.55%   5.4 1458s
 1001970 752635 -24632.960  161  604 -24508.805 -25134.532  2.55%   5.4 1461s
 1002731 753799 -24573.662  171  559 -24508.805 -25134.519  2.55%   5.4 1465s
 1004741 755545 -24874.416   98  661 -24508.805 -25134.433  2.55%   5.4 1470s
 1008224 758580 -24947.290   63  729 -24508.805 -25134.273  2.55%   5.4 1475s
 1011561 761427 -24685.613  229  431 -24508.805 -25134.177  2.55%   5.4 1482s
 1013074 762897 -25116.931   37  797 -24508.805 -25134.157  2.55%   5.4 1488s
 1013468 763282 -24510.985  152  594 -24508.805 -25134.140  2.55%   5.4 1490s
 1015339 764742 -24822.793   64  725 -24508.805 -25134.034  2.55%   5.4 1495s
 1018256 767503 -24769.345  125  651 -24508.805 -25133.941  2.55%   5.4 1500s
 1022138 770922 -25078.285   41  774 -24508.805 -25133.851  2.55%   5.4 1505s
 1024207 772942 -24587.412  156  583 -24508.805 -25133.821  2.55%   5.4 1510s
 1025503 774129 -24860.233  115  632 -24508.805 -25133.780  2.55%   5.4 1515s
 1027314 775875 -24621.294  224  422 -24508.805 -25133.763  2.55%   5.4 1520s
 1030449 778503 -25029.719   51  720 -24508.805 -25133.632  2.55%   5.4 1525s
 1034068 781997 -24662.028  211  445 -24508.805 -25133.568  2.55%   5.4 1530s
 1034960 782767 -24582.848  239  419 -24508.805 -25133.559  2.55%   5.4 1535s
 1036764 784458 -24658.279  231  355 -24508.805 -25133.516  2.55%   5.4 1542s
 1038466 785857 infeasible  109      -24508.805 -25133.490  2.55%   5.4 1551s
 1039833 787122 -24985.588   75  713 -24508.805 -25133.474  2.55%   5.4 1557s
 1041886 788987 -24743.816  126  639 -24508.805 -25133.381  2.55%   5.4 1563s
 1043005 790035 -24626.267  252  316 -24508.805 -25133.367  2.55%   5.4 1565s
 1043454 790285 -25065.712   55  737 -24508.805 -25133.351  2.55%   5.4 1572s
 1044888 791671 -24823.461  122  601 -24508.805 -25133.323  2.55%   5.4 1578s
 1045234 792151 -24692.856  168  559 -24508.805 -25133.323  2.55%   5.4 1580s
 1047037 793584 -24512.724  352   71 -24508.805 -25133.319  2.55%   5.4 1585s
 1047946 794529 -24938.012   87  645 -24508.805 -25133.285  2.55%   5.4 1590s
 1049094 795439 -24636.303  108  654 -24508.805 -25133.257  2.55%   5.4 1595s
 1049718 796157 -24522.400  177  529 -24508.805 -25133.257  2.55%   5.4 1600s
 1051054 797361 -24812.883   90  688 -24508.805 -25133.155  2.55%   5.4 1605s
 1052639 798603 -24982.199   60  703 -24508.805 -25133.125  2.55%   5.4 1614s
 1052868 799128 -24774.270  141  516 -24508.805 -25133.125  2.55%   5.4 1615s
 1054912 800922 -24652.069  206  457 -24508.805 -25133.094  2.55%   5.4 1620s
 1056242 802038 -24716.092  103  653 -24508.805 -25133.062  2.55%   5.4 1627s
 1057802 803303 -24651.353  159  569 -24508.805 -25132.928  2.55%   5.4 1630s
 1060860 806192 -24617.843  247  391 -24508.805 -25132.806  2.55%   5.4 1635s
 1061812 807010 -24528.496  279  352 -24508.805 -25132.790  2.55%   5.4 1640s
 1063487 808497 -24884.853   84  666 -24508.805 -25132.717  2.55%   5.4 1646s
 1064941 809715 -24538.804  305  161 -24508.805 -25132.699  2.55%   5.4 1651s
 1065617 810458 -25100.619   32  810 -24508.805 -25132.677  2.55%   5.4 1655s
 1066438 811253 -24824.889  124  589 -24508.805 -25132.677  2.55%   5.4 1662s
 1068657 813123 -24765.146  117  640 -24508.805 -25132.577  2.55%   5.4 1669s
 1069507 813962 -24520.294  173  548 -24508.805 -25132.555  2.55%   5.4 1670s
 1070347 814709 -24655.182  129  609 -24508.805 -25132.529  2.54%   5.4 1675s
 1071338 815452 -24649.687  129  596 -24508.805 -25132.479  2.54%   5.4 1680s
 1072479 816729 -25091.128   42  790 -24508.805 -25132.462  2.54%   5.4 1685s
 1073360 817519 -24984.344   65  719 -24508.805 -25132.446  2.54%   5.4 1690s
 1074406 818237 -25009.738   67  699 -24508.805 -25132.421  2.54%   5.4 1695s
 1075808 819499 -24772.374  170  528 -24508.805 -25132.376  2.54%   5.4 1704s
 1076043 819993 -24747.497  182  520 -24508.805 -25132.361  2.54%   5.4 1705s
 1076938 820611 -24610.097  245  404 -24508.805 -25132.352  2.54%   5.4 1711s
 1078639 822276 -24960.506  105  672 -24508.805 -25132.299  2.54%   5.4 1717s
 1079881 823530 -24708.911  203  488 -24508.805 -25132.299  2.54%   5.4 1722s
 1080252 823812 -24662.181  228  446 -24508.805 -25132.299  2.54%   5.4 1726s
 1081461 824901 -24534.587  284  357 -24508.805 -25132.291  2.54%   5.4 1732s
 1082811 826141 -24968.013   75  672 -24508.805 -25132.232  2.54%   5.4 1737s
 1083990 826964 -24740.159  171  501 -24508.805 -25132.232  2.54%   5.4 1740s
 1084004 827246 -24729.935  174  500 -24508.805 -25132.232  2.54%   5.4 1745s
 1085816 829211 -24839.346   80  710 -24508.805 -25132.194  2.54%   5.4 1750s
 1087497 830425 -24622.683  140  609 -24508.805 -25132.127  2.54%   5.4 1755s
 1090800 833418 -24721.605  109  641 -24508.805 -25131.986  2.54%   5.4 1760s
 1093864 836077 -24910.765   93  667 -24508.805 -25131.943  2.54%   5.4 1765s
 1096664 838583 -24644.906  215  446 -24508.805 -25131.888  2.54%   5.4 1774s
 1096892 839445 -24597.046  222  445 -24508.805 -25131.880  2.54%   5.4 1775s
 1098404 840539 -24793.420  177  446 -24508.805 -25131.880  2.54%   5.4 1780s
 1101380 843191 -24788.223  133  615 -24508.805 -25131.787  2.54%   5.4 1785s
 1104509 846070 -25011.568   63  709 -24508.805 -25131.740  2.54%   5.4 1790s
 1107592 848932 infeasible  199      -24508.805 -25131.717  2.54%   5.4 1796s
 1107966 849187 -24843.811  104  652 -24508.805 -25131.690  2.54%   5.4 1800s

Cutting planes:
  Gomory: 12
  Lift-and-project: 1
  Cover: 322
  Projected implied bound: 52
  Clique: 1100
  MIR: 1347
  StrongCG: 358
  Flow cover: 262
  GUB cover: 1
  Inf proof: 83
  Zero half: 320
  Mod-K: 2
  Relax-and-lift: 472

Explored 1108272 nodes (5967374 simplex iterations) in 1800.15 seconds (1122.14 work units)
Thread count was 4 (of 24 available processors)

Solution count 10: -24508.8 -24508.8 -24508.8 ... -24305.7

Time limit reached
Best objective -2.450880469057e+04, best bound -2.513168951787e+04, gap 2.5415%

User-callback calls 2573785, time in user-callback 4.37 sec
