
Gurobi 13.0.1 (win64) logging started Wed Oct  7 18:47:08 2026

Set parameter LogFile to value "results/source_summaries/3d/R19/gurobi_extensive.log"
Gurobi Optimizer version 13.0.1 build v13.0.1rc0 (win64 - Windows 11+.0 (26200.2))

CPU model: Intel(R) Core(TM) i7-14650HX, instruction set [SSE2|AVX|AVX2]
Thread count: 16 physical cores, 24 logical processors, using up to 4 threads

Non-default parameters:
TimeLimit  1800
IntFeasTol  1e-06
MIPGap  0.0005
Heuristics  0.2
Cuts  2
Presolve  2
Seed  1
Threads  4

Optimize a model with 5170 rows, 9129 columns and 20060 nonzeros (Min)
Model fingerprint: 0xe3925349
Model has 3964 linear objective coefficients
Variable types: 5163 continuous, 3966 integer (3963 binary)
Coefficient statistics:
  Matrix range     [1e-01, 4e+01]
  Objective range  [2e+00, 5e+01]
  Bounds range     [1e-01, 3e+01]
  RHS range        [1e+00, 8e+01]

Found heuristic solution: objective 0.0000000
Presolve removed 350 rows and 5092 columns
Presolve time: 0.15s
Presolved: 4820 rows, 4037 columns, 14235 nonzeros
Variable types: 113 continuous, 3924 integer (3697 binary)
Root relaxation presolve removed 1 rows and 1 columns
Root relaxation presolved: 4819 rows, 4036 columns, 14232 nonzeros


Root relaxation: objective -2.503255e+04, 2294 iterations, 0.07 seconds (0.12 work units)

    Nodes    |    Current Node    |     Objective Bounds      |     Work
 Expl Unexpl |  Obj  Depth IntInf | Incumbent    BestBd   Gap | It/Node Time

     0     0 -25032.548    0  708    0.00000 -25032.548      -     -    0s
H    0     0                    -19422.48445 -25032.548  28.9%     -    0s
H    0     0                    -19424.62630 -25032.548  28.9%     -    0s
H    0     0                    -20419.68398 -25032.548  22.6%     -    0s
H    0     0                    -20461.91522 -25032.548  22.3%     -    0s
H    0     0                    -20464.01466 -25032.548  22.3%     -    0s
H    0     0                    -20470.09624 -24723.228  20.8%     -    0s
H    0     0                    -20497.49018 -24723.228  20.6%     -    0s
H    0     0                    -20676.52228 -24723.228  19.6%     -    0s
H    0     0                    -20694.36745 -24723.228  19.5%     -    0s
H    0     0                    -20761.31464 -24723.228  19.1%     -    0s
     0     0 -24670.607    0  948 -20761.315 -24670.607  18.8%     -    0s
H    0     0                    -20818.99819 -23772.098  14.2%     -    0s
H    0     0                    -20826.55220 -23772.098  14.1%     -    0s
H    0     0                    -20827.63134 -23772.098  14.1%     -    0s
H    0     0                    -20835.18534 -23772.098  14.1%     -    0s
     0     0 -23745.586    0 1035 -20835.185 -23745.586  14.0%     -    0s
H    0     0                    -20846.97795 -23734.666  13.9%     -    0s
H    0     0                    -20933.20405 -23734.666  13.4%     -    0s
H    0     0                    -20938.57069 -23734.666  13.4%     -    0s
H    0     0                    -21013.46502 -23734.666  12.9%     -    0s
H    0     0                    -21053.04013 -23734.666  12.7%     -    0s
     0     0 -23734.573    0 1287 -21053.040 -23734.573  12.7%     -    0s
H    0     0                    -21086.55700 -23732.271  12.5%     -    0s
H    0     0                    -21097.61211 -23732.271  12.5%     -    0s
H    0     0                    -21100.62714 -23732.271  12.5%     -    0s
H    0     0                    -21104.64718 -23732.271  12.5%     -    0s
H    0     0                    -21113.83067 -23732.271  12.4%     -    0s
     0     0 -23732.271    0 1293 -21113.831 -23732.271  12.4%     -    0s
     0     0 -23732.069    0 1306 -21113.831 -23732.069  12.4%     -    0s
     0     0 -23732.069    0 1306 -21113.831 -23732.069  12.4%     -    0s
H    0     0                    -21201.96229 -23594.047  11.3%     -    0s
H    0     0                    -21203.96164 -23594.047  11.3%     -    0s
H    0     0                    -21205.88251 -23594.047  11.3%     -    0s
H    0     0                    -21231.51746 -23594.047  11.1%     -    0s
H    0     0                    -21235.64194 -23594.047  11.1%     -    0s
H    0     0                    -21245.50471 -23594.047  11.1%     -    0s
     0     0 -23303.473    0 1319 -21245.505 -23303.473  9.69%     -    0s
     0     0 -23301.950    0 1319 -21245.505 -23301.950  9.68%     -    0s
     0     0 -23301.950    0 1314 -21245.505 -23301.950  9.68%     -    1s
H    0     0                    -21247.55582 -23301.950  9.67%     -    1s
H    0     2                    -21248.47742 -23301.950  9.66%     -    1s
H    0     2                    -21261.54661 -23301.950  9.60%     -    1s
     0     2 -23301.950    0 1314 -21261.547 -23301.950  9.60%     -    1s
H    4     8                    -21262.46821 -23301.950  9.59%   380    1s
H    7    12                    -21274.02047 -23301.950  9.53%   522    1s
H   10    12                    -21277.16179 -23301.950  9.52%   677    1s
H   51    54                    -21282.03906 -23301.950  9.49%   226    1s
H   52    54                    -21289.21768 -23301.950  9.45%   222    1s
H   67    68                    -21290.17811 -23301.950  9.45%   202    1s
H  128   129                    -21291.13855 -23301.950  9.44%   109    1s
H  131   129                    -21292.12603 -23301.950  9.44%   107    1s
H  732   715                    -21294.04690 -23301.950  9.43%  25.2    2s
H 1018   988                    -21297.91052 -23301.950  9.41%  21.6    3s
  1618  1550 -21387.031   41  708 -21297.911 -23301.950  9.41%  17.8    5s
H 1620  1474                    -21298.98966 -23301.950  9.40%  17.8    5s
H 1620  1400                    -21301.14795 -23301.950  9.39%  17.8    5s
H 1626  1334                    -21306.01017 -23301.950  9.37%  17.7    6s
  1635  1340 -21593.615   34 1959 -21306.010 -23199.957  8.89%  17.6   10s
H 1637  1273                    -21307.79732 -23161.296  8.70%  17.6   11s
H 1638  1210                    -21308.96317 -23144.011  8.61%  17.6   12s
H 1638  1149                    -21309.92643 -23144.011  8.61%  17.6   12s
H 1638  1091                    -21310.88686 -23144.011  8.60%  17.6   12s
H 1639  1036                    -21313.98493 -23134.987  8.54%  17.6   13s
H 1640   985                    -21317.08300 -23132.860  8.52%  17.6   14s
H 1641   936                    -21318.10950 -23131.682  8.51%  17.5   14s
H 1641   889                    -21319.08194 -23131.682  8.50%  17.5   15s
H 1642   844                    -21320.04520 -23107.802  8.39%  17.5   17s
  1646   847 -21342.007  213 2254 -21320.045 -23090.052  8.30%  17.5   20s
  1653   852 -22189.263   73 2278 -21320.045 -23058.760  8.16%  17.4   25s
  1656   854 -21933.915   37 2281 -21320.045 -22993.017  7.85%  17.4   30s
  1659   859 -22993.017   16 2131 -21320.045 -22993.017  7.85%  50.0   35s
H 1952   985                    -21369.12808 -22956.684  7.43%  59.9   39s
  1953   990     cutoff   60      -21369.128 -22954.341  7.42%  59.9   40s
H 2008   879                    -21617.60737 -22780.565  5.38%  64.4   41s
H 2013   845                    -21640.79963 -22457.230  3.77%  65.7   41s
H 2018   806                    -21661.20844 -22457.230  3.67%  65.5   41s
H 2020   770                    -21670.26734 -22457.230  3.63%  65.5   41s
H 2025   762                    -21672.14815 -22457.230  3.62%  65.4   41s
H 2085   727                    -21701.08992 -22457.230  3.48%  64.1   41s
H 2107   689                    -21704.46543 -22457.230  3.47%  63.5   41s
H 2108   668                    -21714.27929 -22457.230  3.42%  63.5   41s
H 2110   639                    -21721.29885 -22457.230  3.39%  63.5   41s
H 2172   645                    -21722.23620 -22457.230  3.38%  62.3   41s
H 2222   661                    -21724.13113 -22457.230  3.37%  61.2   42s
  2752   952 -22188.856   83  513 -21724.131 -22422.642  3.22%  53.4   45s
  7407  5381 -22057.581  155  494 -21724.131 -22417.693  3.19%  22.5   50s
 14974 12576 -21800.378  289  326 -21724.131 -22393.409  3.08%  13.4   55s
 27835 24482 -22176.570   48  642 -21724.131 -22320.064  2.74%   9.6   60s
 38237 34520 -22085.172   76  603 -21724.131 -22317.467  2.73%   8.2   65s
 49070 44042 -21867.361  188  474 -21724.131 -22313.129  2.71%   7.5   70s
 51647 46887 -21855.193  192  468 -21724.131 -22311.880  2.71%   7.3   75s
 56489 51124 -21851.832  193  467 -21724.131 -22308.994  2.69%   7.1   80s
 61034 55518 -21854.305  196  467 -21724.131 -22307.239  2.68%   7.0   85s
 66189 60204 -21844.726  197  460 -21724.131 -22305.014  2.67%   6.8   90s
 79351 71532 -21926.456  176  488 -21724.131 -22294.552  2.63%   6.5   95s
 87213 78907 -21907.518  161  485 -21724.131 -22290.240  2.61%   6.4  100s
 99425 89817 -21977.647   66  617 -21724.131 -22284.150  2.58%   6.2  105s
 114788 103657     cutoff  146      -21724.131 -22279.252  2.56%   6.0  110s
 127813 115773 -21750.145  249  392 -21724.131 -22275.789  2.54%   5.9  115s
 141635 128252 -22082.912   62  642 -21724.131 -22271.992  2.52%   5.8  120s
 155877 141552 -21963.819  104  566 -21724.131 -22269.109  2.51%   5.7  125s
 168146 152613 -21781.278  228  423 -21724.131 -22266.626  2.50%   5.6  130s
 180206 163584 -21872.327  154  512 -21724.131 -22263.872  2.48%   5.5  135s
 193487 175434 -21939.514  116  555 -21724.131 -22259.586  2.46%   5.5  140s
 200598 182144 -21758.488  243  397 -21724.131 -22258.251  2.46%   5.5  145s
 212155 192682 -21770.419  256  395 -21724.131 -22256.112  2.45%   5.4  150s
 225753 204604 -22070.468   89  543 -21724.131 -22253.309  2.44%   5.4  155s
 228550 207238 infeasible  239      -21724.131 -22253.158  2.44%   5.4  160s
 240111 217664 -21996.991   95  582 -21724.131 -22250.668  2.42%   5.4  165s
 252038 228707 -21914.938   89  562 -21724.131 -22248.435  2.41%   5.3  170s
 264350 239763 -22129.185   78  623 -21724.131 -22245.007  2.40%   5.3  175s
 275605 249805 infeasible  155      -21724.131 -22242.956  2.39%   5.3  180s
 289432 261772 -21735.011  193  516 -21724.131 -22239.658  2.37%   5.3  185s
 299437 270675 -22074.709   56  712 -21724.131 -22237.267  2.36%   5.3  190s
 311484 281549 -21887.372  108  603 -21724.131 -22234.784  2.35%   5.4  195s
 323733 292348 -21832.073  176  503 -21724.131 -22232.541  2.34%   5.4  200s
 335974 303493 -21739.511  111  621 -21724.131 -22231.013  2.33%   5.4  205s
 346860 313017 -21835.128  169  558 -21724.131 -22229.011  2.32%   5.4  210s
 358933 323862 -21933.017   71  655 -21724.131 -22227.203  2.32%   5.4  215s
 370020 333686 -22066.819   53  690 -21724.131 -22226.028  2.31%   5.4  220s
 379954 342957 -21766.140  210  429 -21724.131 -22225.448  2.31%   5.4  225s
 389546 351714 -21889.407  129  557 -21724.131 -22224.476  2.30%   5.4  230s
 397056 358594 -21803.920  169  543 -21724.131 -22223.864  2.30%   5.4  235s
 405853 366139 -22025.475   48  705 -21724.131 -22223.081  2.30%   5.4  240s
 411728 371503 -21769.356  201  451 -21724.131 -22222.615  2.29%   5.4  245s
 422463 380873 -21742.195  184  526 -21724.131 -22221.736  2.29%   5.4  250s
 425406 383486 -21939.202   81  639 -21724.131 -22221.542  2.29%   5.3  255s
 430178 387871 -21949.033   98  611 -21724.131 -22221.010  2.29%   5.3  260s
 437214 394030 -21921.004  125  576 -21724.131 -22220.585  2.29%   5.3  265s
 443535 399793 -21745.995  202  456 -21724.131 -22220.192  2.28%   5.3  270s
 451470 407230 -21790.909  191  469 -21724.131 -22219.323  2.28%   5.3  275s
 459326 413898 -21776.796  210  471 -21724.131 -22218.763  2.28%   5.3  280s
 465745 419688 -22064.161   42  723 -21724.131 -22218.168  2.27%   5.3  285s
 470783 424412 -21803.373  187  501 -21724.131 -22217.858  2.27%   5.3  290s
 476303 429529 -21892.561  130  564 -21724.131 -22217.560  2.27%   5.3  295s
 484749 437207 -21804.629  161  529 -21724.131 -22216.821  2.27%   5.3  300s
 493114 444693 -21997.065   76  645 -21724.131 -22216.364  2.27%   5.3  305s
 502117 452732 -21793.463  123  575 -21724.131 -22215.512  2.26%   5.3  310s
 511154 460708 -21732.203  180  528 -21724.131 -22214.608  2.26%   5.3  315s
 518054 466910 -21903.677  114  571 -21724.131 -22214.125  2.26%   5.3  320s
 525791 473982 -21827.532  171  537 -21724.131 -22213.577  2.25%   5.3  325s
 532582 479839 -21812.293  182  505 -21724.131 -22213.027  2.25%   5.3  330s
 538742 485717 -21841.058  157  540 -21724.131 -22212.723  2.25%   5.3  335s
 547005 493039 -22136.487   34  716 -21724.131 -22211.933  2.25%   5.3  340s
 554578 499659 -21732.992  195  506 -21724.131 -22211.068  2.24%   5.3  345s
 562452 506831 -21824.938  129  555 -21724.131 -22210.253  2.24%   5.3  350s
 569195 512885 -21740.416  224  431 -21724.131 -22209.835  2.24%   5.3  355s
 575031 518036 -21743.845  212  432 -21724.131 -22209.059  2.23%   5.3  360s
 581236 523541 -21762.456  212  471 -21724.131 -22208.554  2.23%   5.3  365s
 586430 528253 -21787.348  214  473 -21724.131 -22208.016  2.23%   5.3  370s
 593767 534912 -22065.765   48  693 -21724.131 -22207.241  2.22%   5.3  375s
 602266 542343     cutoff  159      -21724.131 -22206.697  2.22%   5.3  380s
 609422 548887 -21887.570  104  583 -21724.131 -22206.116  2.22%   5.3  385s
 616485 555590     cutoff  154      -21724.131 -22205.831  2.22%   5.3  390s
 624168 562412 -21782.930   90  616 -21724.131 -22205.329  2.22%   5.3  395s
 632077 569270 -21756.834   81  662 -21724.131 -22204.680  2.21%   5.3  400s
 639452 576176 -21752.160  230  458 -21724.131 -22204.383  2.21%   5.2  405s
 646476 582545 -21959.489   67  646 -21724.131 -22204.024  2.21%   5.2  410s
 653469 588625 -22109.862   32  703 -21724.131 -22203.584  2.21%   5.2  415s
 660288 594286 -21735.857  162  529 -21724.131 -22203.083  2.20%   5.2  420s
 667041 600523 -22012.779   53  701 -21724.131 -22202.561  2.20%   5.2  425s
 671895 605083 -21784.050  205  475 -21724.131 -22202.427  2.20%   5.2  430s
 676698 609408 -21784.315  106  611 -21724.131 -22202.140  2.20%   5.2  435s
 682064 614118 -21810.220  137  577 -21724.131 -22201.869  2.20%   5.2  440s
 687275 618499 -22009.977   68  657 -21724.131 -22201.510  2.20%   5.2  445s
 692838 623599 -21837.318  169  514 -21724.131 -22201.213  2.20%   5.2  450s
 698477 628706 -21849.601  136  583 -21724.131 -22200.854  2.19%   5.2  455s
 704595 634261 -21907.791  117  586 -21724.131 -22200.529  2.19%   5.2  460s
 710502 639774 -21893.128  103  593 -21724.131 -22200.289  2.19%   5.2  465s
 716628 644952 -21939.073   74  648 -21724.131 -22199.969  2.19%   5.2  470s
 721643 649320     cutoff  220      -21724.131 -22199.728  2.19%   5.2  475s
 727447 654463 -22024.958   48  691 -21724.131 -22199.236  2.19%   5.2  480s
 731521 658754 -21777.620  126  595 -21724.131 -22199.031  2.19%   5.2  485s
 738334 663796 -21948.975   72  638 -21724.131 -22198.621  2.18%   5.2  490s
 744201 669215 -21791.778  194  463 -21724.131 -22198.380  2.18%   5.2  495s
 749361 673837 -22066.691   53  691 -21724.131 -22198.205  2.18%   5.2  500s
 753953 678134 -21746.128  148  545 -21724.131 -22198.011  2.18%   5.2  505s
 759611 683506 -21881.483  112  591 -21724.131 -22197.831  2.18%   5.2  510s
 764931 687707 -21803.419   90  604 -21724.131 -22197.630  2.18%   5.2  515s
 769972 692524 -21960.256   77  652 -21724.131 -22197.460  2.18%   5.2  520s
 775765 697862 -21937.450   73  641 -21724.131 -22197.245  2.18%   5.2  525s
 780872 702093 -22032.872   71  665 -21724.131 -22196.901  2.18%   5.2  530s
 786442 707258     cutoff  143      -21724.131 -22196.657  2.18%   5.2  535s
 792996 712728 -22009.420  116  621 -21724.131 -22196.196  2.17%   5.2  540s
 799201 718528 -21865.475  110  603 -21724.131 -22195.860  2.17%   5.2  545s
 801693 720728 -21841.960  183  493 -21724.131 -22195.792  2.17%   5.2  550s
 807309 725887 -21724.497  142  452 -21724.131 -22195.574  2.17%   5.2  555s
 812288 730430 -21901.437  145  540 -21724.131 -22195.416  2.17%   5.2  560s
 814698 732650 -21765.973  141  555 -21724.131 -22195.368  2.17%   5.2  565s
 820723 737933 -21823.550  131  587 -21724.131 -22195.157  2.17%   5.2  570s
 823729 740663 -21818.611  154  530 -21724.131 -22195.002  2.17%   5.2  575s
 827498 743488 -21952.869  115  614 -21724.131 -22194.805  2.17%   5.2  580s
 829970 746090 -22004.831   61  704 -21724.131 -22194.679  2.17%   5.2  585s
 834606 750107 -22090.451   40  713 -21724.131 -22194.392  2.16%   5.2  590s
 838713 753987 -21889.295  151  547 -21724.131 -22194.253  2.16%   5.2  595s
 843195 757582 -22049.887   53  718 -21724.131 -22194.105  2.16%   5.2  600s
 847822 762193 -21876.078   77  651 -21724.131 -22193.883  2.16%   5.2  605s
 853106 766671 -21864.941  157  557 -21724.131 -22193.615  2.16%   5.2  610s
 857632 770777 -21732.648  131  577 -21724.131 -22193.439  2.16%   5.2  615s
 861794 774592 -21768.636  164  557 -21724.131 -22193.248  2.16%   5.2  620s
 866433 778110 -21914.445  135  586 -21724.131 -22193.061  2.16%   5.2  625s
 870678 782011 -21829.598  140  545 -21724.131 -22192.973  2.16%   5.2  631s
 872882 784250 -21983.345  100  596 -21724.131 -22192.865  2.16%   5.2  635s
 874178 785217 -21829.379  199  479 -21724.131 -22192.865  2.16%   5.2  640s
 877605 788573 -21823.629  200  474 -21724.131 -22192.792  2.16%   5.2  645s
 881879 792724 -21953.650   90  628 -21724.131 -22192.601  2.16%   5.2  650s
 884833 795222 -21838.506  117  588 -21724.131 -22192.475  2.16%   5.2  655s
 889712 799332 -21982.453   97  598 -21724.131 -22192.359  2.16%   5.2  660s
 894880 804212 -21822.109  152  576 -21724.131 -22192.123  2.15%   5.2  665s
 900408 808940 infeasible  198      -21724.131 -22191.884  2.15%   5.2  670s
 903311 811172 -21854.745  169  533 -21724.131 -22191.685  2.15%   5.2  675s
 907819 815636 infeasible  163      -21724.131 -22191.577  2.15%   5.2  680s
 913009 820319 -22004.222   82  634 -21724.131 -22191.395  2.15%   5.2  685s
 918522 825245     cutoff  143      -21724.131 -22191.181  2.15%   5.2  690s
 923491 829540 -21758.891   91  640 -21724.131 -22191.064  2.15%   5.2  695s
 928854 834128 -21958.064  117  596 -21724.131 -22190.793  2.15%   5.2  700s
 933715 838828 -21770.851  176  544 -21724.131 -22190.748  2.15%   5.2  705s
 938577 843257 -21740.078  106  632 -21724.131 -22190.586  2.15%   5.2  710s
 941188 845210 -21880.011  135  582 -21724.131 -22190.501  2.15%   5.2  715s
 946072 849823 -21896.831   70  687 -21724.131 -22190.296  2.15%   5.2  720s
 951133 854229 -21742.991  161  521 -21724.131 -22190.136  2.15%   5.2  725s
 956484 858929 -21905.166   75  657 -21724.131 -22189.928  2.14%   5.2  730s
 961539 863322 -21938.972  110  580 -21724.131 -22189.707  2.14%   5.2  735s
 967416 868049 -22111.203   37  729 -21724.131 -22189.480  2.14%   5.2  741s
 970027 870592 -21820.337  172  542 -21724.131 -22189.406  2.14%   5.2  745s
 974743 874770 -21876.231   73  643 -21724.131 -22189.279  2.14%   5.2  750s
 978956 878713 -21893.587  161  546 -21724.131 -22189.186  2.14%   5.2  755s
 984067 883466 -21775.825  202  460 -21724.131 -22189.062  2.14%   5.2  760s
 987787 886452 infeasible  142      -21724.131 -22188.914  2.14%   5.2  765s
 987813 886465 infeasible  145      -21724.131 -22188.907  2.14%   5.2  771s
 987831 886481 -22041.304   74  704 -21724.131 -22188.907  2.14%   5.2  775s
 987847 886497 -22032.210   78  693 -21724.131 -22188.907  2.14%   5.2  780s
 987863 886513 -22027.364   82  689 -21724.131 -22188.907  2.14%   5.2  786s
 987879 886529 -22024.745   86  678 -21724.131 -22188.907  2.14%   5.2  791s
 987891 886541 -22013.399   89  669 -21724.131 -22188.907  2.14%   5.2  795s
 987907 886557 -22006.148   93  662 -21724.131 -22188.907  2.14%   5.2  801s
 987919 886569 -22003.389   96  657 -21724.131 -22188.907  2.14%   5.2  805s
 987935 886585 -22001.516  100  651 -21724.131 -22188.907  2.14%   5.2  810s
 987952 886602 -21994.962  104  646 -21724.131 -22188.907  2.14%   5.2  815s
 987974 886624 -21989.763  108  634 -21724.131 -22188.907  2.14%   5.2  820s
 987988 886650 -21986.746  110  638 -21724.131 -22188.907  2.14%   5.2  826s
 988373 887347 infeasible  214      -21724.131 -22188.903  2.14%   5.2  830s
 989789 888426 -21854.285  172  523 -21724.131 -22188.858  2.14%   5.2  835s
 991472 890032 -21769.297  206  455 -21724.131 -22188.798  2.14%   5.2  840s
 994235 892646 -21764.717  180  550 -21724.131 -22188.798  2.14%   5.2  845s
 996193 894283 -21880.122  113  614 -21724.131 -22188.612  2.14%   5.2  850s
 998968 896459 -21890.781   82  635 -21724.131 -22188.521  2.14%   5.2  855s
 1002291 899536     cutoff  201      -21724.131 -22188.347  2.14%   5.2  860s
 1006097 903124 -21765.783  167  556 -21724.131 -22188.266  2.14%   5.2  865s
 1009226 905748 -21881.366  155  562 -21724.131 -22188.128  2.14%   5.2  870s
 1013719 910001 -22073.306   58  707 -21724.131 -22188.016  2.14%   5.2  875s
 1018273 913918 -21761.104  186  520 -21724.131 -22187.850  2.13%   5.2  880s
 1022530 917669 -21897.341  167  527 -21724.131 -22187.715  2.13%   5.2  885s
 1027154 922115 -22009.589   61  687 -21724.131 -22187.626  2.13%   5.2  890s
 1031675 926230 -21786.973  170  533 -21724.131 -22187.474  2.13%   5.2  895s
 1036677 930529 -21736.612  140  569 -21724.131 -22187.261  2.13%   5.2  900s
 1040725 934070 -21888.611  173  567 -21724.131 -22187.129  2.13%   5.2  905s
 1045630 938436 -21765.966  200  453 -21724.131 -22186.902  2.13%   5.2  910s
 1049756 942047 -21734.646  170  520 -21724.131 -22186.708  2.13%   5.2  915s
 1054214 945934 -22070.770   56  707 -21724.131 -22186.553  2.13%   5.2  920s
 1059159 950150 -21898.567  142  558 -21724.131 -22186.367  2.13%   5.2  925s
 1063086 953575 -21984.353   79  673 -21724.131 -22186.221  2.13%   5.2  930s
 1067690 957468 -21894.176  129  590 -21724.131 -22186.063  2.13%   5.2  935s
 1071392 960721 -21796.300  163  527 -21724.131 -22185.965  2.13%   5.2  940s
 1075176 964155     cutoff  224      -21724.131 -22185.897  2.13%   5.2  945s
 1079188 967603 -21762.515  186  494 -21724.131 -22185.760  2.12%   5.2  950s
 1083717 971590 -21992.372   55  706 -21724.131 -22185.659  2.12%   5.2  955s
 1088430 975670 -21836.259  184  487 -21724.131 -22185.519  2.12%   5.2  960s
 1092630 979523 -21736.976  223  434 -21724.131 -22185.437  2.12%   5.2  965s
 1096927 983495 -21900.412   65  701 -21724.131 -22185.286  2.12%   5.2  970s
 1100828 986935 -21855.695   74  689 -21724.131 -22185.201  2.12%   5.2  975s
 1104172 990051     cutoff  130      -21724.131 -22185.121  2.12%   5.1  980s
 1109404 994464 -21843.653  101  640 -21724.131 -22184.872  2.12%   5.2  985s
 1113193 997774 -21744.565  226  433 -21724.131 -22184.811  2.12%   5.2  990s
 1116066 1000593 -21920.651   81  661 -21724.131 -22184.695  2.12%   5.2  995s
 1120344 1004395 -21817.622  172  549 -21724.131 -22184.591  2.12%   5.1 1000s
 1124480 1007970 -21901.066  163  541 -21724.131 -22184.388  2.12%   5.2 1005s
 1128945 1012043 -21851.709  164  535 -21724.131 -22184.287  2.12%   5.1 1010s
 1132467 1015272 -21842.278  183  491 -21724.131 -22184.240  2.12%   5.1 1015s
 1136230 1018362 -21919.367  123  590 -21724.131 -22184.119  2.12%   5.1 1020s
 1139513 1021246 -21948.570   59  697 -21724.131 -22184.031  2.12%   5.1 1025s
 1142642 1024224     cutoff  107      -21724.131 -22183.941  2.12%   5.1 1030s
 1146980 1028138 -21754.722  110  636 -21724.131 -22183.777  2.12%   5.1 1035s
 1151273 1032071 -21953.999   66  690 -21724.131 -22183.736  2.12%   5.1 1040s
 1155345 1035884 -21748.817  127  610 -21724.131 -22183.638  2.12%   5.1 1045s
 1159522 1039652 -21984.892   71  674 -21724.131 -22183.521  2.11%   5.1 1050s
 1164209 1043674 -22023.535   61  708 -21724.131 -22183.355  2.11%   5.1 1055s
 1168544 1047710 -21824.432  178  499 -21724.131 -22183.254  2.11%   5.1 1060s
 1172107 1051029 -21730.284  183  510 -21724.131 -22183.190  2.11%   5.1 1065s
 1176595 1054888 -21797.432   90  631 -21724.131 -22183.041  2.11%   5.1 1070s
 1180114 1057777 -21838.756   74  684 -21724.131 -22182.900  2.11%   5.1 1075s
 1183648 1061150 -22105.861   40  723 -21724.131 -22182.738  2.11%   5.1 1080s
 1187474 1064444 -22030.416   62  686 -21724.131 -22182.628  2.11%   5.1 1085s
 1190674 1067245 -21732.662  138  473 -21724.131 -22182.534  2.11%   5.1 1090s
 1194995 1070886 -21950.199  124  591 -21724.131 -22182.417  2.11%   5.1 1095s
 1199119 1074787 -21825.362  192  477 -21724.131 -22182.341  2.11%   5.1 1100s
 1203395 1078802 -22051.307   49  718 -21724.131 -22182.250  2.11%   5.1 1105s
 1207962 1083008 -21923.144  121  600 -21724.131 -22182.167  2.11%   5.1 1110s
 1211728 1086622 -21851.651  145  552 -21724.131 -22182.074  2.11%   5.1 1115s
 1215549 1089630 -21788.135  153  544 -21724.131 -22181.924  2.11%   5.1 1120s
 1219687 1093226 -21891.326   95  603 -21724.131 -22181.837  2.11%   5.1 1125s
 1222052 1098331 -21902.215  159  549 -21724.131 -22181.789  2.11%   5.1 1132s
 1227317 1100326 -21777.801  180  475 -21724.131 -22181.618  2.11%   5.1 1135s
 1230833 1103451 -21776.360  215  461 -21724.131 -22181.551  2.11%   5.1 1140s
 1234983 1107359 -21750.557  236  398 -21724.131 -22181.493  2.11%   5.1 1145s
 1238959 1110771 -21767.114  173  501 -21724.131 -22181.370  2.10%   5.1 1150s
 1242777 1114332 -21762.481  110  601 -21724.131 -22181.257  2.10%   5.1 1155s
 1246798 1117542 -22024.852   64  655 -21724.131 -22181.132  2.10%   5.1 1160s
 1251258 1121634 -21812.400  194  482 -21724.131 -22181.044  2.10%   5.1 1165s
 1254778 1125005 -21748.834  223  429 -21724.131 -22181.016  2.10%   5.1 1170s
 1259492 1128788     cutoff  152      -21724.131 -22180.856  2.10%   5.1 1175s
 1263446 1132307 -21754.762  177  495 -21724.131 -22180.762  2.10%   5.1 1180s
 1267354 1135883 -21816.186  191  453 -21724.131 -22180.671  2.10%   5.1 1185s
 1271580 1139568 -21927.081   98  630 -21724.131 -22180.515  2.10%   5.1 1190s
 1274829 1142630 -21764.065  221  417 -21724.131 -22180.477  2.10%   5.1 1195s
 1279435 1146664 infeasible  155      -21724.131 -22180.331  2.10%   5.1 1200s
 1283528 1150307 -21827.644  106  615 -21724.131 -22180.208  2.10%   5.1 1205s
 1287620 1153694 -21728.136  130  567 -21724.131 -22180.061  2.10%   5.1 1210s
 1290898 1156760 -21866.331  101  621 -21724.131 -22179.977  2.10%   5.1 1215s
 1294750 1160027 -22000.036   73  682 -21724.131 -22179.802  2.10%   5.1 1220s
 1297504 1162595 -22069.768   47  709 -21724.131 -22179.750  2.10%   5.1 1225s
 1300809 1165558 -21782.632  210  448 -21724.131 -22179.689  2.10%   5.1 1230s
 1304430 1168720 -21797.327  203  459 -21724.131 -22179.579  2.10%   5.1 1235s
 1307467 1171392 -21846.617  116  555 -21724.131 -22179.475  2.10%   5.1 1240s
 1310816 1174251 -21855.704  154  545 -21724.131 -22179.416  2.10%   5.1 1245s
 1314178 1177512 -21811.470  177  497 -21724.131 -22179.363  2.10%   5.1 1250s
 1316762 1179906 -21738.029  216  445 -21724.131 -22179.304  2.10%   5.1 1255s
 1319803 1182629     cutoff  180      -21724.131 -22179.231  2.09%   5.1 1260s
 1323040 1185536 -21850.815  116  593 -21724.131 -22179.203  2.09%   5.1 1265s
 1326288 1188415 -21871.774   90  616 -21724.131 -22179.090  2.09%   5.1 1270s
 1329840 1191623 -21745.018  177  528 -21724.131 -22179.033  2.09%   5.1 1275s
 1334616 1195945 -21999.439   66  681 -21724.131 -22178.930  2.09%   5.1 1280s
 1338487 1199159 -21824.335  115  587 -21724.131 -22178.790  2.09%   5.1 1285s
 1342286 1202428 -22079.825   51  701 -21724.131 -22178.714  2.09%   5.1 1290s
 1346652 1206047 -22095.234   48  727 -21724.131 -22178.546  2.09%   5.1 1295s
 1349978 1209091 -21930.903   67  689 -21724.131 -22178.360  2.09%   5.1 1300s
 1354564 1212937 -22043.416   60  715 -21724.131 -22178.236  2.09%   5.1 1305s
 1357469 1215754 -22001.938   70  680 -21724.131 -22178.143  2.09%   5.1 1310s
 1362036 1219793 infeasible  188      -21724.131 -22178.009  2.09%   5.1 1315s
 1365999 1223161 -21729.861  126  495 -21724.131 -22177.888  2.09%   5.1 1320s
 1369711 1226153 -21903.624   79  668 -21724.131 -22177.750  2.09%   5.1 1326s
 1372084 1228468 -21933.186  105  582 -21724.131 -22177.672  2.09%   5.1 1330s
 1376051 1231818 -21832.904  149  570 -21724.131 -22177.560  2.09%   5.1 1336s
 1378435 1233908 -21853.627  194  473 -21724.131 -22177.514  2.09%   5.1 1340s
 1382280 1237167 -21895.012  146  529 -21724.131 -22177.437  2.09%   5.1 1345s
 1385334 1240023 -21829.183  107  566 -21724.131 -22177.378  2.09%   5.1 1350s
 1388725 1243137 -21832.157  171  522 -21724.131 -22177.287  2.09%   5.1 1356s
 1391051 1245437 -21760.660  204  469 -21724.131 -22177.265  2.09%   5.1 1360s
 1394357 1248549 -21895.976  123  609 -21724.131 -22177.170  2.09%   5.1 1365s
 1399096 1252593 -21781.396  169  559 -21724.131 -22177.089  2.09%   5.1 1371s
 1402371 1255357 -22070.518   46  734 -21724.131 -22176.999  2.08%   5.1 1375s
 1406957 1259378 -21893.927   98  614 -21724.131 -22176.897  2.08%   5.1 1380s
 1410625 1262132 -21732.193  119  573 -21724.131 -22176.770  2.08%   5.1 1385s
 1413640 1265259 -21943.248   84  644 -21724.131 -22176.719  2.08%   5.1 1390s
 1417747 1268733     cutoff  213      -21724.131 -22176.615  2.08%   5.1 1395s
 1421139 1271663 -22036.369   58  720 -21724.131 -22176.576  2.08%   5.1 1400s
 1425225 1275189 -21904.856   97  607 -21724.131 -22176.413  2.08%   5.1 1405s
 1429320 1278696 -21786.868  217  445 -21724.131 -22176.302  2.08%   5.1 1410s
 1432591 1281564 -21740.127  146  578 -21724.131 -22176.201  2.08%   5.1 1415s
 1435474 1284126 -21915.325  101  622 -21724.131 -22176.098  2.08%   5.1 1420s
 1437998 1286294 -21738.305  231  404 -21724.131 -22176.079  2.08%   5.1 1425s
 1441279 1289107 -21933.679  133  586 -21724.131 -22175.988  2.08%   5.1 1431s
 1444205 1292001 -22083.917   42  734 -21724.131 -22175.905  2.08%   5.1 1435s
 1447934 1295308 -22015.639   65  702 -21724.131 -22175.816  2.08%   5.1 1440s
 1451126 1298319 -21937.292  138  577 -21724.131 -22175.761  2.08%   5.1 1445s
 1453747 1300515 -21846.607  132  594 -21724.131 -22175.711  2.08%   5.1 1450s
 1457354 1303580 -22015.264   63  706 -21724.131 -22175.652  2.08%   5.1 1455s
 1460850 1306518 -22058.006   52  709 -21724.131 -22175.589  2.08%   5.1 1460s
 1463992 1309649 -21983.663   73  655 -21724.131 -22175.525  2.08%   5.1 1465s
 1467193 1312400 -21955.618   86  622 -21724.131 -22175.465  2.08%   5.1 1470s
 1470589 1315534 -21742.642  171  489 -21724.131 -22175.404  2.08%   5.1 1475s
 1473915 1318236 -21817.217  135  568 -21724.131 -22175.334  2.08%   5.1 1480s
 1477616 1321418 -21733.702  199  492 -21724.131 -22175.228  2.08%   5.1 1485s
 1481092 1324780 -22061.350   40  719 -21724.131 -22175.165  2.08%   5.1 1490s
 1484339 1327618 -21745.904  185  545 -21724.131 -22175.112  2.08%   5.1 1495s
 1486658 1329701 -21933.151   72  666 -21724.131 -22175.051  2.08%   5.1 1500s
 1489292 1332308 -21844.988  157  548 -21724.131 -22174.987  2.08%   5.1 1505s
 1493349 1335450 -22001.236   55  697 -21724.131 -22174.846  2.07%   5.1 1510s
 1496819 1338704 -21964.769   88  644 -21724.131 -22174.779  2.07%   5.1 1515s
 1500454 1341648 -22048.385   49  756 -21724.131 -22174.698  2.07%   5.1 1520s
 1504256 1345027 -21728.848  147  570 -21724.131 -22174.582  2.07%   5.1 1526s
 1507257 1347600 -21911.679  117  609 -21724.131 -22174.495  2.07%   5.1 1530s
 1510847 1350999 -21733.137  202  502 -21724.131 -22174.454  2.07%   5.1 1535s
 1514341 1353824 -22072.147   45  756 -21724.131 -22174.322  2.07%   5.1 1540s
 1518128 1357155 -21944.569   91  652 -21724.131 -22174.207  2.07%   5.1 1545s
 1522038 1360345 -22014.465   55  732 -21724.131 -22174.011  2.07%   5.1 1550s
 1525289 1363509 -21864.395  170  529 -21724.131 -22173.971  2.07%   5.1 1556s
 1528373 1366112 -22003.340   60  723 -21724.131 -22173.917  2.07%   5.1 1560s
 1532189 1369524 -21802.712  168  543 -21724.131 -22173.830  2.07%   5.1 1565s
 1535616 1372669 -21761.456  228  448 -21724.131 -22173.786  2.07%   5.1 1570s
 1538691 1375366 -21728.513  153  566 -21724.131 -22173.707  2.07%   5.1 1575s
 1542512 1378686 -21867.246  174  521 -21724.131 -22173.590  2.07%   5.1 1580s
 1545783 1381664 -21916.404   94  639 -21724.131 -22173.521  2.07%   5.1 1585s
 1548827 1384221 -21772.697  191  466 -21724.131 -22173.464  2.07%   5.1 1590s
 1552558 1387518 -21856.351  120  611 -21724.131 -22173.367  2.07%   5.1 1595s
 1555740 1390305 -21945.691   80  671 -21724.131 -22173.298  2.07%   5.1 1600s
 1558987 1393316 -21827.122  188  469 -21724.131 -22173.243  2.07%   5.1 1605s
 1562297 1396054 -21809.899  160  519 -21724.131 -22173.118  2.07%   5.1 1610s
 1565941 1399447 -21743.007  167  567 -21724.131 -22173.019  2.07%   5.1 1615s
 1568720 1402055 -22053.763   56  708 -21724.131 -22172.995  2.07%   5.1 1620s
 1572824 1405493 -21881.536  149  563 -21724.131 -22172.905  2.07%   5.2 1625s
 1576094 1408432 -22065.626   45  756 -21724.131 -22172.792  2.07%   5.2 1630s
 1578608 1410761 -22020.917   62  736 -21724.131 -22172.754  2.07%   5.2 1635s
 1582518 1414031 -21747.270  145  577 -21724.131 -22172.607  2.06%   5.2 1640s
 1586253 1417360 -21847.899  117  644 -21724.131 -22172.517  2.06%   5.2 1645s
 1589386 1419879 -22012.329   64  718 -21724.131 -22172.388  2.06%   5.2 1650s
 1592857 1422870 -22060.739   36  780 -21724.131 -22172.300  2.06%   5.2 1655s
 1595349 1424987 -21916.533   90  680 -21724.131 -22172.232  2.06%   5.2 1660s
 1598159 1427619 -21860.048  125  613 -21724.131 -22172.171  2.06%   5.2 1665s
 1601125 1430176 -21741.723  200  461 -21724.131 -22172.151  2.06%   5.2 1670s
 1603035 1432003 -21781.980  107  561 -21724.131 -22172.072  2.06%   5.2 1675s
 1605732 1434221 infeasible  196      -21724.131 -22172.005  2.06%   5.2 1680s
 1607543 1436968 -21870.745  166  507 -21724.131 -22171.978  2.06%   5.2 1685s
 1610732 1439047 -21878.349  132  582 -21724.131 -22171.943  2.06%   5.2 1690s
 1614107 1441838 -21804.212  181  460 -21724.131 -22171.883  2.06%   5.2 1695s
 1617522 1444895 -21731.883   96  627 -21724.131 -22171.802  2.06%   5.2 1700s
 1619465 1446525 -22061.452   46  755 -21724.131 -22171.737  2.06%   5.2 1705s
 1621900 1448796 -21934.556   67  744 -21724.131 -22171.689  2.06%   5.2 1711s
 1623616 1450276 -22046.438   64  722 -21724.131 -22171.660  2.06%   5.2 1715s
 1626670 1452838 -21816.857  170  515 -21724.131 -22171.600  2.06%   5.2 1721s
 1628738 1454812 -21898.726  100  666 -21724.131 -22171.573  2.06%   5.2 1725s
 1632047 1457633 -21814.880  183  481 -21724.131 -22171.514  2.06%   5.2 1730s
 1634456 1459770 -21730.889  135  592 -21724.131 -22171.464  2.06%   5.2 1735s
 1637948 1462734 -21938.304   58  724 -21724.131 -22171.362  2.06%   5.2 1740s
 1641140 1465695 -21759.433  130  503 -21724.131 -22171.334  2.06%   5.2 1745s
 1644686 1468668 -21751.879  135  505 -21724.131 -22171.228  2.06%   5.2 1750s
 1647648 1471154 infeasible  176      -21724.131 -22171.127  2.06%   5.2 1755s
 1650863 1473985 -21779.432  222  415 -21724.131 -22171.008  2.06%   5.2 1760s
 1653824 1476712 -21840.455   92  657 -21724.131 -22170.964  2.06%   5.2 1765s
 1656938 1479234 -21789.490  207  468 -21724.131 -22170.866  2.06%   5.2 1770s
 1659078 1481337 -21769.199  171  551 -21724.131 -22170.823  2.06%   5.2 1775s
 1662353 1484136 -21764.865  198  514 -21724.131 -22170.748  2.06%   5.2 1780s
 1665350 1486413 -21753.890  149  575 -21724.131 -22170.680  2.06%   5.2 1785s
 1667976 1488840 -21841.765  161  529 -21724.131 -22170.616  2.06%   5.2 1790s
 1670227 1491028 -21814.523  134  592 -21724.131 -22170.553  2.05%   5.2 1795s
 1672373 1492709 -21744.366  110  655 -21724.131 -22170.506  2.05%   5.2 1800s

Cutting planes:
  Learned: 1
  Gomory: 14
  Cover: 344
  Projected implied bound: 32
  Clique: 1624
  MIR: 1265
  Mixing: 1
  StrongCG: 308
  Flow cover: 535
  GUB cover: 7
  Inf proof: 64
  Zero half: 282
  Mod-K: 1
  RLT: 2
  Relax-and-lift: 737
  BQP: 2

Explored 1672685 nodes (8701475 simplex iterations) in 1800.06 seconds (1486.46 work units)
Thread count was 4 (of 24 available processors)

Solution count 10: -21724.1 -21722.2 -21721.3 ... -21640.8

Time limit reached
Best objective -2.172413112651e+04, best bound -2.217050595127e+04, gap 2.0547%

User-callback calls 3561759, time in user-callback 5.44 sec
