
Gurobi 13.0.1 (win64) logging started Wed Oct  7 13:39:19 2026

Set parameter LogFile to value "results/source_summaries/2d/B0720/gurobi_extensive.log"
Gurobi Optimizer version 13.0.1 build v13.0.1rc0 (win64 - Windows 11+.0 (26200.2))

CPU model: Intel(R) Core(TM) i7-14700, instruction set [SSE2|AVX|AVX2]
Thread count: 20 physical cores, 28 logical processors, using up to 4 threads

Non-default parameters:
TimeLimit  2400
IntFeasTol  1e-06
MIPGap  0.0005
Heuristics  0.2
Cuts  2
Presolve  2
Seed  1
Threads  4

Optimize a model with 23047 rows, 38886 columns and 83536 nonzeros (Min)
Model fingerprint: 0x26b41341
Model has 15844 linear objective coefficients
Variable types: 23042 continuous, 15844 integer (15842 binary)
Coefficient statistics:
  Matrix range     [1e-01, 3e+01]
  Objective range  [2e+00, 5e+01]
  Bounds range     [1e-01, 2e+01]
  RHS range        [1e+00, 8e+01]

Found heuristic solution: objective 0.0000000
Presolve removed 0 rows and 21600 columns
Presolve time: 2.26s
Presolved: 23047 rows, 17286 columns, 61939 nonzeros
Variable types: 1442 continuous, 15844 integer (15842 binary)
Root relaxation presolved: 23047 rows, 17286 columns, 61939 nonzeros


Root relaxation: objective -1.916723e+05, 6480 iterations, 0.33 seconds (0.44 work units)

    Nodes    |    Current Node    |     Objective Bounds      |     Work
 Expl Unexpl |  Obj  Depth IntInf | Incumbent    BestBd   Gap | It/Node Time

     0     0 -191672.26    0 1628    0.00000 -191672.26      -     -    2s
H    0     0                    -173221.9890 -191672.26  10.7%     -    2s
H    0     0                    -174598.8403 -191672.26  9.78%     -    2s
H    0     0                    -174881.9197 -191672.26  9.60%     -    2s
H    0     0                    -174945.4249 -191672.26  9.56%     -    2s
H    0     0                    -174980.6471 -191669.95  9.54%     -    3s
H    0     0                    -174992.2472 -188835.52  7.91%     -    3s
H    0     0                    -175058.5258 -188835.52  7.87%     -    3s
     0     0 -188757.85    0 2628 -175058.53 -188757.85  7.83%     -    3s
H    0     0                    -175070.0981 -188240.92  7.52%     -    4s
     0     0 -188240.92    0 3030 -175070.10 -188240.92  7.52%     -    4s
     0     0 -188228.17    0 3024 -175070.10 -188228.17  7.52%     -    4s
H    0     0                    -175082.7905 -187962.92  7.36%     -    4s
H    0     0                    -175101.0087 -187962.92  7.35%     -    4s
H    0     0                    -175109.6321 -187962.92  7.34%     -    4s
     0     0 -187962.92    0 3377 -175109.63 -187962.92  7.34%     -    4s
     0     0 -187962.91    0 3373 -175109.63 -187962.91  7.34%     -    4s
     0     0 -187944.10    0 3549 -175109.63 -187944.10  7.33%     -    4s
     0     0 -187944.01    0 3550 -175109.63 -187944.01  7.33%     -    4s
H    0     0                    -175140.2021 -187944.01  7.31%     -    5s
H    0     0                    -175148.2860 -187944.01  7.31%     -    5s
H    0     0                    -175160.4924 -187944.01  7.30%     -    5s
H    0     0                    -175171.1993 -187944.01  7.29%     -    5s
H    0     0                    -175276.1231 -187944.01  7.23%     -    5s
H    0     0                    -175348.3303 -187944.01  7.18%     -    5s
H    0     0                    -175351.3518 -187461.63  6.91%     -    6s
H    0     0                    -175371.1466 -187461.63  6.89%     -    6s
H    0     0                    -175374.1929 -187461.63  6.89%     -    6s
H    0     0                    -175376.2237 -187461.63  6.89%     -    6s
     0     0 -187461.63    0 3207 -175376.22 -187461.63  6.89%     -    6s
H    0     0                    -175398.9931 -186837.32  6.52%     -    6s
H    0     0                    -175402.7608 -186837.32  6.52%     -    6s
     0     0 -186837.32    0 3546 -175402.76 -186837.32  6.52%     -    6s
H    0     0                    -175441.3928 -186722.98  6.43%     -    7s
H    0     0                    -175462.8798 -186722.98  6.42%     -    7s
     0     0 -186722.98    0 3596 -175462.88 -186722.98  6.42%     -    7s
H    0     0                    -175476.1815 -186506.88  6.29%     -    7s
H    0     0                    -175479.2979 -186506.88  6.28%     -    7s
     0     0 -186506.88    0 3703 -175479.30 -186506.88  6.28%     -    7s
     0     0 -186461.32    0 3882 -175479.30 -186461.32  6.26%     -    7s
H    0     0                    -175511.4067 -186459.21  6.24%     -    8s
     0     0 -186459.21    0 3879 -175511.41 -186459.21  6.24%     -    8s
H    0     0                    -175512.4139 -186459.21  6.24%     -    8s
H    0     0                    -175515.5303 -186459.21  6.24%     -    8s
H    0     0                    -175540.1811 -186305.96  6.13%     -    9s
H    0     0                    -175542.2156 -186305.96  6.13%     -    9s
     0     0 -186305.96    0 4064 -175542.22 -186305.96  6.13%     -    9s
     0     0 -186305.90    0 4060 -175542.22 -186305.90  6.13%     -    9s
H    0     0                    -175546.1905 -185889.98  5.89%     -   10s
H    0     0                    -175548.3156 -185889.98  5.89%     -   10s
     0     0 -185889.98    0 4134 -175548.32 -185889.98  5.89%     -   10s
     0     0 -185677.13    0 4078 -175548.32 -185677.13  5.77%     -   11s
     0     0 -185637.55    0 4220 -175548.32 -185637.55  5.75%     -   11s
     0     0 -185634.37    0 4221 -175548.32 -185634.37  5.75%     -   11s
H    0     0                    -175558.3520 -185551.10  5.69%     -   13s
     0     0 -185551.10    0 4100 -175558.35 -185551.10  5.69%     -   13s
H    0     0                    -175559.3685 -185550.87  5.69%     -   13s
     0     0 -185424.23    0 4239 -175559.37 -185424.23  5.62%     -   14s
     0     0 -185384.96    0 4388 -175559.37 -185384.96  5.60%     -   14s
     0     0 -185382.19    0 4408 -175559.37 -185382.19  5.60%     -   14s
     0     0 -185291.92    0 4286 -175559.37 -185291.92  5.54%     -   15s
     0     0 -185284.78    0 4354 -175559.37 -185284.78  5.54%     -   15s
H    0     0                    -175562.4827 -185284.78  5.54%     -   18s
H    0     0                    -175562.9751 -185284.78  5.54%     -   18s
H    0     0                    -175575.6322 -185029.34  5.38%     -   20s
     0     0 -185029.34    0 4747 -175575.63 -185029.34  5.38%     -   20s
H    0     0                    -175576.6427 -185029.32  5.38%     -   20s
     0     0 -185007.17    0 4762 -175576.64 -185007.17  5.37%     -   20s
     0     0 -184991.22    0 4856 -175576.64 -184991.22  5.36%     -   20s
     0     0 -184985.62    0 4900 -175576.64 -184985.62  5.36%     -   21s
H    0     0                    -175576.6495 -184985.62  5.36%     -   24s
     0     0 -184860.44    0 5169 -175576.65 -184860.44  5.29%     -   26s
H    0     0                    -175580.8641 -184856.97  5.28%     -   26s
     0     0 -184856.97    0 5190 -175580.86 -184856.97  5.28%     -   26s
H    0     0                    -175584.6991 -184856.97  5.28%     -   27s
H    0     0                    -175590.7025 -184763.95  5.22%     -   29s
     0     0 -184763.95    0 5173 -175590.70 -184763.95  5.22%     -   29s
H    0     0                    -175594.7312 -184763.62  5.22%     -   30s
     0     0 -184759.40    0 5188 -175594.73 -184759.40  5.22%     -   30s
     0     0 -184718.11    0 5200 -175594.73 -184718.11  5.20%     -   31s
     0     0 -184718.05    0 5200 -175594.73 -184718.05  5.20%     -   31s
     0     0 -184718.05    0 5200 -175594.73 -184718.05  5.20%     -   31s
     0     2 -184715.28    0 5200 -175594.73 -184715.28  5.19%     -   34s
     1     4 -184659.48    1 5054 -175594.73 -184715.28  5.19%  1196   35s
   347   350 -183030.79   55 4293 -175594.73 -183681.72  4.61%  60.8   40s
   697   728 -182940.70  134 4235 -175594.73 -183681.72  4.61%  34.1   45s
  1387  1408 -182852.28  275 4129 -175594.73 -183681.72  4.61%  21.2   50s
  2169  2353 -182670.21  423 3975 -175594.73 -183681.72  4.61%  16.7   55s
  4494  4817 -181805.11  775 3616 -175594.73 -183681.72  4.61%  12.0   60s
  5187  5150 -182398.13  565 5200 -175594.73 -183681.72  4.61%  11.2   65s
  5198  5157 -179256.82  216 5168 -175594.73 -183681.72  4.61%  11.2   70s
  5204  5161 -179606.03   64 5151 -175594.73 -183681.72  4.61%  11.2   75s
  5209  5165 -179316.15  141 4978 -175594.73 -183681.72  4.61%  11.2   82s
  5211  5166 -182945.70  134 5012 -175594.73 -183681.72  4.61%  11.2   85s
  5214  5168 -178326.27  572 5180 -175594.73 -183681.72  4.61%  11.2   92s
  5215  5169 -182488.99  526 5180 -175594.73 -183681.72  4.61%  11.2   95s
  5216  5169 -179509.39  110 5253 -175594.73 -183681.72  4.61%  11.2  101s
  5218  5171 -181936.67  731 5333 -175594.73 -183681.72  4.61%  11.2  110s
  5221  5173 -177366.25  895 5489 -175594.73 -183681.72  4.61%  11.2  118s
  5222  5173 -178887.57  375 5500 -175594.73 -183681.72  4.61%  11.2  122s
  5223  5174 -178790.82  400 5542 -175594.73 -183681.72  4.61%  11.2  125s
  5225  5175 -177181.79  988 5509 -175594.73 -183681.72  4.61%  11.2  132s
  5226  5176 -177969.03  702 5520 -175594.73 -183681.72  4.61%  11.2  135s
  5230  5179 -178852.16  389 5785 -175594.73 -183681.72  4.61%  11.1  143s
  5231  5179 -182983.67   94 5803 -175594.73 -183681.72  4.61%  11.1  148s
  5232  5180 -178946.13  556 5806 -175594.73 -183681.72  4.61%  11.1  154s
  5233  5181 -178634.62  466 5799 -175594.73 -183681.72  4.61%  11.1  160s
  5234  5181 -178889.38  624 5830 -175594.73 -183681.72  4.61%  11.1  165s
  5236  5183 -179329.99  204 6607 -175594.73 -183681.72  4.61%  11.1  176s
  5237  5183 -182878.63  221 6520 -175594.73 -183651.06  4.59%  11.1  182s
  5238  5184 -182736.30  369 5957 -175594.73 -183645.57  4.58%  11.1  187s
  5239  5185 -179044.79  436 5975 -175594.73 -183644.54  4.58%  11.1  193s
  5240  5185 -179058.77  189 6700 -175594.73 -183603.49  4.56%  11.1  199s
  5241  5186 -178958.53  544 5969 -175594.73 -183588.01  4.55%  11.1  203s
  5242  5187 -177626.76  794 6067 -175594.73 -183563.70  4.54%  11.1  206s
  5244  5188 -178736.09  793 6932 -175594.73 -183546.62  4.53%  11.1  212s
  5245  5189 -179185.86  260 6956 -175594.73 -183544.20  4.53%  11.1  218s
  5246  5189 -179333.46  120 6824 -175594.73 -183509.02  4.51%  11.1  224s
  5247  5190 -182916.98  186 6950 -175594.73 -183504.93  4.50%  11.1  233s
  5248  5191 -177387.84  874 6869 -175594.73 -183482.90  4.49%  11.1  238s
  5249  5191 -178746.74  781 6839 -175594.73 -183468.71  4.48%  11.1  242s
  5250  5192 -176402.09  667 6089 -175594.73 -183458.95  4.48%  11.1  246s
  5251  5193 -178962.26  539 6158 -175594.73 -183437.74  4.47%  11.1  251s
  5253  5194 -178953.65  354 6237 -175594.73 -183426.56  4.46%  11.1  261s
  5254  5195 -181657.95  807 6181 -175594.73 -183396.76  4.44%  11.1  269s
  5255  5195 -178932.09  267 7042 -175594.73 -183393.95  4.44%  11.1  280s
  5256  5196 -179353.04   69 6963 -175594.73 -183370.06  4.43%  11.1  287s
  5257  5197 -183029.17   59 6232 -175594.73 -183353.58  4.42%  11.1  295s
  5258  5197 -182021.34  703 7064 -175594.73 -183330.83  4.41%  11.1  302s
  5259  5198 -179270.10  191 6332 -175594.73 -183325.89  4.40%  11.1  310s
  5260  5199 -177103.49 1023 6265 -175594.73 -183304.76  4.39%  11.1  317s
  5261  5199 -178754.24  417 7109 -175594.73 -183299.74  4.39%  11.1  331s
  5262  5200 -179276.03  189 7068 -175594.73 -183275.85  4.37%  11.1  339s
  5263  5201 -179304.13  157 6413 -175594.73 -183267.98  4.37%  11.1  348s
  5264  5201 -182840.96  276 7161 -175594.73 -183251.84  4.36%  11.1  353s
  5265  5202 -182862.03  250 7223 -175594.73 -183244.96  4.36%  11.1  357s
  5266  5203 -179268.86  201 7297 -175594.73 -183242.60  4.36%  11.1  368s
  5267  5203 -178584.00  558 7190 -175594.73 -183226.36  4.35%  11.1  381s
  5269  5205 -178387.77  639 7190 -175594.73 -183226.16  4.35%  11.1  399s
  5270  5208 -183222.31   15 7027 -175594.73 -183226.16  4.35%  38.9  403s
  5272  5212 -181891.87   16 5846 -175594.73 -183221.12  4.34%  41.3  409s
  5276  5214 -181878.25   17 5975 -175594.73 -182857.24  4.14%  43.6  410s
  5426  5328 -181845.88   26 5968 -175594.73 -182857.24  4.14%  44.8  416s
  5590  5446 -181826.95   34 5926 -175594.73 -182857.24  4.14%  45.8  420s
  5836  5626 -181827.48   42 5950 -175594.73 -182857.24  4.14%  45.5  425s
  6077  5775 -181801.80   49 5919 -175594.73 -182857.24  4.14%  44.8  430s
  6281  5943 -181794.20   53 5938 -175594.73 -182857.24  4.14%  44.1  435s
  6441  6076 -181757.82   66 5890 -175594.73 -182857.24  4.14%  44.2  440s
  6737  6189 -181730.47   73 5869 -175594.73 -182857.24  4.14%  43.6  445s
  6863  6272 -181720.57   77 5868 -175594.73 -182857.24  4.14%  43.3  450s
  6933  6389 -181682.72   78 5866 -175594.73 -182857.24  4.14%  43.0  455s
  7087  6475 -181629.39   93 5841 -175594.73 -182857.24  4.14%  43.0  461s
  7325  6582 -181618.48   95 5837 -175594.73 -182857.24  4.14%  42.4  466s
  7438  6710 -181609.91  102 5802 -175594.73 -182857.24  4.14%  42.3  472s
  7512  6773 -181593.02  112 5771 -175594.73 -182857.24  4.14%  42.4  475s
  7726  6901 -181556.62  129 5731 -175594.73 -182857.24  4.14%  42.3  480s
  7797  7052 -181533.04  138 5681 -175594.73 -182857.24  4.14%  42.5  485s
  8106  7139 -181499.01  153 5649 -175594.73 -182857.24  4.14%  42.0  492s
  8187  7321 -181490.41  157 5640 -175594.73 -182857.24  4.14%  41.9  497s
  8444  7370 -181477.96  169 5620 -175594.73 -182857.24  4.14%  41.6  501s
  8592  7606 -181472.14  181 5632 -175594.73 -182857.24  4.14%  41.5  507s
  8791  7606 -181451.77  189 5613 -175594.73 -182857.24  4.14%  41.0  512s
  8853  7760 -181426.63  202 5596 -175594.73 -182857.24  4.14%  41.0  515s
  9034  7868 -181381.38  209 5560 -175594.73 -182857.24  4.14%  40.7  521s
  9470  8141 -181382.14  226 5576 -175594.73 -182857.24  4.14%  39.9  526s
  9623  8363 -181338.11  240 5540 -175594.73 -182857.24  4.14%  39.7  530s
 10160  8453 -181289.88  264 5510 -175594.73 -182857.24  4.14%  38.7  537s
 10167  8788 -181286.77  264 5511 -175594.73 -182857.24  4.14%  38.7  541s
 10504  9281 infeasible  284      -175594.73 -182857.24  4.14%  38.1  545s
 11272  9235 -181095.08  314 5422 -175594.73 -182857.24  4.14%  36.8  550s
 11612  9570 -180987.45  333 5497 -175594.73 -182709.02  4.05%  37.8  557s
 11841  9757 -180979.80  334 5502 -175594.73 -182708.38  4.05%  38.3  560s
 12463 10279 -180954.16  355 5500 -175594.73 -182708.38  4.05%  38.2  566s
 12839 10162 -180917.51  376 5436 -175594.73 -182708.38  4.05%  38.1  573s
 12848 10416 -180909.32  377 5427 -175594.73 -182708.38  4.05%  38.2  576s
 13107 10675 -180852.42  393 5398 -175594.73 -182708.38  4.05%  38.7  580s
 14028 11521 -180765.40  424 5323 -175594.73 -182708.38  4.05%  38.7  586s
 14627 11861 -180717.74  450 5288 -175594.73 -182708.38  4.05%  38.0  590s
 15613 12083 -180504.40  502 5175 -175594.73 -182708.38  4.05%  37.2  597s
 15821 12462 -180481.87  511 5159 -175594.73 -182708.38  4.05%  37.1  600s
 16875 13006 -180305.87  557 5026 -175594.73 -182708.38  4.05%  36.4  606s
 17261 13391 -180206.54  591 5006 -175594.73 -182708.38  4.05%  36.3  610s
 18291 13558 -180076.37  642 4920 -175594.73 -182708.38  4.05%  35.6  616s
 18863 14290 -179994.83  681 4854 -175594.73 -182708.38  4.05%  35.1  622s
 19260 14736 -179925.52  711 4815 -175594.73 -182708.38  4.05%  34.9  626s
 20292 15428 -179752.80  793 4655 -175594.73 -182708.38  4.05%  34.2  632s
 20926 16112 -179638.41  838 4590 -175594.73 -182708.38  4.05%  33.8  637s
 22275 16730 -179326.08  939 4443 -175594.73 -182708.38  4.05%  32.6  642s
 22933 17452 -179223.22 1012 4373 -175594.73 -182708.38  4.05%  32.4  646s
 23689 18141 -179085.03 1074 4247 -175594.73 -182708.38  4.05%  32.1  661s
 23956 18546 -178943.92 1120 4148 -175594.73 -182708.38  4.05%  31.9  670s
 24377 19001 -178764.34 1173 4111 -175594.73 -182708.38  4.05%  31.7  681s
 24848 19429 -178668.44 1222 4011 -175594.73 -182708.38  4.05%  31.5  692s
 25296 20016 -178533.94 1269 3949 -175594.73 -182708.38  4.05%  31.2  696s
 26460 21095 -178047.16 1417 3682 -175594.73 -182708.38  4.05%  30.6  702s
 27027 21642 -177805.66 1495 3521 -175594.73 -182708.38  4.05%  30.6  705s
 27810 22422 -177575.04 1602 3366 -175594.73 -182708.38  4.05%  30.4  712s
 28376 22935 -177400.51 1685 3216 -175594.73 -182708.38  4.05%  30.2  715s
 29455 24017 -176928.05 1878 2889 -175594.73 -182708.38  4.05%  30.0  721s
 30592 25189 -176328.85 2076 2586 -175594.73 -182708.38  4.05%  29.6  726s
 31232 26125 -176167.37 2178 2360 -175594.73 -182708.38  4.05%  29.4  731s
 32816 27042 -182426.83   86 5795 -175594.73 -182708.38  4.05%  29.1  736s
 33588 27923 -182208.08  149 5626 -175594.73 -182708.38  4.05%  28.9  740s
 35256 29780 -181683.30  237 5454 -175594.73 -182708.38  4.05%  28.4  745s
 36788 31089 -181352.78  309 5291 -175594.73 -182708.38  4.05%  27.8  750s
 38810 33010 -180927.88  398 5129 -175594.73 -182708.38  4.05%  27.1  756s
 40269 34694 -180601.37  439 5054 -175594.73 -182708.38  4.05%  26.6  760s
 41564 36676 -180354.58  505 4967 -175594.73 -182708.38  4.05%  26.3  767s
 43067 37364 -180079.80  564 4867 -175594.73 -182708.38  4.05%  25.8  770s
 45535 39773 -182658.98   35 5890 -175594.73 -182708.38  4.05%  25.2  776s
 47120 41471 -182266.62  127 5705 -175594.73 -182708.38  4.05%  24.8  780s
 48683 42826 -181909.60  186 5557 -175594.73 -182708.38  4.05%  24.4  787s
 49875 44110 -181627.33  241 5477 -175594.73 -182708.38  4.05%  24.1  794s
 50343 44685 -181469.94  269 5375 -175594.73 -182708.38  4.05%  24.0  795s
 51962 45719 -181124.39  352 5202 -175594.73 -182708.38  4.05%  23.5  802s
 51966 49691 -181123.37  354 5203 -175594.73 -182708.38  4.05%  23.5  813s
 56493 50221 -180330.61  520 4922 -175594.73 -182708.38  4.05%  22.6  819s
 56498 50254 -180299.56  523 4945 -175594.73 -182708.38  4.05%  22.6  823s
 57094 51347 -180246.80  539 4909 -175594.73 -182708.38  4.05%  22.5  825s
 58856 52764 -179934.33  591 4792 -175594.73 -182708.38  4.05%  22.3  830s
 59468 53380 -179773.21  621 4710 -175594.73 -182708.38  4.05%  22.3  835s
 61023 55023 -179541.08  673 4635 -175594.73 -182708.38  4.05%  22.3  840s
 61577 55441 -179404.29  689 4600 -175594.73 -182708.38  4.05%  22.2  845s
 63069 56829 infeasible  754      -175594.73 -182708.38  4.05%  22.1  850s
 64481 58048 -182658.93   37 5925 -175594.73 -182700.54  4.05%  22.1  856s
 64965 58855 -182607.73   45 5901 -175594.73 -182700.54  4.05%  22.1  862s
 65943 60120 -181573.07  236 5373 -175594.73 -182700.54  4.05%  22.1  865s
 66722 60309 infeasible  456      -175594.73 -182699.15  4.05%  21.9  871s
 67227 60613 -182690.82   22 6012 -175594.73 -182699.15  4.05%  21.9  875s
 67235 60899 -182684.00   23 6004 -175594.73 -182699.15  4.05%  21.9  880s
 68316 62081 -182649.06   42 5918 -175594.73 -182699.15  4.05%  21.8  885s
 69523 63344 -182362.00  116 5733 -175594.73 -182699.15  4.05%  21.8  891s
 70020 63819 -182159.65  159 5617 -175594.73 -182699.15  4.05%  21.7  896s
 71384 65150 -181467.51  302 5342 -175594.73 -182699.15  4.05%  21.6  901s
 72895 66969 -180801.78  444 5086 -175594.73 -182699.15  4.05%  21.5  909s
 73677 67355 -180384.12  526 4971 -175594.73 -182699.15  4.05%  21.4  911s
 75241 68699 -179732.03  698 4698 -175594.73 -182699.15  4.05%  21.2  917s
 75874 69761 -179396.30  767 4610 -175594.73 -182699.15  4.05%  21.1  920s
 77199 70635 -178452.66  927 4380 -175594.73 -182699.15  4.05%  21.0  925s
 78795 72629 -177565.87 1128 4025 -175594.73 -182699.15  4.05%  20.8  930s
 79846 73329 -182683.54   24 5998 -175594.73 -182698.16  4.05%  20.7  935s
 80302 73677 -182537.01   53 5860 -175594.73 -182698.16  4.05%  20.7  944s
 80531 74023 -182536.33   54 5857 -175594.73 -182698.16  4.05%  20.7  945s
 81087 74627 -182153.49  111 5641 -175594.73 -182698.16  4.05%  20.7  957s
 81987 75613 -180966.06  336 5224 -175594.73 -182698.10  4.05%  20.6  961s
 82501 75621 -182676.56   40 6004 -175594.73 -182698.10  4.05%  20.5  966s
 82505 75641 -182675.06   41 6002 -175594.73 -182698.10  4.05%  20.5  970s
 82938 76449 -182561.59   61 5923 -175594.73 -182698.10  4.05%  20.4  975s
 84468 77599 -182668.71   38 5975 -175594.73 -182698.09  4.05%  20.3  983s
 84796 78201 -182657.49   40 5974 -175594.73 -182698.09  4.05%  20.3  985s
 86431 80007 -182206.85  135 5660 -175594.73 -182698.09  4.05%  20.2  990s
 87191 80542 -181999.41  186 5549 -175594.73 -182698.09  4.05%  20.2  996s
 88046 81376 -181787.08  222 5472 -175594.73 -182698.09  4.05%  20.1 1000s
 89563 82843 -181425.92  296 5341 -175594.73 -182698.09  4.05%  20.0 1007s
 90819 84305 -181183.30  349 5233 -175594.73 -182698.09  4.05%  19.9 1010s
 92502 85782 -180934.72  400 5106 -175594.73 -182698.09  4.05%  19.7 1017s
 93174 86708 -180781.38  431 5068 -175594.73 -182698.09  4.05%  19.7 1020s
 94171 88041 -180693.26  457 5012 -175594.73 -182698.09  4.05%  19.6 1025s
 95035 88220 -180514.76  490 4952 -175594.73 -182698.09  4.05%  19.5 1030s
 96498 89917 -180319.68  526 4896 -175594.73 -182698.09  4.05%  19.3 1037s
 97616 90894 -180116.02  575 4802 -175594.73 -182698.09  4.05%  19.2 1042s
 97920 91225 -180067.49  591 4783 -175594.73 -182698.09  4.05%  19.2 1051s
 98580 91783 -179918.83  625 4702 -175594.73 -182698.09  4.05%  19.1 1055s
 98905 91896 -179849.14  642 4665 -175594.73 -182698.09  4.05%  19.1 1063s
 99362 92480 -179741.13  660 4629 -175594.73 -182698.09  4.05%  19.1 1066s
 99612 92488 -179706.63  661 4624 -175594.73 -182698.09  4.05%  19.1 1073s
 99616 92775 -179696.66  665 4606 -175594.73 -182698.09  4.05%  19.1 1076s
 100357 93614 -179634.41  677 4608 -175594.73 -182698.09  4.05%  19.1 1082s
 100746 93904 -179604.79  678 4611 -175594.73 -182698.09  4.05%  19.1 1085s
 101827 94914 -179428.70  716 4554 -175594.73 -182698.09  4.05%  19.0 1091s
 103956 97153 -179132.09  761 4492 -175594.73 -182698.09  4.05%  18.9 1097s
 104901 98126 -179001.89  783 4444 -175594.73 -182694.14  4.04%  18.9 1101s
 105532 98240 -178871.84  810 4396 -175594.73 -182694.14  4.04%  18.9 1107s
 105806 98941 -178828.19  819 4392 -175594.73 -182694.14  4.04%  18.9 1110s
 108505 101326 -178543.27  887 4315 -175594.73 -182693.85  4.04%  18.7 1118s
 108859 101482 -178464.27  900 4305 -175594.73 -182693.85  4.04%  18.7 1122s
 109348 102487 -178368.33  927 4290 -175594.73 -182693.85  4.04%  18.7 1125s
 111701 104419 -178011.41 1008 4151 -175594.73 -182693.77  4.04%  18.6 1130s
 112908 105482 -177808.37 1058 4104 -175594.73 -182693.77  4.04%  18.5 1136s
 113848 106534 -177669.99 1082 4089 -175594.73 -182693.77  4.04%  18.5 1143s
 114215 107181 -177625.59 1097 4063 -175594.73 -182693.77  4.04%  18.4 1154s
 114878 107553 -177532.26 1112 4031 -175594.73 -182692.74  4.04%  18.4 1157s
 115260 107841 -177425.21 1129 4007 -175594.73 -182692.74  4.04%  18.4 1165s
 115950 108316 -177339.33 1154 3968 -175594.73 -182692.74  4.04%  18.4 1171s
 116027 108679 -177313.11 1155 3969 -175594.73 -182692.74  4.04%  18.4 1178s
 116390 109485 -177252.98 1173 3943 -175594.73 -182692.74  4.04%  18.3 1180s
 117204 109599 -177140.95 1198 3878 -175594.73 -182692.74  4.04%  18.3 1188s
 117352 109957 -177097.06 1209 3864 -175594.73 -182692.66  4.04%  18.3 1191s
 118650 111562 -176903.00 1265 3804 -175594.73 -182692.66  4.04%  18.3 1196s
 120869 113805 -176681.94 1318 3688 -175594.73 -182692.66  4.04%  18.2 1200s
 123200 115558 -176507.29 1364 3620 -175594.73 -182692.66  4.04%  18.0 1205s
 124603 116987 -176366.81 1406 3543 -175594.73 -182692.22  4.04%  18.1 1211s
 125823 118587 -176238.16 1443 3496 -175594.73 -182692.22  4.04%  18.0 1215s
 127501 119878 -175976.66 1494 3406 -175594.73 -182692.22  4.04%  18.0 1220s
 128321 120679 -175865.23 1506 3376 -175594.73 -182692.22  4.04%  17.9 1225s
 129685 121861 -175714.21 1552 3307 -175594.73 -182692.22  4.04%  17.9 1234s
 129919 122474 -175691.31 1556 3292 -175594.73 -182692.22  4.04%  17.9 1235s
 130768 122849 -182640.25   45 5961 -175594.73 -182692.22  4.04%  17.8 1247s
 131496 123701 -182636.85   47 5958 -175594.73 -182692.22  4.04%  17.8 1261s
 132804 124610 -182464.63   71 5795 -175594.73 -182692.22  4.04%  17.8 1281s
 132808 124614 -182459.56   72 5788 -175594.73 -182692.22  4.04%  17.8 1304s
 132812 124618 -182443.69   73 5791 -175594.73 -182692.22  4.04%  17.8 1326s
 132816 124622 -182426.03   74 5787 -175594.73 -182692.22  4.04%  17.8 1349s
 132820 124626 -182421.25   75 5786 -175594.73 -182692.22  4.04%  17.8 1372s
 132824 124630 -182420.81   76 5781 -175594.73 -182692.22  4.04%  17.8 1396s
 132828 124634 -182413.14   77 5779 -175594.73 -182692.22  4.04%  17.8 1420s
 132832 124638 -182412.85   78 5780 -175594.73 -182692.22  4.04%  17.8 1444s
 132836 124642 -182396.15   79 5775 -175594.73 -182692.22  4.04%  17.8 1469s
 132840 124646 -182394.06   80 5769 -175594.73 -182692.22  4.04%  17.8 1492s
 132844 124652 -182393.18   81 5771 -175594.73 -182692.22  4.04%  17.8 1503s
 132850 124662 -182389.64   83 5748 -175594.73 -182692.22  4.04%  17.8 1515s
 132860 124669 -182371.56   85 5737 -175594.73 -182692.22  4.04%  17.8 1524s
 132867 124678 -182371.13   86 5735 -175594.73 -182692.22  4.04%  17.8 1535s
 132876 124693 -182357.17   88 5726 -175594.73 -182692.22  4.04%  17.8 1548s
 132891 124709 -182351.05   90 5725 -175594.73 -182692.22  4.04%  17.8 1560s
 132907 124728 -182350.98   92 5723 -175594.73 -182692.22  4.04%  17.8 1573s
 132926 124966 -182349.62   94 5707 -175594.73 -182692.22  4.04%  17.8 1578s
 133172 125334 -181859.68  155 5562 -175594.73 -182692.22  4.04%  17.8 1582s
 133544 125552 -181293.23  254 5383 -175594.73 -182692.22  4.04%  17.7 1585s
 134095 126161 -180343.06  409 5015 -175594.73 -182692.22  4.04%  17.7 1593s
 134391 126412 -179945.73  473 4891 -175594.73 -182692.22  4.04%  17.7 1600s
 134949 127678 -178921.02  624 4675 -175594.73 -182692.22  4.04%  17.7 1607s
 135938 127763 -177347.28  915 4217 -175594.73 -182692.22  4.04%  17.6 1612s
 136031 127967 -177033.60  972 4112 -175594.73 -182692.22  4.04%  17.6 1619s
 136235 128315 -176561.82 1062 4005 -175594.73 -182692.22  4.04%  17.6 1626s
 136873 128755 -175618.26 1242 3719 -175594.73 -182692.22  4.04%  17.6 1633s
 137115 129000 -182664.56   35 5952 -175594.73 -182692.22  4.04%  17.6 1638s
 137366 129282 -182664.36   36 5949 -175594.73 -182692.22  4.04%  17.6 1643s
 137687 129431 -182654.37   37 5945 -175594.73 -182692.22  4.04%  17.5 1647s
 137836 129585 -182653.91   38 5943 -175594.73 -182692.22  4.04%  17.5 1650s
 138198 130010 -182641.39   40 5916 -175594.73 -182692.22  4.04%  17.5 1656s
 138415 130335 -182632.86   41 5915 -175594.73 -182692.22  4.04%  17.5 1661s
 138746 130961 -181984.96  126 5627 -175594.73 -182692.22  4.04%  17.5 1666s
 139922 132090 -179197.25  579 4696 -175594.73 -182692.22  4.04%  17.5 1674s
 140519 132439 -177359.96  852 4289 -175594.73 -182692.22  4.04%  17.4 1677s
 140872 132962 -176513.87 1008 4084 -175594.73 -182692.22  4.04%  17.4 1681s
 141425 133302 -182502.65   63 5874 -175594.73 -182692.22  4.04%  17.4 1689s
 141769 133754 -181621.26  158 5578 -175594.73 -182692.22  4.04%  17.4 1695s
 142227 134184 -180506.21  303 5276 -175594.73 -182692.22  4.04%  17.4 1700s
 142661 134661 -179463.34  471 4935 -175594.73 -182692.22  4.04%  17.4 1705s
 143140 135149 -178509.77  632 4600 -175594.73 -182692.22  4.04%  17.4 1710s
 143628 135655 -177234.63  833 4244 -175594.73 -182692.22  4.04%  17.4 1717s
 144140 136145 -176284.26  986 4061 -175594.73 -182692.22  4.04%  17.3 1720s
 144670 136572 -182453.88   74 5780 -175594.73 -182692.22  4.04%  17.3 1726s
 145097 137139 -181580.06  211 5484 -175594.73 -182692.22  4.04%  17.3 1730s
 145666 137829 -180527.93  416 5010 -175594.73 -182692.22  4.04%  17.3 1740s
 146358 138395 -179130.56  649 4597 -175594.73 -182692.22  4.04%  17.3 1745s
 147326 139362 -177709.22  943 4189 -175594.73 -182692.22  4.04%  17.3 1751s
 147895 139762 -176812.67 1127 3939 -175594.73 -182692.22  4.04%  17.2 1758s
 148295 140204 -176160.42 1249 3779 -175594.73 -182692.22  4.04%  17.2 1763s
 148737 140539 -175683.70 1352 3616 -175594.73 -182692.22  4.04%  17.2 1769s
 149130 140868 -182651.55   40 5985 -175594.73 -182692.22  4.04%  17.2 1773s
 149463 141170 -182649.97   41 5983 -175594.73 -182692.22  4.04%  17.2 1778s
 149765 141559 -182649.95   42 5981 -175594.73 -182692.22  4.04%  17.1 1782s
 150154 141594 -182649.50   43 5979 -175594.73 -182692.22  4.04%  17.1 1787s
 150189 141867 -182646.93   44 5983 -175594.73 -182692.22  4.04%  17.1 1790s
 150462 142163 -182646.85   45 5981 -175594.73 -182692.22  4.04%  17.1 1796s
 150804 142392 -182415.40   94 5810 -175594.73 -182692.22  4.04%  17.1 1801s
 151035 142741 -181983.83  151 5633 -175594.73 -182692.22  4.04%  17.1 1806s
 151384 143023 -181283.89  256 5363 -175594.73 -182692.22  4.04%  17.1 1812s
 151666 143354 -180632.60  341 5135 -175594.73 -182692.22  4.04%  17.1 1820s
 151997 143732 -179914.40  454 4883 -175594.73 -182692.22  4.04%  17.1 1826s
 152419 143959 -178602.67  662 4548 -175594.73 -182692.22  4.04%  17.0 1833s
 152646 144246 -177847.30  785 4303 -175594.73 -182692.22  4.04%  17.0 1841s
 152933 144551 -176692.44  956 3981 -175594.73 -182692.22  4.04%  17.0 1846s
 153238 144627 -175635.74 1141 3644 -175594.73 -182692.22  4.04%  17.0 1853s
 153361 144894 -182682.14   32 6046 -175594.73 -182692.22  4.04%  17.0 1856s
 153628 145240 -182604.59   43 5982 -175594.73 -182692.22  4.04%  17.0 1861s
 153978 145822 -182450.59   67 5868 -175594.73 -182692.22  4.04%  17.0 1866s
 154568 146485 -182377.19   81 5811 -175594.73 -182692.22  4.04%  17.0 1873s
 155235 147127 -182216.77  105 5756 -175594.73 -182692.22  4.04%  17.0 1879s
 155891 148197 -181752.61  143 5647 -175594.73 -182692.22  4.04%  17.0 1885s
 157174 148661 infeasible  186      -175594.73 -182692.22  4.04%  16.9 1891s
 157457 148809 -181131.70  200 5511 -175594.73 -182692.22  4.04%  16.9 1898s
 157671 149109 -181122.36  201 5513 -175594.73 -182692.22  4.04%  16.9 1902s
 158005 149282 -181075.59  209 5484 -175594.73 -182692.22  4.04%  16.9 1909s
 158184 149525 -180941.75  223 5447 -175594.73 -182692.22  4.04%  16.9 1913s
 158427 149821 -180794.79  237 5413 -175594.73 -182692.22  4.04%  16.9 1917s
 158725 150226 -180565.51  256 5366 -175594.73 -182692.22  4.04%  16.9 1923s
 159797 151543 -180084.20  314 5212 -175594.73 -182692.22  4.04%  16.9 1926s
 160493 151713 -179854.83  342 5176 -175594.73 -182692.22  4.04%  16.9 1933s
 160663 152387 -179844.86  343 5179 -175594.73 -182692.22  4.04%  16.9 1935s
 161341 152782 -179526.67  368 5123 -175594.73 -182692.22  4.04%  16.9 1941s
 162343 153705 -179064.25  411 5060 -175594.73 -182691.30  4.04%  16.9 1947s
 163298 154453 -178477.40  451 4981 -175594.73 -182691.22  4.04%  16.8 1953s
 163527 154840 -178315.43  471 4930 -175594.73 -182691.22  4.04%  16.8 1955s
 164857 156171 -177701.01  540 4837 -175594.73 -182691.22  4.04%  16.8 1963s
 165786 157214 -177300.03  587 4767 -175594.73 -182691.22  4.04%  16.8 1967s
 166334 157926 -177090.65  615 4720 -175594.73 -182691.22  4.04%  16.8 1973s
 167060 158373 -176775.56  646 4670 -175594.73 -182691.22  4.04%  16.7 1981s
 168128 159375 -176465.83  679 4597 -175594.73 -182691.18  4.04%  16.7 1985s
 168998 160253 -176023.11  719 4539 -175594.73 -182691.18  4.04%  16.7 1991s
 169481 160394 -175710.81  740 4495 -175594.73 -182691.18  4.04%  16.7 1996s
 170037 161104 -182573.00   52 5911 -175594.73 -182691.18  4.04%  16.7 2002s
 170648 161876 -182565.37   54 5903 -175594.73 -182691.18  4.04%  16.7 2006s
 172333 163527 -179855.18  496 4884 -175594.73 -182691.18  4.04%  16.6 2011s
 174076 165349 -177062.90 1056 4035 -175594.73 -182691.18  4.04%  16.6 2016s
 174691 165520 -176017.33 1269 3754 -175594.73 -182691.18  4.04%  16.6 2027s
 175261 166310 -182486.82   65 5859 -175594.73 -182691.06  4.04%  16.5 2031s
 175700 166753 -181713.05  155 5589 -175594.73 -182691.06  4.04%  16.5 2035s
 176696 168305 -179690.91  458 5026 -175594.73 -182691.06  4.04%  16.5 2044s
 177717 168531 -177463.35  813 4371 -175594.73 -182691.06  4.04%  16.5 2052s
 178508 169510 -176317.15 1062 4025 -175594.73 -182691.00  4.04%  16.5 2056s
 179362 170201 -182426.58   78 5806 -175594.73 -182691.00  4.04%  16.4 2063s
 180154 170916 -181195.78  242 5382 -175594.73 -182691.00  4.04%  16.4 2067s
 180710 171767 -180482.17  394 5094 -175594.73 -182691.00  4.04%  16.4 2070s
 181739 172424 -178866.34  697 4492 -175594.73 -182691.00  4.04%  16.4 2075s
 182693 173322 -177115.65 1053 3990 -175594.73 -182691.00  4.04%  16.3 2086s
 183150 174093 -176424.35 1189 3803 -175594.73 -182691.00  4.04%  16.3 2091s
 184612 175125 -181641.50  184 5515 -175594.73 -182690.85  4.04%  16.3 2102s
 185533 176082 -177427.36  823 4303 -175594.73 -182690.85  4.04%  16.3 2105s
 186388 176825 -179124.15  648 4611 -175594.73 -182690.85  4.04%  16.3 2113s
 187116 178493 -178014.55  870 4322 -175594.73 -182690.82  4.04%  16.2 2118s
 188266 178740 -176308.33 1197 3837 -175594.73 -182690.82  4.04%  16.2 2125s
 189061 179337 infeasible 1351      -175594.73 -182690.80  4.04%  16.2 2132s
 189530 179965 -182486.27   75 5853 -175594.73 -182690.80  4.04%  16.2 2136s
 190641 181025 -182002.95  148 5663 -175594.73 -182690.80  4.04%  16.2 2140s
 191021 181184 -181935.83  163 5612 -175594.73 -182690.80  4.04%  16.2 2145s
 191834 182185 -181705.05  197 5558 -175594.73 -182690.80  4.04%  16.2 2150s
 193056 183443 -181411.84  251 5444 -175594.73 -182690.80  4.04%  16.2 2157s
 193465 183766 -181306.24  271 5414 -175594.73 -182690.80  4.04%  16.2 2164s
 193790 184107 -181233.44  283 5378 -175594.73 -182690.80  4.04%  16.2 2170s
 194141 184466 -181176.44  290 5344 -175594.73 -182690.80  4.04%  16.2 2175s
 195305 185595 -180974.12  329 5250 -175594.73 -182690.73  4.04%  16.2 2181s
 195938 186454 -180863.38  361 5199 -175594.73 -182690.73  4.04%  16.2 2186s
 197840 188560 -180465.94  448 5059 -175594.73 -182690.73  4.04%  16.1 2197s
 198754 188776 -180301.05  488 4988 -175594.73 -182690.63  4.04%  16.1 2201s
 199443 189689 -180163.94  519 4932 -175594.73 -182690.53  4.04%  16.1 2206s
 200449 190348 -179981.19  564 4810 -175594.73 -182690.53  4.04%  16.1 2216s
 200572 190736 -179940.76  581 4789 -175594.73 -182690.53  4.04%  16.1 2224s
 200960 190956 -179865.52  603 4738 -175594.73 -182690.53  4.04%  16.1 2232s
 201180 191308 -179815.05  614 4727 -175594.73 -182690.53  4.04%  16.1 2242s
 202250 192759 -179655.44  640 4672 -175594.73 -182690.53  4.04%  16.1 2245s
 203668 193704 -179463.66  675 4623 -175594.73 -182690.53  4.04%  16.0 2252s
 203976 194141 -179431.56  678 4614 -175594.73 -182690.53  4.04%  16.0 2255s
 206311 196259 -179150.82  740 4522 -175594.73 -182690.53  4.04%  16.0 2267s
 207197 197582 -179021.71  768 4454 -175594.73 -182690.53  4.04%  16.0 2270s
 208162 198637 -178874.95  792 4417 -175594.73 -182690.53  4.04%  16.0 2276s
 208991 198972 -178747.94  828 4383 -175594.73 -182690.53  4.04%  16.0 2285s
 210125 200094 -178576.08  850 4342 -175594.73 -182690.36  4.04%  15.9 2290s
 210528 200536 -178529.84  868 4298 -175594.73 -182690.36  4.04%  16.0 2297s
 211376 201096 -178355.40  913 4273 -175594.73 -182690.36  4.04%  16.0 2302s
 211604 201416 -178281.05  938 4224 -175594.73 -182690.36  4.04%  16.0 2305s
 212931 203055 -177990.02 1003 4127 -175594.73 -182690.29  4.04%  16.0 2310s
 214713 204454 -177718.09 1061 4041 -175594.73 -182690.27  4.04%  15.9 2319s
 215042 204902 -177681.94 1080 4012 -175594.73 -182690.27  4.04%  15.9 2327s
 215945 205971 -177529.50 1107 3970 -175594.73 -182690.25  4.04%  15.9 2333s
 216579 206350 -177474.81 1120 3951 -175594.73 -182690.25  4.04%  15.9 2337s
 217686 207354 -177353.37 1148 3933 -175594.73 -182690.25  4.04%  15.9 2340s
 218519 208245 -177231.58 1172 3889 -175594.73 -182690.06  4.04%  15.9 2351s
 218929 209118 -177111.29 1197 3851 -175594.73 -182690.06  4.04%  15.9 2358s
 219818 209727 -176938.57 1230 3808 -175594.73 -182690.06  4.04%  15.9 2362s
 220443 210460 -176793.31 1269 3739 -175594.73 -182690.06  4.04%  15.9 2371s
 221791 212567 -176574.52 1328 3657 -175594.73 -182690.06  4.04%  15.9 2376s
 223751 213652 -176351.28 1383 3590 -175594.73 -182689.83  4.04%  15.8 2381s
 226102 216116 -176191.72 1421 3537 -175594.73 -182689.83  4.04%  15.8 2386s
 228137 217539 -176034.09 1457 3488 -175594.73 -182689.76  4.04%  15.8 2391s
 228801 218882 -175943.25 1484 3456 -175594.73 -182689.76  4.04%  15.8 2395s
 231305 220340 -175697.03 1564 3266 -175594.73 -182689.76  4.04%  15.7 2400s

Cutting planes:
  Gomory: 311
  Lift-and-project: 4
  Cover: 1176
  MIR: 3265
  StrongCG: 1138
  Flow cover: 989
  GUB cover: 104
  Zero half: 422
  RLT: 4
  Relax-and-lift: 253

Explored 231324 nodes (3690244 simplex iterations) in 2400.29 seconds (2281.20 work units)
Thread count was 4 (of 28 available processors)

Solution count 10: -175595 -175591 -175585 ... -175559

Time limit reached
Best objective -1.755947311891e+05, best bound -1.826897607822e+05, gap 4.0406%

User-callback calls 820111, time in user-callback 2.78 sec
