
Gurobi 13.0.1 (win64) logging started Wed Oct  7 16:43:22 2026

Set parameter LogFile to value "results/source_summaries/3d/R17/gurobi_extensive.log"
Gurobi Optimizer version 13.0.1 build v13.0.1rc0 (win64 - Windows 11+.0 (26200.2))

CPU model: Intel(R) Core(TM) i7-14650HX, instruction set [SSE2|AVX|AVX2]
Thread count: 16 physical cores, 24 logical processors, using up to 4 threads

Non-default parameters:
TimeLimit  1800
IntFeasTol  1e-06
MIPGap  0.0005
Heuristics  0.2
Cuts  2
Presolve  2
Seed  1
Threads  4

Optimize a model with 5170 rows, 9129 columns and 20060 nonzeros (Min)
Model fingerprint: 0x65f9ab20
Model has 3964 linear objective coefficients
Variable types: 5163 continuous, 3966 integer (3963 binary)
Coefficient statistics:
  Matrix range     [1e-01, 3e+01]
  Objective range  [2e+00, 5e+01]
  Bounds range     [1e-01, 3e+01]
  RHS range        [1e+00, 9e+01]

Found heuristic solution: objective 0.0000000
Presolve removed 780 rows and 5452 columns
Presolve time: 0.12s
Presolved: 4390 rows, 3677 columns, 12965 nonzeros
Variable types: 103 continuous, 3574 integer (3367 binary)
Root relaxation presolve removed 1 rows and 1 columns
Root relaxation presolved: 4389 rows, 3676 columns, 12962 nonzeros


Root relaxation: objective -2.627343e+04, 1576 iterations, 0.05 seconds (0.07 work units)

    Nodes    |    Current Node    |     Objective Bounds      |     Work
 Expl Unexpl |  Obj  Depth IntInf | Incumbent    BestBd   Gap | It/Node Time

     0     0 -26273.426    0  444    0.00000 -26273.426      -     -    0s
H    0     0                    -19318.27951 -26273.426  36.0%     -    0s
H    0     0                    -19328.79797 -26273.426  35.9%     -    0s
H    0     0                    -19391.83702 -26273.426  35.5%     -    0s
H    0     0                    -19511.49101 -26273.426  34.7%     -    0s
H    0     0                    -19596.66428 -26273.426  34.1%     -    0s
H    0     0                    -19761.80371 -26273.426  33.0%     -    0s
     0     0 -25589.594    0 1113 -19761.804 -25589.594  29.5%     -    0s
H    0     0                    -19775.15181 -25589.525  29.4%     -    0s
H    0     0                    -21043.91801 -25589.525  21.6%     -    0s
H    0     0                    -21542.76437 -25589.525  18.8%     -    0s
H    0     0                    -21864.88548 -25589.525  17.0%     -    0s
H    0     0                    -21891.24732 -25589.525  16.9%     -    0s
H    0     0                    -21901.24979 -25589.525  16.8%     -    0s
     0     0 -25247.391    0 1275 -21901.250 -25247.391  15.3%     -    0s
     0     0 -25235.468    0 1310 -21901.250 -25235.468  15.2%     -    0s
     0     0 -25234.670    0 1313 -21901.250 -25234.670  15.2%     -    0s
     0     0 -25234.494    0 1312 -21901.250 -25234.494  15.2%     -    0s
H    0     0                    -22030.50048 -24954.240  13.3%     -    0s
H    0     0                    -22040.47227 -24954.240  13.2%     -    0s
H    0     0                    -22074.89855 -24954.240  13.0%     -    0s
H    0     0                    -22079.16454 -24954.240  13.0%     -    0s
H    0     0                    -22095.76921 -24954.240  12.9%     -    0s
H    0     0                    -22148.88862 -24413.046  10.2%     -    0s
     0     0 -24413.046    0 1119 -22148.889 -24413.046  10.2%     -    0s
     0     0 -24411.206    0 1119 -22148.889 -24411.206  10.2%     -    0s
     0     0 -24411.206    0 1113 -22148.889 -24411.206  10.2%     -    1s
H    0     0                    -22164.20987 -24411.206  10.1%     -    1s
H    0     0                    -22202.51109 -24411.206  9.95%     -    1s
H    0     0                    -22280.69439 -24411.206  9.56%     -    1s
H    0     0                    -22287.38796 -24411.206  9.53%     -    1s
H    0     2                    -22292.15768 -24411.206  9.51%     -    1s
     0     2 -24411.206    0 1113 -22292.158 -24411.206  9.51%     -    1s
H    3     8                    -22293.99679 -24411.206  9.50%   341    1s
H    7    12                    -22304.55424 -24411.206  9.44%   636    1s
  1287  1256 -22376.768  104 1376 -22304.554 -24411.206  9.44%  26.7    5s
  1304  1267 -22564.007   52 2150 -22304.554 -24062.038  7.88%  26.4   10s
  1312  1273 -22801.342  163 2296 -22304.554 -23851.112  6.93%  26.2   16s
H 1312  1208                    -22304.55425 -23774.948  6.59%  26.2   18s
  1314  1209 -22540.554  105 2330 -22304.554 -23748.832  6.48%  26.2   20s
  1319  1212 -22692.642   41 2470 -22304.554 -23042.239  3.31%  26.1   25s
  1323  1215 -22703.176   31 2385 -22304.554 -23035.837  3.28%  26.0   32s
  1326  1220 -23035.837   15 2339 -22304.554 -23035.837  3.28%  72.2   35s
  1779  1515 -23035.837   18 1453 -22304.554 -23035.837  3.28%  74.3   40s
  2454  1977 -22549.595  105 1002 -22304.554 -23035.837  3.28%  61.1   45s
  5578  4463 -22410.878  176  847 -22304.554 -22888.867  2.62%  34.1   50s
 12290 10692     cutoff  200      -22304.554 -22867.006  2.52%  20.5   55s
 22599 19730 -22443.152  121  542 -22304.554 -22854.942  2.47%  14.2   60s
 35768 31865 -22635.040   86  633 -22304.554 -22850.048  2.45%  10.5   65s
 47704 42789 -22453.095   97  595 -22304.554 -22847.862  2.44%   8.9   70s
 62636 56258 -22590.189  195  342 -22304.554 -22845.280  2.42%   7.7   75s
 75453 67723 -22656.442  134  474 -22304.554 -22843.955  2.42%   7.0   80s
 88309 79537 -22793.665   48  679 -22304.554 -22843.238  2.42%   6.5   85s
 101756 92252     cutoff  335      -22304.554 -22842.625  2.41%   6.2   90s
 111858 101441 -22324.232  349  170 -22304.554 -22842.116  2.41%   6.0   95s
 124537 113086 -22745.438   59  658 -22304.554 -22841.679  2.41%   5.8  100s
 137442 125137 -22326.028  343  189 -22304.554 -22841.197  2.41%   5.6  105s
 150577 136812 -22355.112  115  591 -22304.554 -22840.522  2.40%   5.5  110s
 160171 145470 -22366.265  285  252 -22304.554 -22840.235  2.40%   5.4  115s
 174727 158650 -22525.353  201  350 -22304.554 -22839.578  2.40%   5.2  120s
 186221 169222 -22579.596  172  376 -22304.554 -22839.344  2.40%   5.2  125s
 198781 180826 -22349.413  134  506 -22304.554 -22838.921  2.40%   5.1  130s
 211715 192755 -22740.287   57  695 -22304.554 -22838.462  2.39%   5.0  135s
 222607 202771 -22458.806   92  584 -22304.554 -22838.144  2.39%   4.9  140s
 234927 213690 -22438.561  182  450 -22304.554 -22837.664  2.39%   4.9  145s
 247156 225011 -22333.990  218  366 -22304.554 -22837.427  2.39%   4.8  150s
 259002 235965 -22308.266  228  352 -22304.554 -22837.140  2.39%   4.8  155s
 269120 244954 -22743.298   58  680 -22304.554 -22836.952  2.39%   4.7  160s
 279981 255523 -22568.945   84  639 -22304.554 -22836.733  2.39%   4.7  165s
 290201 264936 -22702.415   64  671 -22304.554 -22836.546  2.39%   4.7  170s
 302210 275537 -22418.056  290  194 -22304.554 -22836.137  2.38%   4.6  175s
 312175 284356 -22317.626  127  515 -22304.554 -22835.906  2.38%   4.6  180s
 312187 284365 infeasible  130      -22304.554 -22835.906  2.38%   4.6  185s
 312202 284377 -22305.534  131  505 -22304.554 -22835.906  2.38%   4.6  191s
 312212 284383 -22311.928  132  507 -22304.554 -22835.906  2.38%   4.6  195s
 312225 284390     cutoff  135      -22304.554 -22835.891  2.38%   4.6  200s
 312240 284402 -22820.154   37  725 -22304.554 -22835.891  2.38%   4.6  205s
 313178 285453 -22772.062   42  714 -22304.554 -22835.856  2.38%   4.6  210s
 319461 291429 -22818.082   35  738 -22304.554 -22835.690  2.38%   4.6  215s
 326038 297634 -22343.064  210  421 -22304.554 -22835.593  2.38%   4.6  220s
 333544 304334 -22487.111   75  664 -22304.554 -22835.329  2.38%   4.6  225s
 343677 313578 -22777.853   49  702 -22304.554 -22835.016  2.38%   4.5  230s
 353191 322297 -22330.770  183  442 -22304.554 -22834.763  2.38%   4.5  235s
 363689 331970 -22339.981  132  551 -22304.554 -22834.555  2.38%   4.5  240s
 374514 341509 -22527.178  187  404 -22304.554 -22834.389  2.38%   4.5  245s
 383968 350199 -22502.497  181  441 -22304.554 -22834.211  2.37%   4.5  250s
 392675 358513 -22725.049   76  672 -22304.554 -22834.039  2.37%   4.5  255s
 401809 366820 -22715.320   88  617 -22304.554 -22833.891  2.37%   4.4  260s
 410450 374899 -22534.245   71  669 -22304.554 -22833.806  2.37%   4.4  265s
 420290 383919 -22524.205  118  547 -22304.554 -22833.605  2.37%   4.4  270s
 429933 392709 -22309.622  167  516 -22304.554 -22833.399  2.37%   4.4  275s
 439677 401055 -22750.314   45  731 -22304.554 -22833.144  2.37%   4.4  280s
 448135 408819 -22528.332   97  649 -22304.554 -22833.026  2.37%   4.4  285s
 455916 416240 -22394.306  108  615 -22304.554 -22832.932  2.37%   4.4  290s
 464986 424156 -22373.560  339  137 -22304.554 -22832.793  2.37%   4.4  295s
 474003 432681 -22380.955  186  486 -22304.554 -22832.655  2.37%   4.4  300s
 481896 440095 -22548.635  185  416 -22304.554 -22832.574  2.37%   4.4  305s
 490462 447622 -22436.130  285  262 -22304.554 -22832.450  2.37%   4.3  310s
 498563 455110 -22560.640  152  464 -22304.554 -22832.346  2.37%   4.3  315s
 506584 462618 -22331.201  353  119 -22304.554 -22832.279  2.37%   4.3  320s
 514852 470065 -22349.299  169  513 -22304.554 -22832.133  2.37%   4.3  325s
 523222 477408 -22576.343  164  464 -22304.554 -22831.976  2.36%   4.3  330s
 531306 484773 -22577.836  176  467 -22304.554 -22831.940  2.36%   4.3  335s
 539425 492560 -22355.092  221  402 -22304.554 -22831.784  2.36%   4.3  340s
 547120 499463 -22768.823   43  731 -22304.554 -22831.655  2.36%   4.3  345s
 554771 506540 -22311.481  192  434 -22304.554 -22831.580  2.36%   4.3  350s
 561620 512912 -22517.489  105  645 -22304.554 -22831.513  2.36%   4.3  355s
 568925 519574 -22358.082   47  754 -22304.554 -22831.437  2.36%   4.3  360s
 576731 526602 -22776.473   44  744 -22304.554 -22831.331  2.36%   4.3  365s
 583957 533498 -22611.913  132  528 -22304.554 -22831.257  2.36%   4.3  370s
 591171 539930 -22779.862   34  763 -22304.554 -22831.188  2.36%   4.3  375s
 598340 546635 -22605.501  131  541 -22304.554 -22831.124  2.36%   4.3  380s
 605719 553597 -22436.118  226  402 -22304.554 -22831.043  2.36%   4.3  385s
 613216 560022 -22808.352   37  745 -22304.554 -22830.941  2.36%   4.3  390s
 620327 566867 -22496.445  221  346 -22304.554 -22830.869  2.36%   4.3  395s
 627087 572736 -22536.922   86  654 -22304.554 -22830.792  2.36%   4.3  400s
H628608 559487                    -22319.75008 -22830.760  2.29%   4.3  401s
H629255 515610                    -22346.24060 -22830.753  2.17%   4.3  401s
H629256 311314                    -22486.33563 -22830.753  1.53%   4.3  402s
H630440 296389                    -22498.00950 -22830.729  1.48%   4.3  403s
H630441 288832                    -22503.48924 -22830.729  1.45%   4.3  403s
H630558 235286                    -22544.89991 -22830.729  1.27%   4.3  403s
H630863 222541                    -22555.47291 -22830.716  1.22%   4.3  404s
H632046 222189                    -22556.50832 -22830.696  1.22%   4.3  405s
H632107 214532                    -22562.99943 -22830.696  1.19%   4.3  405s
H632540 210634                    -22566.76540 -22830.686  1.17%   4.3  406s
H633835 191643                    -22584.86898 -22830.639  1.09%   4.3  407s
H633860 189971                    -22586.43749 -22830.635  1.08%   4.3  407s
H633911 181265                    -22594.68513 -22830.635  1.04%   4.3  407s
H634578 167511                    -22608.98539 -22830.620  0.98%   4.3  408s
H634709 163976                    -22612.30595 -22830.605  0.97%   4.3  408s
H634850 161247                    -22614.98224 -22830.588  0.95%   4.3  408s
 635884 162236 -22617.928  101  625 -22614.982 -22830.566  0.95%   4.3  410s
H636059 161145                    -22616.01766 -22830.566  0.95%   4.3  410s
H636168 158198                    -22618.99775 -22830.556  0.94%   4.3  410s
H637227 148842                    -22628.99250 -22830.511  0.89%   4.3  411s
H638641 149373                    -22632.68526 -22830.464  0.87%   4.3  414s
 640640 149373 -22767.550   48  726 -22632.685 -22830.455  0.87%   4.3  415s
H644463 145340                    -22637.74047 -22830.194  0.85%   4.3  417s
 648405 148783 -22647.079   80  679 -22637.740 -22829.966  0.85%   4.3  420s
 654578 153639 -22768.674   45  728 -22637.740 -22829.679  0.85%   4.3  425s
 659333 157286 -22647.465   98  607 -22637.740 -22829.474  0.85%   4.3  430s
 666344 162636 -22690.112   63  720 -22637.740 -22829.123  0.85%   4.3  435s
 673745 168475 -22670.671   68  703 -22637.740 -22828.797  0.84%   4.3  440s
 679884 173288 -22768.737   39  746 -22637.740 -22828.480  0.84%   4.3  445s
 686238 178584 -22766.179   43  737 -22637.740 -22828.227  0.84%   4.3  450s
 692799 183802 -22748.338   42  763 -22637.740 -22828.015  0.84%   4.3  455s
 699476 189144 -22676.090   73  665 -22637.740 -22827.753  0.84%   4.3  460s
 708144 195851 -22641.102   69  678 -22637.740 -22827.390  0.84%   4.3  465s
 715192 201512 -22681.385  102  602 -22637.740 -22827.176  0.84%   4.3  470s
H717934 202764                    -22638.80466 -22827.090  0.83%   4.3  472s
 720064 204504 -22651.670   97  604 -22638.805 -22827.027  0.83%   4.3  475s
 728522 211499 -22768.276   45  762 -22638.805 -22826.809  0.83%   4.3  480s
 734298 216133 -22816.160   37  751 -22638.805 -22826.581  0.83%   4.3  485s
 742329 222345 -22671.507  118  535 -22638.805 -22826.302  0.83%   4.3  490s
 749938 228482 -22650.886  126  540 -22638.805 -22826.039  0.83%   4.4  495s
 755769 232921 -22781.734   41  738 -22638.805 -22825.816  0.83%   4.4  500s
 761223 237180 -22723.902   64  699 -22638.805 -22825.651  0.83%   4.4  505s
 769442 243651 -22789.205   35  762 -22638.805 -22825.385  0.82%   4.4  510s
 774791 247799 -22698.851   63  708 -22638.805 -22825.183  0.82%   4.4  515s
 780658 252736 -22654.711   75  693 -22638.805 -22824.980  0.82%   4.4  520s
 785114 256221 -22645.661   87  630 -22638.805 -22824.808  0.82%   4.4  526s
 788808 259220 -22773.975   36  744 -22638.805 -22824.719  0.82%   4.4  530s
 791883 261826 -22676.795   77  691 -22638.805 -22824.644  0.82%   4.4  535s
 796176 265253 -22660.652   98  632 -22638.805 -22824.497  0.82%   4.4  540s
 800838 268850 -22666.920   98  604 -22638.805 -22824.340  0.82%   4.4  545s
 803089 270739 -22713.033   68  680 -22638.805 -22824.279  0.82%   4.4  550s
 806538 273411 infeasible   76      -22638.805 -22824.175  0.82%   4.4  555s
 809923 275956 -22737.813   49  738 -22638.805 -22824.069  0.82%   4.4  560s
 814895 279802 -22775.472   40  760 -22638.805 -22823.914  0.82%   4.4  565s
 817328 281791 -22769.250   46  741 -22638.805 -22823.832  0.82%   4.4  570s
 820467 284176 -22675.109   97  631 -22638.805 -22823.735  0.82%   4.4  575s
 823587 286771 -22641.820  106  557 -22638.805 -22823.662  0.82%   4.4  581s
 826297 288985 -22727.682   58  739 -22638.805 -22823.575  0.82%   4.4  585s
 829821 291696 -22773.594   43  728 -22638.805 -22823.459  0.82%   4.4  590s
 833831 294609 -22645.789   71  691 -22638.805 -22823.319  0.82%   4.4  596s
 837072 297232 -22734.918   50  739 -22638.805 -22823.207  0.81%   4.4  601s
 840004 299699 -22642.798  128  513 -22638.805 -22823.169  0.81%   4.4  605s
 843122 302186 -22642.941  124  515 -22638.805 -22823.096  0.81%   4.4  610s
 847466 305531 -22675.766   68  699 -22638.805 -22822.960  0.81%   4.4  615s
 850685 308220 -22729.451   52  700 -22638.805 -22822.893  0.81%   4.4  620s
 855124 311709 -22673.410   72  685 -22638.805 -22822.774  0.81%   4.4  626s
 857588 313629 -22706.356   57  709 -22638.805 -22822.694  0.81%   4.4  630s
 863093 317972 -22642.905  116  580 -22638.805 -22822.529  0.81%   4.4  635s
 866337 320436 -22793.190   36  771 -22638.805 -22822.408  0.81%   4.4  640s
 870151 323481 -22664.460   95  610 -22638.805 -22822.341  0.81%   4.4  646s
 871899 324818 infeasible   84      -22638.805 -22822.306  0.81%   4.4  650s
 875114 327435 -22772.740   47  726 -22638.805 -22822.228  0.81%   4.4  656s
 876433 328465 -22786.816   41  737 -22638.805 -22822.155  0.81%   4.4  660s
 880200 331384     cutoff   79      -22638.805 -22822.046  0.81%   4.4  665s
 884431 334861 -22645.786   56  726 -22638.805 -22821.966  0.81%   4.4  670s
 888052 337497 infeasible  120      -22638.805 -22821.864  0.81%   4.4  676s
 891205 339986 -22657.412   58  734 -22638.805 -22821.795  0.81%   4.4  680s
 894416 342645 infeasible   62      -22638.805 -22821.734  0.81%   4.4  686s
 896446 344325 -22730.093   41  750 -22638.805 -22821.690  0.81%   4.4  690s
 899187 346311 -22678.771   71  700 -22638.805 -22821.613  0.81%   4.4  695s
 902045 348559 -22644.217   72  708 -22638.805 -22821.519  0.81%   4.4  700s
 906022 351592 -22643.478   77  685 -22638.805 -22821.423  0.81%   4.4  706s
 908318 353489     cutoff   77      -22638.805 -22821.341  0.81%   4.4  711s
 911414 355910 -22707.638   53  749 -22638.805 -22821.272  0.81%   4.4  716s
 913981 358021 -22785.235   41  754 -22638.805 -22821.192  0.81%   4.4  720s
 918682 361668 -22657.786   60  716 -22638.805 -22821.074  0.81%   4.4  726s
 922008 364226 -22649.171   56  713 -22638.805 -22820.973  0.80%   4.4  731s
 925480 367168 -22680.790   89  607 -22638.805 -22820.894  0.80%   4.4  735s
 928583 369747 -22810.552   35  768 -22638.805 -22820.820  0.80%   4.4  740s
 931283 371796 -22672.842   72  710 -22638.805 -22820.749  0.80%   4.4  745s
 934717 374337 -22692.212   57  708 -22638.805 -22820.663  0.80%   4.4  750s
 937270 376511 -22766.637   52  728 -22638.805 -22820.618  0.80%   4.4  755s
 941044 379530 -22704.568   73  664 -22638.805 -22820.496  0.80%   4.4  760s
 944293 382060 -22775.837   38  740 -22638.805 -22820.404  0.80%   4.4  765s
 948196 385092 -22656.916   98  620 -22638.805 -22820.298  0.80%   4.4  770s
 951964 388005 -22679.390   59  691 -22638.805 -22820.204  0.80%   4.4  775s
 954746 390040 -22798.195   37  764 -22638.805 -22820.146  0.80%   4.4  780s
 958243 393078 infeasible   73      -22638.805 -22820.081  0.80%   4.4  785s
 960907 394973 -22783.202   39  755 -22638.805 -22819.979  0.80%   4.4  791s
 964015 397366     cutoff   93      -22638.805 -22819.909  0.80%   4.4  795s
 968363 401161 -22736.848   56  703 -22638.805 -22819.843  0.80%   4.4  800s
 971517 403504 -22696.444   61  722 -22638.805 -22819.757  0.80%   4.4  806s
 975922 407005 -22723.322   48  746 -22638.805 -22819.660  0.80%   4.4  811s
 978746 409228 -22790.868   37  765 -22638.805 -22819.584  0.80%   4.4  816s
 980138 410413 -22642.113   80  682 -22638.805 -22819.556  0.80%   4.4  820s
 982865 412638 -22805.213   36  750 -22638.805 -22819.499  0.80%   4.4  825s
 985071 414288     cutoff   62      -22638.805 -22819.445  0.80%   4.4  830s
 988767 417332 -22789.979   34  752 -22638.805 -22819.374  0.80%   4.4  835s
 991431 419266 -22751.851   47  727 -22638.805 -22819.329  0.80%   4.4  841s
 993883 421200     cutoff   72      -22638.805 -22819.262  0.80%   4.4  846s
 997351 424144 -22645.360  132  501 -22638.805 -22819.224  0.80%   4.4  851s
 999769 426245 -22753.377   54  738 -22638.805 -22819.191  0.80%   4.4  855s
 1002739 428714 -22714.718   65  716 -22638.805 -22819.120  0.80%   4.4  860s
 1005455 430674 -22649.723   76  651 -22638.805 -22819.060  0.80%   4.4  865s
 1007791 432632 -22799.921   38  749 -22638.805 -22819.018  0.80%   4.4  870s
 1011798 435939 -22802.655   38  747 -22638.805 -22818.955  0.80%   4.4  875s
 1015564 438694 -22676.506   79  679 -22638.805 -22818.885  0.80%   4.4  881s
 1017786 440432 -22776.702   40  752 -22638.805 -22818.857  0.80%   4.4  885s
 1020608 442747 -22774.555   36  763 -22638.805 -22818.791  0.80%   4.4  892s
 1022631 444428 -22651.062  120  538 -22638.805 -22818.769  0.79%   4.4  896s
 1023992 445474 -22679.489   53  732 -22638.805 -22818.737  0.79%   4.4  900s
 1027093 447786 -22656.322   72  707 -22638.805 -22818.676  0.79%   4.4  907s
 1028003 448335     cutoff   77      -22638.805 -22818.661  0.79%   4.4  910s
 1030832 450624 -22675.686   80  628 -22638.805 -22818.622  0.79%   4.4  915s
 1032993 452454 -22657.062   63  720 -22638.805 -22818.557  0.79%   4.4  921s
 1034255 453214 -22669.342  103  618 -22638.805 -22818.537  0.79%   4.4  925s
 1038673 456759 -22644.543   96  598 -22638.805 -22818.425  0.79%   4.4  930s
 1040586 458222 -22687.051   66  685 -22638.805 -22818.378  0.79%   4.5  935s
 1044030 461013 -22662.352   67  708 -22638.805 -22818.299  0.79%   4.5  940s
 1045850 462182 -22761.928   51  714 -22638.805 -22818.279  0.79%   4.5  945s
 1049110 464897 -22657.300  108  572 -22638.805 -22818.213  0.79%   4.5  950s
 1053872 468847 -22782.571   44  737 -22638.805 -22818.121  0.79%   4.5  955s
 1055146 469679 -22648.004   94  612 -22638.805 -22818.114  0.79%   4.5  960s
 1058203 472380 -22760.497   38  739 -22638.805 -22818.067  0.79%   4.5  966s
 1060638 474178 -22642.764   72  688 -22638.805 -22818.017  0.79%   4.5  972s
 1062270 475618 -22674.891   76  678 -22638.805 -22817.983  0.79%   4.5  975s
 1064537 477449     cutoff   67      -22638.805 -22817.948  0.79%   4.5  980s
 1066531 478673 -22780.977   46  750 -22638.805 -22817.894  0.79%   4.5  986s
 1069096 480955 -22740.130   47  734 -22638.805 -22817.857  0.79%   4.5  991s
 1072532 483831 -22662.483  101  590 -22638.805 -22817.806  0.79%   4.5  995s
 1075980 486579 -22673.071   73  682 -22638.805 -22817.740  0.79%   4.5 1000s
 1081666 491038 -22648.207   67  711 -22638.805 -22817.626  0.79%   4.5 1006s
 1084508 493215 -22692.781   65  699 -22638.805 -22817.564  0.79%   4.5 1010s
 1087443 495714 -22654.347  104  572 -22638.805 -22817.514  0.79%   4.5 1015s
 1090598 498221 -22708.806   45  746 -22638.805 -22817.457  0.79%   4.5 1020s
 1095440 501849 -22655.086   83  664 -22638.805 -22817.363  0.79%   4.5 1025s
 1098984 504674 -22652.642   81  656 -22638.805 -22817.307  0.79%   4.5 1030s
 1102400 507463 -22710.939   69  647 -22638.805 -22817.256  0.79%   4.5 1035s
 1105423 509798 -22678.224   79  668 -22638.805 -22817.219  0.79%   4.5 1040s
 1108017 511844 -22765.705   43  747 -22638.805 -22817.177  0.79%   4.5 1046s
 1111292 514425 -22683.818   62  717 -22638.805 -22817.121  0.79%   4.5 1050s
 1114865 517333 -22648.936   80  670 -22638.805 -22817.062  0.79%   4.5 1055s
 1118815 520324 -22656.892   77  687 -22638.805 -22816.990  0.79%   4.5 1060s
 1121959 523041 -22693.515   73  703 -22638.805 -22816.915  0.79%   4.5 1066s
 1125433 525631 -22722.724   59  705 -22638.805 -22816.853  0.79%   4.5 1071s
 1129186 528698 -22711.258   52  746 -22638.805 -22816.790  0.79%   4.5 1076s
 1131071 530312 -22687.693   66  729 -22638.805 -22816.754  0.79%   4.5 1080s
 1135527 533683 -22788.302   39  751 -22638.805 -22816.690  0.79%   4.5 1086s
 1137919 535591 -22701.550   77  669 -22638.805 -22816.633  0.79%   4.5 1090s
 1140869 537959 -22687.725   45  733 -22638.805 -22816.589  0.79%   4.5 1095s
 1146744 542567 -22711.170   63  678 -22638.805 -22816.491  0.78%   4.5 1100s
 1151503 546206 -22655.190  101  586 -22638.805 -22816.429  0.78%   4.5 1106s
 1154603 548783 -22725.630   47  748 -22638.805 -22816.384  0.78%   4.5 1111s
 1156776 550549 -22676.372   63  709 -22638.805 -22816.354  0.78%   4.5 1115s
 1160729 553721 -22654.842   87  613 -22638.805 -22816.295  0.78%   4.5 1121s
 1163386 555782 -22657.695   97  593 -22638.805 -22816.247  0.78%   4.5 1126s
 1165793 557719 -22785.000   36  751 -22638.805 -22816.201  0.78%   4.5 1130s
 1167564 559101 -22780.930   37  758 -22638.805 -22816.164  0.78%   4.5 1135s
 1170734 561576 -22645.299  100  573 -22638.805 -22816.134  0.78%   4.5 1141s
 1172638 562986 -22654.423   88  613 -22638.805 -22816.105  0.78%   4.5 1145s
 1176109 565649 infeasible   88      -22638.805 -22816.046  0.78%   4.5 1150s
 1179012 567896 -22671.038   95  580 -22638.805 -22816.002  0.78%   4.5 1156s
 1181817 569983 -22709.295   54  725 -22638.805 -22815.952  0.78%   4.5 1160s
 1184459 571925 -22643.461   72  697 -22638.805 -22815.899  0.78%   4.5 1165s
 1187917 574889 -22711.678   63  685 -22638.805 -22815.853  0.78%   4.5 1170s
 1190413 576732 -22711.531   59  685 -22638.805 -22815.819  0.78%   4.5 1175s
 1193559 579199 -22738.168   47  723 -22638.805 -22815.778  0.78%   4.5 1181s
 1195861 581216 infeasible   95      -22638.805 -22815.756  0.78%   4.5 1186s
 1197817 582730 -22766.502   47  736 -22638.805 -22815.712  0.78%   4.5 1190s
 1200810 584977 -22694.195   71  690 -22638.805 -22815.643  0.78%   4.5 1195s
 1203474 587188 -22650.401   69  693 -22638.805 -22815.601  0.78%   4.5 1200s
 1207621 590397 -22801.292   38  769 -22638.805 -22815.531  0.78%   4.5 1205s
 1212913 594880 -22651.421   98  577 -22638.805 -22815.473  0.78%   4.5 1210s
 1217598 598471     cutoff  118      -22638.805 -22815.414  0.78%   4.5 1215s
 1222484 602464 -22689.804   56  706 -22638.805 -22815.331  0.78%   4.5 1220s
 1226931 605942 -22787.514   40  747 -22638.805 -22815.274  0.78%   4.5 1226s
 1230720 609088 -22753.255   45  741 -22638.805 -22815.222  0.78%   4.5 1230s
 1233729 611550 -22645.661   79  653 -22638.805 -22815.182  0.78%   4.5 1236s
 1236222 613452 -22647.180  109  591 -22638.805 -22815.152  0.78%   4.5 1240s
 1238846 615276 -22809.133   31  771 -22638.805 -22815.119  0.78%   4.5 1245s
 1241631 617533 -22777.665   42  734 -22638.805 -22815.073  0.78%   4.5 1250s
 1244449 619943 -22653.348   71  712 -22638.805 -22815.028  0.78%   4.5 1256s
 1248912 623557 -22761.476   38  735 -22638.805 -22814.959  0.78%   4.5 1261s
 1251213 625408 -22649.560   93  605 -22638.805 -22814.927  0.78%   4.5 1265s
 1253445 627168 -22675.341   64  696 -22638.805 -22814.877  0.78%   4.5 1270s
 1256758 629633 -22691.353   62  723 -22638.805 -22814.841  0.78%   4.5 1277s
 1258882 631361 -22643.124  101  584 -22638.805 -22814.822  0.78%   4.5 1281s
 1261116 633110 -22673.187   61  710 -22638.805 -22814.791  0.78%   4.5 1285s
 1264196 635523 -22703.492   58  692 -22638.805 -22814.755  0.78%   4.5 1290s
 1266253 637265 -22654.939   70  659 -22638.805 -22814.723  0.78%   4.5 1296s
 1267237 637885 -22765.625   44  745 -22638.805 -22814.701  0.78%   4.5 1300s
 1269867 639985 -22775.517   37  749 -22638.805 -22814.660  0.78%   4.5 1305s
 1272437 641913 -22690.222   75  670 -22638.805 -22814.619  0.78%   4.5 1310s
 1275421 644220 -22731.408   62  726 -22638.805 -22814.577  0.78%   4.5 1315s
 1277574 645845 -22676.340   89  622 -22638.805 -22814.554  0.78%   4.5 1320s
 1281134 648660 -22649.766   97  604 -22638.805 -22814.516  0.78%   4.5 1325s
 1283509 650801 -22679.541   67  703 -22638.805 -22814.498  0.78%   4.5 1330s
 1287870 654264 -22804.662   32  764 -22638.805 -22814.433  0.78%   4.5 1335s
 1290106 655862 -22776.305   44  740 -22638.805 -22814.400  0.78%   4.5 1340s
 1293287 658333 -22766.421   47  756 -22638.805 -22814.361  0.78%   4.5 1346s
 1295673 660171 -22745.465   50  726 -22638.805 -22814.326  0.78%   4.5 1351s
 1297785 661883 -22673.480   57  695 -22638.805 -22814.306  0.78%   4.5 1355s
 1300553 664009 -22691.477   83  652 -22638.805 -22814.268  0.78%   4.5 1360s
 1304076 666836 -22643.233   87  659 -22638.805 -22814.232  0.77%   4.5 1365s
 1306171 668599 -22732.800   42  733 -22638.805 -22814.198  0.77%   4.5 1371s
 1309778 671360 -22738.612   51  708 -22638.805 -22814.156  0.77%   4.5 1376s
 1313312 674153 -22681.357   95  597 -22638.805 -22814.127  0.77%   4.5 1380s
 1316989 676982 -22731.938   45  732 -22638.805 -22814.083  0.77%   4.5 1385s
 1320523 679423 -22740.182   50  734 -22638.805 -22814.030  0.77%   4.5 1391s
 1323389 681766 -22646.659  107  587 -22638.805 -22813.991  0.77%   4.5 1395s
 1326198 684081     cutoff   74      -22638.805 -22813.965  0.77%   4.5 1400s
 1329330 686639 -22804.730   34  748 -22638.805 -22813.918  0.77%   4.5 1405s
 1330731 687439 -22705.774   49  714 -22638.805 -22813.897  0.77%   4.5 1410s
 1334048 690150 -22720.012   40  760 -22638.805 -22813.866  0.77%   4.5 1415s
 1336064 691717     cutoff   76      -22638.805 -22813.841  0.77%   4.5 1420s
 1338427 693799 -22669.727  108  580 -22638.805 -22813.820  0.77%   4.5 1425s
 1340541 695449 -22811.613   30  762 -22638.805 -22813.797  0.77%   4.5 1431s
 1342387 696958 -22742.277   43  751 -22638.805 -22813.772  0.77%   4.5 1435s
 1343663 697792 -22646.686   59  704 -22638.805 -22813.759  0.77%   4.5 1441s
 1346157 699825 -22665.784   54  722 -22638.805 -22813.734  0.77%   4.5 1445s
 1348486 701503 -22811.901   30  770 -22638.805 -22813.713  0.77%   4.5 1451s
 1350516 703257 -22670.352   62  725 -22638.805 -22813.672  0.77%   4.5 1457s
 1353115 705031 -22658.505   59  706 -22638.805 -22813.634  0.77%   4.5 1460s
 1355853 707122 -22655.239   76  662 -22638.805 -22813.591  0.77%   4.5 1466s
 1358308 709068 -22756.517   25  634 -22638.805 -22813.567  0.77%   4.5 1471s
 1359864 710337 -22642.981   90  622 -22638.805 -22813.555  0.77%   4.5 1475s
 1362362 712085 -22709.230   59  702 -22638.805 -22813.508  0.77%   4.5 1481s
 1365586 714924 -22704.249   55  721 -22638.805 -22813.475  0.77%   4.5 1485s
 1368482 717026 -22660.802   79  690 -22638.805 -22813.436  0.77%   4.5 1491s
 1370593 718607 -22657.632   75  678 -22638.805 -22813.410  0.77%   4.5 1496s
 1372298 719942 infeasible   68      -22638.805 -22813.387  0.77%   4.5 1500s
 1375034 722227 -22644.342   55  718 -22638.805 -22813.364  0.77%   4.5 1506s
 1377241 724119 -22728.091   62  730 -22638.805 -22813.348  0.77%   4.5 1511s
 1379214 725461 infeasible   69      -22638.805 -22813.322  0.77%   4.5 1518s
 1380558 726542 -22675.056   52  706 -22638.805 -22813.309  0.77%   4.5 1520s
 1382173 727958 -22771.763   34  754 -22638.805 -22813.289  0.77%   4.5 1525s
 1384678 729883 -22645.251   73  691 -22638.805 -22813.265  0.77%   4.5 1530s
 1389143 733470 -22689.924   73  694 -22638.805 -22813.223  0.77%   4.5 1535s
 1391541 735524 -22643.531   87  631 -22638.805 -22813.186  0.77%   4.5 1540s
 1393492 736973 -22673.954   73  677 -22638.805 -22813.168  0.77%   4.5 1545s
 1396533 739424 -22649.274   98  595 -22638.805 -22813.132  0.77%   4.5 1551s
 1398600 740938 -22681.811   53  725 -22638.805 -22813.110  0.77%   4.5 1555s
 1400934 742942 infeasible   85      -22638.805 -22813.088  0.77%   4.5 1560s
 1404035 745220 -22770.433   42  749 -22638.805 -22813.049  0.77%   4.5 1565s
 1407085 747597 -22805.347   34  759 -22638.805 -22813.024  0.77%   4.5 1570s
 1409816 749695     cutoff   58      -22638.805 -22812.985  0.77%   4.5 1576s
 1411731 751181 -22642.151   82  628 -22638.805 -22812.971  0.77%   4.5 1580s
 1413836 753013 -22673.602   54  723 -22638.805 -22812.943  0.77%   4.5 1585s
 1416650 755130 -22652.698   86  674 -22638.805 -22812.910  0.77%   4.5 1590s
 1420169 757838 -22778.115   43  740 -22638.805 -22812.863  0.77%   4.5 1596s
 1421965 759423 -22808.813   33  751 -22638.805 -22812.845  0.77%   4.5 1600s
 1424470 761326 -22703.598   63  683 -22638.805 -22812.816  0.77%   4.5 1605s
 1427741 764024 -22804.587   35  747 -22638.805 -22812.782  0.77%   4.5 1612s
 1429491 765420 -22701.992   54  714 -22638.805 -22812.762  0.77%   4.5 1616s
 1431013 766802 -22666.914   73  668 -22638.805 -22812.748  0.77%   4.5 1620s
 1432137 767454 -22746.170   52  722 -22638.805 -22812.734  0.77%   4.5 1626s
 1434880 769809 -22714.343   60  725 -22638.805 -22812.707  0.77%   4.5 1630s
 1437411 771546 -22655.730   92  640 -22638.805 -22812.675  0.77%   4.5 1636s
 1438893 772816 -22646.101   53  716 -22638.805 -22812.666  0.77%   4.5 1640s
 1439924 773785     cutoff   83      -22638.805 -22812.653  0.77%   4.5 1645s
 1442661 775791 -22666.270  101  576 -22638.805 -22812.635  0.77%   4.5 1651s
 1444864 777278 -22655.515   75  690 -22638.805 -22812.611  0.77%   4.5 1655s
 1447760 779790 -22793.533   32  765 -22638.805 -22812.583  0.77%   4.5 1660s
 1450424 781834 -22697.325   46  723 -22638.805 -22812.564  0.77%   4.5 1665s
 1454678 785198 -22656.910   70  702 -22638.805 -22812.515  0.77%   4.5 1670s
 1457031 786846 -22729.588   58  717 -22638.805 -22812.490  0.77%   4.5 1675s
 1459957 789048 -22691.261   67  700 -22638.805 -22812.451  0.77%   4.5 1681s
 1461833 791004     cutoff   80      -22638.805 -22812.429  0.77%   4.5 1686s
 1464726 792702 -22758.877   41  745 -22638.805 -22812.393  0.77%   4.5 1690s
 1466836 794490 -22670.738  100  566 -22638.805 -22812.383  0.77%   4.5 1696s
 1468002 795495 -22663.888   58  732 -22638.805 -22812.369  0.77%   4.5 1700s
 1469956 796919 -22799.643   42  738 -22638.805 -22812.352  0.77%   4.5 1705s
 1471582 798155 -22654.810   81  655 -22638.805 -22812.332  0.77%   4.5 1712s
 1473157 799343 -22689.359   59  731 -22638.805 -22812.315  0.77%   4.5 1716s
 1476166 801874 -22659.907   96  615 -22638.805 -22812.286  0.77%   4.5 1720s
 1478055 803334 -22692.587   61  725 -22638.805 -22812.247  0.77%   4.5 1725s
 1481324 805927 -22804.317   29  772 -22638.805 -22812.210  0.77%   4.5 1730s
 1482878 806901 infeasible   81      -22638.805 -22812.184  0.77%   4.5 1735s
 1485948 809394 -22642.548   91  619 -22638.805 -22812.154  0.77%   4.5 1740s
 1488149 811003 -22724.823   50  728 -22638.805 -22812.127  0.77%   4.5 1745s
 1490163 812513 -22679.153   69  693 -22638.805 -22812.100  0.77%   4.5 1750s
 1491778 813909 -22658.403   69  685 -22638.805 -22812.083  0.77%   4.5 1756s
 1493556 815286 -22670.598   72  709 -22638.805 -22812.039  0.77%   4.5 1762s
 1494844 816147 -22675.708   85  640 -22638.805 -22812.021  0.77%   4.5 1766s
 1496023 817254 -22749.137   48  742 -22638.805 -22812.011  0.77%   4.5 1770s
 1497857 818769 -22774.741   37  755 -22638.805 -22811.993  0.77%   4.5 1775s
 1498864 819356 -22658.385   85  639 -22638.805 -22811.969  0.76%   4.5 1782s
 1501046 821354 -22724.893   53  709 -22638.805 -22811.947  0.76%   4.5 1786s
 1502321 822340 -22648.045  126  488 -22638.805 -22811.937  0.76%   4.5 1791s
 1503549 823411 -22656.156  103  601 -22638.805 -22811.931  0.76%   4.5 1796s
 1505485 824487 -22644.769   74  704 -22638.805 -22811.899  0.76%   4.5 1800s

Cutting planes:
  Gomory: 20
  Cover: 570
  Implied bound: 1
  Projected implied bound: 95
  Clique: 644
  MIR: 1683
  Mixing: 3
  StrongCG: 542
  Flow cover: 282
  GUB cover: 2
  Inf proof: 150
  Zero half: 182
  Relax-and-lift: 383
  BQP: 25

Explored 1505580 nodes (6781878 simplex iterations) in 1800.04 seconds (1202.81 work units)
Thread count was 4 (of 24 available processors)

Solution count 10: -22638.8 -22637.7 -22632.7 ... -22594.7

Time limit reached
Best objective -2.263880465828e+04, best bound -2.281189923654e+04, gap 0.7646%

User-callback calls 3182764, time in user-callback 4.65 sec
