
Gurobi 13.0.1 (win64) logging started Tue Oct  6 22:06:52 2026

Set parameter LogFile to value "results/source_summaries/2d/B1260/gurobi_extensive.log"
Gurobi Optimizer version 13.0.1 build v13.0.1rc0 (win64 - Windows 11+.0 (26200.2))

CPU model: Intel(R) Core(TM) i7-14700, instruction set [SSE2|AVX|AVX2]
Thread count: 20 physical cores, 28 logical processors, using up to 4 threads

Non-default parameters:
TimeLimit  3600
IntFeasTol  1e-06
MIPGap  0.0005
Heuristics  0.2
Cuts  2
Presolve  2
Seed  1
Threads  4

Optimize a model with 40327 rows, 68046 columns and 146176 nonzeros (Min)
Model fingerprint: 0xdca360bc
Model has 27724 linear objective coefficients
Variable types: 40322 continuous, 27724 integer (27722 binary)
Coefficient statistics:
  Matrix range     [1e-01, 3e+01]
  Objective range  [2e+00, 5e+01]
  Bounds range     [1e-01, 2e+01]
  RHS range        [1e+00, 8e+01]

Found heuristic solution: objective 0.0000000
Presolve removed 0 rows and 37800 columns (presolve time = 5s)...
Presolve removed 0 rows and 37800 columns
Presolve time: 5.09s
Presolved: 40327 rows, 30246 columns, 108379 nonzeros
Variable types: 2522 continuous, 27724 integer (27722 binary)
Root relaxation presolved: 40327 rows, 30246 columns, 108379 nonzeros

Deterministic concurrent LP optimizer: primal and dual simplex
Showing primal log only...


Root simplex log...

Iteration    Objective       Primal Inf.    Dual Inf.      Time
       0    0.0000000e+00   0.000000e+00   1.783660e+05      5s
Concurrent spin time: 0.00s

Solved with dual simplex

Root simplex log...

Iteration    Objective       Primal Inf.    Dual Inf.      Time
   11907   -3.3531209e+05   0.000000e+00   0.000000e+00      6s

Root relaxation: objective -3.353121e+05, 11907 iterations, 0.68 seconds (1.02 work units)

    Nodes    |    Current Node    |     Objective Bounds      |     Work
 Expl Unexpl |  Obj  Depth IntInf | Incumbent    BestBd   Gap | It/Node Time

     0     0 -335312.09    0 2871    0.00000 -335312.09      -     -    6s
H    0     0                    -303246.0475 -335312.09  10.6%     -    6s
H    0     0                    -305830.9910 -335312.09  9.64%     -    6s
H    0     0                    -306182.8556 -335312.09  9.51%     -    6s
H    0     0                    -306236.8470 -335312.09  9.49%     -    6s
H    0     0                    -306266.1346 -335312.09  9.48%     -    6s
H    0     0                    -306268.1996 -335312.09  9.48%     -    6s
H    0     0                    -306300.3404 -331267.74  8.15%     -    8s
H    0     0                    -306409.8227 -331267.74  8.11%     -    8s
H    0     0                    -306480.5565 -331267.74  8.09%     -    8s
     0     0 -330218.81    0 3710 -306480.56 -330218.81  7.75%     -    8s
     0     0 -330218.81    0 3698 -306480.56 -330218.81  7.75%     -    8s
H    0     0                    -306481.6142 -330218.81  7.75%     -    8s
H    0     0                    -306524.5182 -329546.32  7.51%     -    9s
     0     0 -329546.32    0 4965 -306524.52 -329546.32  7.51%     -    9s
H    0     0                    -306545.8112 -329080.39  7.35%     -   10s
H    0     0                    -306559.4389 -329080.39  7.35%     -   10s
H    0     0                    -306578.3457 -329080.39  7.34%     -   10s
H    0     0                    -306586.3106 -329080.39  7.34%     -   10s
     0     0 -329080.39    0 5528 -306586.31 -329080.39  7.34%     -   10s
     0     0 -329062.50    0 5482 -306586.31 -329062.50  7.33%     -   10s
H    0     0                    -306621.5159 -328830.60  7.24%     -   11s
H    0     0                    -306626.5642 -328830.60  7.24%     -   11s
H    0     0                    -306647.8754 -328830.60  7.23%     -   11s
H    0     0                    -306653.9165 -328830.60  7.23%     -   11s
H    0     0                    -306709.5296 -328830.60  7.21%     -   11s
H    0     0                    -306741.4261 -328830.60  7.20%     -   11s
H    0     0                    -306744.2228 -328830.60  7.20%     -   11s
H    0     0                    -306746.0873 -328830.60  7.20%     -   11s
H    0     0                    -306757.6876 -328830.60  7.20%     -   11s
     0     0 -328830.60    0 5993 -306757.69 -328830.60  7.20%     -   11s
     0     0 -328830.58    0 5986 -306757.69 -328830.58  7.20%     -   11s
     0     0 -328798.68    0 6260 -306757.69 -328798.68  7.19%     -   11s
H    0     0                    -306786.2332 -328798.68  7.18%     -   13s
H    0     0                    -306789.2276 -328798.68  7.17%     -   13s
H    0     0                    -306824.3167 -328798.68  7.16%     -   13s
H    0     0                    -306829.5506 -328798.68  7.16%     -   13s
H    0     0                    -306856.9687 -327989.46  6.89%     -   15s
H    0     0                    -306887.4810 -327989.46  6.88%     -   15s
H    0     0                    -306889.5547 -327989.46  6.88%     -   15s
H    0     0                    -306891.6285 -327989.46  6.87%     -   15s
H    0     0                    -306924.1380 -327989.46  6.86%     -   15s
     0     0 -327989.46    0 5586 -306924.14 -327989.46  6.86%     -   15s
H    0     0                    -306940.0294 -327989.36  6.86%     -   15s
H    0     0                    -306942.1566 -327989.36  6.86%     -   15s
H    0     0                    -306982.9472 -327692.34  6.75%     -   16s
     0     0 -327676.17    0 6392 -306982.95 -327676.17  6.74%     -   16s
H    0     0                    -306991.1334 -326963.88  6.51%     -   17s
H    0     0                    -307002.3870 -326963.88  6.50%     -   17s
H    0     0                    -307052.2563 -326963.88  6.48%     -   17s
H    0     0                    -307055.3727 -326963.88  6.48%     -   17s
     0     0 -326913.68    0 6289 -307055.37 -326913.68  6.47%     -   17s
H    0     0                    -307099.1446 -326780.38  6.41%     -   18s
H    0     0                    -307101.2096 -326780.38  6.41%     -   18s
     0     0 -326780.38    0 6605 -307101.21 -326780.38  6.41%     -   18s
H    0     0                    -307104.4150 -326523.90  6.32%     -   20s
H    0     0                    -307106.5519 -326523.90  6.32%     -   20s
     0     0 -326523.90    0 6740 -307106.55 -326523.90  6.32%     -   20s
H    0     0                    -307146.1783 -326475.66  6.29%     -   20s
     0     0 -326475.66    0 6907 -307146.18 -326475.66  6.29%     -   20s
     0     0 -326474.93    0 6918 -307146.18 -326474.93  6.29%     -   21s
     0     0 -326315.25    0 7044 -307146.18 -326315.25  6.24%     -   23s
     0     0 -326180.17    0 6789 -307146.18 -326180.17  6.20%     -   24s
     0     0 -325982.55    0 7096 -307146.18 -325982.55  6.13%     -   25s
H    0     0                    -307153.2945 -325833.40  6.08%     -   26s
     0     0 -325833.40    0 7196 -307153.29 -325833.40  6.08%     -   26s
     0     0 -325798.37    0 7273 -307153.29 -325798.37  6.07%     -   27s
     0     0 -325517.79    0 7413 -307153.29 -325517.79  5.98%     -   28s
     0     0 -325483.31    0 7604 -307153.29 -325483.31  5.97%     -   29s
     0     0 -325477.88    0 7767 -307153.29 -325477.88  5.97%     -   29s
H    0     0                    -307159.4871 -325456.84  5.96%     -   33s
     0     0 -325456.84    0 7779 -307159.49 -325456.84  5.96%     -   33s
     0     0 -325377.01    0 7627 -307159.49 -325377.01  5.93%     -   34s
     0     0 -325112.91    0 7487 -307159.49 -325112.91  5.84%     -   35s
     0     0 -325073.00    0 7496 -307159.49 -325073.00  5.83%     -   36s
     0     0 -325030.93    0 7565 -307159.49 -325030.93  5.82%     -   36s
     0     0 -324913.56    0 7780 -307159.49 -324913.56  5.78%     -   37s
     0     0 -324859.97    0 7876 -307159.49 -324859.97  5.76%     -   38s
     0     0 -324856.46    0 7923 -307159.49 -324856.46  5.76%     -   38s
H    0     0                    -307162.5536 -324856.46  5.76%     -   41s
     0     0 -324703.69    0 7773 -307162.55 -324703.69  5.71%     -   42s
     0     0 -324696.25    0 7844 -307162.55 -324696.25  5.71%     -   42s
H    0     0                    -307164.4999 -324696.25  5.71%     -   50s
     0     0 -324428.89    0 8017 -307164.50 -324428.89  5.62%     -   55s
H    0     0                    -307165.4450 -324428.89  5.62%     -   55s
H    0     0                    -307165.5171 -324410.54  5.61%     -   56s
     0     0 -324410.54    0 8087 -307165.52 -324410.54  5.61%     -   56s
     0     0 -324408.84    0 8121 -307165.52 -324408.84  5.61%     -   56s
H    0     0                    -307171.8806 -324408.84  5.61%     -   62s
     0     0 -324337.55    0 8127 -307171.88 -324337.55  5.59%     -   63s
     0     0 -324337.49    0 8127 -307171.88 -324337.49  5.59%     -   63s
     0     0 -324337.49    0 7918 -307171.88 -324337.49  5.59%     -   64s
     0     2 -324333.53    0 7914 -307171.88 -324333.53  5.59%     -   68s
     1     4 -324067.24    1 8150 -307171.88 -324333.53  5.59%  2405   71s
H   97   101                    -307176.6503 -321768.71  4.75%   258   74s
   105   116 -321245.67   25 6784 -307176.65 -321768.71  4.75%   239   75s
   366   390 -321238.46   93 6742 -307176.65 -321768.71  4.75%  72.8   80s
   551   556 -321228.85  143 6739 -307176.65 -321768.71  4.75%  50.1   86s
   622   637 -321227.87  147 6731 -307176.65 -321768.71  4.75%  45.0   90s
   985  1024 -321203.23  242 6670 -307176.65 -321768.71  4.75%  30.4   95s
  1520  1598 -321144.96  383 6437 -307176.65 -321768.71  4.75%  22.0  101s
  2126  2242 -321036.17  481 6372 -307176.65 -321768.71  4.75%  17.1  105s
  2486  2521 -320937.64  546 6309 -307176.65 -321768.71  4.75%  15.3  110s
  2951  3112 -320877.77  592 6267 -307176.65 -321768.71  4.75%  13.7  115s
  3624  3796 -320734.65  705 6157 -307176.65 -321768.71  4.75%  12.2  120s
  4390  4833 -320496.94  800 6072 -307176.65 -321768.71  4.75%  11.2  125s
  5261  5258 -321144.74  387 7918 -307176.65 -321768.71  4.75%  10.2  146s
  5268  5263 -312944.68  432 4921 -307176.65 -321768.71  4.75%  10.2  150s
  5276  5268 -313652.40  344 7991 -307176.65 -321768.71  4.75%  10.2  158s
  5280  5271 -313765.58   89 6608 -307176.65 -321768.71  4.75%  10.2  160s
  5283  5273 -314332.32  181 6660 -307176.65 -321768.71  4.75%  10.2  165s
  5287  5275 -312066.64 1008 7009 -307176.65 -321768.71  4.75%  10.2  174s
  5288  5276 -313302.91  231 7028 -307176.65 -321768.71  4.75%  10.2  179s
  5289  5277 -313958.26   11 7053 -307176.65 -321768.71  4.75%  10.2  191s
  5290  5277 -320831.19  630 7171 -307176.65 -321768.71  4.75%  10.2  196s
  5291  5278 -314027.52  336 7272 -307176.65 -321768.71  4.75%  10.2  200s
  5294  5280 -321192.82  281 8866 -307176.65 -321768.71  4.75%  10.1  210s
  5295  5281 -313878.25  149 8858 -307176.65 -321768.71  4.75%  10.1  215s
  5297  5282 -312417.84  819 8890 -307176.65 -321768.71  4.75%  10.1  220s
  5298  5283 -314081.29  307 7541 -307176.65 -321768.71  4.75%  10.1  228s
  5299  5283 -320365.10  861 7600 -307176.65 -321768.71  4.75%  10.1  234s
  5300  5284 -321150.71  380 7787 -307176.65 -321768.71  4.75%  10.1  240s
  5302  5285 -314637.63   16 7889 -307176.65 -321768.71  4.75%  10.1  250s
  5303  5286 -312912.95  770 7889 -307176.65 -321768.71  4.75%  10.1  256s
  5304  5287 -313459.75  161 7920 -307176.65 -321768.71  4.75%  10.1  274s
  5305  5287 -313988.59  354 8088 -307176.65 -321768.71  4.75%  10.1  275s
  5308  5289 -313928.42   75 8273 -307176.65 -321768.71  4.75%  10.1  286s
  5309  5290 -312704.83  829 9097 -307176.65 -321768.71  4.75%  10.1  293s
  5310  5291 -312317.98  873 8374 -307176.65 -321768.71  4.75%  10.1  302s
  5311  5291 -312545.34  730 9101 -307176.65 -321768.71  4.75%  10.1  311s
  5312  5292 -313272.24  645 8390 -307176.65 -321768.71  4.75%  10.1  319s
  5313  5293 -321243.17   44 9270 -307176.65 -321768.71  4.75%  10.1  321s
  5314  5293 -314559.12   39 9330 -307176.65 -321768.71  4.75%  10.1  331s
  5315  5294 -321238.49   84 8534 -307176.65 -321768.71  4.75%  10.1  341s
  5316  5295 -312287.03  902 8502 -307176.65 -321768.71  4.75%  10.1  346s
  5317  5295 -312362.68  962 8502 -307176.65 -321768.71  4.75%  10.1  353s
  5318  5299 -321768.71   15 9177 -307176.65 -321768.71  4.75%  26.4  358s
  5320  5302 -319977.13   16 7816 -307176.65 -321768.71  4.75%  29.0  360s
  5482  5418 -319952.37   32 7794 -307176.65 -320939.40  4.48%  31.4  365s
  5667  5534 -319940.03   49 7772 -307176.65 -320939.40  4.48%  30.8  370s
  5826  5662 -319914.42   67 7764 -307176.65 -320939.40  4.48%  30.3  375s
  5920  5713 -319897.01   77 7741 -307176.65 -320939.40  4.48%  30.1  381s
  5989  5774 -319888.24   80 7760 -307176.65 -320939.40  4.48%  29.9  385s
  6188  5910 -319798.60   96 7762 -307176.65 -320939.40  4.48%  29.4  390s
  6337  6009 -319770.98  112 7750 -307176.65 -320939.40  4.48%  29.0  395s
  6527  6146 -319701.24  134 7753 -307176.65 -320939.40  4.48%  28.5  401s
  6649  6204 -319631.49  151 7729 -307176.65 -320939.40  4.48%  28.2  405s
  6770  6269 -319598.46  166 7709 -307176.65 -320939.40  4.48%  27.9  416s
  6774  6272 -319575.85  166 7702 -307176.65 -320939.40  4.48%  27.9  434s
  6778  6316 -319597.36  167 7709 -307176.65 -320939.40  4.48%  27.9  451s
  6824  6331 -319583.92  167 7711 -307176.65 -320939.40  4.48%  27.8  469s
  6854  6359 -319579.63  168 7709 -307176.65 -320939.40  4.48%  27.7  487s
  6892  6376 -319587.12  168 7711 -307176.65 -320939.40  4.48%  27.6  493s
  6922  6451 -319577.95  169 7709 -307176.65 -320939.40  4.48%  27.5  495s
  7154  6555 -319521.01  194 7682 -307176.65 -320939.40  4.48%  27.0  502s
  7340  6825 -319494.48  200 7680 -307176.65 -320939.40  4.48%  26.5  506s
  7906  7221 -319379.37  250 7591 -307176.65 -320939.40  4.48%  25.5  510s
  8812  7857 -319204.51  334 7457 -307176.65 -320939.40  4.48%  24.2  516s
  9600  8434 -319052.30  410 7332 -307176.65 -320939.40  4.48%  23.0  521s
 10209  8899 -318943.47  470 7255 -307176.65 -320939.40  4.48%  22.3  526s
 10558  9617 -318874.34  507 7207 -307176.65 -320939.40  4.48%  21.9  531s
 11974  9977 -318611.87  656 7096 -307176.65 -320939.40  4.48%  20.4  535s
 12877 10324 -318407.02  752 6982 -307176.65 -320939.40  4.48%  19.5  542s
 12885 10351 -318398.15  753 6982 -307176.65 -320939.40  4.48%  19.5  547s
 13132 10858 -318266.05  788 6932 -307176.65 -320939.40  4.48%  19.3  551s
 13846 11284 -318097.63  862 6785 -307176.65 -320939.40  4.48%  18.8  555s
 14923 11961 -317743.70  975 6594 -307176.65 -320939.40  4.48%  18.1  562s
 15669 12526 -317425.32 1056 6455 -307176.65 -320939.40  4.48%  17.7  567s
 16503 13085 -317256.56 1146 6348 -307176.65 -320939.40  4.48%  17.3  571s
 17363 13604 -317025.14 1238 6227 -307176.65 -320939.40  4.48%  16.8  577s
 18079 14065 -316669.94 1325 6284 -307176.65 -320939.40  4.48%  16.9  582s
 18882 14529 -316366.23 1427 6122 -307176.65 -320939.40  4.48%  17.0  587s
 19645 15046 -316128.04 1520 6003 -307176.65 -320939.40  4.48%  17.1  592s
 20397 15672 -315801.51 1616 5902 -307176.65 -320939.40  4.48%  17.4  597s
 20867 16361 -315640.36 1665 5823 -307176.65 -320939.40  4.48%  17.2  602s
 22105 17043 -315208.46 1799 5588 -307176.65 -320939.40  4.48%  16.7  607s
 22521 17504 -314977.19 1847 5546 -307176.65 -320939.40  4.48%  16.6  610s
 23431 18350 -314676.87 1951 5367 -307176.65 -320939.40  4.48%  16.3  615s
 24744 19579 -314017.96 2111 5133 -307176.65 -320939.40  4.48%  15.8  622s
 25178 19856 -313858.52 2158 5073 -307176.65 -320939.40  4.48%  15.7  626s
 25523 20143 -313700.97 2203 5073 -307176.65 -320812.18  4.44%  16.0  630s
 26221 20985 -313432.44 2295 4982 -307176.65 -320667.83  4.39%  16.2  635s
 27064 21809 -313201.12 2399 4853 -307176.65 -320667.83  4.39%  16.0  640s
 27918 22595 -312902.73 2504 4719 -307176.65 -320667.83  4.39%  15.8  645s
 28318 22914 -312691.65 2561 4646 -307176.65 -320667.83  4.39%  15.7  651s
 29110 23445 -312319.92 2660 4495 -307176.65 -320667.83  4.39%  15.6  661s
 29180 23688 -312251.65 2676 4481 -307176.65 -320667.83  4.39%  15.6  674s
 29427 23928 -312151.89 2727 4404 -307176.65 -320667.83  4.39%  15.5  691s
 29675 23932 -312023.05 2771 4355 -307176.65 -320667.83  4.39%  15.4  710s
 29679 23936 -312011.14 2771 4357 -307176.65 -320667.83  4.39%  15.4  731s
 29683 23940 -311992.00 2772 4343 -307176.65 -320667.83  4.39%  15.4  754s
 29687 23944 -312012.41 2772 4347 -307176.65 -320667.83  4.39%  15.4  778s
 29691 24061 -312012.18 2773 4343 -307176.65 -320667.83  4.39%  15.4  808s
 29810 24171 -311999.69 2773 4338 -307176.65 -320667.83  4.39%  15.4  835s
 29920 24393 -312008.94 2774 4342 -307176.65 -320667.83  4.39%  15.4  854s
 30146 24748 -312003.15 2774 4342 -307176.65 -320667.83  4.39%  15.3  857s
 30503 25134 -311995.88 2775 4343 -307176.65 -320667.83  4.39%  15.3  861s
 31364 26415 -311544.53 2901 4150 -307176.65 -320667.83  4.39%  15.4  870s
 32711 27216 -310837.74 3101 3921 -307176.65 -320667.83  4.39%  15.2  876s
 33535 28020 -310486.96 3225 3744 -307176.65 -320667.83  4.39%  15.1  882s
 33956 28437 -310304.53 3286 3612 -307176.65 -320667.83  4.39%  15.0  885s
 34789 29233 -309800.29 3411 3438 -307176.65 -320667.83  4.39%  15.0  891s
 35676 30129 -309369.87 3540 3206 -307176.65 -320667.83  4.39%  14.8  897s
 36135 30565 -309156.20 3607 3123 -307176.65 -320667.83  4.39%  14.7  900s
 37019 31379 -308679.91 3741 2909 -307176.65 -320667.83  4.39%  14.6  906s
 37875 32092 -308139.64 3873 2774 -307176.65 -320667.83  4.39%  14.4  912s
 38192 32519 -307888.02 3938 2710 -307176.65 -320667.83  4.39%  14.4  915s
 39077 33319 -307340.36 4074 2576 -307176.65 -320667.83  4.39%  14.3  921s
 39906 34114 -320447.06   84 8925 -307176.65 -320667.83  4.39%  14.2  926s
 40763 34925 -320195.97  178 8776 -307176.65 -320667.83  4.39%  14.1  932s
 41181 35316 -320095.82  204 8749 -307176.65 -320667.83  4.39%  14.1  935s
 41594 36136 -320011.03  232 8717 -307176.65 -320667.83  4.39%  14.0  940s
 42842 36800 -319656.01  323 8622 -307176.65 -320667.83  4.39%  13.8  946s
 43573 37666 -319496.74  349 8558 -307176.65 -320667.83  4.39%  13.8  952s
 44440 38497 -319294.53  384 8484 -307176.65 -320667.83  4.39%  13.6  957s
 44863 38784 -319218.43  397 8470 -307176.65 -320667.83  4.39%  13.6  960s
 45597 39648 -319081.82  430 8420 -307176.65 -320667.83  4.39%  13.5  966s
 46480 40493 -318902.15  465 8388 -307176.65 -320667.83  4.39%  13.4  972s
 46915 40935 -318844.56  477 8382 -307176.65 -320667.83  4.39%  13.3  975s
 47810 41680 -318674.66  522 8314 -307176.65 -320667.83  4.39%  13.2  980s
 48579 42535 -318573.47  548 8268 -307176.65 -320667.83  4.39%  13.2  986s
 49446 43396 -318425.53  577 8241 -307176.65 -320667.83  4.39%  13.1  991s
 50325 44173 -318308.71  606 8181 -307176.65 -320667.83  4.39%  13.1  997s
 50741 44594 -318205.68  621 8167 -307176.65 -320667.83  4.39%  13.1 1000s
 51691 45718 -318019.66  653 8124 -307176.65 -320667.83  4.39%  13.0 1005s
 52302 46878 -317868.07  688 8087 -307176.65 -320667.83  4.39%  12.9 1010s
 54321 48100 -317220.29  779 7911 -307176.65 -320667.83  4.39%  12.8 1016s
 55366 49081 -316925.37  830 7813 -307176.65 -320667.83  4.39%  12.8 1021s
 56039 49793 -316759.50  862 7756 -307176.65 -320667.83  4.39%  12.8 1025s
 57447 51320 -316433.50  916 7684 -307176.65 -320667.83  4.39%  12.7 1031s
 58788 52304 -315914.43  977 7613 -307176.65 -320667.83  4.39%  12.7 1036s
 59507 53241 -315705.76 1013 7583 -307176.65 -320667.83  4.39%  12.6 1040s
 60933 54727 -315415.50 1051 7530 -307176.65 -320667.83  4.39%  12.6 1045s
 62311 56030 -315079.21 1099 7501 -307176.65 -320667.83  4.39%  12.6 1051s
 62788 56892 -314951.91 1119 7484 -307176.65 -320667.83  4.39%  12.6 1055s
 64658 58455 -314564.01 1192 7380 -307176.65 -320667.83  4.39%  12.5 1061s
 65615 59375 -314364.17 1228 7327 -307176.65 -320667.83  4.39%  12.4 1065s
 67031 60616 -314092.22 1285 7254 -307176.65 -320667.83  4.39%  12.4 1070s
 68367 62057 -313837.29 1326 7203 -307176.65 -320667.83  4.39%  12.3 1075s
 69749 63192 -313650.27 1358 7188 -307176.65 -320667.83  4.39%  12.2 1080s
 70711 64231 -313505.50 1376 7167 -307176.65 -320667.83  4.39%  12.1 1085s
 71986 65561 -313316.46 1420 7105 -307176.65 -320667.83  4.39%  12.1 1091s
 73370 67465 -313115.07 1461 7045 -307176.65 -320667.83  4.39%  12.0 1098s
 74299 67992 -313031.22 1478 7026 -307176.65 -320667.83  4.39%  11.9 1100s
 75813 69490 -312802.93 1523 6973 -307176.65 -320667.83  4.39%  11.8 1105s
 77118 70581 -312582.88 1563 6897 -307176.65 -320667.83  4.39%  11.7 1110s
 77991 71508 infeasible 1582      -307176.65 -320667.83  4.39%  11.7 1115s
 79209 72794 -312240.02 1606 6877 -307176.65 -320667.83  4.39%  11.6 1120s
 80407 73956 -312040.71 1631 6847 -307176.65 -320667.83  4.39%  11.6 1125s
 81762 75387 -311879.64 1663 6812 -307176.65 -320667.83  4.39%  11.5 1130s
 82905 76407 -311671.19 1697 6770 -307176.65 -320667.83  4.39%  11.4 1135s
 83789 78068 -311507.09 1732 6694 -307176.65 -320667.83  4.39%  11.4 1141s
 85554 79008 -311066.75 1805 6608 -307176.65 -320667.83  4.39%  11.3 1146s
 86781 80341 -310848.22 1846 6555 -307176.65 -320667.83  4.39%  11.3 1151s
 87944 81432 -310707.36 1879 6504 -307176.65 -320667.83  4.39%  11.3 1156s
 89005 82600 -310551.30 1911 6443 -307176.65 -320667.83  4.39%  11.2 1161s
 89903 83407 -310367.00 1942 6412 -307176.65 -320667.83  4.39%  11.2 1165s
 91188 84795 -310200.14 1979 6349 -307176.65 -320667.83  4.39%  11.1 1170s
 92334 85891 -310007.89 2026 6263 -307176.65 -320667.83  4.39%  11.1 1175s
 93676 87042 -309863.62 2057 6253 -307176.65 -320667.83  4.39%  11.0 1180s
 94461 88374 -309746.60 2083 6187 -307176.65 -320667.83  4.39%  11.0 1186s
 95852 89445 -309473.89 2129 6142 -307176.65 -320667.83  4.39%  10.9 1190s
 97308 90595 -309281.99 2172 6097 -307176.65 -320667.83  4.39%  10.9 1195s
 98217 91558 -309177.37 2190 6067 -307176.65 -320667.83  4.39%  10.9 1200s
 99394 92831 -309026.24 2226 6017 -307176.65 -320667.83  4.39%  10.8 1205s
 100735 94212 -308871.69 2259 5988 -307176.65 -320667.83  4.39%  10.8 1210s
 102003 95335 -308695.35 2285 5960 -307176.65 -320667.83  4.39%  10.8 1216s
 103196 96606 -308407.91 2335 5876 -307176.65 -320667.83  4.39%  10.8 1221s
 104246 97584 -308236.53 2360 5851 -307176.65 -320667.83  4.39%  10.7 1226s
 104962 98860 -308066.54 2402 5751 -307176.65 -320667.83  4.39%  10.7 1232s
 106265 99557 -307815.13 2439 5718 -307176.65 -320667.83  4.39%  10.7 1236s
 107346 100777 -307711.33 2459 5681 -307176.65 -320667.83  4.39%  10.7 1241s
 108244 101642 -307601.30 2491 5644 -307176.65 -320667.83  4.39%  10.6 1245s
 109497 102825 -307398.02 2530 5562 -307176.65 -320667.83  4.39%  10.6 1250s
 110778 103953 -320260.91  101 8868 -307176.65 -320662.68  4.39%  10.6 1256s
 111610 104670 -319954.45  176 8746 -307176.65 -320662.68  4.39%  10.6 1260s
 112683 105969 -320575.42   28 9158 -307176.65 -320662.68  4.39%  10.6 1265s
 114007 107190 -319992.91  177 8735 -307176.65 -320662.68  4.39%  10.5 1271s
 114920 108067 -319749.69  229 8682 -307176.65 -320662.68  4.39%  10.5 1275s
 116288 109275 -319321.29  317 8560 -307176.65 -320662.68  4.39%  10.5 1280s
 117389 110467 -319108.31  357 8505 -307176.65 -320658.90  4.39%  10.5 1286s
 118154 111340 -318958.85  391 8434 -307176.65 -320658.90  4.39%  10.5 1290s
 119518 112455 -318650.50  436 8386 -307176.65 -320658.39  4.39%  10.5 1295s
 120635 113359 -318348.51  504 8287 -307176.65 -320656.85  4.39%  10.5 1300s
 121521 114572 -318141.19  549 8216 -307176.65 -320656.85  4.39%  10.5 1306s
 122481 115515 -317982.03  587 8165 -307176.65 -320656.85  4.39%  10.5 1310s
 123872 116955 -317716.10  652 8045 -307176.65 -320656.85  4.39%  10.4 1315s
 125377 118517 -317527.66  686 8002 -307176.65 -320656.85  4.39%  10.4 1321s
 125939 119330 -317483.35  694 7994 -307176.65 -320656.85  4.39%  10.4 1325s
 127882 120970 -317215.02  757 7925 -307176.65 -320656.85  4.39%  10.3 1331s
 129000 121986 -317075.08  781 7897 -307176.65 -320656.59  4.39%  10.3 1336s
 130290 123309 -316929.81  816 7858 -307176.65 -320656.59  4.39%  10.3 1341s
 131470 124395 -316797.70  842 7808 -307176.65 -320655.81  4.39%  10.2 1346s
 132554 125263 -316650.91  875 7765 -307176.65 -320655.81  4.39%  10.2 1351s
 133440 126312 -316498.03  898 7736 -307176.65 -320655.81  4.39%  10.2 1356s
 134265 127060 -316398.99  917 7724 -307176.65 -320655.81  4.39%  10.2 1360s
 135120 128040 -316297.19  932 7698 -307176.65 -320655.81  4.39%  10.2 1366s
 135807 128632 -316174.45  959 7652 -307176.65 -320655.81  4.39%  10.1 1370s
 136805 129865 -316050.51  981 7606 -307176.65 -320655.81  4.39%  10.1 1376s
 137725 130569 -315887.67 1020 7582 -307176.65 -320655.81  4.39%  10.1 1380s
 138983 131948 -315753.50 1061 7526 -307176.65 -320655.81  4.39%  10.1 1386s
 139847 132825 -315645.87 1086 7505 -307176.65 -320655.81  4.39%  10.1 1391s
 140736 133677 -315505.86 1109 7466 -307176.65 -320655.81  4.39%  10.1 1395s
 141836 134702 -315338.78 1139 7413 -307176.65 -320655.81  4.39%  10.0 1401s
 142693 135672 -315193.42 1166 7417 -307176.65 -320655.81  4.39%  10.0 1405s
 143745 136702 -314983.05 1198 7389 -307176.65 -320655.81  4.39%  10.0 1411s
 144528 137226 -314860.42 1220 7357 -307176.65 -320655.81  4.39%  10.0 1416s
 145141 138018 -314803.42 1235 7340 -307176.65 -320655.81  4.39%  10.0 1424s
 145556 138257 -314722.78 1243 7332 -307176.65 -320655.81  4.39%  10.0 1427s
 146349 139404 -314617.25 1275 7295 -307176.65 -320655.81  4.39%  10.0 1433s
 146958 139982 -314504.32 1296 7230 -307176.65 -320655.81  4.39%   9.9 1435s
 147782 140784 -314422.33 1311 7203 -307176.65 -320655.81  4.39%   9.9 1440s
 149249 142162 -314298.62 1339 7159 -307176.65 -320655.81  4.39%   9.9 1446s
 150063 142931 -314206.80 1370 7136 -307176.65 -320655.81  4.39%   9.9 1450s
 150740 143551 -314144.00 1379 7128 -307176.65 -320655.81  4.39%   9.9 1455s
 151967 144676 -314034.33 1407 7082 -307176.65 -320655.81  4.39%   9.9 1462s
 152883 145705 -313900.72 1429 7054 -307176.65 -320655.81  4.39%   9.9 1466s
 153809 146581 -313819.11 1444 7034 -307176.65 -320655.68  4.39%   9.8 1470s
 154752 147467 -313759.41 1458 7009 -307176.65 -320655.68  4.39%   9.8 1475s
 155732 148463 -313657.15 1479 6990 -307176.65 -320655.68  4.39%   9.8 1484s
 156157 148912 -313614.94 1492 6984 -307176.65 -320655.68  4.39%   9.8 1486s
 156608 149713 -313589.44 1496 6984 -307176.65 -320655.68  4.39%   9.8 1490s
 158175 150854 -313438.65 1533 6934 -307176.65 -320654.50  4.39%   9.8 1497s
 159046 151609 -313347.54 1550 6910 -307176.65 -320654.50  4.39%   9.8 1501s
 159876 152480 -313298.72 1565 6903 -307176.65 -320653.89  4.39%   9.8 1505s
 161112 153869 -313185.99 1606 6877 -307176.65 -320653.24  4.39%   9.8 1511s
 162199 154789 -313121.30 1617 6862 -307176.65 -320653.24  4.39%   9.8 1515s
 163152 155811 -313396.45 1111 7269 -307176.65 -320653.24  4.39%   9.7 1520s
 163993 156265 -312975.84 1645 6813 -307176.65 -320653.24  4.39%   9.7 1536s
 164051 156269 -312978.66 1645 6812 -307176.65 -320653.24  4.39%   9.7 1545s
 164055 156273 -312978.22 1646 6808 -307176.65 -320653.24  4.39%   9.7 1556s
 164059 156281 -312967.96 1644 6809 -307176.65 -320653.24  4.39%   9.7 1562s
 164067 156541 -312978.36 1645 6813 -307176.65 -320653.24  4.39%   9.7 1567s
 164327 156969 -312917.15 1656 6796 -307176.65 -320653.24  4.39%   9.7 1570s
 165745 158198 -312802.95 1677 6773 -307176.65 -320653.24  4.39%   9.7 1576s
 166080 158666 -312758.04 1683 6769 -307176.65 -320653.12  4.39%   9.7 1580s
 166945 160046 -312693.21 1700 6754 -307176.65 -320653.12  4.39%   9.7 1586s
 168574 160960 infeasible 1731      -307176.65 -320650.66  4.39%   9.7 1591s
 169359 161806 -312456.43 1753 6681 -307176.65 -320650.66  4.39%   9.7 1595s
 170607 162954 -312309.35 1774 6641 -307176.65 -320650.66  4.39%   9.6 1601s
 171190 163716 -312266.85 1783 6628 -307176.65 -320650.60  4.39%   9.7 1605s
 172551 164915 -312143.29 1810 6595 -307176.65 -320650.60  4.39%   9.6 1611s
 173224 165682 -312103.61 1820 6585 -307176.65 -320650.47  4.39%   9.6 1615s
 174528 167041 -311981.50 1850 6477 -307176.65 -320650.47  4.39%   9.6 1621s
 175328 167688 -311928.20 1860 6460 -307176.65 -320650.40  4.39%   9.6 1625s
 176342 168705 -311823.86 1885 6430 -307176.65 -320650.40  4.39%   9.6 1631s
 176741 168912 -311793.76 1889 6432 -307176.65 -320650.40  4.39%   9.6 1641s
 177296 169939 -311712.85 1905 6420 -307176.65 -320650.40  4.39%   9.6 1647s
 177979 170349 -311640.46 1920 6398 -307176.65 -320650.40  4.39%   9.6 1650s
 178729 171098 -311570.10 1937 6388 -307176.65 -320650.40  4.39%   9.6 1655s
 179655 171947 -311470.68 1968 6334 -307176.65 -320650.40  4.39%   9.6 1660s
 180427 172723 -311377.68 1991 6294 -307176.65 -320650.40  4.39%   9.6 1665s
 181694 174171 -311260.15 2022 6256 -307176.65 -320650.40  4.39%   9.6 1672s
 182585 175058 -311183.12 2035 6241 -307176.65 -320650.40  4.39%   9.6 1677s
 183528 176006 -311078.90 2057 6205 -307176.65 -320650.40  4.39%   9.6 1682s
 184411 176661 -311005.51 2082 6166 -307176.65 -320650.40  4.39%   9.6 1686s
 185101 177586 -310936.92 2092 6162 -307176.65 -320650.40  4.39%   9.6 1691s
 186121 178417 -310849.19 2112 6121 -307176.65 -320650.40  4.39%   9.6 1697s
 187006 179256 -310798.37 2126 6109 -307176.65 -320650.40  4.39%   9.5 1711s
 187778 180246 -310704.52 2141 6081 -307176.65 -320650.40  4.39%   9.5 1718s
 188310 180748 -310657.51 2154 6074 -307176.65 -320650.40  4.39%   9.5 1721s
 189333 181635 -310563.29 2164 6062 -307176.65 -320650.40  4.39%   9.5 1726s
 190240 182698 -310480.90 2185 6037 -307176.65 -320650.40  4.39%   9.5 1731s
 191107 183532 -310401.96 2202 6025 -307176.65 -320650.40  4.39%   9.5 1736s
 191946 183878 -310277.60 2226 6003 -307176.65 -320650.40  4.39%   9.5 1759s
 191950 183882 -310270.38 2228 5994 -307176.65 -320650.40  4.39%   9.5 1770s
 191954 183886 -310271.71 2227 5996 -307176.65 -320650.40  4.39%   9.5 1783s
 191958 184092 -310272.20 2226 5999 -307176.65 -320650.40  4.39%   9.5 1789s
 192164 184483 -310245.43 2225 6004 -307176.65 -320650.40  4.39%   9.5 1792s
 193112 185436 -310152.44 2258 5966 -307176.65 -320650.40  4.39%   9.5 1797s
 194015 186303 -310048.19 2277 5935 -307176.65 -320650.40  4.39%   9.5 1802s
 194659 186943 -309973.23 2289 5934 -307176.65 -320650.40  4.39%   9.5 1807s
 195561 187874 -309875.06 2305 5919 -307176.65 -320650.40  4.39%   9.5 1812s
 195964 188380 -309844.84 2317 5905 -307176.65 -320650.40  4.39%   9.5 1815s
 196952 189277 -309748.11 2339 5882 -307176.65 -320650.40  4.39%   9.5 1820s
 197377 189500 -309725.06 2347 5874 -307176.65 -320650.40  4.39%   9.5 1828s
 197600 190013 -309698.93 2353 5866 -307176.65 -320650.40  4.39%   9.5 1831s
 198117 190618 -309612.64 2366 5853 -307176.65 -320650.40  4.39%   9.4 1835s
 199266 191638 -309529.86 2389 5828 -307176.65 -320650.40  4.39%   9.4 1840s
 200084 192383 -309455.22 2410 5806 -307176.65 -320650.40  4.39%   9.4 1845s
 200949 193208 -309389.87 2427 5761 -307176.65 -320650.40  4.39%   9.4 1850s
 201644 193888 -309310.29 2442 5751 -307176.65 -320650.40  4.39%   9.4 1855s
 202505 194815 -309233.31 2459 5741 -307176.65 -320650.40  4.39%   9.4 1860s
 203316 195530 -309177.96 2468 5727 -307176.65 -320650.40  4.39%   9.4 1865s
 204150 196344 -309050.40 2491 5706 -307176.65 -320650.40  4.39%   9.4 1870s
 204861 197017 -308954.91 2507 5674 -307176.65 -320650.40  4.39%   9.4 1875s
 205689 197794 -308851.29 2535 5639 -307176.65 -320650.40  4.39%   9.4 1880s
 206532 198850 -308782.88 2556 5594 -307176.65 -320650.40  4.39%   9.4 1886s
 207522 199773 -308663.20 2584 5556 -307176.65 -320642.05  4.38%   9.4 1891s
 208084 200066 -308634.83 2590 5536 -307176.65 -320642.05  4.38%   9.4 1907s
 208377 200630 -308614.00 2593 5532 -307176.65 -320642.05  4.38%   9.4 1912s
 208941 201275 -308584.83 2605 5531 -307176.65 -320642.05  4.38%   9.4 1915s
 210048 202209 -308533.92 2611 5522 -307176.65 -320642.05  4.38%   9.4 1920s
 210985 203181 -308462.43 2631 5492 -307176.65 -320642.05  4.38%   9.4 1925s
 211868 204035 -308404.95 2645 5482 -307176.65 -320642.05  4.38%   9.3 1930s
 212654 204702 -308361.79 2654 5465 -307176.65 -320642.05  4.38%   9.3 1935s
 213832 205826 -308226.42 2669 5450 -307176.65 -320642.03  4.38%   9.3 1942s
 214683 206733 -308193.77 2682 5441 -307176.65 -320642.03  4.38%   9.3 1946s
 215539 207573 -308114.59 2697 5421 -307176.65 -320642.03  4.38%   9.3 1952s
 216304 208133 -308076.52 2705 5407 -307176.65 -320642.03  4.38%   9.3 1956s
 216931 209008 -308045.08 2717 5396 -307176.65 -320642.03  4.38%   9.3 1961s
 217459 209012 -308014.96 2719 5386 -307176.65 -320642.03  4.38%   9.3 1977s
 217463 209016 -308015.19 2719 5387 -307176.65 -320642.03  4.38%   9.3 1984s
 217467 209020 -308027.55 2720 5383 -307176.65 -320642.03  4.38%   9.3 1995s
 217471 209103 -308013.35 2721 5380 -307176.65 -320642.03  4.38%   9.3 2006s
 217861 209834 -308022.05 2720 5383 -307176.65 -320642.03  4.38%   9.3 2012s
 218297 210091 -307973.24 2728 5370 -307176.65 -320642.03  4.38%   9.3 2015s
 218558 210489 -307958.31 2732 5357 -307176.65 -320642.03  4.38%   9.3 2027s
 218958 211211 -307941.87 2740 5333 -307176.65 -320642.03  4.38%   9.3 2032s
 219906 211735 -313297.40 1256 7324 -307176.65 -320642.03  4.38%   9.3 2035s
 220903 212683 -307772.04 2784 5244 -307176.65 -320640.96  4.38%   9.3 2042s
 221620 213443 -307699.95 2801 5212 -307176.65 -320640.96  4.38%   9.3 2047s
 222304 214059 -307652.78 2815 5175 -307176.65 -320640.96  4.38%   9.3 2052s
 222823 214487 -320031.47  201 8776 -307176.65 -320638.70  4.38%   9.3 2055s
 223370 215110 -307535.15 2831 5193 -307176.65 -320638.70  4.38%   9.3 2060s
 224134 215990 -307476.63 2846 5162 -307176.65 -320638.70  4.38%   9.3 2065s
 225003 216759 -307400.94 2858 5113 -307176.65 -320638.70  4.38%   9.3 2070s
 225805 217610 -307293.55 2883 5090 -307176.65 -320638.67  4.38%   9.3 2076s
 226676 218538 -307220.25 2899 5070 -307176.65 -320638.67  4.38%   9.3 2082s
 227533 219412 -319740.12  176 8739 -307176.65 -320638.67  4.38%   9.3 2087s
 228081 219864 -318595.03  353 8510 -307176.65 -320638.67  4.38%   9.3 2090s
 228976 220666 -320011.88  156 8750 -307176.65 -320638.67  4.38%   9.3 2110s
 229371 221581 -319416.98  249 8639 -307176.65 -320638.67  4.38%   9.3 2115s
 230368 221919 -320572.79   40 9138 -307176.65 -320636.34  4.38%   9.3 2120s
 231074 222854 -320046.79  158 8814 -307176.65 -320636.34  4.38%   9.3 2125s
 232073 223652 -319765.51  221 8723 -307176.65 -320636.34  4.38%   9.3 2130s
 232725 224341 -319623.51  252 8670 -307176.65 -320636.34  4.38%   9.3 2135s
 233589 225205 -319280.30  312 8603 -307176.65 -320635.40  4.38%   9.3 2140s
 234267 225612 -319102.95  340 8553 -307176.65 -320635.35  4.38%   9.3 2145s
 234702 226389 -319019.29  357 8525 -307176.65 -320635.35  4.38%   9.3 2151s
 235527 227095 -318854.59  390 8451 -307176.65 -320635.35  4.38%   9.3 2156s
 236461 227900 -318738.46  413 8407 -307176.65 -320635.35  4.38%   9.3 2162s
 237157 228701 -318576.47  445 8364 -307176.65 -320634.66  4.38%   9.3 2167s
 237550 229185 -318529.24  455 8346 -307176.65 -320634.66  4.38%   9.3 2170s
 238383 229957 -318381.21  493 8273 -307176.65 -320634.61  4.38%   9.3 2176s
 239383 230910 -318201.82  534 8227 -307176.65 -320634.61  4.38%   9.3 2187s
 239793 231470 -318124.10  559 8202 -307176.65 -320634.61  4.38%   9.3 2191s
 240363 232027 -318006.42  581 8175 -307176.65 -320634.61  4.38%   9.3 2195s
 241477 232903 -317778.66  629 8120 -307176.65 -320634.61  4.38%   9.2 2201s
 242328 233722 -317680.86  652 8087 -307176.65 -320634.61  4.38%   9.2 2206s
 243098 234522 -317531.80  688 8053 -307176.65 -320634.07  4.38%   9.2 2211s
 243885 235019 -317438.38  704 8016 -307176.65 -320634.07  4.38%   9.2 2234s
 243940 235092 -317418.39  707 8007 -307176.65 -320634.07  4.38%   9.2 2251s
 244013 235255 -317401.36  710 8007 -307176.65 -320634.07  4.38%   9.2 2255s
 244459 235908 -317353.39  718 8002 -307176.65 -320634.07  4.38%   9.2 2262s
 244835 236351 -317295.06  731 7985 -307176.65 -320634.07  4.38%   9.2 2265s
 245905 237540 -317179.48  756 7964 -307176.65 -320634.07  4.38%   9.2 2272s
 246471 237926 -317113.38  765 7963 -307176.65 -320634.07  4.38%   9.2 2275s
 247443 239040 -317043.67  785 7934 -307176.65 -320634.07  4.38%   9.2 2281s
 248186 239598 -308665.96 1808 6189 -307176.65 -320634.07  4.38%   9.2 2285s
 248913 240334 -316904.77  812 7910 -307176.65 -320633.57  4.38%   9.2 2291s
 249763 241235 -316784.96  835 7843 -307176.65 -320633.57  4.38%   9.2 2297s
 250302 242049 -316727.64  847 7829 -307176.65 -320633.57  4.38%   9.2 2301s
 251363 242556 -316595.39  872 7795 -307176.65 -320633.57  4.38%   9.2 2307s
 251681 243142 -316528.47  887 7782 -307176.65 -320633.57  4.38%   9.2 2310s
 252599 244044 -316400.78  914 7747 -307176.65 -320633.57  4.38%   9.2 2316s
 253529 244590 -316284.37  935 7711 -307176.65 -320633.57  4.38%   9.2 2321s
 254132 245234 -316176.76  956 7698 -307176.65 -320632.86  4.38%   9.2 2327s
 254415 245328 -316107.19  972 7646 -307176.65 -320632.86  4.38%   9.2 2344s
 254509 245677 -316098.41  972 7634 -307176.65 -320632.86  4.38%   9.2 2347s
 254866 246038 -316069.53  977 7631 -307176.65 -320632.86  4.38%   9.2 2350s
 255442 246533 -315950.84 1011 7590 -307176.65 -320632.86  4.38%   9.2 2356s
 256211 247212 -315867.49 1033 7573 -307176.65 -320632.86  4.38%   9.2 2361s
 256728 247879 -315774.05 1050 7553 -307176.65 -320632.58  4.38%   9.2 2367s
 257166 248178 -315703.92 1061 7531 -307176.65 -320632.58  4.38%   9.2 2370s
 257847 249144 -315593.55 1080 7504 -307176.65 -320632.58  4.38%   9.2 2378s
 258437 249709 -315550.25 1087 7491 -307176.65 -320632.58  4.38%   9.2 2382s
 259002 250089 -315517.61 1096 7487 -307176.65 -320632.58  4.38%   9.2 2385s
 259837 251057 -315421.17 1112 7476 -307176.65 -320632.58  4.38%   9.2 2392s
 260396 251597 -315368.88 1127 7480 -307176.65 -320632.58  4.38%   9.2 2396s
 260958 252117 -315293.48 1142 7460 -307176.65 -320632.58  4.38%   9.2 2400s
 261926 253074 -315092.55 1180 7418 -307176.65 -320631.98  4.38%   9.2 2407s
 262451 253462 -315003.19 1197 7343 -307176.65 -320631.98  4.38%   9.2 2410s
 263447 254439 -314867.26 1227 7346 -307176.65 -320631.98  4.38%   9.2 2417s
 263818 255010 -314848.74 1233 7348 -307176.65 -320631.98  4.38%   9.2 2421s
 264389 255528 -314800.73 1249 7294 -307176.65 -320631.98  4.38%   9.2 2425s
 264907 255717 -314724.73 1260 7281 -307176.65 -320631.98  4.38%   9.2 2447s
 265096 256065 -314707.24 1268 7268 -307176.65 -320631.98  4.38%   9.2 2450s
 265960 257111 -314621.95 1285 7246 -307176.65 -320631.98  4.38%   9.2 2457s
 266492 257348 -314588.51 1294 7224 -307176.65 -320631.98  4.38%   9.2 2461s
 267087 258052 -314525.05 1306 7190 -307176.65 -320631.89  4.38%   9.2 2466s
 267493 258413 -314498.72 1315 7185 -307176.65 -320631.89  4.38%   9.2 2470s
 268188 258929 -314406.60 1325 7170 -307176.65 -320631.89  4.38%   9.2 2475s
 268794 259662 -314275.97 1347 7155 -307176.65 -320631.89  4.38%   9.2 2482s
 269125 259978 -314248.11 1355 7143 -307176.65 -320631.89  4.38%   9.2 2485s
 269781 260774 -314178.91 1370 7126 -307176.65 -320631.89  4.38%   9.2 2492s
 270249 261191 -314118.79 1384 7112 -307176.65 -320631.89  4.38%   9.2 2496s
 271091 261969 -314072.40 1390 7106 -307176.65 -320631.89  4.38%   9.2 2502s
 271452 262613 -314035.19 1403 7076 -307176.65 -320631.89  4.38%   9.2 2507s
 272100 262932 -313964.93 1416 7076 -307176.65 -320631.89  4.38%   9.2 2511s
 272911 263886 -313935.32 1425 7058 -307176.65 -320631.89  4.38%   9.2 2517s
 273381 264151 -313881.77 1438 7046 -307176.65 -320631.89  4.38%   9.2 2520s
 274050 265023 -313797.54 1450 7019 -307176.65 -320630.48  4.38%   9.2 2527s
 274552 265542 -313723.40 1464 7015 -307176.65 -320630.48  4.38%   9.2 2531s
 275083 265742 -313681.18 1471 7001 -307176.65 -320630.48  4.38%   9.2 2559s
 275283 266148 -313674.40 1477 6990 -307176.65 -320630.48  4.38%   9.2 2565s
 276265 267083 -313617.67 1490 6973 -307176.65 -320630.48  4.38%   9.2 2572s
 276652 267622 -313567.35 1498 6970 -307176.65 -320629.34  4.38%   9.2 2576s
 277364 267811 infeasible  839      -307176.65 -320629.34  4.38%   9.2 2580s
 277794 268706 -313462.06 1515 6926 -307176.65 -320629.31  4.38%   9.2 2586s
 278385 269271 -313416.78 1526 6898 -307176.65 -320629.31  4.38%   9.2 2590s
 279346 270013 -313338.72 1540 6889 -307176.65 -320629.31  4.38%   9.2 2598s
 279748 270536 -313325.14 1546 6878 -307176.65 -320629.31  4.38%   9.2 2601s
 280271 271057 -313301.93 1550 6865 -307176.65 -320629.31  4.38%   9.2 2605s
 281212 272104 -313194.18 1568 6837 -307176.65 -320629.31  4.38%   9.2 2612s
 281849 272563 -313123.05 1582 6823 -307176.65 -320629.31  4.38%   9.2 2617s
 282338 273280 -313071.46 1595 6806 -307176.65 -320626.50  4.38%   9.2 2622s
 283055 273645 -313030.62 1602 6802 -307176.65 -320626.50  4.38%   9.2 2626s
 283426 274202 -312996.20 1614 6797 -307176.65 -320626.50  4.38%   9.2 2630s
 284372 274904 -312903.55 1635 6764 -307176.65 -320626.22  4.38%   9.2 2636s
 284725 275375 -312869.34 1643 6759 -307176.65 -320626.22  4.38%   9.2 2640s
 285523 275925 -312799.89 1655 6748 -307176.65 -320626.22  4.38%   9.2 2669s
 285748 276333 -312759.63 1659 6742 -307176.65 -320626.22  4.38%   9.2 2672s
 286164 276652 -312730.23 1672 6720 -307176.65 -320626.22  4.38%   9.2 2676s
 286905 277475 -312644.43 1685 6705 -307176.65 -320626.22  4.38%   9.2 2683s
 287308 277893 -312607.49 1692 6716 -307176.65 -320626.22  4.38%   9.2 2686s
 287726 278354 -312583.40 1697 6698 -307176.65 -320626.22  4.38%   9.2 2690s
 288516 279129 -312516.93 1716 6677 -307176.65 -320626.22  4.38%   9.2 2697s
 288974 279587 -312418.18 1726 6700 -307176.65 -320626.22  4.38%   9.2 2700s
 289760 280259 -312323.85 1749 6662 -307176.65 -320626.22  4.38%   9.2 2708s
 290116 280502 -312294.19 1755 6653 -307176.65 -320626.22  4.38%   9.2 2711s
 290829 281303 -312207.78 1773 6636 -307176.65 -320626.22  4.38%   9.2 2719s
 291164 281799 -312175.69 1776 6629 -307176.65 -320626.22  4.38%   9.2 2722s
 291660 282091 -312136.23 1785 6621 -307176.65 -320626.22  4.38%   9.2 2725s
 291986 282598 infeasible 1792      -307176.65 -320626.22  4.38%   9.2 2730s
 292495 283131 -312035.50 1799 6590 -307176.65 -320626.22  4.38%   9.2 2735s
 293395 284128 -311966.99 1819 6582 -307176.65 -320626.22  4.38%   9.2 2744s
 293680 284128 -318296.51  491 8329 -307176.65 -320626.22  4.38%   9.2 2745s
 294486 284898 -311877.76 1835 6562 -307176.65 -320626.22  4.38%   9.2 2752s
 294821 285344 -311860.30 1839 6562 -307176.65 -320625.35  4.38%   9.2 2756s
 295279 285757 -311835.83 1844 6547 -307176.65 -320625.31  4.38%   9.2 2760s
 295694 286214 -311811.25 1851 6537 -307176.65 -320625.31  4.38%   9.2 2783s
 296151 286589 -311773.15 1858 6541 -307176.65 -320625.31  4.38%   9.2 2789s
 296528 287077 -311745.51 1868 6520 -307176.65 -320625.31  4.38%   9.2 2793s
 297018 287480 -311702.78 1879 6500 -307176.65 -320625.31  4.38%   9.2 2797s
 297421 287787 -311673.30 1883 6497 -307176.65 -320625.31  4.38%   9.2 2801s
 297744 288302 -311639.28 1890 6487 -307176.65 -320625.30  4.38%   9.2 2805s
 298717 289258 -311575.74 1904 6469 -307176.65 -320625.30  4.38%   9.2 2813s
 299261 289728 -311530.22 1919 6442 -307176.65 -320624.78  4.38%   9.2 2817s
 299777 290058 -311477.48 1924 6432 -307176.65 -320624.78  4.38%   9.2 2821s
 300181 290627 -311430.13 1932 6422 -307176.65 -320624.78  4.38%   9.2 2825s
 300758 291059 -311365.83 1937 6414 -307176.65 -320624.78  4.38%   9.2 2830s
 301332 291678 -318790.95  337 8542 -307176.65 -320624.78  4.38%   9.2 2835s
 302218 292456 -311253.81 1965 6379 -307176.65 -320624.46  4.38%   9.2 2842s
 302647 293039 -311178.32 1976 6302 -307176.65 -320624.46  4.38%   9.2 2846s
 303234 293723 -311133.80 1994 6294 -307176.65 -320624.46  4.38%   9.2 2852s
 303924 294255 -311090.69 2001 6289 -307176.65 -320624.46  4.38%   9.2 2856s
 304458 294648 -311049.76 2011 6281 -307176.65 -320624.46  4.38%   9.2 2861s
 305420 295616 -311002.07 2020 6267 -307176.65 -320624.46  4.38%   9.2 2868s
 305835 296100 -310982.44 2035 6250 -307176.65 -320624.46  4.38%   9.1 2871s
 306321 296164 -310929.95 2045 6237 -307176.65 -320624.46  4.38%   9.1 2903s
 306407 296384 -310937.10 2046 6239 -307176.65 -320624.46  4.38%   9.1 2907s
 306631 296677 -310899.53 2052 6231 -307176.65 -320624.46  4.38%   9.1 2912s
 306924 297047 -310871.40 2056 6218 -307176.65 -320624.46  4.38%   9.1 2918s
 307294 297453 -310851.82 2064 6201 -307176.65 -320624.46  4.38%   9.1 2925s
 308023 298036 -310807.27 2072 6192 -307176.65 -320624.46  4.38%   9.1 2932s
 308313 298598 -310774.88 2079 6187 -307176.65 -320624.46  4.38%   9.1 2937s
 308877 298959 -310703.00 2093 6228 -307176.65 -320624.46  4.38%   9.1 2941s
 309250 299494 -310683.96 2097 6228 -307176.65 -320624.46  4.38%   9.1 2945s
 310223 300000 -310589.88 2105 6208 -307176.65 -320624.46  4.38%   9.1 2953s
 310455 300274 -310577.23 2108 6208 -307176.65 -320623.67  4.38%   9.1 2956s
 310735 300734 -310558.65 2115 6141 -307176.65 -320623.67  4.38%   9.1 2960s
 311500 301476 -310517.36 2120 6133 -307176.65 -320623.57  4.38%   9.2 2968s
 311961 301873 -310483.72 2129 6128 -307176.65 -320623.57  4.38%   9.2 2971s
 312368 302178 -310440.41 2137 6114 -307176.65 -320623.57  4.38%   9.2 2976s
 312811 302686 -318175.64  430 8453 -307176.65 -320623.57  4.38%   9.2 2980s
 313556 303815 -310339.26 2162 6091 -307176.65 -320623.57  4.38%   9.2 2989s
 314344 304030 -310237.00 2180 6047 -307176.65 -320623.57  4.38%   9.2 2993s
 314573 304474 -310219.41 2189 6047 -307176.65 -320623.57  4.38%   9.2 2997s
 315019 304610 -310206.47 2193 6038 -307176.65 -320623.57  4.38%   9.2 3000s
 315512 305424 -310181.09 2197 6040 -307176.65 -320621.95  4.38%   9.2 3008s
 315997 305690 -310137.80 2205 6035 -307176.65 -320621.95  4.38%   9.2 3012s
 316263 306299 -310110.64 2211 6030 -307176.65 -320621.95  4.38%   9.2 3016s
 316872 306494 -310066.02 2228 6009 -307176.65 -320621.95  4.38%   9.2 3046s
 317067 307166 -310001.32 2234 6006 -307176.65 -320621.95  4.38%   9.2 3050s
 317995 307642 -309971.16 2246 5990 -307176.65 -320621.69  4.38%   9.2 3058s
 318247 308046 -309944.12 2248 5985 -307176.65 -320621.69  4.38%   9.2 3062s
 318651 308487 -309898.50 2256 5972 -307176.65 -320621.69  4.38%   9.2 3066s
 319092 308968 -309868.07 2270 5948 -307176.65 -320621.69  4.38%   9.2 3070s
 319957 309689 -309775.72 2289 5935 -307176.65 -320621.69  4.38%   9.1 3078s
 320294 310149 -309752.98 2300 5909 -307176.65 -320621.69  4.38%   9.1 3082s
 320756 310512 -309721.62 2306 5899 -307176.65 -320621.69  4.38%   9.1 3087s
 321121 311001 -309699.36 2316 5891 -307176.65 -320621.69  4.38%   9.1 3090s
 321933 311702 -309611.37 2336 5855 -307176.65 -320621.69  4.38%   9.1 3098s
 322313 312139 -309568.49 2345 5826 -307176.65 -320621.69  4.38%   9.1 3102s
 322750 312495 -309514.10 2353 5812 -307176.65 -320621.69  4.38%   9.1 3107s
 323110 312990 -309506.84 2361 5799 -307176.65 -320621.69  4.38%   9.1 3110s
 324058 313923 -309398.09 2386 5752 -307176.65 -320621.69  4.38%   9.1 3120s
 324926 314427 -316491.90  814 7879 -307176.65 -320621.69  4.38%   9.1 3125s
 325391 315319 -309252.51 2423 5706 -307176.65 -320621.69  4.38%   9.1 3133s
 325940 315679 -309204.85 2433 5694 -307176.65 -320621.69  4.38%   9.1 3137s
 326302 316004 -309169.03 2438 5688 -307176.65 -320621.69  4.38%   9.1 3142s
 326627 316351 -309134.93 2445 5679 -307176.65 -320621.69  4.38%   9.1 3146s
 326974 316355 -309096.75 2454 5674 -307176.65 -320621.69  4.38%   9.1 3173s
 326978 316359 -309090.72 2456 5666 -307176.65 -320621.69  4.38%   9.1 3193s
 326982 316443 -309094.71 2457 5670 -307176.65 -320621.69  4.38%   9.1 3216s
 327066 316766 -309091.89 2457 5667 -307176.65 -320621.69  4.38%   9.1 3237s
 327389 317183 -309089.77 2456 5666 -307176.65 -320621.69  4.38%   9.1 3249s
 327806 317667 -309093.76 2457 5670 -307176.65 -320621.69  4.38%   9.1 3255s
 328294 318261 -309054.09 2469 5660 -307176.65 -320621.69  4.38%   9.1 3260s
 328888 318662 -309014.26 2479 5653 -307176.65 -320621.69  4.38%   9.1 3266s
 329325 319214 -308965.32 2491 5643 -307176.65 -320621.69  4.38%   9.1 3270s
 329877 319737 -308916.16 2505 5638 -307176.65 -320621.69  4.38%   9.1 3275s
 330523 320203 -318684.11  398 8482 -307176.65 -320621.69  4.38%   9.1 3280s
 330868 320739 -308829.09 2525 5614 -307176.65 -320621.69  4.38%   9.1 3285s
 331404 321336 -308762.79 2540 5569 -307176.65 -320621.69  4.38%   9.1 3292s
 332031 321707 -308739.73 2554 5535 -307176.65 -320621.66  4.38%   9.1 3296s
 332402 322295 -308703.35 2565 5525 -307176.65 -320621.66  4.38%   9.1 3301s
 332990 322461 -308687.20 2582 5484 -307176.65 -320621.66  4.38%   9.1 3305s
 333578 323409 -308640.52 2594 5453 -307176.65 -320621.66  4.38%   9.1 3314s
 334112 324059 -308606.06 2596 5450 -307176.65 -320621.66  4.38%   9.1 3319s
 334766 324702 -308582.44 2600 5453 -307176.65 -320621.66  4.38%   9.1 3326s
 335415 325188 -308558.79 2613 5425 -307176.65 -320621.66  4.38%   9.1 3331s
 335901 325482 -308514.60 2614 5429 -307176.65 -320621.66  4.38%   9.1 3335s
 336590 326357 -308466.15 2630 5394 -307176.65 -320621.66  4.38%   9.1 3343s
 337076 326820 -308432.47 2638 5382 -307176.65 -320621.66  4.38%   9.1 3348s
 337539 326994 -308398.20 2644 5376 -307176.65 -320621.66  4.38%   9.1 3373s
 337799 327378 -308382.31 2645 5380 -307176.65 -320621.35  4.38%   9.1 3376s
 338183 327837 -308358.72 2655 5357 -307176.65 -320621.35  4.38%   9.1 3380s
 338642 328197 -308283.18 2667 5344 -307176.65 -320621.35  4.38%   9.1 3385s
 339497 329111 -308215.95 2695 5325 -307176.65 -320621.35  4.38%   9.1 3394s
 339918 329372 -308177.80 2703 5320 -307176.65 -320621.35  4.38%   9.1 3398s
 340179 329900 -308167.30 2711 5311 -307176.65 -320621.35  4.38%   9.1 3402s
 340707 330438 -308124.67 2717 5313 -307176.65 -320621.35  4.38%   9.1 3406s
 341247 330726 -308103.56 2718 5311 -307176.65 -320621.35  4.38%   9.1 3410s
 342029 331605 -308044.97 2739 5280 -307176.65 -320621.18  4.38%   9.1 3418s
 342466 331967 -308007.04 2753 5268 -307176.65 -320620.98  4.38%   9.1 3422s
 342828 332419 -307977.17 2756 5262 -307176.65 -320620.98  4.38%   9.1 3426s
 343280 332899 -307971.95 2757 5262 -307176.65 -320620.98  4.38%   9.1 3430s
 343853 333238 -318595.92  409 8487 -307176.65 -320620.98  4.38%   9.1 3435s
 344624 334191 -307895.97 2775 5239 -307176.65 -320620.98  4.38%   9.1 3443s
 345054 334771 -307858.02 2781 5228 -307176.65 -320620.98  4.38%   9.1 3450s
 345642 335286 -307844.23 2786 5224 -307176.65 -320620.98  4.38%   9.1 3455s
 346655 336185 -307796.18 2795 5232 -307176.65 -320620.98  4.38%   9.1 3463s
 347064 336304 -307768.77 2800 5228 -307176.65 -320620.98  4.38%   9.0 3467s
 347315 336583 -307758.03 2801 5225 -307176.65 -320620.90  4.38%   9.1 3471s
 347594 336961 -307738.61 2805 5222 -307176.65 -320620.90  4.38%   9.1 3475s
 347974 337123 -307709.46 2812 5209 -307176.65 -320620.90  4.38%   9.1 3500s
 348150 337391 -307659.66 2819 5214 -307176.65 -320620.43  4.38%   9.1 3509s
 348422 337798 -307653.87 2822 5209 -307176.65 -320620.43  4.38%   9.1 3513s
 348831 338180 -307612.72 2830 5199 -307176.65 -320620.43  4.38%   9.1 3518s
 349215 338635 -307599.72 2833 5199 -307176.65 -320620.43  4.38%   9.1 3524s
 349680 339143 -307574.75 2839 5188 -307176.65 -320620.43  4.38%   9.1 3528s
 350188 339474 -307533.94 2840 5187 -307176.65 -320620.43  4.38%   9.1 3533s
 350537 340000 -307535.91 2844 5178 -307176.65 -320620.33  4.38%   9.1 3538s
 351065 340532 -307512.38 2847 5178 -307176.65 -320620.33  4.38%   9.1 3543s
 351633 340817 -307447.60 2852 5167 -307176.65 -320620.21  4.38%   9.1 3548s
 351946 341166 -307428.32 2858 5166 -307176.65 -320620.21  4.38%   9.1 3552s
 352295 341605 -307391.35 2871 5147 -307176.65 -320620.21  4.38%   9.1 3557s
 352734 342169 -307366.77 2873 5145 -307176.65 -320620.21  4.38%   9.1 3563s
 353302 342619 -307336.55 2882 5143 -307176.65 -320620.21  4.38%   9.1 3568s
 353752 343087 -307312.55 2883 5140 -307176.65 -320620.21  4.38%   9.1 3574s
 354220 343597 -307276.92 2888 5137 -307176.65 -320620.21  4.38%   9.1 3578s
 354748 343988 -307248.83 2895 5132 -307176.65 -320620.21  4.38%   9.1 3583s
 355139 344448 -307227.19 2900 5129 -307176.65 -320620.21  4.38%   9.1 3589s
 355457 344448 -315364.44 1056 7646 -307176.65 -320620.21  4.38%   9.1 3590s
 355667 345118 -320573.96   46 9121 -307176.65 -320620.21  4.38%   9.1 3596s
 356339 345290 -319803.32  176 8781 -307176.65 -320620.21  4.38%   9.1 3600s

Cutting planes:
  Gomory: 546
  Lift-and-project: 2
  Cover: 1186
  MIR: 5576
  Mixing: 2
  StrongCG: 2244
  Flow cover: 737
  GUB cover: 68
  Zero half: 98
  Mod-K: 1
  RLT: 1
  Relax-and-lift: 339

Explored 356563 nodes (3306137 simplex iterations) in 3600.55 seconds (2777.37 work units)
Thread count was 4 (of 28 available processors)

Solution count 10: -307177 -307172 -307166 ... -307107

Time limit reached
Best objective -3.071766503431e+05, best bound -3.206202059237e+05, gap 4.3765%

User-callback calls 979133, time in user-callback 3.99 sec
