
Gurobi 13.0.1 (win64) logging started Wed Oct  7 06:25:58 2026

Set parameter LogFile to value "results/source_summaries/3d/R13/gurobi_extensive.log"
Gurobi Optimizer version 13.0.1 build v13.0.1rc0 (win64 - Windows 11+.0 (26200.2))

CPU model: Intel(R) Core(TM) i7-14650HX, instruction set [SSE2|AVX|AVX2]
Thread count: 16 physical cores, 24 logical processors, using up to 4 threads

Non-default parameters:
TimeLimit  1800
IntFeasTol  1e-06
MIPGap  0.0005
Heuristics  0.2
Cuts  2
Presolve  2
Seed  1
Threads  4

Optimize a model with 5170 rows, 9129 columns and 20060 nonzeros (Min)
Model fingerprint: 0x44727ef1
Model has 3964 linear objective coefficients
Variable types: 5163 continuous, 3966 integer (3963 binary)
Coefficient statistics:
  Matrix range     [1e-01, 3e+01]
  Objective range  [2e+00, 5e+01]
  Bounds range     [1e-01, 3e+01]
  RHS range        [1e+00, 8e+01]

Found heuristic solution: objective 0.0000000
Presolve removed 307 rows and 5056 columns
Presolve time: 0.12s
Presolved: 4863 rows, 4073 columns, 14362 nonzeros
Variable types: 114 continuous, 3959 integer (3730 binary)
Root relaxation presolve removed 1 rows and 1 columns
Root relaxation presolved: 4862 rows, 4072 columns, 14359 nonzeros


Root relaxation: objective -2.937999e+04, 1636 iterations, 0.04 seconds (0.08 work units)

    Nodes    |    Current Node    |     Objective Bounds      |     Work
 Expl Unexpl |  Obj  Depth IntInf | Incumbent    BestBd   Gap | It/Node Time

     0     0 -29379.985    0  462    0.00000 -29379.985      -     -    0s
H    0     0                    -22655.45220 -29379.985  29.7%     -    0s
H    0     0                    -22660.36959 -29379.985  29.7%     -    0s
H    0     0                    -22669.22090 -29379.985  29.6%     -    0s
H    0     0                    -23494.26477 -29379.985  25.1%     -    0s
H    0     0                    -23505.10670 -29379.985  25.0%     -    0s
H    0     0                    -23518.90552 -29379.985  24.9%     -    0s
H    0     0                    -23552.51185 -29379.985  24.7%     -    0s
H    0     0                    -23696.24743 -29379.985  24.0%     -    0s
H    0     0                    -23789.35121 -29379.985  23.5%     -    0s
H    0     0                    -23802.68688 -29379.985  23.4%     -    0s
H    0     0                    -24030.37005 -29379.985  22.3%     -    0s
H    0     0                    -24037.83436 -29379.985  22.2%     -    0s
H    0     0                    -24043.43258 -29379.985  22.2%     -    0s
H    0     0                    -24045.40675 -28778.271  19.7%     -    0s
H    0     0                    -24184.61115 -28778.271  19.0%     -    0s
H    0     0                    -24188.34330 -28778.271  19.0%     -    0s
H    0     0                    -24277.18880 -28778.271  18.5%     -    0s
H    0     0                    -24473.19923 -28778.271  17.6%     -    0s
H    0     0                    -24526.03174 -28778.271  17.3%     -    0s
H    0     0                    -24604.36579 -28778.271  17.0%     -    0s
H    0     0                    -24629.27891 -28778.271  16.8%     -    0s
     0     0 -28778.271    0 1121 -24629.279 -28778.271  16.8%     -    0s
H    0     0                    -24633.05908 -28778.165  16.8%     -    0s
H    0     0                    -24821.15760 -28500.353  14.8%     -    0s
H    0     0                    -24837.53017 -28500.353  14.7%     -    0s
H    0     0                    -24841.16853 -28500.353  14.7%     -    0s
H    0     0                    -24883.02535 -28500.353  14.5%     -    0s
H    0     0                    -24894.64827 -28500.353  14.5%     -    0s
H    0     0                    -24936.10279 -28500.353  14.3%     -    0s
H    0     0                    -24983.39547 -28500.353  14.1%     -    0s
     0     0 -28351.932    0 1211 -24983.395 -28351.932  13.5%     -    0s
     0     0 -28209.384    0 1219 -24983.395 -28209.384  12.9%     -    0s
     0     0 -28209.384    0 1219 -24983.395 -28209.384  12.9%     -    0s
H    0     0                    -25076.43880 -28209.384  12.5%     -    0s
H    0     0                    -25091.72022 -28209.384  12.4%     -    0s
H    0     0                    -25093.63040 -28209.384  12.4%     -    0s
H    0     0                    -25110.61065 -28209.384  12.3%     -    0s
H    0     0                    -25114.50775 -28123.995  12.0%     -    0s
H    0     0                    -25193.57475 -28123.995  11.6%     -    0s
H    0     0                    -25198.54420 -28123.995  11.6%     -    0s
     0     0 -27864.583    0 1332 -25198.544 -27864.583  10.6%     -    0s
     0     0 -27862.153    0 1332 -25198.544 -27862.153  10.6%     -    0s
     0     0 -27862.153    0 1311 -25198.544 -27862.153  10.6%     -    0s
H    0     0                    -25211.32432 -27862.153  10.5%     -    0s
H    0     0                    -25400.34265 -27862.153  9.69%     -    1s
H    0     0                    -25401.27765 -27862.153  9.69%     -    1s
H    0     0                    -25405.25320 -27862.153  9.67%     -    1s
     0     2 -27862.153    0 1309 -25405.253 -27862.153  9.67%     -    1s
H    3     8                    -25440.12988 -27862.153  9.52%   188    1s
H    8    11                    -25442.10389 -27862.153  9.51%   583    1s
H    8    11                    -25445.20042 -27862.153  9.50%   583    1s
H    9    11                    -25445.37865 -27862.153  9.50%   598    1s
H   11    28                    -25470.72034 -27862.153  9.39%   682    1s
H   98   100                    -25472.75707 -27862.153  9.38%   138    1s
H  101   100                    -25473.76436 -27862.153  9.38%   134    1s
H  153   158                    -25474.74999 -27862.153  9.37%  91.2    1s
H  156   158                    -25474.79634 -27862.153  9.37%  89.6    1s
H  215   220                    -25475.78197 -27862.153  9.37%  66.8    1s
H  273   281                    -25477.81870 -27862.153  9.36%  54.3    1s
H  387   403                    -25486.62303 -27862.153  9.32%  40.0    2s
H  662   675                    -25490.52014 -27862.153  9.30%  25.2    2s
H  683   752                    -25496.36580 -27862.153  9.28%  25.3    2s
H  798   792                    -25562.76233 -27862.153  9.00%  22.3    2s
H  823   849                    -25583.51498 -27862.153  8.91%  21.7    2s
H  963   782                    -25739.81767 -27862.153  8.25%  21.7    2s
H  965   704                    -25848.94558 -27862.153  7.79%  21.7    2s
H 1363  1122                    -25867.04276 -27862.153  7.71%  16.9    2s
H 1394  1055                    -25931.27421 -27862.153  7.45%  16.6    2s
H 1558  1141                    -25932.26121 -27862.153  7.44%  19.2    3s
H 1566  1089                    -25939.69318 -27862.153  7.41%  19.1    4s
  1570  1091 -26183.653   14 1766 -25939.693 -27862.153  7.41%  19.0    5s
H 1579  1044                    -25942.71096 -27862.153  7.40%  27.6    6s
H 1580   996                    -25945.54124 -27862.153  7.39%  28.5    6s
H 1597   948                    -25949.66278 -27862.153  7.37%  32.2    6s
H 1611   913                    -25954.39141 -27862.153  7.35%  33.1    7s
H 1625   872                    -25955.37841 -27862.153  7.35%  34.1    7s
H 1635   835                    -25959.62526 -27862.153  7.33%  35.9    7s
H 1695   837                    -25961.68602 -27862.153  7.32%  35.4    7s
H 1696   797                    -25965.93287 -27862.153  7.30%  35.4    7s
  3453  2020 -26039.233  122  159 -25965.933 -27828.353  7.17%  24.2   10s
 12266 10270 -26420.031   50 1077 -25965.933 -26764.326  3.07%  14.5   15s
 23400 20495 -26580.203   50 1176 -25965.933 -26725.256  2.92%  12.2   20s
 37535 32934 -26530.152   55 1123 -25965.933 -26707.724  2.86%  11.0   25s
H42433 37111                    -25965.93287 -26705.076  2.85%  10.8   27s
 47150 41777 -26026.566  176  713 -25965.933 -26702.837  2.84%  10.6   30s
 61489 54102 infeasible  164      -25965.933 -26693.926  2.80%  10.3   35s
 73685 65143 -26006.003  248  536 -25965.933 -26690.587  2.79%  10.2   40s
 86926 77314 -26308.069  108 1005 -25965.933 -26687.123  2.78%  10.0   45s
 96450 85755 -26030.868   87  793 -25965.933 -26684.712  2.77%  10.0   50s
 110887 98655 -26368.704   48 1134 -25965.933 -26681.084  2.75%   9.9   55s
 123491 109849 -26044.134  196  792 -25965.933 -26679.073  2.75%   9.8   60s
 135517 120686 -26013.372  102  849 -25965.933 -26676.497  2.74%   9.7   65s
 147075 130574 -26225.403  100 1064 -25965.933 -26674.039  2.73%   9.7   70s
 160551 142771 -26251.926  118  972 -25965.933 -26671.800  2.72%   9.6   75s
 172449 153410 -26063.308  225  607 -25965.933 -26670.318  2.71%   9.6   80s
 181835 161975 -26438.393   43 1247 -25965.933 -26669.337  2.71%   9.5   85s
 193274 171896 -26132.680  134  765 -25965.933 -26667.317  2.70%   9.6   90s
 205576 182940 -26335.117   85 1084 -25965.933 -26665.796  2.70%   9.5   95s
 218333 194234 -26009.574  215  600 -25965.933 -26664.061  2.69%   9.5  100s
 227712 202676 -26557.921   42 1282 -25965.933 -26662.740  2.68%   9.5  105s
 238513 212304 -26298.045  134  955 -25965.933 -26661.728  2.68%   9.5  110s
 250920 223060 -26460.465   75 1147 -25965.933 -26659.577  2.67%   9.5  115s
 261730 232967 infeasible  207      -25965.933 -26658.436  2.67%   9.4  120s
 272401 242489 -26010.639  185  802 -25965.933 -26657.163  2.66%   9.4  125s
 283080 252081 -26234.436  140  982 -25965.933 -26656.221  2.66%   9.4  130s
 291637 259396 -26060.801   82 1019 -25965.933 -26655.086  2.65%   9.4  135s
 301344 268377 -26341.036   69 1146 -25965.933 -26653.726  2.65%   9.4  140s
 310908 277017 infeasible   88      -25965.933 -26653.104  2.65%   9.4  145s
 319897 284577 -26278.684  109 1055 -25965.933 -26652.278  2.64%   9.4  150s
 328285 292036 -26602.376   38 1272 -25965.933 -26651.570  2.64%   9.4  155s
 336988 300115 -26357.456   90 1055 -25965.933 -26650.795  2.64%   9.4  160s
 346354 308274 -25998.891  210  696 -25965.933 -26649.826  2.63%   9.4  165s
 355865 317092 -26239.442  131  983 -25965.933 -26649.215  2.63%   9.4  170s
 364858 328389 -26543.770   49 1284 -25965.933 -26648.552  2.63%   9.3  176s
 373842 333123 -26089.717  198  696 -25965.933 -26647.855  2.63%   9.3  180s
 383175 341670 -26400.023   82  984 -25965.933 -26647.175  2.62%   9.3  185s
 390344 347887 -26121.259   69 1074 -25965.933 -26646.632  2.62%   9.3  190s
 399109 355940 -26334.848   93 1040 -25965.933 -26646.207  2.62%   9.3  195s
 406977 363039 infeasible  162      -25965.933 -26645.702  2.62%   9.3  200s
 416649 371490 -26500.521   53 1236 -25965.933 -26645.093  2.62%   9.3  205s
 423846 377942 -26016.738   77  948 -25965.933 -26644.421  2.61%   9.3  210s
 430348 383317 -26370.313   47 1095 -25965.933 -26643.963  2.61%   9.3  215s
 436487 389072 -26362.252   69 1117 -25965.933 -26643.659  2.61%   9.3  220s
 443235 395530 -26127.976  171  849 -25965.933 -26643.335  2.61%   9.3  225s
 449554 401079 -26059.706  199  780 -25965.933 -26643.020  2.61%   9.3  230s
 455142 405853 -26056.150  197  648 -25965.933 -26642.464  2.61%   9.3  235s
 461872 411716 -26181.368  128 1030 -25965.933 -26642.212  2.60%   9.3  240s
 469024 418082 -26256.989   58 1193 -25965.933 -26641.620  2.60%   9.3  245s
 474384 422805 -26008.675  216  640 -25965.933 -26641.331  2.60%   9.3  250s
 479366 430407 -26427.768   65 1199 -25965.933 -26640.934  2.60%   9.3  255s
 488881 435787 -26148.763  160  949 -25965.933 -26640.491  2.60%   9.3  260s
 489814 436404 -26577.213   34 1273 -25965.933 -26640.439  2.60%   9.3  268s
 489990 439915 -26451.605   55 1204 -25965.933 -26640.433  2.60%   9.3  281s
 496752 442520 -26124.773  163  848 -25965.933 -26640.069  2.60%   9.3  287s
 498044 444472 -26008.329  214  637 -25965.933 -26640.069  2.60%   9.3  290s
 505456 450518 infeasible   83      -25965.933 -26639.524  2.59%   9.3  295s
 510877 455230 -26036.236  229  722 -25965.933 -26639.293  2.59%   9.3  300s
 517252 461429 -26064.923  190  794 -25965.933 -26638.946  2.59%   9.3  305s
 523466 466918 -26295.198  112  961 -25965.933 -26638.639  2.59%   9.2  310s
 530314 473215 -26169.972  153  838 -25965.933 -26638.423  2.59%   9.2  315s
 536622 478934 -26139.461  180  848 -25965.933 -26638.094  2.59%   9.2  320s
 542260 483737 -25984.284  192  682 -25965.933 -26637.783  2.59%   9.2  325s
 548568 489547 -26257.461  125 1037 -25965.933 -26637.299  2.59%   9.2  330s
 552948 494896 -26058.753  143  899 -25965.933 -26637.103  2.58%   9.2  335s
 560396 500254 -26054.554  198  720 -25965.933 -26636.720  2.58%   9.2  340s
 565462 505040 -26095.256  198  847 -25965.933 -26636.490  2.58%   9.2  345s
 570170 508996 -26040.429  143  885 -25965.933 -26636.187  2.58%   9.2  350s
 576048 514203 -25988.717  164  855 -25965.933 -26636.012  2.58%   9.2  355s
 582583 520236 -26094.583  158  861 -25965.933 -26635.689  2.58%   9.2  360s
 587523 524778 -26285.969  102 1106 -25965.933 -26635.490  2.58%   9.2  365s
 593927 530167 -25975.000  234  701 -25965.933 -26635.239  2.58%   9.2  370s
 598638 534524 -26450.697   50 1227 -25965.933 -26634.976  2.58%   9.2  375s
 604636 540010 -25992.121  241  562 -25965.933 -26634.810  2.58%   9.2  380s
 610351 545133 -25973.092  239  551 -25965.933 -26634.596  2.58%   9.2  385s
 614822 549132 -25991.375  225  628 -25965.933 -26634.510  2.57%   9.2  390s
 620725 554512 -26476.305   58 1176 -25965.933 -26634.289  2.57%   9.2  395s
 626033 559143 -26009.495   82  934 -25965.933 -26634.149  2.57%   9.2  400s
 631743 564434 -26072.919  187  854 -25965.933 -26633.867  2.57%   9.2  405s
 636648 569077 -26181.425  146  907 -25965.933 -26633.776  2.57%   9.2  410s
 641709 573543 -26070.487  168  865 -25965.933 -26633.561  2.57%   9.2  415s
 647111 578391 -25971.079  242  601 -25965.933 -26633.372  2.57%   9.1  420s
 652972 583491 -26065.846  203  687 -25965.933 -26633.143  2.57%   9.1  425s
 657345 587592 -26563.796   39 1334 -25965.933 -26632.996  2.57%   9.1  430s
 661730 591508 -26467.557   55 1200 -25965.933 -26632.742  2.57%   9.2  435s
 665920 594990 -26204.442   94 1041 -25965.933 -26632.610  2.57%   9.1  440s
 670078 598748 -25971.223   94  927 -25965.933 -26632.424  2.57%   9.2  445s
 675568 603574 -26258.791  115 1067 -25965.933 -26632.178  2.57%   9.2  450s
 680569 608136 -26153.421  139  953 -25965.933 -26632.021  2.57%   9.2  455s
 684354 611612 -26374.286   90 1118 -25965.933 -26631.856  2.56%   9.2  460s
 688237 614603 infeasible   97      -25965.933 -26631.572  2.56%   9.2  465s
 692857 618810 -26186.873  119 1013 -25965.933 -26631.480  2.56%   9.2  470s
 697990 623349 -26069.321  205  737 -25965.933 -26631.238  2.56%   9.2  475s
 702136 627127 infeasible  100      -25965.933 -26631.131  2.56%   9.2  480s
 707581 632084 -26493.086   38 1290 -25965.933 -26630.884  2.56%   9.1  485s
 710751 634761 -25987.563  216  665 -25965.933 -26630.748  2.56%   9.1  490s
 716449 639823 -26470.320   53 1221 -25965.933 -26630.524  2.56%   9.1  495s
 720347 643173 -26161.297  152  897 -25965.933 -26630.393  2.56%   9.1  500s
 725084 647441 -26039.879   80 1029 -25965.933 -26630.156  2.56%   9.2  505s
 729490 650998 -26121.860  123  909 -25965.933 -26630.059  2.56%   9.2  510s
 734042 655448 -26496.086   56 1203 -25965.933 -26629.840  2.56%   9.2  515s
 739401 660417 -26517.688   33 1243 -25965.933 -26629.693  2.56%   9.2  520s
 741736 662907 -26344.005   93 1091 -25965.933 -26629.614  2.56%   9.2  525s
 747513 667599 -26015.798  198  777 -25965.933 -26629.361  2.55%   9.2  530s
 750578 673375 -25996.288   88  992 -25965.933 -26629.209  2.55%   9.2  538s
 755619 674730 -26588.254   33 1328 -25965.933 -26629.057  2.55%   9.2  540s
 760642 678939 -26430.529   44 1236 -25965.933 -26628.904  2.55%   9.2  545s
 763808 682092 -26168.278  158  908 -25965.933 -26628.773  2.55%   9.2  550s
 769002 686524 -25983.516  100  889 -25965.933 -26628.577  2.55%   9.2  555s
 772069 689734 -26130.994  130  943 -25965.933 -26628.492  2.55%   9.2  560s
 776516 693186 -25975.655  222  722 -25965.933 -26628.263  2.55%   9.2  565s
 780707 696654 -26374.682   90 1077 -25965.933 -26628.070  2.55%   9.2  570s
 783334 699395 -26529.625   47 1226 -25965.933 -26627.966  2.55%   9.2  575s
 787986 703454 -25979.877  221  716 -25965.933 -26627.867  2.55%   9.1  580s
 792412 707390 -26236.407  125 1023 -25965.933 -26627.618  2.55%   9.2  585s
 796916 711533 -26491.945   46 1276 -25965.933 -26627.514  2.55%   9.2  590s
 801641 715731 -26382.801   73 1164 -25965.933 -26627.389  2.55%   9.1  595s
 806603 720021 -26584.397   34 1138 -25965.933 -26627.161  2.55%   9.2  600s
 811149 724074 -26376.669  101 1062 -25965.933 -26627.022  2.55%   9.2  605s
 814883 727504 -26267.843   73 1141 -25965.933 -26626.902  2.55%   9.1  610s
 818685 730692 -26220.499  109  999 -25965.933 -26626.794  2.55%   9.1  615s
 822304 733978 -26134.923  135  988 -25965.933 -26626.737  2.54%   9.1  620s
 826127 737314 -26049.365  196  763 -25965.933 -26626.580  2.54%   9.1  625s
 829191 740078 -26266.264  110 1086 -25965.933 -26626.457  2.54%   9.1  630s
 833652 744066 -26235.721  138 1010 -25965.933 -26626.365  2.54%   9.1  635s
 837420 747528 -26104.119  175  839 -25965.933 -26626.289  2.54%   9.1  640s
 841854 751594 -26445.703   75 1138 -25965.933 -26626.144  2.54%   9.1  645s
 844244 754175 -26113.883   73 1040 -25965.933 -26626.075  2.54%   9.1  650s
 849349 758043 -26040.012  193  628 -25965.933 -26625.920  2.54%   9.1  655s
 852799 761310 -26143.972  136  984 -25965.933 -26625.847  2.54%   9.1  660s
 856889 764438 -26457.891   45 1245 -25965.933 -26625.667  2.54%   9.1  665s
 860742 768103 -26114.397  122  968 -25965.933 -26625.521  2.54%   9.1  670s
 865015 771754 -25981.073  146  953 -25965.933 -26625.456  2.54%   9.1  675s
 868653 775131 -26488.898   53 1221 -25965.933 -26625.345  2.54%   9.1  680s
 873000 779296 -25972.054  185  754 -25965.933 -26625.293  2.54%   9.1  685s
 876628 782531 -25974.048  216  730 -25965.933 -26625.206  2.54%   9.1  690s
 881612 786624 -26472.057   47 1198 -25965.933 -26624.993  2.54%   9.1  695s
 885988 790583     cutoff  227      -25965.933 -26624.938  2.54%   9.1  700s
 889571 793975 -25981.447  200  778 -25965.933 -26624.855  2.54%   9.1  705s
 894145 797716 -26031.117  149  884 -25965.933 -26624.721  2.54%   9.1  710s
 896471 803004 -26385.940   74 1191 -25965.933 -26624.667  2.54%   9.1  717s
 902115 804921 -26074.173  184  820 -25965.933 -26624.481  2.54%   9.1  720s
 905380 807964 -26476.244   56 1253 -25965.933 -26624.410  2.54%   9.1  725s
 908044 810465 -26106.086   83 1028 -25965.933 -26624.282  2.54%   9.1  730s
 912354 814089 -26151.042  154  962 -25965.933 -26624.189  2.54%   9.1  735s
 917244 818171 -26018.989  210  731 -25965.933 -26624.094  2.53%   9.1  740s
 920239 821112 -26089.286  153  941 -25965.933 -26623.979  2.53%   9.1  745s
 924338 824589 infeasible  217      -25965.933 -26623.868  2.53%   9.1  750s
 927970 828123 -26136.718   95 1024 -25965.933 -26623.719  2.53%   9.1  755s
 931185 830761 -26113.512  155  927 -25965.933 -26623.621  2.53%   9.1  760s
 935060 834274 -26104.171  181  788 -25965.933 -26623.523  2.53%   9.1  765s
 938088 836800 -26416.201   78 1144 -25965.933 -26623.463  2.53%   9.1  770s
 941686 840063 -26473.167   47 1213 -25965.933 -26623.368  2.53%   9.1  775s
 945808 844098 -26581.943   34 1299 -25965.933 -26623.318  2.53%   9.1  780s
 949784 847554 -25967.393  211  633 -25965.933 -26623.238  2.53%   9.1  785s
 953729 851086 -26191.413  120 1062 -25965.933 -26623.021  2.53%   9.1  790s
 958049 854754     cutoff  219      -25965.933 -26622.930  2.53%   9.1  795s
 960411 857078 -26338.733   88 1123 -25965.933 -26622.850  2.53%   9.1  800s
 964927 861261 -26034.855  179  762 -25965.933 -26622.785  2.53%   9.1  805s
 969202 864503 -26462.466   43 1237 -25965.933 -26622.603  2.53%   9.1  810s
 971348 866789 -26243.406   92 1076 -25965.933 -26622.519  2.53%   9.1  815s
 975852 870640 -26237.121  134  964 -25965.933 -26622.425  2.53%   9.1  820s
 979800 874270 -26599.839   35 1319 -25965.933 -26622.327  2.53%   9.1  825s
 983698 877686 -26103.617  138  940 -25965.933 -26622.231  2.53%   9.1  830s
 987271 880802 -26060.066  183  865 -25965.933 -26622.185  2.53%   9.1  835s
 990127 882863 -26267.222  108 1078 -25965.933 -26622.069  2.53%   9.1  840s
 994131 886816 -26439.314   59 1183 -25965.933 -26621.965  2.53%   9.1  845s
 995665 888396 -26583.159   27 1327 -25965.933 -26621.950  2.53%   9.1  850s
 1000183 892263     cutoff   92      -25965.933 -26621.875  2.53%   9.1  855s
 1003027 894816 -26565.325   42 1298 -25965.933 -26621.820  2.53%   9.1  860s
 1007111 898407 -25974.657   93  877 -25965.933 -26621.743  2.53%   9.1  865s
 1010991 901838 -26049.370  208  738 -25965.933 -26621.700  2.53%   9.1  870s
 1014368 904986 -26341.329   98 1015 -25965.933 -26621.632  2.53%   9.1  875s
 1018465 908647 -26028.470  194  738 -25965.933 -26621.557  2.52%   9.1  880s
 1021714 911144 -26568.309   27 1257 -25965.933 -26621.461  2.52%   9.1  885s
 1023838 913182 -26370.746   61 1161 -25965.933 -26621.373  2.52%   9.1  890s
 1026030 915075 -26002.709  238  633 -25965.933 -26621.358  2.52%   9.1  895s
 1029669 918612 -26276.863  105 1003 -25965.933 -26621.274  2.52%   9.1  900s
 1032595 921284 -25979.752  213  783 -25965.933 -26621.245  2.52%   9.1  905s
 1036784 924855 infeasible  211      -25965.933 -26621.131  2.52%   9.1  910s
 1040740 928400 -26234.789   97 1145 -25965.933 -26621.042  2.52%   9.1  915s
 1043978 931079 -25998.393  151  919 -25965.933 -26620.951  2.52%   9.1  920s
 1047925 934646 -26217.445  140  869 -25965.933 -26620.896  2.52%   9.1  925s
 1052205 938317 -26057.751  190  836 -25965.933 -26620.827  2.52%   9.1  930s
 1052721 940516 -26163.985  150  944 -25965.933 -26620.808  2.52%   9.1  935s
 1055578 940973 -26331.257  108 1095 -25965.933 -26620.761  2.52%   9.1  940s
 1059101 944415 -26356.820   70 1147 -25965.933 -26620.684  2.52%   9.1  945s
 1062277 947224 -26181.938  128  972 -25965.933 -26620.645  2.52%   9.1  950s
 1064915 949733 -26393.904   50 1215 -25965.933 -26620.587  2.52%   9.1  955s
 1068945 953175 -26578.815   32 1293 -25965.933 -26620.521  2.52%   9.1  960s
 1072539 956068 -26597.169   35 1323 -25965.933 -26620.461  2.52%   9.1  965s
 1073665 958048 -26219.548   67 1112 -25965.933 -26620.423  2.52%   9.1  970s
 1077045 960462 -26335.004   92 1086 -25965.933 -26620.356  2.52%   9.1  975s
 1080593 963390 -26369.720   64 1186 -25965.933 -26620.287  2.52%   9.1  980s
 1083875 969513 -26270.413  106  984 -25965.933 -26620.246  2.52%   9.1  989s
 1087875 970016 -25989.036  227  620 -25965.933 -26620.165  2.52%   9.1  991s
 1088451 970107 -26025.463  140  893 -25965.933 -26620.111  2.52%   9.1  997s
 1090152 972057     cutoff  195      -25965.933 -26620.064  2.52%   9.1 1000s
 1094107 975164 -26308.028  103 1068 -25965.933 -26619.995  2.52%   9.1 1005s
 1096426 977705 -26552.595   42 1303 -25965.933 -26619.950  2.52%   9.1 1010s
 1100812 981400 -26594.959   31 1309 -25965.933 -26619.856  2.52%   9.1 1015s
 1104326 984266 -26023.148  177  820 -25965.933 -26619.778  2.52%   9.1 1020s
 1107431 987108 -26309.482   86 1143 -25965.933 -26619.706  2.52%   9.1 1025s
 1110708 989835 -26145.009   79 1014 -25965.933 -26619.635  2.52%   9.1 1030s
 1113276 992210 -26044.209  122  943 -25965.933 -26619.597  2.52%   9.1 1035s
 1115904 994913 -26105.586  169  824 -25965.933 -26619.494  2.52%   9.1 1041s
 1119405 997834 -26013.650  235  576 -25965.933 -26619.443  2.52%   9.1 1045s
 1123067 1001117 -26410.407   71 1203 -25965.933 -26619.351  2.52%   9.1 1050s
 1125718 1004814 -26560.175   29 1306 -25965.933 -26619.282  2.52%   9.1 1057s
 1128314 1005949 -25978.865   96  945 -25965.933 -26619.282  2.52%   9.1 1061s
 1131455 1009001 -26350.015   83 1128 -25965.933 -26619.177  2.52%   9.1 1065s
 1134992 1011977 -26346.738   62 1102 -25965.933 -26619.108  2.52%   9.1 1070s
 1138424 1015082 -26017.710  222  752 -25965.933 -26619.059  2.52%   9.1 1075s
 1141360 1017662 -26054.880  162  916 -25965.933 -26618.984  2.52%   9.1 1080s
 1145279 1021115     cutoff  211      -25965.933 -26618.935  2.51%   9.1 1085s
 1146549 1022867 -26315.578   90 1084 -25965.933 -26618.926  2.51%   9.1 1090s
 1150644 1026009 -26434.096   66 1153 -25965.933 -26618.860  2.51%   9.1 1095s
 1154215 1029174 -26521.670   41 1262 -25965.933 -26618.789  2.51%   9.1 1100s
 1156872 1031564 -26029.557  221  633 -25965.933 -26618.753  2.51%   9.1 1106s
 1159632 1034023 -26144.277  146  905 -25965.933 -26618.669  2.51%   9.1 1110s
 1163493 1037412 -26071.564  193  782 -25965.933 -26618.602  2.51%   9.1 1115s
 1166390 1040040 -26154.790  156  906 -25965.933 -26618.560  2.51%   9.1 1120s
 1168367 1041867 -26128.426   66  933 -25965.933 -26618.502  2.51%   9.1 1125s
 1171481 1044493 -26361.942   90 1105 -25965.933 -26618.454  2.51%   9.1 1130s
 1174353 1046800     cutoff  176      -25965.933 -26618.398  2.51%   9.1 1135s
 1176737 1049229 -26230.135   90 1068 -25965.933 -26618.345  2.51%   9.1 1140s
 1179202 1051536 -26044.940  209  670 -25965.933 -26618.342  2.51%   9.1 1145s
 1182318 1054279 -26287.649  101 1072 -25965.933 -26618.271  2.51%   9.1 1150s
 1185514 1057094 -26537.183   45 1215 -25965.933 -26618.247  2.51%   9.1 1155s
 1188203 1060297 -26269.302  123  953 -25965.933 -26618.209  2.51%   9.1 1161s
 1191309 1062513 -26444.366   68 1197 -25965.933 -26618.180  2.51%   9.1 1165s
 1194160 1064914 -26294.631   79 1134 -25965.933 -26618.085  2.51%   9.1 1170s
 1197625 1068052 -25993.249  214  654 -25965.933 -26618.036  2.51%   9.1 1175s
 1199830 1070263 -26059.670  168  761 -25965.933 -26618.002  2.51%   9.1 1180s
 1203258 1073180 -26459.821   72 1187 -25965.933 -26617.931  2.51%   9.1 1185s
 1206488 1076039 -26300.788   53 1089 -25965.933 -26617.893  2.51%   9.1 1190s
 1208729 1081420 -26395.048   81 1144 -25965.933 -26617.849  2.51%   9.1 1198s
 1212729 1081816 -26001.126  108  947 -25965.933 -26617.812  2.51%   9.1 1201s
 1215686 1084652 -26562.877   42 1320 -25965.933 -26617.735  2.51%   9.1 1205s
 1218590 1086992 -26170.231   75 1073 -25965.933 -26617.685  2.51%   9.1 1210s
 1218990 1090603 -25973.674   99  947 -25965.933 -26617.685  2.51%   9.1 1217s
 1223773 1091651 -26483.206   58 1263 -25965.933 -26617.560  2.51%   9.1 1221s
 1225509 1093334 -26144.062  139  844 -25965.933 -26617.533  2.51%   9.1 1225s
 1228179 1095661 -26593.001   35 1256 -25965.933 -26617.482  2.51%   9.1 1230s
 1229501 1097051 -26426.226   68 1170 -25965.933 -26617.466  2.51%   9.1 1235s
 1233060 1099974 -25989.269  219  757 -25965.933 -26617.403  2.51%   9.1 1240s
 1236581 1102892 -26425.798   70 1107 -25965.933 -26617.306  2.51%   9.1 1245s
 1239164 1105224 -26172.612  151  904 -25965.933 -26617.291  2.51%   9.1 1250s
 1241075 1107304 -26363.619   78 1168 -25965.933 -26617.273  2.51%   9.1 1255s
 1244136 1109916 -26553.009   41 1301 -25965.933 -26617.243  2.51%   9.1 1260s
 1246699 1112093 -26486.813   50 1207 -25965.933 -26617.202  2.51%   9.1 1265s
 1249484 1114833 -26059.718   89  959 -25965.933 -26617.167  2.51%   9.1 1270s
 1251580 1116621 -26059.071  191  695 -25965.933 -26617.123  2.51%   9.1 1275s
 1254960 1119763 -26275.839   89 1153 -25965.933 -26617.058  2.51%   9.1 1280s
 1257948 1122098 -26286.966   91 1099 -25965.933 -26616.930  2.51%   9.1 1285s
 1260300 1123857 -26305.390   63 1118 -25965.933 -26616.874  2.51%   9.1 1290s
 1260304 1127512 -26302.681   64 1113 -25965.933 -26616.868  2.51%   9.1 1295s
 1265379 1128905 -26235.788   97 1095 -25965.933 -26616.774  2.51%   9.1 1300s
 1268698 1131543 -26085.646  187  677 -25965.933 -26616.701  2.51%   9.1 1305s
 1270601 1133105 -26418.619   74 1142 -25965.933 -26616.668  2.51%   9.1 1310s
 1273108 1135533 -26246.389   87 1133 -25965.933 -26616.626  2.51%   9.1 1315s
 1275919 1138092 -26186.985   95 1087 -25965.933 -26616.539  2.51%   9.1 1320s
 1278781 1140542 -26021.785  192  710 -25965.933 -26616.506  2.51%   9.1 1325s
 1280940 1142242 -26606.979   33 1321 -25965.933 -26616.445  2.51%   9.1 1330s
 1282746 1144440 -26582.678   36 1327 -25965.933 -26616.388  2.51%   9.1 1335s
 1285843 1147092 -26088.214  183  807 -25965.933 -26616.333  2.50%   9.1 1340s
 1288400 1149243 -26364.021   80 1128 -25965.933 -26616.308  2.50%   9.1 1345s
 1291512 1151507 -26355.117   91 1126 -25965.933 -26616.237  2.50%   9.1 1350s
 1291516 1154925 -26353.055   92 1122 -25965.933 -26616.235  2.50%   9.1 1355s
 1297240 1156987 -26408.622   82 1164 -25965.933 -26616.162  2.50%   9.1 1360s
 1300793 1160103 -26306.312   94 1122 -25965.933 -26616.078  2.50%   9.1 1365s
 1303182 1162190 -26294.615   94 1110 -25965.933 -26616.061  2.50%   9.1 1370s
 1305552 1164119 -25972.259  214  703 -25965.933 -26616.012  2.50%   9.1 1375s
 1308340 1166606 -26283.185   49 1185 -25965.933 -26615.951  2.50%   9.1 1380s
 1311640 1169178 -26169.679   70 1061 -25965.933 -26615.910  2.50%   9.1 1386s
 1312392 1173437 -26514.518   49 1230 -25965.933 -26615.889  2.50%   9.1 1394s
 1313392 1173437 -26544.616   45 1307 -25965.933 -26615.888  2.50%   9.1 1395s
 1318413 1175765 -26113.468  152  903 -25965.933 -26615.827  2.50%   9.1 1400s
 1321443 1178527 -26003.102  225  710 -25965.933 -26615.796  2.50%   9.1 1405s
 1323893 1180540     cutoff  231      -25965.933 -26615.741  2.50%   9.1 1410s
 1327124 1183421 -26031.695  163  743 -25965.933 -26615.684  2.50%   9.1 1415s
 1330028 1185925 -26302.992   50 1205 -25965.933 -26615.613  2.50%   9.1 1420s
 1333104 1188613 -26081.396   80  994 -25965.933 -26615.582  2.50%   9.1 1425s
 1335301 1190494 -25971.122  193  726 -25965.933 -26615.538  2.50%   9.1 1430s
 1337689 1192676 -26555.951   37 1270 -25965.933 -26615.492  2.50%   9.1 1435s
 1339544 1194387 -26325.370  102 1060 -25965.933 -26615.464  2.50%   9.1 1440s
 1342688 1197336 -26073.106  184  751 -25965.933 -26615.394  2.50%   9.1 1445s
 1345115 1199601 -26329.056   91 1078 -25965.933 -26615.365  2.50%   9.1 1450s
 1347656 1201935 -26228.900  122  967 -25965.933 -26615.321  2.50%   9.1 1455s
 1350513 1204326 -25988.493   92  946 -25965.933 -26615.285  2.50%   9.1 1460s
 1353530 1206995 -26241.664  128  883 -25965.933 -26615.222  2.50%   9.1 1465s
 1355809 1209075 infeasible  230      -25965.933 -26615.174  2.50%   9.1 1470s
 1359081 1211712     cutoff   91      -25965.933 -26615.104  2.50%   9.1 1475s
 1361473 1214012 -26097.103  169  852 -25965.933 -26615.048  2.50%   9.1 1480s
 1364338 1216484 -26218.241   69 1132 -25965.933 -26614.995  2.50%   9.1 1485s
 1367025 1218937 -26432.290   76 1105 -25965.933 -26614.951  2.50%   9.1 1490s
 1369155 1220852 -26402.447   70 1155 -25965.933 -26614.930  2.50%   9.1 1495s
 1371096 1222184 -26431.576   58 1241 -25965.933 -26614.893  2.50%   9.1 1500s
 1373232 1224519 -26037.450  200  726 -25965.933 -26614.864  2.50%   9.1 1505s
 1375254 1226039 -26369.290   94 1119 -25965.933 -26614.812  2.50%   9.1 1510s
 1376773 1227413 -25992.600  214  739 -25965.933 -26614.811  2.50%   9.1 1515s
 1379233 1229809 -26023.724  173  773 -25965.933 -26614.730  2.50%   9.1 1520s
 1382151 1232511 infeasible  226      -25965.933 -26614.684  2.50%   9.1 1525s
 1385135 1235097 -26071.248  143  795 -25965.933 -26614.655  2.50%   9.1 1530s
 1386166 1236207 -26418.246   80 1127 -25965.933 -26614.635  2.50%   9.1 1535s
 1388871 1238407 -26148.383  133  921 -25965.933 -26614.607  2.50%   9.1 1540s
 1391805 1240798 -26477.429   53 1050 -25965.933 -26614.560  2.50%   9.1 1545s
 1395043 1243770 -25977.517   90  811 -25965.933 -26614.506  2.50%   9.1 1550s
 1396549 1245320 -26454.149   56 1233 -25965.933 -26614.468  2.50%   9.1 1555s
 1398418 1246920 -26140.332  140  887 -25965.933 -26614.439  2.50%   9.1 1560s
 1401026 1249429 -26168.549  144  981 -25965.933 -26614.401  2.50%   9.1 1565s
 1404233 1251998 -26196.402  147  914 -25965.933 -26614.335  2.50%   9.1 1570s
 1406838 1254104 -26563.736   36 1315 -25965.933 -26614.284  2.50%   9.1 1575s
 1408385 1255725 -26224.203   89 1029 -25965.933 -26614.243  2.50%   9.1 1580s
 1410630 1257720 -26246.979  135 1034 -25965.933 -26614.188  2.50%   9.1 1585s
 1413734 1260383 -26470.703   49 1200 -25965.933 -26614.169  2.50%   9.1 1590s
 1416028 1262812 -26555.135   45 1276 -25965.933 -26614.117  2.50%   9.1 1595s
 1417014 1263318 -26433.728   66 1133 -25965.933 -26614.094  2.50%   9.1 1600s
 1418721 1264624 -26175.553  129  939 -25965.933 -26614.065  2.50%   9.1 1607s
 1419817 1265859 infeasible  203      -25965.933 -26614.044  2.50%   9.1 1610s
 1422360 1268085 -26034.114  193  734 -25965.933 -26614.005  2.50%   9.1 1615s
 1424854 1270554 -26190.982  140  905 -25965.933 -26613.988  2.50%   9.1 1620s
 1427392 1272625 -26070.474  192  736 -25965.933 -26613.970  2.50%   9.1 1625s
 1428663 1273922 -26259.192  107 1044 -25965.933 -26613.933  2.50%   9.1 1630s
 1431527 1276776 -26413.147   78 1195 -25965.933 -26613.870  2.50%   9.1 1635s
 1433922 1278810 -26422.878   75 1181 -25965.933 -26613.823  2.50%   9.1 1641s
 1435137 1279688 -25970.750  175  784 -25965.933 -26613.796  2.50%   9.1 1645s
 1437441 1281626 -26435.980   47 1275 -25965.933 -26613.757  2.49%   9.1 1650s
 1438912 1283263 -26091.018  182  783 -25965.933 -26613.752  2.49%   9.1 1655s
 1440457 1284163 -26577.572   32 1330 -25965.933 -26613.729  2.49%   9.1 1662s
 1440947 1285176 -26261.855   97 1071 -25965.933 -26613.726  2.49%   9.1 1665s
 1443932 1287545 -26158.325  141  955 -25965.933 -26613.676  2.49%   9.1 1670s
 1446535 1289841 -25985.117  219  728 -25965.933 -26613.640  2.49%   9.1 1675s
 1448170 1290941 -26395.866   59 1251 -25965.933 -26613.616  2.49%   9.1 1680s
 1450501 1293604 -26076.667  196  671 -25965.933 -26613.578  2.49%   9.1 1685s
 1452999 1295704 -26490.113   56 1223 -25965.933 -26613.527  2.49%   9.1 1690s
 1455425 1297807 -26285.024   76 1052 -25965.933 -26613.472  2.49%   9.1 1695s
 1458456 1299983 -26535.934   48 1280 -25965.933 -26613.428  2.49%   9.1 1700s
 1458460 1303526 -26533.060   49 1274 -25965.933 -26613.425  2.49%   9.1 1706s
 1463471 1304795 -26027.085  171  855 -25965.933 -26613.332  2.49%   9.1 1710s
 1466219 1307162 -26423.787   72 1172 -25965.933 -26613.267  2.49%   9.1 1715s
 1466752 1307368 -26148.221  139  993 -25965.933 -26613.267  2.49%   9.1 1721s
 1466760 1307376 -26146.507  140  986 -25965.933 -26613.267  2.49%   9.1 1726s
 1466768 1307384 -26145.410  141  982 -25965.933 -26613.267  2.49%   9.1 1730s
 1466776 1307392 -26143.570  142  977 -25965.933 -26613.267  2.49%   9.1 1735s
 1466784 1307400 -26139.061  143  969 -25965.933 -26613.267  2.49%   9.1 1740s
 1466792 1307408 -26135.746  144  968 -25965.933 -26613.267  2.49%   9.1 1745s
 1466800 1307416 -26134.762  145  965 -25965.933 -26613.267  2.49%   9.1 1750s
 1466808 1307424 -26130.601  146  956 -25965.933 -26613.267  2.49%   9.1 1756s
 1466816 1307432 -26129.293  147  949 -25965.933 -26613.267  2.49%   9.1 1762s
 1466824 1307440 -26127.806  148  956 -25965.933 -26613.267  2.49%   9.1 1767s
 1466828 1307444 -26116.440  148  953 -25965.933 -26613.267  2.49%   9.1 1770s
 1466836 1307452 -26122.639  149  950 -25965.933 -26613.267  2.49%   9.1 1776s
 1466844 1307460 -26104.058  150  949 -25965.933 -26613.267  2.49%   9.1 1781s
 1466852 1307468 -26099.782  151  940 -25965.933 -26613.267  2.49%   9.1 1787s
 1466856 1307472 -26113.905  152  940 -25965.933 -26613.267  2.49%   9.1 1790s
 1466864 1307480 -26113.720  153  941 -25965.933 -26613.267  2.49%   9.1 1796s
 1466872 1307496 -26111.147  154  934 -25965.933 -26613.267  2.49%   9.1 1800s

Cutting planes:
  Gomory: 154
  Cover: 230
  Projected implied bound: 41
  Clique: 684
  MIR: 1257
  StrongCG: 505
  Flow cover: 172
  GUB cover: 1
  Inf proof: 40
  Zero half: 141
  Relax-and-lift: 625
  BQP: 117

Explored 1466884 nodes (13304844 simplex iterations) in 1800.16 seconds (1331.10 work units)
Thread count was 4 (of 24 available processors)

Solution count 10: -25965.9 -25965.9 -25961.7 ... -25939.7

Time limit reached
Best objective -2.596593286516e+04, best bound -2.661326700014e+04, gap 2.4930%

User-callback calls 3135863, time in user-callback 4.52 sec
