
Gurobi 13.0.1 (win64) logging started Wed Oct  7 19:48:55 2026

Set parameter LogFile to value "results/source_summaries/3d/R20/gurobi_extensive.log"
Gurobi Optimizer version 13.0.1 build v13.0.1rc0 (win64 - Windows 11+.0 (26200.2))

CPU model: Intel(R) Core(TM) i7-14650HX, instruction set [SSE2|AVX|AVX2]
Thread count: 16 physical cores, 24 logical processors, using up to 4 threads

Non-default parameters:
TimeLimit  1800
IntFeasTol  1e-06
MIPGap  0.0005
Heuristics  0.2
Cuts  2
Presolve  2
Seed  1
Threads  4

Optimize a model with 5170 rows, 9129 columns and 20060 nonzeros (Min)
Model fingerprint: 0x9c015e51
Model has 3964 linear objective coefficients
Variable types: 5163 continuous, 3966 integer (3963 binary)
Coefficient statistics:
  Matrix range     [1e-01, 4e+01]
  Objective range  [2e+00, 5e+01]
  Bounds range     [1e-01, 3e+01]
  RHS range        [1e+00, 8e+01]

Found heuristic solution: objective 0.0000000
Presolve removed 92 rows and 4876 columns
Presolve time: 0.17s
Presolved: 5078 rows, 4253 columns, 14997 nonzeros
Variable types: 119 continuous, 4134 integer (3895 binary)
Root relaxation presolve removed 1 rows and 1 columns
Root relaxation presolved: 5077 rows, 4252 columns, 14994 nonzeros


Root relaxation: objective -3.210759e+04, 1738 iterations, 0.05 seconds (0.07 work units)

    Nodes    |    Current Node    |     Objective Bounds      |     Work
 Expl Unexpl |  Obj  Depth IntInf | Incumbent    BestBd   Gap | It/Node Time

     0     0 -32107.586    0  371    0.00000 -32107.586      -     -    0s
H    0     0                    -25380.61935 -32107.586  26.5%     -    0s
H    0     0                    -25436.31074 -32107.586  26.2%     -    0s
H    0     0                    -25448.90562 -32107.586  26.2%     -    0s
H    0     0                    -25456.26654 -32107.586  26.1%     -    0s
H    0     0                    -25628.94398 -32107.586  25.3%     -    0s
H    0     0                    -25630.01459 -32107.586  25.3%     -    0s
H    0     0                    -25649.92143 -32107.586  25.2%     -    0s
H    0     0                    -25651.90603 -31267.862  21.9%     -    0s
H    0     0                    -25673.94152 -31267.862  21.8%     -    0s
H    0     0                    -25674.93557 -31267.862  21.8%     -    0s
H    0     0                    -25687.53046 -31267.862  21.7%     -    0s
     0     0 -31267.862    0 1011 -25687.530 -31267.862  21.7%     -    0s
H    0     0                    -25707.86630 -30901.809  20.2%     -    0s
H    0     0                    -25725.68257 -30901.809  20.1%     -    0s
H    0     0                    -25735.18475 -30901.809  20.1%     -    0s
H    0     0                    -25758.38288 -30901.809  20.0%     -    0s
     0     0 -30901.809    0 1265 -25758.383 -30901.809  20.0%     -    0s
     0     0 -30898.551    0 1298 -25758.383 -30898.551  20.0%     -    0s
     0     0 -30898.505    0 1307 -25758.383 -30898.505  20.0%     -    0s
H    0     0                    -25772.79159 -30898.505  19.9%     -    0s
H    0     0                    -25775.66632 -30898.505  19.9%     -    0s
H    0     0                    -25804.95764 -30898.505  19.7%     -    0s
H    0     0                    -25811.88195 -30898.505  19.7%     -    0s
H    0     0                    -25845.45959 -30898.505  19.6%     -    0s
H    0     0                    -25868.28753 -30642.071  18.5%     -    1s
H    0     0                    -25872.00342 -30642.071  18.4%     -    1s
H    0     0                    -25932.95960 -30642.071  18.2%     -    1s
H    0     0                    -25937.91256 -30642.071  18.1%     -    1s
H    0     0                    -25941.92746 -30642.071  18.1%     -    1s
     0     0 -30642.071    0 1571 -25941.927 -30642.071  18.1%     -    1s
H    0     0                    -25943.82130 -30641.934  18.1%     -    1s
H    0     0                    -25953.21777 -30641.934  18.1%     -    1s
H    0     0                    -25955.19694 -30641.934  18.1%     -    1s
     0     0 -30366.168    0 1644 -25955.197 -30366.168  17.0%     -    1s
     0     0 -30325.601    0 1634 -25955.197 -30325.601  16.8%     -    1s
     0     0 -30316.939    0 1668 -25955.197 -30316.939  16.8%     -    1s
     0     0 -30315.926    0 1665 -25955.197 -30315.926  16.8%     -    1s
H    0     0                    -25975.97178 -30315.926  16.7%     -    1s
H    0     0                    -25977.00713 -30315.926  16.7%     -    1s
H    0     0                    -26181.19983 -30315.926  15.8%     -    1s
H    0     0                    -26251.79870 -30315.926  15.5%     -    1s
H    0     0                    -26289.76579 -30315.926  15.3%     -    1s
H    0     0                    -26353.65932 -30231.378  14.7%     -    2s
H    0     0                    -26371.48996 -30231.378  14.6%     -    2s
H    0     0                    -26390.30964 -30231.378  14.6%     -    2s
H    0     0                    -26522.11321 -30231.378  14.0%     -    2s
H    0     0                    -26523.18244 -30231.378  14.0%     -    2s
H    0     0                    -26541.23165 -30231.378  13.9%     -    2s
     0     0 -30231.378    0 1596 -26541.232 -30231.378  13.9%     -    2s
H    0     0                    -26556.57630 -30231.316  13.8%     -    2s
H    0     0                    -26637.97722 -30231.316  13.5%     -    2s
     0     0 -30198.806    0 1746 -26637.977 -30198.806  13.4%     -    2s
H    0     0                    -26795.53591 -30192.976  12.7%     -    2s
H    0     0                    -26808.91593 -30192.976  12.6%     -    2s
     0     0 -30192.976    0 1762 -26808.916 -30192.976  12.6%     -    2s
     0     0 -30192.156    0 1767 -26808.916 -30192.156  12.6%     -    2s
H    0     0                    -26814.86765 -30192.156  12.6%     -    2s
H    0     0                    -26825.28343 -30099.935  12.2%     -    3s
     0     0 -30099.935    0 1753 -26825.283 -30099.935  12.2%     -    3s
H    0     0                    -26829.48967 -30099.710  12.2%     -    3s
H    0     0                    -26844.19633 -30019.041  11.8%     -    3s
H    0     0                    -26865.99329 -30019.041  11.7%     -    3s
H    0     0                    -26867.05712 -30019.041  11.7%     -    3s
H    0     0                    -26887.16711 -30019.041  11.6%     -    3s
     0     0 -30019.041    0 1825 -26887.167 -30019.041  11.6%     -    3s
     0     0 -30005.079    0 1817 -26887.167 -30005.079  11.6%     -    3s
     0     0 -30002.506    0 1728 -26887.167 -30002.506  11.6%     -    3s
H    0     0                    -26890.15609 -30002.506  11.6%     -    4s
H    0     0                    -26905.87198 -30002.506  11.5%     -    4s
H    0     0                    -26918.68510 -30002.506  11.5%     -    4s
H    0     0                    -26965.82870 -29931.164  11.0%     -    4s
H    0     0                    -26970.68425 -29931.164  11.0%     -    4s
H    0     0                    -26978.46240 -29931.164  10.9%     -    4s
H    0     0                    -26984.29601 -29931.164  10.9%     -    4s
H    0     0                    -26993.51026 -29931.164  10.9%     -    4s
     0     0 -29931.164    0 1943 -26993.510 -29931.164  10.9%     -    4s
H    0     0                    -27033.83942 -29923.515  10.7%     -    4s
H    0     0                    -27036.71415 -29923.515  10.7%     -    4s
H    0     0                    -27039.57692 -29923.515  10.7%     -    4s
H    0     0                    -27047.21098 -29923.515  10.6%     -    4s
     0     0 -29923.515    0 1995 -27047.211 -29923.515  10.6%     -    4s
H    0     0                    -27056.55080 -29921.744  10.6%     -    4s
H    0     0                    -27060.39084 -29921.744  10.6%     -    4s
H    0     0                    -27069.99095 -29921.744  10.5%     -    4s
     0     0 -29921.744    0 1994 -27069.991 -29921.744  10.5%     -    4s
H    0     0                    -27071.05478 -29921.744  10.5%     -    5s
H    0     0                    -27092.33133 -29921.744  10.4%     -    5s
     0     0 -29760.053    0 1904 -27092.331 -29760.053  9.85%     -    6s
H    0     0                    -27093.32538 -29760.053  9.84%     -    7s
     0     0 -29513.996    0 1999 -27093.325 -29513.996  8.93%     -    7s
     0     0 -29233.148    0 1968 -27093.325 -29233.148  7.90%     -    7s
     0     0 -29233.148    0 1964 -27093.325 -29233.148  7.90%     -    7s
H    0     0                    -27151.72702 -29233.148  7.67%     -    8s
H    0     0                    -27180.45895 -29233.148  7.55%     -    8s
H    0     0                    -27208.74179 -29233.148  7.44%     -    8s
H    0     0                    -27212.89282 -29233.148  7.42%     -    8s
H    0     0                    -27242.27228 -29233.148  7.31%     -    8s
     0     0 -28943.456    0 2055 -27242.272 -28943.456  6.24%     -    9s
     0     0 -28924.785    0 2072 -27242.272 -28924.785  6.18%     -    9s
     0     0 -28924.785    0 2097 -27242.272 -28924.785  6.18%     -   10s
     0     0 -28885.909    0 2115 -27242.272 -28885.909  6.03%     -   11s
     0     0 -28876.229    0 2245 -27242.272 -28876.229  6.00%     -   12s
     0     0 -28876.229    0 2280 -27242.272 -28876.229  6.00%     -   12s
     0     0 -28872.468    0 2287 -27242.272 -28872.468  5.98%     -   13s
H    0     0                    -27255.33483 -28867.843  5.92%     -   15s
     0     0 -28851.503    0 2217 -27255.335 -28851.503  5.86%     -   15s
     0     0 -28845.028    0 2267 -27255.335 -28845.028  5.83%     -   15s
     0     0 -28845.028    0 2237 -27255.335 -28845.028  5.83%     -   15s
H    0     0                    -27258.44811 -28845.028  5.82%     -   16s
     0     0 -28815.156    0 2215 -27258.448 -28815.156  5.71%     -   18s
     0     0 -28815.156    0 2215 -27258.448 -28815.156  5.71%     -   18s
     0     0 -28815.156    0 2206 -27258.448 -28815.156  5.71%     -   18s
     0     2 -28815.156    0 2206 -27258.448 -28815.156  5.71%     -   19s
     1     4 -28815.156    1 2124 -27258.448 -28815.156  5.71%   707   20s
   546   575 -28288.038   26 1747 -27258.448 -28815.156  5.71%   103   25s
  1108  1037 -27568.323  102 2206 -27258.448 -28449.238  4.37%  75.5   31s
  1115  1042 -27562.134   95 2239 -27258.448 -28449.238  4.37%  75.0   35s
  1119  1044 -27475.103  179 2395 -27258.448 -28449.238  4.37%  74.7   40s
  1122  1046 -27604.398   87 2482 -27258.448 -28449.238  4.37%  74.5   46s
  1124  1048 -27462.224  149 2513 -27258.448 -28449.238  4.37%  74.4   50s
H 1125   995                    -27266.64412 -28449.238  4.34%  74.3   56s
  1129   998 -27751.317   98 2481 -27266.644 -28449.238  4.34%  74.1   63s
  1130   999 -28428.631    7 2540 -27266.644 -28449.238  4.34%  74.0   66s
  1132  1000 -27414.314  165 2499 -27266.644 -28449.238  4.34%  73.9   71s
  1134  1001 -27366.252   33 2553 -27266.644 -28449.238  4.34%  73.7   76s
  1135  1002 -27367.019   35 2580 -27266.644 -28449.238  4.34%  73.7   80s
  1138  1004 -27914.831   62 2643 -27266.644 -28449.238  4.34%  73.5   86s
  1139  1005 -27637.653   65 2581 -27266.644 -28449.238  4.34%  73.4   90s
  1142  1007 -27750.219   53 2761 -27266.644 -28449.238  4.34%  73.2   99s
  1143  1007 -28104.297   12 2612 -27266.644 -28449.238  4.34%  73.1  101s
  1145  1009 -27898.946   72 2636 -27266.644 -28449.238  4.34%  73.0  107s
  1147  1010 -27637.052  133 2635 -27266.644 -28449.238  4.34%  72.9  113s
  1148  1014 -28449.238   15 2577 -27266.644 -28449.238  4.34%   165  115s
  1150  1017 -28449.238   16 2590 -27266.644 -28449.238  4.34%   168  120s
  1158  1034 -28027.946   18 1850 -27266.644 -28449.238  4.34%   211  125s
  1336  1132 -27847.326   28 2006 -27266.644 -28449.238  4.34%   222  130s
  1761  1452 -27774.569   44 1912 -27266.644 -28449.238  4.34%   194  135s
  2280  1764 -27711.818   57 1825 -27266.644 -28449.238  4.34%   163  140s
  2647  1988 -27608.666   76 1725 -27266.644 -28449.238  4.34%   154  145s
  3261  2368 -27449.843  100 1494 -27266.644 -28449.238  4.34%   140  150s
  3800  2800 -27299.429  137 1336 -27266.644 -28449.238  4.34%   131  155s
  4392  3375 -27730.167   58 1677 -27266.644 -28449.238  4.34%   126  160s
  5348  4099 -27502.118  110 1309 -27266.644 -28449.238  4.34%   112  165s
  6240  5069 -27781.703   41 1858 -27266.644 -28350.971  3.98%   109  170s
  6973  5556     cutoff  186      -27266.644 -28350.971  3.98%   106  175s
  7456  6131 -27666.900   67 1678 -27266.644 -28350.971  3.98%   108  180s
  8299  7164 -27293.876  202  842 -27266.644 -28350.971  3.98%   105  185s
  9137  7980 -27518.496   78 1686 -27266.644 -28350.971  3.98%   105  190s
 10441  9206 -27644.667   73 1626 -27266.644 -27916.172  2.38%   100  197s
 11186  9515 -27785.843   45 1876 -27266.644 -27911.336  2.36%  99.3  201s
 11817 10252 -27848.617   32 1954 -27266.644 -27905.575  2.34%   101  205s
 13412 11537 -27814.195   28 1969 -27266.644 -27898.841  2.32%   100  211s
 13883 11751 -27439.066   74 1622 -27266.644 -27897.937  2.32%   103  216s
 14093 12182 -27870.346   26 2063 -27266.644 -27897.937  2.32%   104  221s
 14727 12808 -27840.991   24 2085 -27266.644 -27897.937  2.32%   106  226s
 15435 13371 -27807.793   29 2044 -27266.644 -27897.937  2.32%   107  230s
 16745 14669 -27855.015   26 2040 -27266.644 -27894.479  2.30%   108  237s
 17786 15351 -27745.240   51 1862 -27266.644 -27894.479  2.30%   107  241s
 18201 15909 -27685.813   58 1745 -27266.644 -27891.485  2.29%   108  246s
 18961 16399 -27572.909   85 1655 -27266.644 -27888.661  2.28%   109  250s
 19517 17569 -27628.750   72 1741 -27266.644 -27887.662  2.28%   110  255s
 20894 18154 -27299.773  193  969 -27266.644 -27887.662  2.28%   108  260s
 21079 19104 -27794.180   31 1992 -27266.644 -27887.662  2.28%   108  266s
 22688 19811 -27291.376  175 1157 -27266.644 -27883.853  2.26%   108  271s
 23311 20116 -27737.792   40 1929 -27266.644 -27882.268  2.26%   110  278s
 23315 20362 -27733.409   41 1926 -27266.644 -27882.221  2.26%   110  281s
 24197 21465 -27544.789   65  697 -27266.644 -27880.625  2.25%   108  287s
 24798 21671 -27815.201   30 1986 -27266.644 -27880.625  2.25%   106  290s
 25103 21907 -27557.488   73 1654 -27266.644 -27879.821  2.25%   107  296s
 25605 22901 -27559.505  107 1407 -27266.644 -27879.804  2.25%   108  302s
 26363 23279 -27787.225   36 1975 -27266.644 -27879.319  2.25%   107  305s
 27428 24339 -27465.119  118 1189 -27266.644 -27879.319  2.25%   107  311s
 28273 25594 -27570.348   90 1607 -27266.644 -27877.451  2.24%   107  317s
 29607 26119 -27401.075   64 1560 -27266.644 -27876.672  2.24%   106  321s
 29980 27062 -27581.167   79 1590 -27266.644 -27875.735  2.23%   106  327s
 30931 27158 -27772.417   44 1905 -27266.644 -27874.655  2.23%   105  330s
 31254 27613 -27772.100   40 1899 -27266.644 -27874.655  2.23%   105  337s
 31534 28078 -27849.157   27 2091 -27266.644 -27873.929  2.23%   105  341s
 32344 29155 -27641.822   65 1660 -27266.644 -27873.204  2.22%   106  348s
 33192 29400 -27808.898   30 2031 -27266.644 -27873.073  2.22%   105  351s
 33977 30460 -27844.554   26 2030 -27266.644 -27872.712  2.22%   106  357s
 34655 30859 -27313.419  241  287 -27266.644 -27872.712  2.22%   105  360s
 35557 31491 -27592.894   70 1755 -27266.644 -27871.869  2.22%   105  365s
 35942 31953 -27760.420   42 1929 -27266.644 -27871.391  2.22%   105  371s
 37138 33026 -27833.353   25 2051 -27266.644 -27871.229  2.22%   105  376s
 37898 33713 -27812.013   32 2002 -27266.644 -27869.923  2.21%   105  382s
 38328 34198 -27841.393   27 2038 -27266.644 -27869.923  2.21%   105  385s
 39045 34557 -27759.381   45 1912 -27266.644 -27869.129  2.21%   105  390s
 39831 35208 -27670.108   59 1771 -27266.644 -27868.418  2.21%   105  395s
 40732 36212 -27676.125   63 1801 -27266.644 -27867.998  2.21%   104  400s
 41549 36899 -27837.659   27 2056 -27266.644 -27867.998  2.21%   105  405s
 42509 37768 -27648.183   67 1723 -27266.644 -27867.998  2.21%   105  410s
 44184 39211 -27306.869  193 1034 -27266.644 -27867.998  2.21%   105  416s
 44833 39666 -27420.372  118 1395 -27266.644 -27867.998  2.21%   105  420s
 45652 40518 -27816.570   29 2061 -27266.644 -27865.758  2.20%   105  426s
 46176 40977 -27744.349   43 1914 -27266.644 -27865.454  2.20%   106  430s
 47160 42167 -27806.483   35 1976 -27266.644 -27864.879  2.19%   106  436s
 48049 42591 -27736.981   48 1901 -27266.644 -27864.879  2.19%   106  440s
 49098 43624 -27432.644  134 1190 -27266.644 -27864.058  2.19%   107  446s
 49809 44205 -27522.220   99 1520 -27266.644 -27864.058  2.19%   106  450s
 51003 45462 -27310.608  151 1349 -27266.644 -27863.471  2.19%   106  456s
 52053 46339 -27788.222   39 1983 -27266.644 -27862.987  2.19%   106  461s
 52835 46726 -27735.379   43 1912 -27266.644 -27861.865  2.18%   106  466s
 53164 47338 -27427.294   73 1652 -27266.644 -27861.865  2.18%   107  472s
 53535 47754     cutoff   99      -27266.644 -27861.786  2.18%   108  475s
 54680 48743 -27782.134   36 1943 -27266.644 -27861.329  2.18%   109  481s
 55715 49637     cutoff  167      -27266.644 -27860.920  2.18%   109  487s
 56167 50082 -27509.035   89 1689 -27266.644 -27860.564  2.18%   109  490s
 57242 51040 -27782.777   35 1970 -27266.644 -27860.511  2.18%   109  496s
 58069 52119 -27542.489   90 1487 -27266.644 -27859.884  2.18%   109  501s
 59423 52882 -27282.163  172 1222 -27266.644 -27859.722  2.18%   108  506s
 60038 53404 -27304.886  116 1344 -27266.644 -27859.722  2.18%   109  511s
 60648 54104 -27380.792   74 1570 -27266.644 -27859.722  2.18%   109  516s
 61518 54902 -27780.126   39 1930 -27266.644 -27859.132  2.17%   109  521s
 62472 55527 -27392.063  110 1453 -27266.644 -27859.022  2.17%   110  526s
 62748 55888 -27597.238   81 1674 -27266.644 -27858.823  2.17%   110  530s
 63787 56608 -27671.075   60 1819 -27266.644 -27858.573  2.17%   110  536s
 63940 57683 -27596.148   76 1710 -27266.644 -27858.538  2.17%   110  540s
 65517 58671 -27583.897   80 1601 -27266.644 -27858.108  2.17%   110  546s
 66492 59376 -27654.387   65 1788 -27266.644 -27858.108  2.17%   110  551s
 67277 60086 -27569.408   85 1662 -27266.644 -27858.108  2.17%   110  556s
 68160 60914 -27438.849  109 1420 -27266.644 -27857.372  2.17%   110  560s
 69018 61694 -27475.745  112 1395 -27266.644 -27857.164  2.17%   110  565s
 70312 62712 -27704.349   55 1843 -27266.644 -27856.323  2.16%   110  571s
 71116 63856 -27429.919  124 1312 -27266.644 -27856.323  2.16%   110  575s
 72799 65064 -27754.304   41 1960 -27266.644 -27855.811  2.16%   109  582s
 73647 65700 -27509.478   83 1740 -27266.644 -27855.522  2.16%   109  587s
 74461 66375 -27296.166  195 1186 -27266.644 -27855.403  2.16%   109  591s
 75311 67134 -27838.050   25 2065 -27266.644 -27855.079  2.16%   109  596s
 76072 67735 -27770.269   40 1956 -27266.644 -27854.697  2.16%   109  601s
 76929 68848 -27309.191  161  930 -27266.644 -27854.697  2.16%   110  605s
 78382 70019 -27300.839  150 1422 -27266.644 -27854.472  2.16%   110  611s
 79436 70866 -27747.250   50 1863 -27266.644 -27854.142  2.15%   109  615s
 80685 71847 -27821.557   32 2012 -27266.644 -27853.768  2.15%   109  621s
 81354 72615 -27756.462   49 1897 -27266.644 -27853.768  2.15%   109  625s
 82262 73408 -27655.664   64 1776 -27266.644 -27853.305  2.15%   109  630s
 83289 74484 -27804.850   32 2039 -27266.644 -27853.083  2.15%   109  637s
 84114 74965 -27718.251   47 1953 -27266.644 -27853.083  2.15%   109  640s
 85557 76206 -27440.020  106 1380 -27266.644 -27853.059  2.15%   109  646s
 86548 77105 -27742.044   46 1949 -27266.644 -27853.059  2.15%   109  651s
 87114 77440 -27791.465   33 1991 -27266.644 -27853.059  2.15%   109  655s
 87857 78603 -27655.948   57 1754 -27266.644 -27851.884  2.15%   110  661s
 89585 79722 -27821.303   33 1993 -27266.644 -27851.340  2.14%   109  666s
 90420 80529 -27738.283   55 1813 -27266.644 -27851.219  2.14%   109  670s
 91388 81290 -27266.864  180 1223 -27266.644 -27851.219  2.14%   109  675s
 92131 81934 -27470.849   66 1683 -27266.644 -27850.986  2.14%   110  680s
 92966 82688 -27676.588   50 1791 -27266.644 -27850.536  2.14%   110  686s
 93926 83686 -27386.698  178 1034 -27266.644 -27850.362  2.14%   110  691s
 94685 84482 -27599.439   68 1645 -27266.644 -27850.022  2.14%   110  695s
 95740 85253 -27581.250   73 1670 -27266.644 -27849.946  2.14%   109  700s
 96777 86811 -27669.468   63 1752 -27266.644 -27849.333  2.14%   110  707s
 98053 87431 -27411.151  123 1303 -27266.644 -27849.214  2.14%   109  710s
 99283 88473 -27730.240   56 1842 -27266.644 -27848.779  2.13%   109  716s
 99929 88875 -27816.996   31 1978 -27266.644 -27848.592  2.13%   109  720s
 101120 90288 -27467.484  129 1312 -27266.644 -27848.592  2.13%   109  726s
 101929 91359 -27513.133  110 1468 -27266.644 -27848.420  2.13%   109  730s
 103190 91782 -27300.852  100 1415 -27266.644 -27848.337  2.13%   109  736s
 103948 92834 -27533.518  109 1407 -27266.644 -27848.337  2.13%   109  740s
 104757 93383 -27455.604   98 1526 -27266.644 -27848.337  2.13%   109  746s
 105595 94170 -27757.817   44 1916 -27266.644 -27848.018  2.13%   109  751s
 106555 95054 -27494.637   92 1594 -27266.644 -27847.862  2.13%   109  757s
 107007 95697 -27614.670   67 1757 -27266.644 -27847.769  2.13%   109  760s
 109246 97350 -27814.392   31 2007 -27266.644 -27847.439  2.13%   109  766s
 110113 98211 -27778.765   37 1965 -27266.644 -27847.199  2.13%   108  770s
 111101 99094 -27370.059  147 1364 -27266.644 -27846.942  2.13%   109  775s
 112202 99956 -27725.304   51 1864 -27266.644 -27846.880  2.13%   109  781s
 112647 100278 -27477.586  106 1454 -27266.644 -27846.731  2.13%   109  785s
 113288 101136 -27771.448   37 2052 -27266.644 -27846.576  2.13%   109  790s
 114375 102216 -27534.967   97 1435 -27266.644 -27846.576  2.13%   109  796s
 115365 103104 -27278.951  209  942 -27266.644 -27846.266  2.13%   108  800s
 116519 104017 -27604.639   78 1609 -27266.644 -27846.266  2.13%   108  806s
 117591 104893 -27658.975   54 1768 -27266.644 -27846.079  2.13%   108  811s
 118144 105425 -27824.101   28 2028 -27266.644 -27845.919  2.12%   109  815s
 119469 106832 -27419.130  150 1285 -27266.644 -27845.784  2.12%   108  821s
 120278 107369 -27356.602  134 1478 -27266.644 -27845.750  2.12%   108  825s
 121074 108291 -27628.893   74 1632 -27266.644 -27845.521  2.12%   108  831s
 121844 108712 -27770.794   39 2010 -27266.644 -27845.521  2.12%   108  836s
 122326 109195 -27694.919   55 1880 -27266.644 -27845.515  2.12%   109  840s
 123162 109998 -27596.999   74 1615 -27266.644 -27845.275  2.12%   109  847s
 123880 110615 -27509.781  100 1567 -27266.644 -27845.275  2.12%   109  851s
 124934 111702 -27811.579   32 2041 -27266.644 -27845.032  2.12%   109  856s
 125942 112459 -27754.424   47 1863 -27266.644 -27845.032  2.12%   108  860s
 127270 113567 -27681.761   57 1790 -27266.644 -27844.783  2.12%   108  866s
 128068 114187 -27821.910   28 2067 -27266.644 -27844.624  2.12%   109  871s
 128584 114553 -27773.398   38 1977 -27266.644 -27844.480  2.12%   109  875s
 129082 115392 -27739.447   37 1922 -27266.644 -27844.352  2.12%   109  880s
 130022 116104 -27443.338  105 1524 -27266.644 -27844.287  2.12%   109  885s
 131197 117014 -27822.206   29 2044 -27266.644 -27844.136  2.12%   109  890s
 131871 117629 -27794.668   36 1996 -27266.644 -27844.136  2.12%   109  895s
 132777 118487 -27709.874   47 1882 -27266.644 -27844.136  2.12%   109  901s
 133762 119496 -27390.523  157 1217 -27266.644 -27843.747  2.12%   109  906s
 134569 119931 -27371.951  118 1498 -27266.644 -27843.747  2.12%   109  910s
 135483 121046 -27517.753   93 1596 -27266.644 -27843.479  2.12%   109  917s
 136044 121583 -27792.664   34 2030 -27266.644 -27843.458  2.12%   109  920s
 136839 122220 -27762.926   40 1940 -27266.644 -27843.458  2.12%   109  925s
 138045 123216 -27441.464  123 1515 -27266.644 -27843.458  2.12%   109  931s
 138593 123612 -27469.250  143 1241 -27266.644 -27843.458  2.12%   109  937s
 138876 123828 -27717.130   56 1803 -27266.644 -27843.261  2.11%   109  940s
 139414 124372 -27402.675   98 1560 -27266.644 -27843.261  2.11%   109  945s
 140212 125025 -27803.966   34 1945 -27266.644 -27843.140  2.11%   109  950s
 140805 125737 -27570.682   70 1715 -27266.644 -27842.947  2.11%   109  955s
 141558 126035 -27822.157   29 1975 -27266.644 -27842.845  2.11%   109  961s
 142114 126824 -27273.985  209  824 -27266.644 -27842.801  2.11%   109  966s
 142864 127552 -27779.965   36 1946 -27266.644 -27842.747  2.11%   109  972s
 143307 127830 -27292.761  143 1265 -27266.644 -27842.651  2.11%   109  975s
 143880 128350 -27492.574  120 1490 -27266.644 -27842.651  2.11%   109  981s
 144584 129324 -27823.788   33 2046 -27266.644 -27842.520  2.11%   109  987s
 145300 129753 -27817.020   26 2076 -27266.644 -27842.520  2.11%   109  990s
 146056 130368 -27632.527   66 1764 -27266.644 -27842.357  2.11%   109  995s
 146845 131223 -27430.292  141 1293 -27266.644 -27842.302  2.11%   109 1001s
 147907 132121 -27769.004   34 1980 -27266.644 -27842.176  2.11%   109 1006s
 148758 132601 -27346.638   90 1528 -27266.644 -27842.176  2.11%   109 1010s
 149531 133165 -27823.158   30 2062 -27266.644 -27841.959  2.11%   109 1015s
 150400 134205 -27687.591   58 1871 -27266.644 -27841.944  2.11%   109 1022s
 150830 134620 -27459.725  112 1525 -27266.644 -27841.944  2.11%   109 1025s
 151522 134882 -27785.829   28 2080 -27266.644 -27841.791  2.11%   109 1030s
 152012 135707 -27798.792   32 2009 -27266.644 -27841.756  2.11%   109 1035s
 153019 136546 -27562.586   81 1610 -27266.644 -27841.575  2.11%   109 1040s
 153646 136991 -27609.373   75 1636 -27266.644 -27841.575  2.11%   109 1045s
 154566 137763 -27766.789   36 2035 -27266.644 -27841.422  2.11%   109 1050s
 155348 138412 -27348.968   92 1563 -27266.644 -27841.422  2.11%   109 1056s
 156044 139123 -27829.327   31 2052 -27266.644 -27841.305  2.11%   109 1060s
 156828 140010 -27553.292   82 1678 -27266.644 -27841.299  2.11%   110 1065s
 158061 141066 -27715.199   52 1875 -27266.644 -27841.111  2.11%   110 1071s
 158755 141547 -27729.096   58 1815 -27266.644 -27841.102  2.11%   110 1076s
 159397 142093 -27571.507   65 1786 -27266.644 -27841.102  2.11%   110 1081s
 160226 142837 -27285.626  122 1467 -27266.644 -27841.102  2.11%   110 1085s
 160923 143484 -27790.645   32 2018 -27266.644 -27841.102  2.11%   110 1091s
 161886 144359 -27386.599  132 1307 -27266.644 -27841.102  2.11%   110 1095s
 162608 144889 -27291.386  140 1354 -27266.644 -27840.797  2.11%   110 1100s
 163457 145613 -27702.361   54 1880 -27266.644 -27840.539  2.10%   110 1105s
 163996 146204 -27646.565   61 1776 -27266.644 -27840.462  2.10%   110 1111s
 164785 147003 -27466.493  139 1377 -27266.644 -27840.460  2.10%   110 1115s
 165586 147659 -27564.625   54 1760 -27266.644 -27840.460  2.10%   110 1120s
 166256 148177 -27704.143   50 1867 -27266.644 -27840.244  2.10%   110 1127s
 166579 148537 -27433.508  127 1253 -27266.644 -27840.244  2.10%   110 1130s
 167265 149039 -27717.478   48 1883 -27266.644 -27840.237  2.10%   110 1135s
 167984 149774 -27393.365  123 1399 -27266.644 -27840.119  2.10%   111 1142s
 168400 150107 -27504.578  116 1492 -27266.644 -27840.062  2.10%   111 1145s
 169476 150835 -27788.298   38 1944 -27266.644 -27840.001  2.10%   111 1152s
 169554 151534 -27725.704   47 1844 -27266.644 -27840.001  2.10%   111 1156s
 170938 152639 -27759.185   41 1936 -27266.644 -27839.974  2.10%   110 1162s
 171821 153278 -27671.530   58 1783 -27266.644 -27839.974  2.10%   110 1166s
 172212 154029 -27461.217  131 1310 -27266.644 -27839.974  2.10%   110 1170s
 173385 154653 -27423.539  137 1440 -27266.644 -27839.827  2.10%   110 1175s
 174135 155408 -27771.749   37 1961 -27266.644 -27839.703  2.10%   110 1180s
 175028 156128 -27514.723  105 1573 -27266.644 -27839.675  2.10%   110 1185s
 175733 156817 -27538.423   81 1693 -27266.644 -27839.675  2.10%   110 1190s
 176796 157693 -27331.369  137 1462 -27266.644 -27839.675  2.10%   110 1195s
 177631 158476 -27813.800   29 2055 -27266.644 -27839.462  2.10%   110 1200s
 178407 159019 -27715.672   48 1825 -27266.644 -27839.462  2.10%   110 1206s
 179416 159904 -27455.505  103 1497 -27266.644 -27839.357  2.10%   110 1211s
 180209 160745 -27816.127   29 2039 -27266.644 -27839.232  2.10%   110 1216s
 181327 161685 -27431.047  121 1281 -27266.644 -27839.232  2.10%   110 1221s
 181892 162515 -27285.571  164 1152 -27266.644 -27839.139  2.10%   110 1225s
 182764 162962 -27523.447  115 1513 -27266.644 -27839.139  2.10%   110 1230s
 183419 163536 -27419.802  133 1357 -27266.644 -27839.078  2.10%   110 1235s
 184161 164151 -27439.746   81 1595 -27266.644 -27839.043  2.10%   110 1241s
 184563 164803 -27609.993   69 1701 -27266.644 -27839.017  2.10%   111 1247s
 185591 165648 -27460.369  135 1359 -27266.644 -27838.992  2.10%   110 1251s
 186595 166487 -27804.809   32 2076 -27266.644 -27838.992  2.10%   110 1256s
 187522 167327 -27670.244   65 1777 -27266.644 -27838.827  2.10%   110 1261s
 188360 167863 -27804.977   31 1996 -27266.644 -27838.650  2.10%   110 1266s
 189386 168791 -27719.393   50 1853 -27266.644 -27838.560  2.10%   110 1272s
 189913 169375 -27662.120   59 1822 -27266.644 -27838.560  2.10%   110 1276s
 190540 169929 -27571.469   71 1699 -27266.644 -27838.486  2.10%   110 1281s
 191377 170449 -27355.868  134 1471 -27266.644 -27838.486  2.10%   110 1286s
 191861 171150 -27395.116  101 1584 -27266.644 -27838.486  2.10%   111 1291s
 192682 172109 -27496.956  106 1508 -27266.644 -27838.486  2.10%   111 1297s
 193327 172441 -27753.494   36 1935 -27266.644 -27838.322  2.10%   111 1300s
 194173 173237 -27647.037   59 1838 -27266.644 -27838.322  2.10%   111 1305s
 195342 174054 -27359.309  126 1156 -27266.644 -27838.238  2.10%   110 1310s
 195940 174999 -27305.005  188 1041 -27266.644 -27838.238  2.10%   110 1315s
 197054 175730 -27742.120   47 1844 -27266.644 -27838.150  2.10%   110 1320s
 197730 176216 -27489.197   78 1704 -27266.644 -27838.113  2.10%   110 1325s
 198537 177048 -27376.644   84 1604 -27266.644 -27838.113  2.10%   111 1332s
 198896 177541 -27699.655   51 1904 -27266.644 -27838.023  2.10%   111 1335s
 199978 178650 -27460.536  118 1244 -27266.644 -27837.963  2.10%   111 1341s
 201091 179332 -27772.427   32 2031 -27266.644 -27837.910  2.10%   111 1346s
 202277 180376 -27818.547   31 2004 -27266.644 -27837.877  2.09%   111 1351s
 202956 180990 -27803.032   30 2006 -27266.644 -27837.838  2.09%   111 1355s
 204062 181899 -27365.899  138 1269 -27266.644 -27837.838  2.09%   110 1361s
 204554 182360 -27414.553  104 1547 -27266.644 -27837.692  2.09%   111 1366s
 205280 183055 -27817.717   28 2043 -27266.644 -27837.673  2.09%   111 1372s
 206032 183573 -27703.398   40 1855 -27266.644 -27837.673  2.09%   111 1377s
 206551 184099 -27432.763  118 1453 -27266.644 -27837.593  2.09%   111 1381s
 207552 185145 -27706.571   39 1958 -27266.644 -27837.446  2.09%   111 1386s
 208389 185690 -27572.433   79 1641 -27266.644 -27837.368  2.09%   111 1392s
 208921 186312 -27572.355   74 1650 -27266.644 -27837.305  2.09%   111 1397s
 209332 186471 -27730.378   37 1974 -27266.644 -27837.253  2.09%   111 1401s
 209964 187310 -27311.919   89 1603 -27266.644 -27837.249  2.09%   111 1409s
 210454 187795 -27507.440   69 1710 -27266.644 -27837.187  2.09%   111 1412s
 211021 188276 -27652.115   65 1804 -27266.644 -27837.080  2.09%   111 1415s
 211879 188845 -27542.821   55 1830 -27266.644 -27836.936  2.09%   111 1422s
 212242 189342 -27772.992   36 2029 -27266.644 -27836.903  2.09%   111 1426s
 213523 190525 -27819.247   28 2076 -27266.644 -27836.790  2.09%   111 1432s
 214122 190984 -27475.138  126 1379 -27266.644 -27836.790  2.09%   111 1435s
 215201 192031 -27780.214   36 2030 -27266.644 -27836.739  2.09%   111 1441s
 216403 192822 -27603.932   70 1627 -27266.644 -27836.739  2.09%   111 1446s
 217170 193529 -27379.964  125 1345 -27266.644 -27836.739  2.09%   111 1452s
 217527 193877 -27512.955   84 1663 -27266.644 -27836.544  2.09%   111 1455s
 218604 194768 -27372.679  159 1214 -27266.644 -27836.452  2.09%   111 1461s
 218939 195133 -27672.101   62 1769 -27266.644 -27836.400  2.09%   111 1466s
 219693 195857 -27565.243   99 1554 -27266.644 -27836.400  2.09%   111 1471s
 220167 196511 -27681.912   59 1786 -27266.644 -27836.295  2.09%   111 1475s
 221154 197495 -27574.397   79 1658 -27266.644 -27836.224  2.09%   111 1482s
 222294 197942 -27669.976   61 1836 -27266.644 -27836.224  2.09%   111 1488s
 222438 198174 -27518.911   99 1614 -27266.644 -27836.198  2.09%   111 1490s
 222943 198710 -27480.705  102 1552 -27266.644 -27836.198  2.09%   111 1496s
 223594 199343 -27682.557   57 1790 -27266.644 -27836.088  2.09%   111 1501s
 224058 199965 -27504.250  106 1391 -27266.644 -27836.088  2.09%   111 1505s
 225007 200636 -27579.965   81 1660 -27266.644 -27835.960  2.09%   111 1512s
 225522 200974 -27766.520   35 2038 -27266.644 -27835.937  2.09%   111 1515s
 226935 202306 -27646.399   62 1772 -27266.644 -27835.902  2.09%   111 1522s
 227350 202549 -27807.408   29 2019 -27266.644 -27835.902  2.09%   111 1525s
 227645 202557 -27623.106   49 1800 -27266.644 -27835.902  2.09%   111 1534s
 227649 202561 -27621.700   50 1800 -27266.644 -27835.902  2.09%   111 1538s
 227653 202565 -27591.350   51 1771 -27266.644 -27835.902  2.09%   111 1541s
 227657 202569 -27609.807   51 1785 -27266.644 -27835.902  2.09%   111 1545s
 227665 202577 -27568.916   52 1760 -27266.644 -27835.902  2.09%   111 1553s
 227669 202581 -27605.523   52 1772 -27266.644 -27835.902  2.09%   111 1557s
 227673 202585 -27604.219   53 1776 -27266.644 -27835.902  2.09%   111 1560s
 227681 202593 -27599.128   55 1765 -27266.644 -27835.902  2.09%   111 1568s
 227685 202597 -27582.394   55 1759 -27266.644 -27835.902  2.09%   111 1572s
 227689 202601 -27596.949   56 1762 -27266.644 -27835.902  2.09%   111 1576s
 227693 202605 -27571.596   56 1750 -27266.644 -27835.902  2.09%   111 1580s
 227701 202613 -27588.323   57 1760 -27266.644 -27835.902  2.09%   111 1588s
 227705 202617 -27552.957   58 1745 -27266.644 -27835.902  2.09%   111 1592s
 227709 202621 -27587.967   56 1764 -27266.644 -27835.902  2.09%   111 1596s
 227713 202625 -27573.932   57 1743 -27266.644 -27835.902  2.09%   111 1600s
 227721 202633 -27580.993   58 1758 -27266.644 -27835.902  2.09%   111 1608s
 227725 202637 -27540.255   60 1732 -27266.644 -27835.902  2.09%   111 1612s
 227729 202641 -27550.619   59 1737 -27266.644 -27835.902  2.09%   111 1617s
 227733 202645 -27525.458   61 1728 -27266.644 -27835.902  2.09%   111 1621s
 227737 202649 -27512.715   62 1719 -27266.644 -27835.902  2.09%   111 1625s
 227745 202657 -27505.657   63 1711 -27266.644 -27835.902  2.09%   111 1633s
 227749 202661 -27503.430   64 1709 -27266.644 -27835.902  2.09%   111 1637s
 227753 202665 -27491.862   64 1705 -27266.644 -27835.902  2.09%   111 1642s
 227757 202671 -27486.810   64 1703 -27266.644 -27835.902  2.09%   111 1646s
 227763 202681 -27518.252   62 1715 -27266.644 -27835.902  2.09%   111 1650s
 227773 202693 -27478.144   65 1686 -27266.644 -27835.902  2.09%   111 1655s
 227785 202704 -27465.114   65 1688 -27266.644 -27835.902  2.09%   111 1660s
 227796 202708 -27464.498   66 1684 -27266.644 -27835.902  2.09%   111 1674s
 227800 202788 -27462.198   67 1686 -27266.644 -27835.902  2.09%   111 1678s
 227880 202988 -27451.210   68 1683 -27266.644 -27835.902  2.09%   111 1682s
 228146 203210 -27441.453   69 1676 -27266.644 -27835.902  2.09%   111 1686s
 228568 203554 -27421.154   71 1642 -27266.644 -27835.902  2.09%   111 1693s
 228854 203783 -27415.707   72 1639 -27266.644 -27835.902  2.09%   111 1697s
 229101 204016 -27429.557   70 1656 -27266.644 -27835.762  2.09%   111 1700s
 229747 204773 -27410.401   74 1630 -27266.644 -27835.762  2.09%   111 1707s
 230222 205069 -27395.678   73 1609 -27266.644 -27835.762  2.09%   111 1711s
 231049 205758 -27369.809   75 1592 -27266.644 -27835.762  2.09%   111 1718s
 231373 206065 -27401.919   75 1631 -27266.644 -27835.582  2.09%   111 1722s
 231728 206482 -27401.825   76 1629 -27266.644 -27835.519  2.09%   111 1726s
 232223 206732 -27409.836   74 1623 -27266.644 -27835.478  2.09%   111 1730s
 232960 207683 -27592.821   76 1653 -27266.644 -27835.404  2.09%   111 1738s
 233622 208163 -27747.427   44 1920 -27266.644 -27835.381  2.09%   111 1742s
 234190 208605 -27763.516   38 2003 -27266.644 -27835.333  2.09%   111 1745s
 235148 209586 -27544.098   95 1577 -27266.644 -27835.300  2.09%   111 1752s
 235791 209650 -27770.189   34 2017 -27266.644 -27835.286  2.09%   111 1756s
 236344 210534 -27692.874   49 1916 -27266.644 -27835.286  2.09%   111 1762s
 236794 210892 -27415.277  131 1351 -27266.644 -27835.286  2.09%   111 1765s
 237413 211283 -27461.132   69 1682 -27266.644 -27835.160  2.09%   111 1771s
 237982 212002 -27815.077   27 2049 -27266.644 -27835.108  2.08%   111 1778s
 238495 212249 -27471.770  134 1267 -27266.644 -27835.108  2.08%   111 1781s
 238787 212650 -27621.621   72 1728 -27266.644 -27835.075  2.08%   111 1785s
 239439 213088 -27534.325   64 1697 -27266.644 -27835.047  2.08%   111 1792s
 239712 213445 -27813.671   31 2055 -27266.644 -27835.047  2.08%   111 1795s
 240741 214194 -27399.581  167 1168 -27266.644 -27834.882  2.08%   111 1800s

Cutting planes:
  Gomory: 16
  Cover: 200
  Projected implied bound: 15
  Clique: 273
  MIR: 1962
  Mixing: 1
  StrongCG: 372
  Flow cover: 683
  GUB cover: 10
  Inf proof: 5
  Zero half: 275
  Mod-K: 1
  Relax-and-lift: 383

Explored 240991 nodes (26867799 simplex iterations) in 1800.04 seconds (4297.76 work units)
Thread count was 4 (of 24 available processors)

Solution count 10: -27266.6 -27258.4 -27255.3 ... -27092.3

Time limit reached
Best objective -2.726664412182e+04, best bound -2.783488243307e+04, gap 2.0840%

User-callback calls 734216, time in user-callback 1.34 sec
