
Gurobi 13.0.1 (win64) logging started Wed Oct  7 00:14:16 2026

Set parameter LogFile to value "results/source_summaries/2d/B1200/gurobi_extensive.log"
Gurobi Optimizer version 13.0.1 build v13.0.1rc0 (win64 - Windows 11+.0 (26200.2))

CPU model: Intel(R) Core(TM) i7-14700, instruction set [SSE2|AVX|AVX2]
Thread count: 20 physical cores, 28 logical processors, using up to 4 threads

Non-default parameters:
TimeLimit  3600
IntFeasTol  1e-06
MIPGap  0.0005
Heuristics  0.2
Cuts  2
Presolve  2
Seed  1
Threads  4

Optimize a model with 38407 rows, 64806 columns and 139216 nonzeros (Min)
Model fingerprint: 0xf1dcaf79
Model has 26404 linear objective coefficients
Variable types: 38402 continuous, 26404 integer (26402 binary)
Coefficient statistics:
  Matrix range     [1e-01, 3e+01]
  Objective range  [2e+00, 5e+01]
  Bounds range     [1e-01, 2e+01]
  RHS range        [1e+00, 8e+01]

Found heuristic solution: objective 0.0000000
Presolve removed 0 rows and 36000 columns
Presolve time: 4.60s
Presolved: 38407 rows, 28806 columns, 103219 nonzeros
Variable types: 2402 continuous, 26404 integer (26402 binary)
Root relaxation presolved: 38407 rows, 28806 columns, 103219 nonzeros

Deterministic concurrent LP optimizer: primal and dual simplex
Showing primal log only...


Root simplex log...

Iteration    Objective       Primal Inf.    Dual Inf.      Time
   10845   -9.7178877e+03   0.000000e+00   3.366786e+05      5s
Concurrent spin time: 0.00s

Solved with dual simplex

Root simplex log...

Iteration    Objective       Primal Inf.    Dual Inf.      Time
   11233   -3.1935526e+05   0.000000e+00   0.000000e+00      5s

Root relaxation: objective -3.193553e+05, 11233 iterations, 0.67 seconds (0.98 work units)

    Nodes    |    Current Node    |     Objective Bounds      |     Work
 Expl Unexpl |  Obj  Depth IntInf | Incumbent    BestBd   Gap | It/Node Time

     0     0 -319355.26    0 2726    0.00000 -319355.26      -     -    5s
H    0     0                    -288675.9700 -319355.26  10.6%     -    5s
H    0     0                    -290938.2761 -319355.26  9.77%     -    5s
H    0     0                    -291434.0108 -319355.26  9.58%     -    5s
H    0     0                    -291562.3006 -319355.26  9.53%     -    5s
H    0     0                    -291622.9095 -315430.88  8.16%     -    7s
H    0     0                    -291757.5013 -315430.88  8.11%     -    7s
     0     0 -314504.23    0 3576 -291757.50 -314504.23  7.80%     -    7s
H    0     0                    -291765.2837 -314504.23  7.79%     -    7s
H    0     0                    -291806.6230 -313850.36  7.55%     -    8s
     0     0 -313850.36    0 4754 -291806.62 -313850.36  7.55%     -    8s
H    0     0                    -291835.0369 -313416.30  7.40%     -    9s
H    0     0                    -291836.9428 -313416.30  7.39%     -    9s
H    0     0                    -291851.0890 -313416.30  7.39%     -    9s
H    0     0                    -291859.6723 -313416.30  7.39%     -    9s
     0     0 -313416.30    0 5291 -291859.67 -313416.30  7.39%     -    9s
     0     0 -313400.05    0 5251 -291859.67 -313400.05  7.38%     -    9s
H    0     0                    -291915.4124 -313174.25  7.28%     -   10s
H    0     0                    -291918.3829 -313174.25  7.28%     -   10s
H    0     0                    -291919.3358 -313174.25  7.28%     -   10s
H    0     0                    -291921.2417 -313174.25  7.28%     -   10s
H    0     0                    -291974.7881 -313174.25  7.26%     -   10s
     0     0 -313174.25    0 5728 -291974.79 -313174.25  7.26%     -   10s
     0     0 -313174.23    0 5721 -291974.79 -313174.23  7.26%     -   10s
H    0     0                    -292036.9320 -313149.41  7.23%     -   10s
H    0     0                    -292117.6616 -313149.41  7.20%     -   10s
H    0     0                    -292120.8670 -313149.41  7.20%     -   10s
H    0     0                    -292123.0039 -313149.41  7.20%     -   10s
     0     0 -313149.41    0 5963 -292123.00 -313149.41  7.20%     -   10s
H    0     0                    -292178.7710 -313149.41  7.18%     -   12s
H    0     0                    -292185.6332 -313149.41  7.17%     -   12s
H    0     0                    -292187.7716 -313149.41  7.17%     -   12s
H    0     0                    -292193.0263 -313149.41  7.17%     -   12s
H    0     0                    -292244.1937 -313149.41  7.15%     -   12s
H    0     0                    -292246.2145 -313149.41  7.15%     -   12s
H    0     0                    -292268.2648 -312373.00  6.88%     -   14s
H    0     0                    -292292.1459 -312373.00  6.87%     -   14s
H    0     0                    -292363.0036 -312373.00  6.84%     -   14s
H    0     0                    -292364.8860 -312373.00  6.84%     -   14s
H    0     0                    -292366.7684 -312373.00  6.84%     -   14s
     0     0 -312093.40    0 5341 -292366.77 -312093.40  6.75%     -   14s
H    0     0                    -292367.7857 -312093.40  6.75%     -   14s
H    0     0                    -292369.8986 -312093.40  6.75%     -   14s
H    0     0                    -292442.3739 -312059.80  6.71%     -   15s
H    0     0                    -292444.5108 -312059.80  6.71%     -   15s
     0     0 -311612.73    0 6112 -292444.51 -311612.73  6.55%     -   15s
H    0     0                    -292445.5585 -311370.42  6.47%     -   16s
H    0     0                    -292449.7669 -311370.42  6.47%     -   16s
H    0     0                    -292451.9053 -311370.42  6.47%     -   16s
H    0     0                    -292454.0437 -311370.42  6.47%     -   16s
H    0     0                    -292484.4587 -311370.42  6.46%     -   16s
     0     0 -311204.04    0 5992 -292484.46 -311204.04  6.40%     -   16s
H    0     0                    -292498.1456 -311149.66  6.38%     -   17s
     0     0 -311130.32    0 6310 -292498.15 -311130.32  6.37%     -   17s
     0     0 -310910.52    0 6440 -292498.15 -310910.52  6.29%     -   18s
H    0     0                    -292517.2126 -310865.08  6.27%     -   19s
     0     0 -310865.08    0 6612 -292517.21 -310865.08  6.27%     -   19s
     0     0 -310863.98    0 6628 -292517.21 -310863.98  6.27%     -   19s
     0     0 -310723.23    0 6713 -292517.21 -310723.23  6.22%     -   22s
     0     0 -310436.49    0 6435 -292517.21 -310436.49  6.13%     -   23s
H    0     0                    -292537.8638 -310305.66  6.07%     -   23s
     0     0 -310305.66    0 6726 -292537.86 -310305.66  6.07%     -   23s
     0     0 -310178.21    0 6933 -292537.86 -310178.21  6.03%     -   24s
     0     0 -309926.51    0 7182 -292537.86 -309926.51  5.94%     -   25s
     0     0 -309886.71    0 7292 -292537.86 -309886.71  5.93%     -   26s
     0     0 -309871.41    0 7241 -292537.86 -309871.41  5.93%     -   26s
     0     0 -309862.37    0 7295 -292537.86 -309862.37  5.92%     -   27s
     0     0 -309860.07    0 7320 -292537.86 -309860.07  5.92%     -   27s
H    0     0                    -292540.9719 -309860.07  5.92%     -   29s
     0     0 -309804.73    0 7282 -292540.97 -309804.73  5.90%     -   31s
H    0     0                    -292543.0368 -309804.59  5.90%     -   31s
     0     0 -309614.94    0 7160 -292543.04 -309614.94  5.84%     -   32s
     0     0 -309577.02    0 7242 -292543.04 -309577.02  5.82%     -   32s
     0     0 -309542.47    0 7180 -292543.04 -309542.47  5.81%     -   32s
     0     0 -309424.67    0 7318 -292543.04 -309424.67  5.77%     -   33s
     0     0 -309350.25    0 7409 -292543.04 -309350.25  5.75%     -   34s
     0     0 -309338.48    0 7455 -292543.04 -309338.48  5.74%     -   35s
H    0     0                    -292552.0346 -309337.77  5.74%     -   35s
     0     0 -309337.77    0 7467 -292552.03 -309337.77  5.74%     -   35s
     0     0 -309241.40    0 7446 -292552.03 -309241.40  5.70%     -   38s
     0     0 -309231.92    0 7464 -292552.03 -309231.92  5.70%     -   38s
H    0     0                    -292552.9663 -309231.92  5.70%     -   45s
H    0     0                    -292557.1090 -308942.65  5.60%     -   48s
     0     0 -308942.65    0 7564 -292557.11 -308942.65  5.60%     -   48s
     0     0 -308932.58    0 7528 -292557.11 -308932.58  5.60%     -   49s
     0     0 -308824.94    0 7660 -292557.11 -308824.94  5.56%     -   56s
     0     0 -308824.86    0 7659 -292557.11 -308824.86  5.56%     -   56s
     0     0 -308824.86    0 7503 -292557.11 -308824.86  5.56%     -   56s
     0     2 -308821.63    0 7501 -292557.11 -308821.63  5.56%     -   61s
     7    12 -305907.24    3 6546 -292557.11 -306398.65  4.73%  3068   65s
   268   282 -305872.99   64 6495 -292557.11 -306398.65  4.73%  91.4   70s
   541   572 -305847.75  122 6450 -292557.11 -306398.65  4.73%  50.6   75s
   706   723 -305824.38  165 6425 -292557.11 -306398.65  4.73%  39.9   80s
   849   860 -305812.12  169 6433 -292557.11 -306398.65  4.73%  34.2   85s
  1147  1207 -305767.20  243 6333 -292557.11 -306398.65  4.73%  27.8   90s
  1916  2025 -305550.61  368 6248 -292557.11 -306398.65  4.73%  19.3   95s
  2399  2528 -305378.33  452 6136 -292557.11 -306398.65  4.73%  16.9  100s
  3106  3284 -305067.15  552 6038 -292557.11 -306398.65  4.73%  14.8  105s
  3752  4057 -304862.47  657 5947 -292557.11 -306398.65  4.73%  13.4  111s
  4853  5253 -304543.50  795 5837 -292557.11 -306398.65  4.73%  11.3  115s
  5257  5254 -297606.99  891 7503 -292557.11 -306398.65  4.73%  10.9  130s
  5266  5260 -298453.67  587 5375 -292557.11 -306398.65  4.73%  10.8  135s
  5272  5264 -298164.69  686 7619 -292557.11 -306398.65  4.73%  10.8  142s
  5275  5266 -298733.46  287 6285 -292557.11 -306398.65  4.73%  10.8  147s
  5276  5267 -298114.48  700 6482 -292557.11 -306398.65  4.73%  10.8  150s
  5281  5270 -298911.57   47 6928 -292557.11 -306398.65  4.73%  10.8  156s
  5282  5271 -297520.65  741 7003 -292557.11 -306398.65  4.73%  10.8  161s
  5283  5271 -296733.91 1119 7036 -292557.11 -306398.65  4.73%  10.8  165s
  5284  5272 -305858.19   96 7115 -292557.11 -306398.65  4.73%  10.8  171s
  5285  5273 -299500.24   92 7154 -292557.11 -306398.65  4.73%  10.8  176s
  5287  5274 -298263.22  272 7124 -292557.11 -306398.65  4.73%  10.8  181s
  5290  5276 -298987.22  348 7385 -292557.11 -306398.65  4.73%  10.8  185s
  5292  5277 -297960.47  753 7419 -292557.11 -306398.65  4.73%  10.8  191s
  5293  5278 -298968.73   84 8151 -292557.11 -306398.65  4.73%  10.8  196s
  5294  5279 -298437.38  163 7536 -292557.11 -306398.65  4.73%  10.8  204s
  5295  5279 -298349.48  705 8218 -292557.11 -306398.65  4.73%  10.8  210s
  5296  5280 -297929.60  486 7657 -292557.11 -306398.65  4.73%  10.8  217s
  5298  5281 -298287.04  801 8389 -292557.11 -306398.65  4.73%  10.8  222s
  5299  5282 -298056.48  720 7748 -292557.11 -306398.65  4.73%  10.8  236s
  5300  5283 -305595.77  347 8476 -292557.11 -306398.65  4.73%  10.8  245s
  5301  5283 -299576.58   49 8550 -292557.11 -306398.65  4.73%  10.8  263s
  5302  5284 -298316.18  610 8534 -292557.11 -306398.65  4.73%  10.8  271s
  5303  5285 -297313.83  875 8621 -292557.11 -306398.65  4.73%  10.8  275s
  5305  5286 -305895.79   36 8724 -292557.11 -306398.65  4.73%  10.8  287s
  5306  5287 -298969.07   73 8755 -292557.11 -306398.65  4.73%  10.8  298s
  5307  5287 -299634.42   14 8755 -292557.11 -306398.65  4.73%  10.8  303s
  5308  5288 -298398.23  656 8755 -292557.11 -306398.65  4.73%  10.8  310s
  5311  5295 -304541.39   14 7497 -292557.11 -306398.65  4.73%  29.1  315s
  5496  5427 -304498.21   31 7441 -292557.11 -305501.75  4.42%  31.9  320s
  5714  5564 -304432.25   53 7384 -292557.11 -305501.75  4.42%  31.4  325s
  5954  5763 -304391.86   72 7343 -292557.11 -305501.75  4.42%  30.9  330s
  6224  5934 -304346.58   96 7300 -292557.11 -305501.75  4.42%  30.3  340s
  6401  6077 -304290.51  115 7275 -292557.11 -305501.75  4.42%  30.0  345s
  6586  6191 -304238.59  136 7242 -292557.11 -305501.75  4.42%  29.6  350s
  6721  6276 -304186.42  152 7226 -292557.11 -305501.75  4.42%  30.3  355s
  7186  6695 -304016.72  207 7143 -292557.11 -305501.75  4.42%  29.5  360s
  8033  7309 -303791.20  277 6996 -292557.11 -305501.75  4.42%  27.9  366s
  8909  7922 -303597.03  361 6880 -292557.11 -305501.75  4.42%  26.3  371s
  9657  8187 -303460.42  436 6803 -292557.11 -305501.75  4.42%  25.3  376s
 10085  8735 -303355.98  482 6750 -292557.11 -305501.75  4.42%  24.8  381s
 10722  9252 -303220.14  549 6685 -292557.11 -305501.75  4.42%  23.9  385s
 11529  9757 -303066.55  638 6574 -292557.11 -305501.75  4.42%  23.0  390s
 12518 10332 -302776.83  734 6428 -292557.11 -305501.75  4.42%  22.0  395s
 12815 10255 -302717.05  759 6403 -292557.11 -305501.75  4.42%  21.7  400s
 12842 10356 -302685.67  763 6389 -292557.11 -305501.75  4.42%  21.7  406s
 13103 10805 -302579.24  807 6324 -292557.11 -305501.75  4.42%  21.5  410s
 13908 11148 -302339.87  891 6210 -292557.11 -305501.75  4.42%  20.9  416s
 14464 11700 -302144.27  955 6243 -292557.11 -305269.63  4.35%  21.9  421s
 15273 12293 -301905.52 1040 6108 -292557.11 -305269.63  4.35%  21.4  427s
 15745 12604 -301828.81 1087 6025 -292557.11 -305269.63  4.35%  21.1  430s
 16745 13249 -301488.03 1196 5899 -292557.11 -305269.63  4.35%  20.4  435s
 17685 13866 -301156.80 1305 5701 -292557.11 -305269.63  4.35%  19.9  441s
 18604 14238 -300743.64 1407 5511 -292557.11 -305269.63  4.35%  19.4  448s
 18824 14483 -300649.95 1455 5434 -292557.11 -305269.63  4.35%  19.3  451s
 19638 15139 -300358.04 1558 5324 -292557.11 -305269.63  4.35%  18.9  457s
 20623 15784 -299922.21 1670 5217 -292557.11 -305269.63  4.35%  18.4  463s
 21097 16159 -299711.18 1727 5194 -292557.11 -305269.61  4.35%  18.3  466s
 22099 16869 -299323.99 1839 4928 -292557.11 -305269.61  4.35%  18.1  472s
 22864 17604 -299083.10 1942 4794 -292557.11 -305268.98  4.35%  18.0  476s
 23583 18003 -298812.37 2040 4634 -292557.11 -305268.98  4.35%  17.8  482s
 23587 18065 -298802.66 2040 4630 -292557.11 -305268.98  4.35%  17.8  486s
 23649 18349 -298785.14 2048 4618 -292557.11 -305268.98  4.35%  17.8  491s
 23937 18687 -298574.71 2102 4549 -292557.11 -305268.98  4.35%  17.7  497s
 24731 19628 -298228.73 2230 4432 -292557.11 -305268.98  4.35%  17.5  501s
 25712 20544 -297825.39 2357 4235 -292557.11 -305268.98  4.35%  17.3  506s
 26632 21400 -297330.71 2479 4097 -292557.11 -305268.98  4.35%  17.0  510s
 27491 22274 -296904.70 2597 3909 -292557.11 -305268.98  4.35%  16.8  515s
 28366 22647 -296553.36 2720 3775 -292557.11 -305268.45  4.34%  16.7  522s
 28371 22713 -296541.41 2720 3774 -292557.11 -305268.45  4.34%  16.7  525s
 28703 23385 -296446.43 2752 3743 -292557.11 -305268.45  4.34%  16.7  530s
 29582 24338 -295945.69 2872 3577 -292557.11 -305268.45  4.34%  16.5  535s
 31023 25531 -295133.80 3076 3319 -292557.11 -305268.45  4.34%  16.3  541s
 31870 26234 -294644.09 3207 3187 -292557.11 -305268.45  4.34%  16.3  546s
 32640 27274 -294215.05 3338 2981 -292557.11 -305268.45  4.34%  16.2  551s
 33676 28211 -293681.30 3486 2833 -292557.11 -305268.45  4.34%  16.0  556s
 34268 28531 -293144.64 3608 2692 -292557.11 -305268.45  4.34%  15.8  562s
 34487 28967 -293002.90 3673 2588 -292557.11 -305268.45  4.34%  15.8  565s
 35831 30125 -305036.61   93 8408 -292557.11 -305268.45  4.34%  15.6  571s
 36495 30887 -304793.06  141 8323 -292557.11 -305268.45  4.34%  15.5  576s
 37403 31792 -304577.95  202 8247 -292557.11 -305268.45  4.34%  15.4  580s
 38144 32598 -304351.97  249 8228 -292557.11 -305268.45  4.34%  15.3  585s
 39460 33782 -304036.70  302 8177 -292557.11 -305268.45  4.34%  15.1  591s
 40127 34438 -303826.51  329 8116 -292557.11 -305268.45  4.34%  15.0  596s
 41024 35346 -303666.25  373 8080 -292557.11 -305268.45  4.34%  15.0  600s
 41970 35968 -303470.42  410 8048 -292557.11 -305268.45  4.34%  14.8  606s
 42092 37289 -303418.35  416 8046 -292557.11 -305268.45  4.34%  14.8  615s
 44042 38199 -303088.97  503 7884 -292557.11 -305268.45  4.34%  14.5  620s
 44909 39061 -302897.28  529 7853 -292557.11 -305267.02  4.34%  14.5  625s
 45797 39828 -302760.78  560 7838 -292557.11 -305267.02  4.34%  14.4  630s
 46574 40687 -302655.66  583 7810 -292557.11 -305267.02  4.34%  14.3  636s
 46950 41308 -302564.38  593 7786 -292557.11 -305267.02  4.34%  14.3  641s
 48480 42805 -302157.18  662 7661 -292557.11 -305267.02  4.34%  14.2  645s
 49811 43781 -301879.49  711 7573 -292557.11 -305267.02  4.34%  14.1  654s
 50110 44273 -301806.22  718 7546 -292557.11 -305267.02  4.34%  14.1  656s
 51326 45704 -301502.92  768 7495 -292557.11 -305267.02  4.34%  14.1  660s
 52515 46172 -301272.74  807 7431 -292557.11 -305267.02  4.34%  14.0  666s
 52519 49216 -301271.08  808 7430 -292557.11 -305267.02  4.34%  14.0  688s
 55583 49932 -300664.53  922 7245 -292557.11 -305267.02  4.34%  13.8  691s
 56993 51001 -300317.79  974 7177 -292557.11 -305267.02  4.34%  13.7  697s
 57865 52008 -300094.54 1016 7119 -292557.11 -305267.02  4.34%  13.7  701s
 59482 53423 -299545.93 1092 7045 -292557.11 -305267.02  4.34%  13.6  706s
 60699 54713 -299312.19 1126 7003 -292557.11 -305267.02  4.34%  13.6  710s
 62002 55987 -299083.60 1161 6956 -292557.11 -305261.94  4.34%  13.6  715s
 63064 56880 -298835.92 1201 6892 -292557.11 -305261.94  4.34%  13.6  725s
 64233 58434 -298477.69 1264 6820 -292557.11 -305261.94  4.34%  13.5  730s
 66400 60290 -297960.54 1347 6687 -292557.11 -305261.94  4.34%  13.4  735s
 67472 61175 -297721.82 1387 6617 -292557.11 -305261.94  4.34%  13.4  740s
 69156 63121 -297362.45 1436 6514 -292557.11 -305261.94  4.34%  13.2  746s
 70446 63977 -297051.57 1468 6465 -292557.11 -305261.78  4.34%  13.2  754s
 70522 64285 -297052.44 1471 6466 -292557.11 -305261.78  4.34%  13.2  755s
 71205 64983 -296895.66 1505 6418 -292557.11 -305261.78  4.34%  13.2  760s
 72722 66436 -296536.79 1564 6338 -292557.11 -305260.87  4.34%  13.3  765s
 73966 67879 -304909.59  107 8458 -292557.11 -305259.98  4.34%  13.3  771s
 75515 69362 -303255.13  338 8054 -292557.11 -305259.85  4.34%  13.3  775s
 77254 70910 -304722.16  154 8342 -292557.11 -305259.85  4.34%  13.4  780s
 78598 72268 -304323.57  231 8216 -292557.11 -305259.73  4.34%  13.3  786s
 79477 72930 -304113.37  266 8166 -292557.11 -305259.73  4.34%  13.3  791s
 80478 74172 -303822.34  317 8090 -292557.11 -305259.73  4.34%  13.3  796s
 82060 75694 -303456.55  386 8021 -292557.11 -305257.21  4.34%  13.2  800s
 82979 76269 -303297.64  423 7983 -292557.11 -305257.09  4.34%  13.2  806s
 83346 76767 -303258.19  437 7983 -292557.11 -305257.09  4.34%  13.2  821s
 83840 77539 -303167.46  465 7944 -292557.11 -305257.09  4.34%  13.1  827s
 84830 78538 -302936.23  506 7892 -292557.11 -305257.09  4.34%  13.1  830s
 85629 78891 -302662.58  544 7846 -292557.11 -305256.21  4.34%  13.1  837s
 86259 80058 -302555.04  573 7797 -292557.11 -305256.21  4.34%  13.1  840s
 87913 81304 -304994.11   76 8533 -292557.11 -305256.05  4.34%  13.1  845s
 88785 82091 infeasible  323      -292557.11 -305251.95  4.34%  13.1  850s
 89949 83107 -304976.95   74 8494 -292557.11 -305251.88  4.34%  13.1  858s
 90180 83489 -304890.40  111 8421 -292557.11 -305251.88  4.34%  13.1  860s
 90910 84377 -302972.72  388 8010 -292557.11 -305251.88  4.34%  13.1  865s
 92408 85806 -304969.83   86 8512 -292557.11 -305248.22  4.34%  13.0  870s
 94493 88060 -300485.52  745 7345 -292557.11 -305248.22  4.34%  13.1  876s
 96170 89239 -296654.41 1311 6466 -292557.11 -305244.68  4.34%  13.0  880s
 97695 90646 -292938.70 1905 5512 -292557.11 -305243.59  4.34%  13.0  885s
 98899 91908 -304749.14  126 8358 -292557.11 -305243.59  4.34%  13.0  894s
 99187 92166 -304627.88  148 8321 -292557.11 -305243.59  4.34%  13.0  896s
 100420 93493 -304124.36  195 8245 -292557.11 -305243.59  4.34%  13.0  900s
 101354 94059 -303700.71  237 8154 -292557.11 -305243.59  4.34%  12.9  909s
 101422 94063 -303671.17  239 8152 -292557.11 -305243.59  4.34%  12.9  922s
 101426 94067 -303655.91  240 8149 -292557.11 -305243.59  4.34%  12.9  945s
 101430 94071 -303655.71  241 8149 -292557.11 -305243.59  4.34%  12.9  967s
 101434 94075 -303651.64  241 8147 -292557.11 -305243.59  4.34%  12.9  990s
 101438 94079 -303645.49  242 8147 -292557.11 -305243.59  4.34%  12.9 1015s
 101442 94083 -303642.67  243 8145 -292557.11 -305243.59  4.34%  12.9 1026s
 101446 94091 -303645.03  242 8146 -292557.11 -305243.59  4.34%  12.9 1035s
 101454 94101 -303653.04  241 8146 -292557.11 -305243.59  4.34%  12.9 1042s
 101464 94108 -303635.99  242 8147 -292557.11 -305243.59  4.34%  12.9 1053s
 101471 94121 -303644.41  243 8144 -292557.11 -305243.59  4.34%  12.9 1063s
 101484 94355 -303633.67  243 8147 -292557.11 -305243.59  4.34%  12.9 1067s
 101718 94573 -303597.65  247 8142 -292557.11 -305243.59  4.34%  12.9 1073s
 101944 94804 -303438.29  262 8120 -292557.11 -305243.59  4.34%  12.9 1078s
 102177 95053 -303303.32  276 8113 -292557.11 -305243.59  4.34%  12.9 1081s
 102426 95309 -303151.92  291 8121 -292557.11 -305243.59  4.34%  12.9 1086s
 102686 95499 -302960.39  308 8099 -292557.11 -305243.59  4.34%  12.9 1090s
 102876 95747 -302877.45  314 8091 -292557.11 -305243.59  4.34%  12.9 1096s
 103126 96043 -302794.09  324 8075 -292557.11 -305243.59  4.34%  12.9 1100s
 103792 96650 -302420.95  354 8016 -292557.11 -305243.59  4.34%  12.8 1106s
 104039 96914 -302319.64  365 7998 -292557.11 -305243.59  4.34%  12.8 1111s
 104303 97177 -302305.03  367 7978 -292557.11 -305243.59  4.34%  12.8 1118s
 104566 97450 -302102.41  389 7929 -292557.11 -305243.59  4.34%  12.8 1123s
 104839 98072 -302022.08  405 7885 -292557.11 -305243.59  4.34%  12.8 1129s
 105467 98436 -301826.33  429 7865 -292557.11 -305243.59  4.34%  12.8 1132s
 105843 98761 -301627.58  442 7834 -292557.11 -305243.59  4.34%  12.8 1139s
 106188 99104 -301461.92  455 7811 -292557.11 -305243.59  4.34%  12.8 1146s
 106533 99529 -301400.97  470 7791 -292557.11 -305243.59  4.34%  12.7 1151s
 106958 99907 -301287.18  481 7793 -292557.11 -305243.59  4.34%  12.7 1156s
 107388 100224 -301063.57  496 7772 -292557.11 -305243.59  4.34%  12.7 1162s
 107721 100600 -300920.85  514 7790 -292557.11 -305239.31  4.33%  12.7 1167s
 108103 101030 -300630.17  536 7780 -292557.11 -305239.31  4.33%  12.7 1173s
 108539 101435 -300429.23  556 7723 -292557.11 -305239.31  4.33%  12.7 1179s
 108944 101850 -300287.30  572 7714 -292557.11 -305239.31  4.33%  12.7 1185s
 109373 102221 -300117.91  589 7693 -292557.11 -305239.31  4.33%  12.7 1192s
 110354 103295 -299650.70  631 7654 -292557.11 -305239.31  4.33%  12.7 1199s
 110842 103813 -299365.04  657 7628 -292557.11 -305239.31  4.33%  12.6 1202s
 111950 104965 -299076.62  694 7569 -292557.11 -305239.31  4.33%  12.6 1207s
 113076 105890 -298595.66  728 7495 -292557.11 -305239.31  4.33%  12.6 1215s
 114600 107347 -298271.16  768 7458 -292557.11 -305239.31  4.33%  12.5 1221s
 115002 107547 -298161.27  781 7440 -292557.11 -305239.25  4.33%  12.5 1232s
 115202 108038 -298121.51  785 7422 -292557.11 -305239.25  4.33%  12.5 1237s
 115703 108489 -297950.79  803 7382 -292557.11 -305239.25  4.33%  12.5 1244s
 116160 109001 -297663.35  826 7359 -292557.11 -305239.25  4.33%  12.4 1249s
 116674 109655 -297581.38  841 7346 -292557.11 -305239.25  4.33%  12.4 1252s
 117947 110855 -297108.81  885 7296 -292557.11 -305239.25  4.33%  12.4 1256s
 118967 111848 -296719.93  919 7227 -292557.11 -305239.25  4.33%  12.4 1260s
 119986 112804 -296309.69  958 7197 -292557.11 -305239.25  4.33%  12.4 1265s
 121533 114285 -295877.29  998 7149 -292557.11 -305239.25  4.33%  12.3 1270s
 123015 115792 -295447.82 1051 7035 -292557.11 -305239.25  4.33%  12.3 1276s
 123905 116829 -295013.96 1082 7000 -292557.11 -305238.14  4.33%  12.3 1280s
 125328 118110 -294753.19 1119 6966 -292557.11 -305237.75  4.33%  12.3 1285s
 126749 119256 -294202.22 1175 6850 -292557.11 -305237.75  4.33%  12.2 1290s
 128356 120889 -293700.73 1225 6783 -292557.11 -305237.75  4.33%  12.2 1295s
 129601 121916 -293229.54 1275 6721 -292557.11 -305237.75  4.33%  12.1 1300s
 130576 122940 -293022.71 1299 6694 -292557.11 -305237.75  4.33%  12.1 1305s
 131778 124236 -292694.82 1330 6649 -292557.11 -305237.75  4.33%  12.1 1310s
 133213 125481 -303957.12  233 8209 -292557.11 -305237.70  4.33%  12.1 1315s
 134144 126616 -304620.69  160 8299 -292557.11 -305236.91  4.33%  12.1 1320s
 135907 128212 -304019.13  238 8187 -292557.11 -305236.37  4.33%  12.1 1325s
 136399 129028 -303014.37  401 7978 -292557.11 -305236.37  4.33%  12.1 1332s
 137488 129640 -305057.28   70 8525 -292557.11 -305235.82  4.33%  12.1 1336s
 137891 129934 -304671.55  169 8354 -292557.11 -305235.82  4.33%  12.1 1345s
 139415 131471 -301955.94  612 7700 -292557.11 -305235.82  4.33%  12.1 1350s
 140692 132881 -299962.16 1030 7167 -292557.11 -305235.82  4.33%  12.1 1355s
 141302 132922 -305151.17   43 8619 -292557.11 -305227.46  4.33%  12.1 1379s
 141343 133002 -305150.15   44 8616 -292557.11 -305227.46  4.33%  12.1 1396s
 141423 133023 -305149.61   45 8617 -292557.11 -305227.46  4.33%  12.1 1400s
 141454 133052 -305148.42   46 8605 -292557.11 -305227.46  4.33%  12.1 1407s
 141483 133121 -305147.91   47 8606 -292557.11 -305227.46  4.33%  12.1 1410s
 141610 133476 -305108.55   62 8542 -292557.11 -305227.46  4.33%  12.1 1416s
 142708 134782 -303168.50  367 8026 -292557.11 -305227.46  4.33%  12.1 1421s
 144242 136574 -300948.75  781 7474 -292557.11 -305227.46  4.33%  12.1 1426s
 146019 137642 infeasible   97      -292557.11 -305225.38  4.33%  12.1 1430s
 146755 139032 -304110.15  229 8215 -292557.11 -305218.92  4.33%  12.1 1435s
 148944 140737 -303948.62  252 8201 -292557.11 -305218.92  4.33%  12.2 1440s
 150750 142602 -301157.99  753 7589 -292557.11 -305218.92  4.33%  12.2 1446s
 152287 143933 -298902.97 1213 6978 -292557.11 -305218.92  4.33%  12.1 1450s
 154298 145760 -304658.25  150 8362 -292557.11 -305218.92  4.33%  12.1 1455s
 156024 147424 -305036.70   77 8555 -292557.11 -305214.57  4.33%  12.1 1460s
 157201 149358 -302969.10  381 7951 -292557.11 -305210.96  4.33%  12.1 1465s
 159685 151057 -297928.67 1125 6766 -292557.11 -305210.77  4.33%  12.1 1470s
 161069 152283 -294910.23 1580 6014 -292557.11 -305210.77  4.33%  12.1 1475s
 162566 153676 -305101.52   67 8566 -292557.11 -305198.51  4.32%  12.1 1480s
 163897 155124 -304635.12  190 8377 -292557.11 -305198.51  4.32%  12.1 1485s
 165307 156322 infeasible  333      -292557.11 -305197.20  4.32%  12.1 1490s
 166650 157805 -304770.96  138 8383 -292557.11 -305196.85  4.32%  12.1 1495s
 168202 159461 -304338.72  194 8252 -292557.11 -305195.72  4.32%  12.1 1501s
 169603 160635 -304109.43  237 8232 -292557.11 -305194.81  4.32%  12.1 1505s
 171063 162082 -301031.92  790 7543 -292557.11 -305194.81  4.32%  12.0 1510s
 172039 163237 -299208.31 1151 7035 -292557.11 -305194.81  4.32%  12.0 1515s
 174128 165175 -295005.19 1993 5941 -292557.11 -305194.81  4.32%  12.0 1521s
 175348 166305 -304663.01  152 8319 -292557.11 -305194.42  4.32%  11.9 1525s
 176494 167441 -301731.12  562 7673 -292557.11 -305194.42  4.32%  12.0 1530s
 178000 169472 -304522.49  173 8292 -292557.11 -305193.83  4.32%  12.0 1537s
 179709 170701 -303891.67  270 8194 -292557.11 -305193.83  4.32%  11.9 1541s
 181058 172044 -301315.71  688 7635 -292557.11 -305193.83  4.32%  11.9 1545s
 182594 173298 -299009.62 1154 7029 -292557.11 -305193.82  4.32%  11.9 1550s
 183927 174577 -304931.20   97 8378 -292557.11 -305193.76  4.32%  11.9 1556s
 184991 175547 -304182.06  242 8229 -292557.11 -305193.76  4.32%  11.9 1560s
 186270 177035 -303699.45  317 8122 -292557.11 -305193.73  4.32%  11.9 1565s
 187527 178319 -303345.59  354 8080 -292557.11 -305193.73  4.32%  11.9 1570s
 188989 179813 -303047.08  399 8011 -292557.11 -305193.73  4.32%  11.9 1576s
 190194 180912 -302792.86  436 7935 -292557.11 -305193.73  4.32%  11.9 1580s
 191663 182200 -303122.09  359 7919 -292557.11 -305193.73  4.32%  11.8 1585s
 193551 184220 -298864.71  993 6903 -292557.11 -305193.73  4.32%  11.8 1591s
 195025 185509 -295491.02 1506 6089 -292557.11 -305193.73  4.32%  11.8 1596s
 196089 186741 -293170.79 1866 5522 -292557.11 -305193.73  4.32%  11.7 1600s
 197587 188117 -304376.87  213 8249 -292557.11 -305193.73  4.32%  11.7 1605s
 198073 188130 -303220.71  358 8117 -292557.11 -305193.73  4.32%  11.7 1618s
 198086 188428 -303155.41  368 8075 -292557.11 -305193.73  4.32%  11.7 1620s
 198578 189054 -302385.26  497 7913 -292557.11 -305193.73  4.32%  11.7 1626s
 199738 190323 -300184.08  932 7322 -292557.11 -305193.73  4.32%  11.7 1631s
 201033 191653 -298043.43 1344 6784 -292557.11 -305193.73  4.32%  11.7 1636s
 202545 193004 -295352.48 1899 6047 -292557.11 -305193.73  4.32%  11.7 1641s
 204005 194359 -292701.44 2482 5327 -292557.11 -305193.73  4.32%  11.6 1646s
 205144 195345 -304330.99  223 8326 -292557.11 -305193.73  4.32%  11.6 1650s
 206725 196998 -300305.32  767 7257 -292557.11 -305193.73  4.32%  11.6 1656s
 208042 198408 -297090.21 1252 6533 -292557.11 -305193.73  4.32%  11.6 1660s
 209563 200103 -293751.90 1773 5644 -292557.11 -305193.73  4.32%  11.6 1667s
 210506 200899 -305084.20   62 8528 -292557.11 -305193.73  4.32%  11.6 1671s
 212083 202341 -304469.40  200 8250 -292557.11 -305193.18  4.32%  11.5 1676s
 213018 203318 -302597.38  473 7910 -292557.11 -305193.18  4.32%  11.5 1680s
 214919 205020 -299371.67 1116 7060 -292557.11 -305192.96  4.32%  11.5 1686s
 215866 206059 -297827.42 1429 6632 -292557.11 -305192.96  4.32%  11.5 1691s
 216993 206964 -305123.01   50 8569 -292557.11 -305192.86  4.32%  11.5 1695s
 218090 208073 -304597.66  128 8319 -292557.11 -305192.86  4.32%  11.5 1701s
 219227 209250 -304434.56  210 8236 -292557.11 -305192.74  4.32%  11.5 1706s
 220053 210572 -302714.05  449 7957 -292557.11 -305192.74  4.32%  11.5 1711s
 221518 211629 -300496.08  887 7336 -292557.11 -305192.74  4.32%  11.5 1716s
 222461 212445 -298636.71 1258 6827 -292557.11 -305192.74  4.32%  11.5 1720s
 223479 213247 -296855.78 1613 6413 -292557.11 -305192.74  4.32%  11.4 1735s
 224500 214406 -304429.86  184 8257 -292557.11 -305192.74  4.32%  11.4 1741s
 225828 215837 -305011.20   80 8382 -292557.11 -305192.62  4.32%  11.4 1746s
 227027 216829 -304161.18  253 8205 -292557.11 -305192.62  4.32%  11.4 1750s
 228240 218014 -303592.75  335 8148 -292557.11 -305192.62  4.32%  11.4 1756s
 229444 219209 -303003.47  392 8065 -292557.11 -305192.53  4.32%  11.4 1760s
 230626 220789 -302711.94  434 8019 -292557.11 -305192.53  4.32%  11.4 1767s
 231697 221724 -302511.44  471 7914 -292557.11 -305192.53  4.32%  11.4 1771s
 232768 222784 -302294.59  501 7849 -292557.11 -305192.53  4.32%  11.3 1776s
 233864 223547 infeasible  538      -292557.11 -305192.53  4.32%  11.3 1788s
 234104 223867 -302137.81  538 7815 -292557.11 -305192.53  4.32%  11.3 1790s
 235194 224913 -301829.55  581 7769 -292557.11 -305192.51  4.32%  11.3 1795s
 236252 225839 -301608.56  615 7742 -292557.11 -305192.51  4.32%  11.3 1800s
 236812 226458 -301535.65  631 7667 -292557.11 -305192.51  4.32%  11.3 1806s
 237470 227262 -301424.15  652 7624 -292557.11 -305192.51  4.32%  11.3 1810s
 238778 228454 -301237.69  690 7579 -292557.11 -305192.51  4.32%  11.3 1816s
 239772 229440 -304155.28  231 8190 -292557.11 -305192.48  4.32%  11.3 1820s
 241043 230964 -300888.99  756 7536 -292557.11 -305192.48  4.32%  11.3 1827s
 242030 231810 -300722.91  781 7499 -292557.11 -305192.42  4.32%  11.3 1831s
 243330 232923 -300518.76  827 7445 -292557.11 -305192.42  4.32%  11.3 1836s
 244024 233792 -300464.96  847 7411 -292557.11 -305192.42  4.32%  11.3 1840s
 244529 234067 -300400.89  860 7384 -292557.11 -305192.42  4.32%  11.3 1853s
 244804 234213 -300362.08  862 7382 -292557.11 -305192.42  4.32%  11.3 1869s
 244950 234587 -300343.24  865 7381 -292557.11 -305192.42  4.32%  11.3 1871s
 245834 235554 -300201.16  900 7342 -292557.11 -305192.42  4.32%  11.3 1875s
 247298 237121 -299977.17  948 7267 -292557.11 -305192.38  4.32%  11.2 1881s
 248222 237654 -299823.79  973 7215 -292557.11 -305192.34  4.32%  11.2 1885s
 249399 239119 -299729.18  992 7182 -292557.11 -305192.34  4.32%  11.2 1892s
 250533 240180 -299603.97 1021 7132 -292557.11 -305192.34  4.32%  11.2 1896s
 251554 241550 -299540.92 1035 7105 -292557.11 -305192.34  4.32%  11.2 1901s
 252705 242418 -299411.71 1066 7078 -292557.11 -305192.34  4.32%  11.2 1905s
 253798 243332 -299299.96 1085 7059 -292557.11 -305192.29  4.32%  11.2 1911s
 254748 244124 -299205.90 1109 7023 -292557.11 -305192.29  4.32%  11.2 1921s
 255386 244853 -299148.58 1121 7013 -292557.11 -305192.29  4.32%  11.2 1926s
 256297 245719 -299076.39 1141 6989 -292557.11 -305192.28  4.32%  11.2 1930s
 257217 246111 -298986.32 1159 6984 -292557.11 -305192.28  4.32%  11.2 1942s
 257471 246633 -298868.33 1173 6964 -292557.11 -305192.07  4.32%  11.2 1945s
 258297 247608 -298773.53 1199 6929 -292557.11 -305192.07  4.32%  11.2 1951s
 259418 248585 -298677.51 1209 6915 -292557.11 -305192.07  4.32%  11.2 1955s
 260831 250271 -298514.12 1250 6843 -292557.11 -305191.83  4.32%  11.2 1962s
 261869 251462 -298410.13 1269 6805 -292557.11 -305191.79  4.32%  11.1 1968s
 262680 251801 -298349.79 1275 6802 -292557.11 -305191.72  4.32%  11.1 1970s
 263827 252977 -298236.02 1295 6765 -292557.11 -305191.66  4.32%  11.1 1975s
 264953 254030 -298166.53 1308 6751 -292557.11 -305191.62  4.32%  11.1 1981s
 265488 254437 -298118.87 1321 6728 -292557.11 -305191.62  4.32%  11.1 1986s
 266263 255358 -298037.20 1333 6707 -292557.11 -305191.62  4.32%  11.1 1990s
 267057 256150 -297965.39 1363 6671 -292557.11 -305191.62  4.32%  11.1 1995s
 268321 257504 -297901.33 1375 6649 -292557.11 -305191.62  4.32%  11.1 2001s
 269265 258408 -297859.44 1381 6643 -292557.11 -305191.62  4.32%  11.1 2006s
 270143 258908 -297774.12 1401 6611 -292557.11 -305191.58  4.32%  11.1 2010s
 271154 259870 -297674.80 1429 6589 -292557.11 -305191.58  4.32%  11.1 2016s
 271682 260769 -297626.02 1438 6557 -292557.11 -305191.58  4.32%  11.1 2020s
 272778 261678 -297507.62 1462 6524 -292557.11 -305191.55  4.32%  11.1 2026s
 273358 262476 -297428.02 1478 6506 -292557.11 -305191.55  4.32%  11.1 2031s
 274018 262596 -297388.73 1485 6488 -292557.11 -305191.55  4.32%  11.1 2051s
 274138 262738 -297375.56 1486 6485 -292557.11 -305191.55  4.32%  11.1 2055s
 274282 263082 -297345.04 1487 6485 -292557.11 -305191.55  4.32%  11.1 2060s
 275191 264419 -297268.76 1505 6455 -292557.11 -305191.55  4.32%  11.1 2066s
 275983 264809 -297216.51 1520 6436 -292557.11 -305191.55  4.32%  11.1 2078s
 276389 265528 -297166.08 1531 6412 -292557.11 -305191.55  4.32%  11.1 2081s
 277310 266018 -297089.76 1550 6398 -292557.11 -305191.47  4.32%  11.0 2086s
 278290 267113 -296972.93 1578 6342 -292557.11 -305191.47  4.32%  11.1 2091s
 279295 268259 -296907.65 1590 6355 -292557.11 -305191.47  4.32%  11.0 2096s
 280581 269383 -296822.30 1619 6307 -292557.11 -305191.47  4.32%  11.0 2101s
 281458 270120 -296777.80 1632 6300 -292557.11 -305191.47  4.32%  11.0 2106s
 282374 270938 -296696.39 1645 6282 -292557.11 -305191.41  4.32%  11.0 2111s
 283511 272072 -296584.55 1664 6260 -292557.11 -305191.41  4.32%  11.0 2116s
 284510 272902 -296565.23 1684 6241 -292557.11 -305191.41  4.32%  11.0 2121s
 285381 273836 -296474.41 1697 6228 -292557.11 -305191.41  4.32%  11.0 2125s
 286346 274799 -296432.42 1721 6163 -292557.11 -305191.41  4.32%  11.0 2130s
 287296 275727 -296367.74 1736 6141 -292557.11 -305191.41  4.32%  11.0 2135s
 288171 276342 -296275.53 1749 6143 -292557.11 -305191.39  4.32%  11.0 2152s
 288367 276554 -296239.82 1758 6132 -292557.11 -305191.38  4.32%  11.0 2157s
 288579 276886 -296182.96 1766 6131 -292557.11 -305191.38  4.32%  11.0 2160s
 289731 278020 -296059.88 1794 6079 -292557.11 -305191.38  4.32%  11.0 2166s
 290362 278843 -295999.10 1811 6074 -292557.11 -305191.38  4.32%  11.0 2170s
 290880 279020 -295956.36 1815 6066 -292557.11 -305191.38  4.32%  10.9 2180s
 291618 280055 -295896.91 1833 6035 -292557.11 -305191.37  4.32%  10.9 2186s
 292230 280673 -295787.08 1856 5963 -292557.11 -305191.37  4.32%  10.9 2190s
 293048 281264 -295673.53 1889 5910 -292557.11 -305191.32  4.32%  10.9 2195s
 293347 281562 -295623.32 1905 5894 -292557.11 -305191.32  4.32%  10.9 2211s
 293649 282706 -295593.58 1911 5897 -292557.11 -305191.32  4.32%  10.9 2215s
 295131 283164 -295452.52 1944 5855 -292557.11 -305191.32  4.32%  10.9 2242s
 295269 283657 -295449.06 1944 5866 -292557.11 -305191.32  4.32%  10.9 2245s
 296211 284665 -295332.70 1970 5788 -292557.11 -305191.32  4.32%  10.9 2250s
 296776 284976 -295300.12 1982 5771 -292557.11 -305191.32  4.32%  10.9 2264s
 297089 285147 -295230.91 1987 5738 -292557.11 -305191.32  4.32%  10.9 2266s
 297691 286122 -295215.34 1995 5725 -292557.11 -305191.32  4.32%  10.9 2271s
 298792 287220 -295156.84 2009 5718 -292557.11 -305191.32  4.32%  10.9 2276s
 299854 288150 -295067.02 2021 5715 -292557.11 -305191.32  4.32%  10.9 2281s
 300328 288416 -295024.54 2032 5690 -292557.11 -305191.32  4.32%  10.9 2299s
 300647 288663 -294978.62 2046 5665 -292557.11 -305191.32  4.32%  10.9 2305s
 301383 289677 -294948.30 2050 5662 -292557.11 -305191.32  4.32%  10.9 2310s
 302309 290638 -294857.10 2075 5625 -292557.11 -305191.32  4.32%  10.9 2315s
 303220 291353 -294731.04 2104 5600 -292557.11 -305191.30  4.32%  10.9 2320s
 303780 291903 -304015.10  217 8151 -292557.11 -305191.30  4.32%  10.9 2325s
 304885 292984 -294576.86 2139 5568 -292557.11 -305191.30  4.32%  10.9 2332s
 305347 293476 -294555.12 2147 5551 -292557.11 -305191.23  4.32%  10.9 2335s
 305841 293538 -294498.98 2161 5544 -292557.11 -305191.23  4.32%  10.9 2354s
 305919 293759 -294491.69 2163 5554 -292557.11 -305191.23  4.32%  10.9 2357s
 306142 294070 -294466.39 2165 5537 -292557.11 -305191.23  4.32%  10.9 2361s
 306453 294423 -294441.83 2168 5534 -292557.11 -305191.23  4.32%  10.9 2365s
 307175 295025 -294357.53 2187 5518 -292557.11 -305191.23  4.32%  10.9 2384s
 307422 295526 -294325.50 2200 5496 -292557.11 -305191.23  4.32%  10.9 2387s
 308288 296411 -294271.29 2212 5479 -292557.11 -305191.23  4.32%  10.9 2392s
 308846 296847 -294194.18 2226 5433 -292557.11 -305191.23  4.32%  10.9 2395s
 309621 297519 -294142.54 2238 5420 -292557.11 -305191.16  4.32%  10.9 2400s
 309968 297800 -294118.23 2245 5409 -292557.11 -305191.16  4.32%  10.9 2414s
 310255 298315 -294102.44 2245 5405 -292557.11 -305191.16  4.32%  10.9 2416s
 311100 299168 -294035.23 2258 5380 -292557.11 -305191.15  4.32%  10.9 2422s
 312176 300001 -293965.39 2274 5356 -292557.11 -305191.15  4.32%  10.9 2428s
 312498 300470 -293953.50 2281 5351 -292557.11 -305191.14  4.32%  10.9 2430s
 313299 301236 -293867.42 2301 5378 -292557.11 -305191.14  4.32%  10.9 2435s
 314201 302229 -293662.06 2338 5337 -292557.11 -305191.14  4.32%  10.8 2441s
 315242 303192 -293547.26 2358 5312 -292557.11 -305191.14  4.32%  10.8 2446s
 315801 303483 infeasible  625      -292557.11 -305191.12  4.32%  10.8 2450s
 316363 304158 -304893.91  116 8396 -292557.11 -305191.12  4.32%  10.8 2455s
 317268 305279 -293274.49 2414 5267 -292557.11 -305191.12  4.32%  10.8 2460s
 317848 305363 -293223.27 2425 5251 -292557.11 -305191.12  4.32%  10.8 2478s
 317964 305595 -293204.59 2432 5216 -292557.11 -305191.11  4.32%  10.8 2482s
 318200 305908 -293160.81 2437 5212 -292557.11 -305191.11  4.32%  10.8 2488s
 318531 306185 -293144.81 2445 5210 -292557.11 -305191.11  4.32%  10.8 2492s
 318824 306688 -293113.90 2449 5201 -292557.11 -305191.11  4.32%  10.8 2495s
 319764 307530 -292999.44 2471 5180 -292557.11 -305191.11  4.32%  10.8 2502s
 320227 308143 -292936.64 2481 5172 -292557.11 -305191.03  4.32%  10.8 2505s
 321494 309200 -292850.53 2513 5122 -292557.11 -305191.03  4.32%  10.8 2512s
 321923 309646 -292826.35 2519 5115 -292557.11 -305191.03  4.32%  10.8 2515s
 322371 309907 -292777.09 2527 5103 -292557.11 -305191.03  4.32%  10.8 2531s
 323104 310840 -292707.34 2537 5091 -292557.11 -305191.03  4.32%  10.8 2537s
 323603 311461 -292680.21 2543 5079 -292557.11 -305191.03  4.32%  10.8 2540s
 324900 312515 -305189.77   29 8632 -292557.11 -305191.03  4.32%  10.8 2548s
 325393 313334 -304522.11  152 8238 -292557.11 -305191.03  4.32%  10.8 2552s
 326212 313984 -303352.47  367 7991 -292557.11 -305191.03  4.32%  10.8 2555s
 327262 314918 -301201.70  667 7670 -292557.11 -305191.03  4.32%  10.8 2561s
 328180 315276 -305097.27   61 8633 -292557.11 -305191.03  4.32%  10.8 2585s
 328485 315843 -304751.72  142 8425 -292557.11 -305191.03  4.32%  10.8 2592s
 328823 316186 -304439.81  185 8347 -292557.11 -305191.03  4.32%  10.8 2596s
 329660 316965 -303665.61  339 8158 -292557.11 -305191.03  4.32%  10.8 2603s
 329967 317156 -303514.87  372 8085 -292557.11 -305191.03  4.32%  10.8 2605s
 330637 317773 -303201.06  423 8041 -292557.11 -305191.03  4.32%  10.8 2613s
 330791 318252 -303095.00  434 8025 -292557.11 -305191.03  4.32%  10.8 2616s
 331798 319110 -302729.06  484 7981 -292557.11 -305191.03  4.32%  10.8 2621s
 332617 319826 -302524.85  511 7959 -292557.11 -305190.82  4.32%  10.8 2626s
 333321 320662 -302344.53  536 7928 -292557.11 -305190.82  4.32%  10.8 2632s
 334088 321547 -302122.80  570 7854 -292557.11 -305190.82  4.32%  10.8 2637s
 334969 322096 -301883.87  595 7825 -292557.11 -305190.82  4.32%  10.7 2642s
 335162 322907 -301888.62  600 7817 -292557.11 -305190.82  4.32%  10.7 2646s
 336098 323379 -301655.19  637 7771 -292557.11 -305190.82  4.32%  10.7 2651s
 336982 324137 -301516.76  661 7749 -292557.11 -305190.82  4.32%  10.7 2656s
 337203 324534 -301511.80  666 7737 -292557.11 -305190.82  4.32%  10.7 2660s
 337943 324899 -301388.44  691 7707 -292557.11 -305190.81  4.32%  10.7 2690s
 338459 325613 -301305.61  701 7697 -292557.11 -305190.81  4.32%  10.7 2711s
 339082 326350 -301186.73  726 7647 -292557.11 -305190.81  4.32%  10.7 2717s
 339809 327063 -301052.83  746 7615 -292557.11 -305190.81  4.32%  10.7 2722s
 340204 327370 -300999.48  757 7589 -292557.11 -305190.81  4.32%  10.7 2725s
 340985 328204 -300877.73  782 7553 -292557.11 -305190.81  4.32%  10.7 2731s
 341367 328536 -300853.62  786 7542 -292557.11 -305190.81  4.32%  10.7 2736s
 341703 328878 -300805.09  792 7540 -292557.11 -305190.81  4.32%  10.7 2740s
 342579 329698 infeasible  828      -292557.11 -305190.81  4.32%  10.7 2747s
 342953 329888 -304995.52   85 8534 -292557.11 -305190.81  4.32%  10.7 2750s
 343143 330084 -304878.16  107 8499 -292557.11 -305190.81  4.32%  10.7 2772s
 343343 330607 -304562.20  151 8389 -292557.11 -305190.81  4.32%  10.7 2776s
 343876 330927 -303599.58  311 8235 -292557.11 -305190.81  4.32%  10.7 2780s
 344848 331953 -301380.48  631 7846 -292557.11 -305190.81  4.32%  10.7 2787s
 345302 332450 -305183.08   28 8774 -292557.11 -305190.81  4.32%  10.7 2790s
 346439 333282 -303600.59  310 8200 -292557.11 -305190.81  4.32%  10.7 2803s
 346675 333574 -303039.92  406 8035 -292557.11 -305190.81  4.32%  10.7 2808s
 346967 334281 -302155.40  521 7908 -292557.11 -305190.81  4.32%  10.7 2812s
 347678 334560 infeasible  783      -292557.11 -305190.81  4.32%  10.7 2816s
 348493 335573 -304533.32  172 8376 -292557.11 -305190.66  4.32%  10.7 2822s
 349008 335892 -303999.70  253 8270 -292557.11 -305190.66  4.32%  10.7 2837s
 349329 336411 -303772.49  308 8184 -292557.11 -305190.66  4.32%  10.7 2840s
 350198 337275 -303252.78  405 8054 -292557.11 -305190.66  4.32%  10.7 2846s
 351203 337927 -302752.32  474 7986 -292557.11 -305190.66  4.32%  10.7 2870s
 351783 338527 -302564.67  511 7958 -292557.11 -305190.66  4.32%  10.7 2896s
 352488 339350 -302349.86  537 7915 -292557.11 -305190.66  4.32%  10.7 2902s
 352821 339811 -302233.61  548 7895 -292557.11 -305190.66  4.32%  10.7 2905s
 353618 340554 -301818.34  597 7845 -292557.11 -305190.66  4.32%  10.7 2912s
 354083 340882 infeasible  619      -292557.11 -305190.66  4.32%  10.7 2916s
 354582 341408 -303501.53  320 8162 -292557.11 -305190.66  4.32%  10.7 2920s
 354973 341736 -304033.12  220 8306 -292557.11 -305190.66  4.32%  10.7 2941s
 355301 342164 infeasible  291      -292557.11 -305190.59  4.32%  10.7 2945s
 356323 343272 -303840.18  262 8249 -292557.11 -305190.59  4.32%  10.7 2954s
 356879 343523 -302873.68  439 8051 -292557.11 -305190.59  4.32%  10.7 2956s
 357136 344273 -302408.85  493 7943 -292557.11 -305190.59  4.32%  10.7 2960s
 358044 344697 -305142.50   48 8717 -292557.11 -305190.59  4.32%  10.7 2986s
 358346 345390 -304892.09  125 8566 -292557.11 -305190.59  4.32%  10.7 2990s
 359051 345537 infeasible  287      -292557.11 -305190.50  4.32%  10.7 3010s
 359683 346301 -304633.89  153 8404 -292557.11 -305190.48  4.32%  10.7 3035s
 360582 347207 -305171.47   26 8799 -292557.11 -305190.44  4.32%  10.7 3042s
 360928 347722 -304797.07  105 8503 -292557.11 -305190.44  4.32%  10.7 3045s
 362017 348576 infeasible  377      -292557.11 -305190.44  4.32%  10.7 3053s
 362381 349076 -304932.70   93 8539 -292557.11 -305190.41  4.32%  10.7 3056s
 363028 349448 -304470.00  177 8365 -292557.11 -305190.41  4.32%  10.7 3078s
 363313 349748 -304040.99  235 8250 -292557.11 -305190.41  4.32%  10.7 3084s
 363613 350207 -303751.54  287 8228 -292557.11 -305190.41  4.32%  10.7 3088s
 364072 350680 -303337.37  390 8068 -292557.11 -305190.41  4.32%  10.7 3092s
 364545 351102 -303040.19  440 7974 -292557.11 -305190.41  4.32%  10.7 3095s
 365418 352042 -302603.99  512 7899 -292557.11 -305190.41  4.32%  10.7 3101s
 366241 352739 -305010.13   73 8595 -292557.11 -305190.41  4.32%  10.7 3107s
 366748 353219 -304173.10  203 8325 -292557.11 -305190.41  4.32%  10.7 3116s
 367268 354006 -303185.33  349 8106 -292557.11 -305190.41  4.32%  10.7 3121s
 368574 354790 -300433.01  716 7717 -292557.11 -305190.22  4.32%  10.7 3127s
 368907 355166 -305016.13   73 8678 -292557.11 -305190.12  4.32%  10.7 3130s
 369283 355170 -304671.46  168 8512 -292557.11 -305190.12  4.32%  10.7 3177s
 369287 355317 -304670.32  169 8507 -292557.11 -305190.12  4.32%  10.7 3189s
 369434 355649 -304667.35  170 8504 -292557.11 -305190.12  4.32%  10.7 3192s
 369786 355934 -304667.10  171 8504 -292557.11 -305190.12  4.32%  10.7 3197s
 370075 356050 -304663.37  172 8502 -292557.11 -305190.12  4.32%  10.7 3212s
 370207 356274 -304663.01  173 8504 -292557.11 -305190.12  4.32%  10.7 3216s
 370439 356662 -304490.51  203 8431 -292557.11 -305190.12  4.32%  10.7 3223s
 370831 356837 -303706.66  332 8240 -292557.11 -305190.12  4.32%  10.7 3228s
 371006 357345 -303324.03  389 8133 -292557.11 -305190.12  4.32%  10.7 3232s
 371518 357993 -302137.35  524 7833 -292557.11 -305190.12  4.32%  10.7 3236s
 372168 358648 -300540.74  733 7465 -292557.11 -305190.12  4.32%  10.7 3240s
 373122 359516 -298810.15 1005 7043 -292557.11 -305190.12  4.32%  10.7 3248s
 373725 359994 -297666.83 1184 6718 -292557.11 -305190.12  4.32%  10.7 3252s
 374275 360599 -296579.33 1335 6462 -292557.11 -305190.12  4.32%  10.7 3257s
 374955 361046 -294986.10 1587 6067 -292557.11 -305190.01  4.32%  10.7 3260s
 375969 362044 -292588.03 1961 5431 -292557.11 -305190.01  4.32%  10.7 3267s
 376461 362687 -305042.24   71 8596 -292557.11 -305190.01  4.32%  10.7 3271s
 377104 363291 -304258.77  207 8320 -292557.11 -305190.01  4.32%  10.7 3276s
 378214 364458 -302519.60  491 7927 -292557.11 -305190.01  4.32%  10.7 3283s
 378901 364960 -301178.99  676 7731 -292557.11 -305189.97  4.32%  10.7 3287s
 379475 365238 -305174.64   29 8760 -292557.11 -305189.94  4.32%  10.7 3290s
 380141 366195 -304628.56  177 8453 -292557.11 -305189.92  4.32%  10.7 3297s
 380730 366328 -303888.23  299 8251 -292557.11 -305189.92  4.32%  10.7 3307s
 380891 366475 -303431.31  378 8157 -292557.11 -305189.92  4.32%  10.7 3310s
 381038 366710 -302826.98  450 8001 -292557.11 -305189.92  4.32%  10.7 3315s
 381273 366959 -301939.69  558 7738 -292557.11 -305189.92  4.32%  10.7 3321s
 381522 367281 -300895.89  685 7492 -292557.11 -305189.92  4.32%  10.7 3327s
 381923 367897 -299719.63  853 7254 -292557.11 -305189.92  4.32%  10.7 3333s
 382460 368611 -298722.37 1018 6996 -292557.11 -305189.92  4.32%  10.7 3337s
 383174 369254 -297296.33 1229 6619 -292557.11 -305189.92  4.32%  10.7 3341s
 383821 369948 -296034.88 1427 6307 -292557.11 -305189.92  4.32%  10.7 3345s
 385133 371204 -293599.48 1810 5669 -292557.11 -305189.92  4.32%  10.7 3353s
 385845 371400 -292579.25 1957 5417 -292557.11 -305189.92  4.32%  10.7 3358s
 386095 371764 -304992.33   73 8569 -292557.11 -305189.92  4.32%  10.7 3360s
 386769 372331 -304532.34  163 8376 -292557.11 -305189.92  4.32%  10.7 3365s
 387354 373350 -304011.07  231 8229 -292557.11 -305189.92  4.32%  10.7 3373s
 388065 373780 -303542.27  311 8167 -292557.11 -305189.92  4.32%  10.7 3376s
 388929 374465 -302979.19  453 7954 -292557.11 -305189.92  4.32%  10.7 3382s
 389180 374880 -302864.78  482 7916 -292557.11 -305189.92  4.32%  10.7 3385s
 390011 375564 -302361.73  534 7861 -292557.11 -305189.92  4.32%  10.7 3390s
 390721 376250 -302024.42  584 7787 -292557.11 -305189.92  4.32%  10.7 3396s
 390979 376466 -301949.00  592 7777 -292557.11 -305189.92  4.32%  10.7 3423s
 391195 376729 -301892.39  599 7760 -292557.11 -305189.92  4.32%  10.7 3430s
 391938 377557 -301525.75  648 7630 -292557.11 -305189.92  4.32%  10.7 3436s
 392690 378323 -301382.50  679 7641 -292557.11 -305189.92  4.32%  10.7 3443s
 393062 378692 -301382.51  680 7643 -292557.11 -305189.92  4.32%  10.7 3446s
 393439 378998 -301162.39  701 7637 -292557.11 -305189.92  4.32%  10.7 3450s
 394038 379636 -301000.43  725 7610 -292557.11 -305189.92  4.32%  10.7 3457s
 394389 380185 -300927.65  735 7604 -292557.11 -305189.92  4.32%  10.7 3460s
 395433 380940 -300680.69  783 7538 -292557.11 -305189.92  4.32%  10.7 3467s
 395707 381264 -300609.83  792 7532 -292557.11 -305189.92  4.32%  10.7 3471s
 396522 382174 -300415.53  838 7469 -292557.11 -305189.92  4.32%  10.7 3477s
 396951 382495 -300343.58  845 7458 -292557.11 -305189.92  4.32%  10.7 3481s
 397698 383307 -300222.89  864 7426 -292557.11 -305189.92  4.32%  10.7 3489s
 398102 383818 -300193.89  868 7424 -292557.11 -305189.92  4.32%  10.7 3494s
 398621 384276 -300064.47  886 7410 -292557.11 -305189.92  4.32%  10.7 3498s
 399089 384768 -299956.97  906 7382 -292557.11 -305189.92  4.32%  10.7 3502s
 399583 385099 -299840.39  921 7382 -292557.11 -305189.92  4.32%  10.7 3506s
 400449 385989 -299661.44  959 7311 -292557.11 -305189.92  4.32%  10.7 3517s
 400834 386289 -299604.96  968 7301 -292557.11 -305189.92  4.32%  10.7 3524s
 401144 386818 -299568.32  973 7301 -292557.11 -305189.92  4.32%  10.7 3531s
 401677 386831 -299498.01  989 7278 -292557.11 -305189.92  4.32%  10.7 3542s
 401690 387166 -299498.90  990 7276 -292557.11 -305189.92  4.32%  10.7 3547s
 402033 387617 -299447.05  998 7265 -292557.11 -305189.92  4.32%  10.7 3551s
 403012 388520 -299292.96 1022 7205 -292557.11 -305189.92  4.32%  10.7 3558s
 403425 388888 infeasible 1037      -292557.11 -305189.92  4.32%  10.7 3562s
 403815 389367 -299170.10 1048 7175 -292557.11 -305189.92  4.32%  10.7 3566s
 404302 389736 -299126.49 1055 7157 -292557.11 -305189.92  4.32%  10.7 3570s
 405094 390488 -299017.77 1069 7131 -292557.11 -305189.92  4.32%  10.7 3578s
 405445 390969 -298981.77 1079 7110 -292557.11 -305189.92  4.32%  10.7 3582s
 405936 391037 -298929.17 1091 7096 -292557.11 -305189.92  4.32%  10.7 3603s

Cutting planes:
  Gomory: 700
  Lift-and-project: 18
  Cover: 1066
  MIR: 5214
  Mixing: 1
  StrongCG: 2099
  Flow cover: 719
  GUB cover: 86
  Zero half: 313
  RLT: 1
  Relax-and-lift: 446

Explored 406008 nodes (4394668 simplex iterations) in 3604.09 seconds (2805.71 work units)
Thread count was 4 (of 28 available processors)

Solution count 10: -292557 -292553 -292552 ... -292454

Time limit reached
Best objective -2.925571090209e+05, best bound -3.051899190808e+05, gap 4.3181%

User-callback calls 1133070, time in user-callback 3.60 sec
