
Gurobi 13.0.1 (win64) logging started Wed Oct  7 01:15:38 2026

Set parameter LogFile to value "results/source_summaries/3d/R08/gurobi_extensive.log"
Gurobi Optimizer version 13.0.1 build v13.0.1rc0 (win64 - Windows 11+.0 (26200.2))

CPU model: Intel(R) Core(TM) i7-14650HX, instruction set [SSE2|AVX|AVX2]
Thread count: 16 physical cores, 24 logical processors, using up to 4 threads

Non-default parameters:
TimeLimit  1800
IntFeasTol  1e-06
MIPGap  0.0005
Heuristics  0.2
Cuts  2
Presolve  2
Seed  1
Threads  4

Optimize a model with 5170 rows, 9129 columns and 20060 nonzeros (Min)
Model fingerprint: 0xcea15ff4
Model has 3964 linear objective coefficients
Variable types: 5163 continuous, 3966 integer (3963 binary)
Coefficient statistics:
  Matrix range     [1e-01, 4e+01]
  Objective range  [2e+00, 5e+01]
  Bounds range     [1e-01, 3e+01]
  RHS range        [1e+00, 7e+01]

Found heuristic solution: objective 0.0000000
Presolve removed 436 rows and 5164 columns
Presolve time: 0.13s
Presolved: 4734 rows, 3965 columns, 13981 nonzeros
Variable types: 111 continuous, 3854 integer (3631 binary)
Root relaxation presolve removed 1 rows and 1 columns
Root relaxation presolved: 4733 rows, 3964 columns, 13978 nonzeros


Root relaxation: objective -2.650576e+04, 1801 iterations, 0.06 seconds (0.10 work units)

    Nodes    |    Current Node    |     Objective Bounds      |     Work
 Expl Unexpl |  Obj  Depth IntInf | Incumbent    BestBd   Gap | It/Node Time

     0     0 -26505.759    0  516    0.00000 -26505.759      -     -    0s
H    0     0                    -21753.58238 -26505.759  21.8%     -    0s
H    0     0                    -22205.66679 -26505.759  19.4%     -    0s
H    0     0                    -22298.06207 -26505.759  18.9%     -    0s
H    0     0                    -22395.73505 -26505.759  18.4%     -    0s
H    0     0                    -22565.19141 -26505.759  17.5%     -    0s
H    0     0                    -22588.83175 -26505.759  17.3%     -    0s
H    0     0                    -22592.92105 -26195.567  15.9%     -    0s
H    0     0                    -22613.01215 -26195.567  15.8%     -    0s
H    0     0                    -22613.99717 -26195.567  15.8%     -    0s
H    0     0                    -22684.86512 -26195.567  15.5%     -    0s
H    0     0                    -22758.70545 -26195.567  15.1%     -    0s
     0     0 -26193.428    0  940 -22758.705 -26193.428  15.1%     -    0s
H    0     0                    -22860.52060 -26193.428  14.6%     -    0s
H    0     0                    -22911.65097 -25939.252  13.2%     -    0s
H    0     0                    -22929.01333 -25939.252  13.1%     -    0s
H    0     0                    -22936.16253 -25939.252  13.1%     -    0s
H    0     0                    -22954.82332 -25939.252  13.0%     -    0s
H    0     0                    -22963.06657 -25939.252  13.0%     -    0s
H    0     0                    -23012.30578 -25939.252  12.7%     -    0s
H    0     0                    -23049.88888 -25939.252  12.5%     -    0s
H    0     0                    -23068.35539 -25939.252  12.4%     -    0s
H    0     0                    -23086.56223 -25939.252  12.4%     -    0s
H    0     0                    -23092.43632 -25939.252  12.3%     -    0s
H    0     0                    -23095.58649 -25939.252  12.3%     -    0s
     0     0 -25830.509    0 1300 -23095.586 -25830.509  11.8%     -    0s
     0     0 -25804.403    0 1342 -23095.586 -25804.403  11.7%     -    0s
     0     0 -25804.403    0 1350 -23095.586 -25804.403  11.7%     -    0s
     0     0 -25804.403    0 1351 -23095.586 -25804.403  11.7%     -    0s
H    0     0                    -23102.26522 -25787.625  11.6%     -    0s
H    0     0                    -23108.36192 -25787.625  11.6%     -    0s
H    0     0                    -23123.14299 -25787.625  11.5%     -    0s
H    0     0                    -23127.05069 -25787.625  11.5%     -    0s
H    0     0                    -23134.24677 -25787.625  11.5%     -    0s
     0     0 -25738.650    0 1500 -23134.247 -25738.650  11.3%     -    0s
     0     0 -25734.837    0 1500 -23134.247 -25734.837  11.2%     -    0s
     0     0 -25734.837    0 1495 -23134.247 -25734.837  11.2%     -    0s
H    0     0                    -23136.13353 -25734.837  11.2%     -    1s
H    0     0                    -23138.08738 -25734.837  11.2%     -    1s
H    0     0                    -23173.07395 -25734.837  11.1%     -    1s
H    0     0                    -23176.15321 -25734.837  11.0%     -    1s
H    0     0                    -23182.75689 -25734.837  11.0%     -    1s
H    0     2                    -23185.79241 -25734.837  11.0%     -    1s
     0     2 -25734.837    0 1493 -23185.792 -25734.837  11.0%     -    1s
H    8    12                    -23189.43678 -25719.754  10.9%   695    1s
H   11    28                    -23199.64469 -25719.754  10.9%   975    1s
H   38    45                    -23206.86821 -25719.754  10.8%   346    1s
H   38    45                    -23208.72982 -25719.754  10.8%   346    1s
H  105   114                    -23210.84275 -25719.754  10.8%   130    2s
H  158   162                    -23212.96018 -25719.754  10.8%  90.3    2s
H  163   174                    -23213.98581 -25719.754  10.8%  87.8    2s
H  220   227                    -23223.15044 -25719.754  10.8%  67.3    2s
H  224   227                    -23226.22762 -25719.754  10.7%  66.2    2s
H  287   291                    -23229.31339 -25719.754  10.7%  53.5    2s
H  346   351                    -23230.35057 -25719.754  10.7%  45.7    2s
H  347   351                    -23233.22754 -25719.754  10.7%  45.6    2s
H  420   425                    -23234.26472 -25719.754  10.7%  38.9    2s
H  421   425                    -23235.27880 -25719.754  10.7%  38.9    2s
H  499   503                    -23236.31598 -25719.754  10.7%  34.2    3s
H  553   566                    -23237.35316 -25719.754  10.7%  31.5    3s
H  564   566                    -23239.42751 -25719.754  10.7%  31.3    3s
H  628   640                    -23244.63954 -25719.754  10.6%  29.0    3s
H  908   911                    -23246.69913 -25719.754  10.6%  21.9    3s
H  910   928                    -23247.72893 -25719.754  10.6%  21.8    3s
  1974  2062 -24142.322  136  145 -23247.729 -25480.538  9.60%  15.3    5s
H 2552  2354                    -23249.82761 -24846.960  6.87%  14.5    9s
  2554  2355 -24452.023   11 2276 -23249.828 -24846.960  6.87%  14.5   10s
  2561  2360 -23370.532  131 2480 -23249.828 -24846.960  6.87%  14.4   15s
  2565  2363 -23859.159    9 2513 -23249.828 -24618.291  5.89%  14.4   21s
  2567  2364 -23869.122    5 2460 -23249.828 -24475.120  5.27%  14.4   25s
  2595  2404 -24336.303   22  579 -23249.828 -24475.120  5.27%  41.9   30s
  3757  3231 -23841.465  176  112 -23249.828 -24475.120  5.27%  36.9   35s
  6078  4695 -24033.058  128  194 -23249.828 -24438.338  5.11%  27.8   40s
 12252  9782 -23472.450  203  163 -23249.828 -24342.875  4.70%  16.0   45s
 21455 18978 -24071.792   50  190 -23249.828 -24309.446  4.56%  11.1   50s
 39247 34053 -23799.757  100  131 -23249.828 -24272.576  4.40%   8.4   55s
 56930 49858 -23473.204  188  163 -23249.828 -24255.984  4.33%   7.2   60s
 73405 65172 -24023.938  105  115 -23249.828 -24237.392  4.25%   6.7   65s
 77815 68814 -23542.667  117  136 -23249.828 -24235.495  4.24%   6.6   70s
 85104 75912 -24111.243   64  232 -23249.828 -24231.506  4.22%   6.4   75s
 101661 90322 -23263.846  204   71 -23249.828 -24220.946  4.18%   6.2   80s
 118333 105879 -23720.066  132   88 -23249.828 -24214.477  4.15%   6.0   85s
 120035 107205 -23633.019  137   86 -23249.828 -24214.347  4.15%   6.0   90s
 126520 113300 -23297.860  189   69 -23249.828 -24211.239  4.14%   5.9   95s
 136307 122022 -23526.103  163   71 -23249.828 -24207.464  4.12%   5.9  100s
 148504 132834 -23939.131   89   92 -23249.828 -24203.392  4.10%   5.8  105s
 165048 147701 -23550.922  102   88 -23249.828 -24197.636  4.08%   5.7  110s
 180729 161878 -23994.185  114   88 -23249.828 -24194.115  4.06%   5.6  115s
 197893 177256 -23647.676  116   96 -23249.828 -24191.055  4.05%   5.6  120s
 213915 191821 -23372.321  189  168 -23249.828 -24188.251  4.04%   5.5  125s
 231265 207431 -23826.833  100   96 -23249.828 -24184.459  4.02%   5.5  130s
 246726 221146 -23344.912  194   63 -23249.828 -24181.475  4.01%   5.5  135s
 262165 234867 infeasible  242      -23249.828 -24178.789  4.00%   5.4  140s
 276496 247506 -24038.763   40  218 -23249.828 -24176.400  3.99%   5.4  145s
 292229 261414 -23350.794  196   54 -23249.828 -24173.464  3.97%   5.3  150s
 305291 273592 -23414.081  185  145 -23249.828 -24172.325  3.97%   5.3  155s
 317864 284859 -23676.448   80   96 -23249.828 -24170.782  3.96%   5.3  160s
 331888 297241 -23517.594  139   81 -23249.828 -24168.903  3.95%   5.3  165s
 343753 307783 -24013.429   54  117 -23249.828 -24166.800  3.94%   5.2  170s
 356110 318626 -23867.765   91  107 -23249.828 -24165.217  3.94%   5.2  175s
 367575 328800 -24023.479   61  107 -23249.828 -24163.982  3.93%   5.2  180s
 378596 338586 -23943.953   49  146 -23249.828 -24162.693  3.93%   5.2  185s
 390069 349001 -23681.280  121   80 -23249.828 -24161.616  3.92%   5.2  190s
 395540 353493 -23919.204   68  152 -23249.828 -24160.836  3.92%   5.2  195s
 397248 355160 -23898.285   83  133 -23249.828 -24160.816  3.92%   5.2  200s
 403553 361079 -23791.777   97   98 -23249.828 -24160.294  3.92%   5.2  205s
 413020 369491 -23794.890   95  169 -23249.828 -24159.230  3.91%   5.2  210s
 424901 380323 -23303.232  190  161 -23249.828 -24158.241  3.91%   5.2  215s
 435771 389895 -24031.081   55  192 -23249.828 -24157.286  3.90%   5.2  220s
 446653 399674 -23755.087  115   87 -23249.828 -24156.566  3.90%   5.1  225s
 456514 408770 -23517.879  185  121 -23249.828 -24155.883  3.90%   5.1  230s
 466752 417784 -23309.209  168  160 -23249.828 -24154.869  3.89%   5.1  235s
 476764 426722 -23585.469  114   89 -23249.828 -24153.776  3.89%   5.1  240s
H480209 429133                    -23256.80448 -24153.591  3.86%   5.1  241s
H481667 371370                    -23362.34387 -24153.293  3.39%   5.1  242s
H483108 356150                    -23389.01655 -24153.192  3.27%   5.1  243s
H484309 351611                    -23398.37408 -24152.949  3.22%   5.1  244s
H485647 351945                    -23400.36174 -24152.860  3.22%   5.1  245s
H485808 341551                    -23416.93678 -24152.802  3.14%   5.1  245s
H486300 340967                    -23418.89196 -24152.791  3.13%   5.1  245s
*487103 338756             188    -23423.53808 -24152.691  3.11%   5.1  245s
*487255 338555             183    -23423.90903 -24152.691  3.11%   5.1  245s
*487261 334717             182    -23430.53240 -24152.691  3.08%   5.1  246s
 495317 342149 -23538.512  141   87 -23430.532 -24152.093  3.08%   5.1  250s
 505115 350850 -23641.765  130   81 -23430.532 -24151.194  3.08%   5.1  255s
 514749 359384 -23906.442   86   74 -23430.532 -24150.453  3.07%   5.1  260s
H521235 344849                    -23463.53290 -24149.682  2.92%   5.1  264s
H521331 342548                    -23467.48074 -24149.682  2.91%   5.1  264s
H521611 336735                    -23476.66090 -24149.682  2.87%   5.1  264s
 522229 337672 -23920.368   79   97 -23476.661 -24149.524  2.87%   5.1  265s
 530692 345007 -23842.232  100   84 -23476.661 -24148.428  2.86%   5.1  270s
 539149 352920 -23501.332  153    9 -23476.661 -24147.539  2.86%   5.1  275s
 547833 360430 infeasible  138      -23476.661 -24146.466  2.85%   5.1  280s
 557500 368929 -23547.429  139   78 -23476.661 -24145.213  2.85%   5.1  285s
 567486 377798 -23622.905  134  175 -23476.661 -24144.280  2.84%   5.1  290s
 576215 385308 -23950.059   80   89 -23476.661 -24142.917  2.84%   5.1  295s
 585968 394285 -23655.210  116   87 -23476.661 -24141.559  2.83%   5.1  300s
 596040 402888 -23907.128   86   87 -23476.661 -24140.097  2.83%   5.1  305s
 604420 410517 -23564.245  179   83 -23476.661 -24139.226  2.82%   5.0  310s
 614548 419217 -23942.150   67  111 -23476.661 -24138.068  2.82%   5.0  315s
 624975 428567 -23831.296   88  108 -23476.661 -24137.058  2.81%   5.0  320s
 634183 436791 -23701.424  103   75 -23476.661 -24136.257  2.81%   5.0  325s
 643706 445452 -24018.037   76  103 -23476.661 -24135.447  2.81%   5.0  330s
 653142 453655 -23683.013  109   78 -23476.661 -24134.623  2.80%   5.0  335s
 661125 460885     cutoff  158      -23476.661 -24133.871  2.80%   5.0  340s
 670081 468876 -23926.258   77   93 -23476.661 -24133.020  2.80%   5.0  345s
 679303 476955 -23488.698  144   77 -23476.661 -24132.363  2.79%   5.0  350s
 688472 484804 -23794.474   90   92 -23476.661 -24131.385  2.79%   5.0  355s
 697089 492615 -23822.533   98   80 -23476.661 -24130.704  2.79%   5.0  360s
 703978 498715 -23865.786   74  102 -23476.661 -24130.111  2.78%   5.0  365s
 711818 505517 -23732.068  107   88 -23476.661 -24129.460  2.78%   5.0  370s
 719857 512705 -23599.059  120   86 -23476.661 -24128.931  2.78%   5.0  375s
 727521 519393 -23943.804   85  159 -23476.661 -24128.294  2.78%   5.0  380s
 733160 524422 -23727.848  104   95 -23476.661 -24127.881  2.77%   5.0  385s
 741097 531232 -23577.717  190   67 -23476.661 -24127.246  2.77%   5.0  390s
 748482 537739 -23647.248  120   89 -23476.661 -24126.674  2.77%   5.0  395s
 755610 544315 -23933.223   73  115 -23476.661 -24126.253  2.77%   5.0  400s
 762708 550820 -23591.544   98  172 -23476.661 -24125.771  2.76%   5.1  405s
 769358 556469 -23561.027   98   74 -23476.661 -24125.216  2.76%   5.1  410s
 772695 562650 -23665.515  131   81 -23476.661 -24124.887  2.76%   5.1  424s
 776695 565390 -23989.381   64  127 -23476.661 -24124.542  2.76%   5.1  428s
 781394 567556 -23816.150   93   91 -23476.661 -24124.108  2.76%   5.1  430s
 788675 573939 -23496.775  117  164 -23476.661 -24123.757  2.76%   5.1  435s
 795790 580347 -23669.860  125   65 -23476.661 -24123.320  2.75%   5.1  440s
 801947 585887 -23884.498   81   88 -23476.661 -24122.882  2.75%   5.1  445s
 808787 591991 -23897.223   73   83 -23476.661 -24122.495  2.75%   5.1  450s
 815054 597398 -23874.442  104   92 -23476.661 -24122.092  2.75%   5.1  455s
 821359 603195 -23599.851  130   85 -23476.661 -24121.600  2.75%   5.1  460s
 827147 608070 -23939.465   74   89 -23476.661 -24121.186  2.75%   5.1  465s
 833632 613987 -23580.037  125   72 -23476.661 -24120.787  2.74%   5.1  470s
 839851 619445 -24021.031   53  167 -23476.661 -24120.356  2.74%   5.1  475s
 845095 623817 -24029.067   35 1580 -23476.661 -24120.011  2.74%   5.1  480s
 850396 628781 -24041.014   36  268 -23476.661 -24119.567  2.74%   5.1  485s
 856150 633942 -23983.958   79  109 -23476.661 -24119.234  2.74%   5.1  490s
 862277 639091 -23558.850  142   70 -23476.661 -24118.744  2.73%   5.1  495s
 868570 644820 -23892.119   72  107 -23476.661 -24118.386  2.73%   5.1  500s
 874616 650384 -23997.539   54  176 -23476.661 -24117.996  2.73%   5.1  505s
 880231 655314 -23494.162  156   76 -23476.661 -24117.620  2.73%   5.1  510s
 886198 660643 -23714.576  122   58 -23476.661 -24117.191  2.73%   5.1  515s
 892016 665622 -23540.383   99  433 -23476.661 -24116.755  2.73%   5.1  520s
 897924 670914 -23820.447   61  101 -23476.661 -24116.460  2.73%   5.1  525s
 903458 676002 -23514.570  158   58 -23476.661 -24116.268  2.72%   5.1  530s
 909244 680950 -23822.957  106   84 -23476.661 -24115.928  2.72%   5.1  535s
 914631 685834 -23981.188   69   98 -23476.661 -24115.718  2.72%   5.1  540s
 920040 690521 -23682.681  101   70 -23476.661 -24115.313  2.72%   5.1  545s
 925808 695425 -23624.731  130   73 -23476.661 -24114.895  2.72%   5.1  550s
 931014 700245 -23998.068   57  133 -23476.661 -24114.572  2.72%   5.1  555s
 936938 705300 -23936.999   89   92 -23476.661 -24114.119  2.72%   5.1  560s
 942233 710221 -24048.674   36  262 -23476.661 -24113.804  2.71%   5.1  565s
 948239 715789 -24018.221   53  145 -23476.661 -24113.546  2.71%   5.1  570s
 953780 720659 -23804.116  119   97 -23476.661 -24113.316  2.71%   5.1  575s
 958935 725439 -23742.703  120   51 -23476.661 -24113.162  2.71%   5.1  580s
 964480 730249 -23577.818  140   73 -23476.661 -24112.778  2.71%   5.1  585s
 969768 735057 infeasible  156      -23476.661 -24112.518  2.71%   5.1  590s
 974986 739402 infeasible  121      -23476.661 -24112.144  2.71%   5.1  595s
 980324 744112 -24047.131   57  113 -23476.661 -24111.812  2.71%   5.1  600s
 985784 749051 -23660.981   84  120 -23476.661 -24111.448  2.70%   5.1  605s
 990936 753513 -23801.458   87   82 -23476.661 -24111.180  2.70%   5.1  610s
 995691 757936 -23611.349  129   86 -23476.661 -24111.018  2.70%   5.1  615s
 1001182 762792 -23545.337  139   65 -23476.661 -24110.727  2.70%   5.1  620s
 1006288 767348 -23738.484   99  177 -23476.661 -24110.366  2.70%   5.1  625s
 1010960 771349 -23874.905   85   94 -23476.661 -24110.210  2.70%   5.1  630s
 1015376 775489     cutoff  163      -23476.661 -24110.041  2.70%   5.1  635s
 1020282 779697 -23766.613  107  102 -23476.661 -24109.763  2.70%   5.1  640s
 1025471 784151 -23531.697  143  144 -23476.661 -24109.431  2.70%   5.1  645s
 1030037 788241 -23959.076   66  160 -23476.661 -24109.211  2.69%   5.1  650s
 1034945 792608 -23656.573  123   72 -23476.661 -24108.953  2.69%   5.1  655s
 1039745 797069 -23513.498  145  161 -23476.661 -24108.793  2.69%   5.1  660s
 1044182 801016 -24034.070   38  199 -23476.661 -24108.545  2.69%   5.1  665s
 1048708 805183 -24041.483   39  219 -23476.661 -24108.284  2.69%   5.1  670s
 1053237 809056 -23902.048   88  101 -23476.661 -24107.894  2.69%   5.1  675s
 1058058 813250 -23813.052   89  117 -23476.661 -24107.570  2.69%   5.1  680s
 1062991 817759 -23497.397  193  111 -23476.661 -24107.370  2.69%   5.1  685s
 1067437 821419 -23629.734  131  159 -23476.661 -24107.076  2.69%   5.1  690s
 1071025 824586 -23917.637   91 1373 -23476.661 -24106.926  2.68%   5.1  695s
 1074536 827967 -23698.792  214 1054 -23476.661 -24106.678  2.68%   5.1  700s
 1079156 832142 -23882.395   77   90 -23476.661 -24106.411  2.68%   5.1  705s
 1083729 835744 -24006.658   54  154 -23476.661 -24106.197  2.68%   5.1  710s
 1087677 839355 -23507.542  163  140 -23476.661 -24106.062  2.68%   5.1  715s
 1091178 842274 -23784.814  101  103 -23476.661 -24105.888  2.68%   5.1  720s
 1094640 845648 -23833.577   92   89 -23476.661 -24105.735  2.68%   5.1  725s
 1099385 850069 -23508.265  126  179 -23476.661 -24105.505  2.68%   5.1  730s
 1103871 853868 -23922.100  100  115 -23476.661 -24105.318  2.68%   5.1  735s
 1107764 857516 -23989.929   54  165 -23476.661 -24105.206  2.68%   5.1  740s
 1112286 861470 -23880.240   76  102 -23476.661 -24104.925  2.68%   5.1  745s
 1116912 865440     cutoff  128      -23476.661 -24104.678  2.68%   5.1  750s
 1120850 869054 -23907.644   78  112 -23476.661 -24104.471  2.67%   5.1  755s
 1125481 872945 -23903.135   67  468 -23476.661 -24104.289  2.67%   5.1  760s
 1129359 876447 -24026.069   39  219 -23476.661 -24104.155  2.67%   5.1  765s
 1133639 880279 -23659.153  171   66 -23476.661 -24103.956  2.67%   5.1  770s
 1138114 884162 -23616.407   95  171 -23476.661 -24103.801  2.67%   5.1  775s
 1142320 887921 -23493.161  139   96 -23476.661 -24103.563  2.67%   5.1  780s
 1146733 891652 -24020.225   43  180 -23476.661 -24103.370  2.67%   5.1  785s
 1150728 895169 -23660.727  125   79 -23476.661 -24103.168  2.67%   5.1  790s
 1154849 898810 -23785.282   96   65 -23476.661 -24102.951  2.67%   5.1  795s
 1159240 902624 -23700.770  101  162 -23476.661 -24102.786  2.67%   5.1  800s
 1163243 906072 -23592.877  121   86 -23476.661 -24102.616  2.67%   5.1  805s
 1167688 910068 infeasible  129      -23476.661 -24102.446  2.67%   5.1  810s
 1172046 913753     cutoff  141      -23476.661 -24102.217  2.66%   5.1  815s
 1175965 917460 -23914.401  101  140 -23476.661 -24102.133  2.66%   5.1  820s
 1179964 921112 infeasible  122      -23476.661 -24101.913  2.66%   5.1  825s
 1184123 924706 -23487.776  152   84 -23476.661 -24101.776  2.66%   5.1  830s
 1188074 928202 -23856.241   66  224 -23476.661 -24101.563  2.66%   5.1  835s
 1192008 931711 -23487.423  113   82 -23476.661 -24101.432  2.66%   5.1  840s
 1195982 935014 -23896.492   87  101 -23476.661 -24101.110  2.66%   5.1  845s
 1199673 938665 -23826.385   99   96 -23476.661 -24101.054  2.66%   5.1  850s
 1203702 942121 -24005.110   62  111 -23476.661 -24100.790  2.66%   5.1  855s
 1207446 945175 -23937.430   75  116 -23476.661 -24100.665  2.66%   5.1  860s
 1211427 948919 -23630.998  110   76 -23476.661 -24100.589  2.66%   5.1  865s
 1215218 952224 -23525.739  155  178 -23476.661 -24100.471  2.66%   5.1  870s
 1218859 955425 -23920.871   71  115 -23476.661 -24100.281  2.66%   5.1  875s
 1222779 958870 -23570.897  104  105 -23476.661 -24100.127  2.66%   5.1  880s
 1226583 962310 -23811.577   88   88 -23476.661 -24099.944  2.65%   5.1  885s
 1230515 965693 -23498.901  147   58 -23476.661 -24099.777  2.65%   5.1  890s
 1234242 968856 -23489.405  140   67 -23476.661 -24099.636  2.65%   5.1  895s
 1237898 972112 -23892.211   80  103 -23476.661 -24099.462  2.65%   5.1  900s
 1241628 975304 -23767.524   94   95 -23476.661 -24099.322  2.65%   5.1  905s
 1244902 978400 -23491.018  128  211 -23476.661 -24099.149  2.65%   5.1  910s
 1248916 981826 -23714.629  101   83 -23476.661 -24098.953  2.65%   5.1  915s
 1252395 984832 -23706.696  118   89 -23476.661 -24098.822  2.65%   5.1  920s
 1256021 988010 -23925.303   39  165 -23476.661 -24098.718  2.65%   5.1  925s
 1259518 991127 infeasible  165      -23476.661 -24098.599  2.65%   5.1  930s
 1262957 994250 -23642.769  117   83 -23476.661 -24098.485  2.65%   5.1  935s
 1266445 997117 -23575.168  105   83 -23476.661 -24098.373  2.65%   5.1  940s
 1269894 1000242 -23732.049   93   79 -23476.661 -24098.280  2.65%   5.1  945s
 1273118 1002885 -24000.819   65  150 -23476.661 -24098.192  2.65%   5.1  950s
 1276354 1005999 -23982.766   67  120 -23476.661 -24098.068  2.65%   5.1  955s
 1280058 1009013 -23804.470   83  207 -23476.661 -24097.909  2.65%   5.1  960s
 1283287 1011975 -23606.982  130   77 -23476.661 -24097.837  2.65%   5.1  965s
 1286342 1014601 -23711.434  101   92 -23476.661 -24097.764  2.65%   5.1  970s
 1289661 1017709 -23951.829   55  144 -23476.661 -24097.616  2.64%   5.1  975s
 1293286 1020731 -23891.907   72   94 -23476.661 -24097.468  2.64%   5.1  980s
 1296889 1023964 -23605.760  147   77 -23476.661 -24097.416  2.64%   5.1  985s
 1300139 1026874 -23577.500  126   91 -23476.661 -24097.250  2.64%   5.1  990s
 1303252 1029571 -23485.884   96   90 -23476.661 -24097.108  2.64%   5.1  995s
 1307166 1032808 -23609.848  120   89 -23476.661 -24096.959  2.64%   5.1 1000s
 1310149 1035383 -23981.834   30  276 -23476.661 -24096.855  2.64%   5.1 1005s
 1313576 1038590 -23823.981   79  102 -23476.661 -24096.746  2.64%   5.1 1010s
 1317096 1041538 -23890.568   77  153 -23476.661 -24096.643  2.64%   5.1 1015s
 1320353 1044365 -23989.933   59  138 -23476.661 -24096.498  2.64%   5.1 1020s
 1323410 1047104     cutoff  145      -23476.661 -24096.386  2.64%   5.2 1025s
 1326853 1049917 -23530.341  101   95 -23476.661 -24096.226  2.64%   5.2 1030s
 1329668 1052339 -23588.070  109  175 -23476.661 -24096.141  2.64%   5.2 1035s
 1332975 1055257 -23637.144  138   47 -23476.661 -24096.016  2.64%   5.2 1040s
 1335511 1057676 -23873.084   79  114 -23476.661 -24095.939  2.64%   5.2 1045s
 1338913 1060584 -23810.196  110  110 -23476.661 -24095.777  2.64%   5.2 1050s
 1341265 1062609 -23939.147   73  112 -23476.661 -24095.669  2.64%   5.2 1055s
 1344549 1065494 infeasible  123      -23476.661 -24095.587  2.64%   5.2 1060s
 1348037 1068394 -23561.494   91   86 -23476.661 -24095.444  2.64%   5.2 1065s
 1350764 1070623 -23657.866   88   81 -23476.661 -24095.329  2.64%   5.2 1070s
 1353487 1073224 -23661.599  107   88 -23476.661 -24095.252  2.63%   5.2 1075s
 1356837 1076142 -23954.385   52  142 -23476.661 -24095.141  2.63%   5.2 1080s
 1359643 1078648 -23916.103   75  109 -23476.661 -24095.044  2.63%   5.2 1085s
 1362660 1081084 -23932.869   72  174 -23476.661 -24094.916  2.63%   5.2 1090s
 1365619 1083752 -23668.601  104   84 -23476.661 -24094.809  2.63%   5.2 1095s
 1368815 1086452 -23961.599   39  212 -23476.661 -24094.699  2.63%   5.2 1100s
 1371851 1089071 -23580.275  120   85 -23476.661 -24094.558  2.63%   5.2 1105s
 1374527 1091584 -23982.489   46  187 -23476.661 -24094.481  2.63%   5.2 1110s
 1377875 1094613 -23588.446  123   67 -23476.661 -24094.389  2.63%   5.2 1115s
 1381065 1097309     cutoff  145      -23476.661 -24094.188  2.63%   5.2 1120s
 1384022 1100020 -23841.044  144  103 -23476.661 -24094.088  2.63%   5.2 1125s
 1387148 1102819 -23548.290  153  135 -23476.661 -24093.967  2.63%   5.2 1130s
 1389748 1104875 -23564.562  121  177 -23476.661 -24093.849  2.63%   5.2 1135s
 1392672 1107552 -23933.956   82  146 -23476.661 -24093.774  2.63%   5.2 1140s
 1395693 1110095 -23621.202  116   81 -23476.661 -24093.641  2.63%   5.2 1145s
 1398755 1112543 -23587.938  101  162 -23476.661 -24093.497  2.63%   5.2 1150s
 1401020 1114698 -23618.550  124   76 -23476.661 -24093.369  2.63%   5.2 1155s
 1403591 1117155 -23973.504   81  110 -23476.661 -24093.272  2.63%   5.2 1160s
 1406561 1119422 -23890.457   72  106 -23476.661 -24093.184  2.63%   5.2 1165s
 1409283 1121919 -23518.490  121   83 -23476.661 -24093.106  2.63%   5.2 1170s
 1412453 1124747 -23488.631  152   53 -23476.661 -24093.001  2.63%   5.2 1175s
 1415475 1127333 -23916.910   98  141 -23476.661 -24092.880  2.62%   5.2 1180s
 1418312 1129778     cutoff  156      -23476.661 -24092.775  2.62%   5.2 1185s
 1421090 1132117     cutoff  158      -23476.661 -24092.702  2.62%   5.2 1190s
 1424014 1134770 -23528.115  135   71 -23476.661 -24092.616  2.62%   5.2 1195s
 1426726 1137070 -23760.348   91  109 -23476.661 -24092.479  2.62%   5.2 1200s
 1429435 1139443     cutoff  148      -23476.661 -24092.315  2.62%   5.2 1205s
 1432648 1141920 -23955.745   50  205 -23476.661 -24092.180  2.62%   5.2 1210s
 1435338 1144353 -23695.148  110  163 -23476.661 -24092.077  2.62%   5.2 1215s
 1437648 1146487 -23628.648  107   89 -23476.661 -24092.023  2.62%   5.2 1220s
 1440390 1149076 -23593.210  117   77 -23476.661 -24091.943  2.62%   5.2 1225s
 1443578 1151731 -23965.306   50  171 -23476.661 -24091.808  2.62%   5.2 1230s
 1446249 1153890 -23685.757   93  129 -23476.661 -24091.717  2.62%   5.2 1235s
 1448935 1156551 -23908.016   70  183 -23476.661 -24091.578  2.62%   5.2 1240s
 1451496 1158663 infeasible  134      -23476.661 -24091.482  2.62%   5.2 1245s
 1453834 1160777 infeasible  137      -23476.661 -24091.423  2.62%   5.2 1250s
 1456905 1163390 -23856.289   90   87 -23476.661 -24091.279  2.62%   5.2 1255s
 1459198 1165617 -23493.069  137   94 -23476.661 -24091.167  2.62%   5.2 1260s
 1462184 1168108 -23570.134  133  182 -23476.661 -24091.101  2.62%   5.2 1265s
 1465248 1170680 -23615.319  106  159 -23476.661 -24090.986  2.62%   5.2 1270s
 1467816 1172893 -23525.847  117  196 -23476.661 -24090.895  2.62%   5.2 1275s
 1470492 1175181 -23573.333  134  152 -23476.661 -24090.793  2.62%   5.2 1280s
 1472855 1177498 -23509.337  137   51 -23476.661 -24090.742  2.62%   5.2 1285s
 1475642 1179776 -23583.476  138   84 -23476.661 -24090.671  2.62%   5.2 1290s
 1477916 1181916 -23984.251   73   90 -23476.661 -24090.606  2.62%   5.2 1295s
 1480451 1183910 -23576.878  122   84 -23476.661 -24090.529  2.61%   5.2 1300s
 1482863 1186223 -23497.892  113   84 -23476.661 -24090.452  2.61%   5.2 1305s
 1485833 1188585     cutoff  140      -23476.661 -24090.346  2.61%   5.2 1310s
 1486242 1188804 -23978.831   35  255 -23476.661 -24090.334  2.61%   5.2 1315s
 1488424 1190798 -23954.838   69  145 -23476.661 -24090.266  2.61%   5.2 1320s
 1490789 1192923 -23851.650   70  148 -23476.661 -24090.186  2.61%   5.2 1325s
 1493524 1195464 -23494.466  139  180 -23476.661 -24090.090  2.61%   5.2 1330s
 1496182 1197652 -23814.870   69  224 -23476.661 -24089.982  2.61%   5.2 1335s
 1498622 1199673 -23963.229   40  217 -23476.661 -24089.887  2.61%   5.2 1340s
 1501189 1202039 -24013.073   40  281 -23476.661 -24089.783  2.61%   5.2 1345s
 1503905 1204241 -23969.054   73  108 -23476.661 -24089.738  2.61%   5.2 1350s
 1506333 1206304 -23844.648   86   99 -23476.661 -24089.645  2.61%   5.2 1355s
 1509209 1208522     cutoff  141      -23476.661 -24089.548  2.61%   5.2 1360s
 1511567 1210848     cutoff  122      -23476.661 -24089.443  2.61%   5.2 1365s
 1514179 1213097 -23995.697   37  217 -23476.661 -24089.320  2.61%   5.2 1370s
 1517024 1215375 -23895.289   60  179 -23476.661 -24089.233  2.61%   5.2 1375s
 1519456 1217530 -23494.149  117   93 -23476.661 -24089.207  2.61%   5.2 1380s
 1521960 1219734 -23548.549  131   33 -23476.661 -24089.111  2.61%   5.2 1385s
 1524302 1221846 -23813.609   78   89 -23476.661 -24088.990  2.61%   5.2 1390s
 1526741 1223907 -23893.089   62  116 -23476.661 -24088.887  2.61%   5.2 1395s
 1529310 1226149 -23680.389   99  121 -23476.661 -24088.832  2.61%   5.2 1400s
 1531994 1228497 -23514.857  152  150 -23476.661 -24088.715  2.61%   5.2 1405s
 1534229 1230454 -24044.604   24 1630 -23476.661 -24088.634  2.61%   5.2 1410s
 1534835 1230882 -24029.517   33 1579 -23476.661 -24088.634  2.61%   5.2 1415s
 1536784 1232818 -23851.835  116 1285 -23476.661 -24088.634  2.61%   5.2 1421s
 1539154 1234878 -23810.863   73  160 -23476.661 -24088.532  2.61%   5.2 1425s
 1541809 1237401 -23551.282  149   78 -23476.661 -24088.484  2.61%   5.2 1431s
 1544003 1239148 -23969.565   60  140 -23476.661 -24088.425  2.61%   5.2 1435s
 1546565 1241156 -23542.459  139   65 -23476.661 -24088.353  2.61%   5.2 1440s
 1548711 1243217 -23517.310  163   64 -23476.661 -24088.317  2.61%   5.2 1445s
 1550641 1244965 -23502.349  149   87 -23476.661 -24088.239  2.61%   5.2 1450s
 1553611 1247476 -23665.741  116   81 -23476.661 -24088.164  2.60%   5.2 1455s
 1555413 1249409 -23985.350   46  151 -23476.661 -24088.120  2.60%   5.2 1460s
 1558328 1251907 -23936.971   60  184 -23476.661 -24088.044  2.60%   5.2 1465s
 1560731 1254036 -23578.202  136   32 -23476.661 -24087.968  2.60%   5.2 1470s
 1563399 1256379 -23494.421  145   43 -23476.661 -24087.913  2.60%   5.2 1475s
 1565643 1258303 -23948.717   84   91 -23476.661 -24087.790  2.60%   5.2 1480s
 1568508 1260799 -23645.426   94  173 -23476.661 -24087.703  2.60%   5.2 1485s
 1571156 1262959 -23922.665   76  104 -23476.661 -24087.635  2.60%   5.2 1490s
 1572593 1263971 -23537.410  134   79 -23476.661 -24087.615  2.60%   5.2 1496s
 1573409 1265118 -23915.776   80   82 -23476.661 -24087.595  2.60%   5.2 1500s
 1575620 1267219 -23557.835   78   99 -23476.661 -24087.566  2.60%   5.2 1505s
 1578070 1269156 -23570.105  108   91 -23476.661 -24087.421  2.60%   5.2 1510s
 1580297 1271261     cutoff  140      -23476.661 -24087.361  2.60%   5.2 1515s
 1582702 1273198 -23975.241   51  139 -23476.661 -24087.302  2.60%   5.2 1520s
 1584513 1274848 -23784.404  114   68 -23476.661 -24087.234  2.60%   5.2 1525s
 1587299 1277347     cutoff  162      -23476.661 -24087.125  2.60%   5.2 1530s
 1589311 1278951 -23603.314  110  181 -23476.661 -24087.055  2.60%   5.2 1535s
 1591639 1281246     cutoff  128      -23476.661 -24087.019  2.60%   5.2 1540s
 1593901 1283161 -23600.819  130  173 -23476.661 -24086.973  2.60%   5.2 1545s
 1595742 1284943 -23587.194  122   93 -23476.661 -24086.948  2.60%   5.2 1550s
 1598482 1287117 -23698.865   90   86 -23476.661 -24086.873  2.60%   5.2 1555s
 1600432 1288980 -23913.116   60  176 -23476.661 -24086.862  2.60%   5.2 1560s
 1602588 1290864 -23938.937   50  176 -23476.661 -24086.819  2.60%   5.2 1565s
 1605297 1293272 -23958.833   52  142 -23476.661 -24086.733  2.60%   5.3 1571s
 1607384 1295037 -23936.472   51  206 -23476.661 -24086.648  2.60%   5.3 1575s
 1609430 1296795     cutoff  158      -23476.661 -24086.605  2.60%   5.2 1580s
 1611607 1298898 -23509.979  156   72 -23476.661 -24086.577  2.60%   5.3 1585s
 1613549 1300620 -23590.157  124   93 -23476.661 -24086.481  2.60%   5.3 1590s
 1616096 1302737 -23864.279   84   88 -23476.661 -24086.411  2.60%   5.2 1596s
 1617881 1304349 -23769.179   66  136 -23476.661 -24086.353  2.60%   5.2 1600s
 1620410 1306563 -23909.821   94  120 -23476.661 -24086.266  2.60%   5.2 1605s
 1622601 1308369     cutoff  134      -23476.661 -24086.187  2.60%   5.3 1610s
 1624752 1310322 -23807.142   86  221 -23476.661 -24086.136  2.60%   5.3 1615s
 1625989 1314514 -23823.027  105   73 -23476.661 -24086.099  2.60%   5.3 1648s
 1629989 1316236 -23566.049  144  169 -23476.661 -24086.043  2.60%   5.3 1655s
 1632014 1317560 -23503.192  141   22 -23476.661 -24085.973  2.60%   5.3 1660s
 1634864 1319775 -23551.153  124   84 -23476.661 -24085.906  2.60%   5.3 1665s
 1637462 1321469 -23931.120   44  240 -23476.661 -24085.788  2.59%   5.3 1670s
 1639784 1323461 -23573.501  119  189 -23476.661 -24085.718  2.59%   5.3 1675s
 1641840 1325152 -23666.365   97   90 -23476.661 -24085.669  2.59%   5.3 1680s
 1643738 1327071 -23936.594   64  113 -23476.661 -24085.613  2.59%   5.3 1685s
 1645997 1328712 -23496.328  130   74 -23476.661 -24085.568  2.59%   5.3 1690s
 1648136 1330864 -23640.025  111   75 -23476.661 -24085.515  2.59%   5.3 1696s
 1650171 1332627 -23965.440   85   98 -23476.661 -24085.430  2.59%   5.3 1700s
 1652211 1334366 -23533.084  137   86 -23476.661 -24085.389  2.59%   5.3 1705s
 1654386 1336190 -23630.529  141   72 -23476.661 -24085.312  2.59%   5.3 1710s
 1656602 1338105 -23921.090   74   90 -23476.661 -24085.225  2.59%   5.3 1715s
 1658702 1340256     cutoff  147      -23476.661 -24085.222  2.59%   5.3 1721s
 1660560 1342036 -23974.399   59  134 -23476.661 -24085.189  2.59%   5.3 1725s
 1662892 1343752 -23674.881  108   79 -23476.661 -24085.136  2.59%   5.3 1730s
 1664610 1345379 -23541.690  123   67 -23476.661 -24085.117  2.59%   5.3 1735s
 1667326 1347556 -23598.835  121   93 -23476.661 -24085.008  2.59%   5.3 1741s
 1668862 1348966 -23520.627  143   66 -23476.661 -24084.940  2.59%   5.3 1745s
 1671163 1350894     cutoff   90      -23476.661 -24084.901  2.59%   5.3 1750s
 1673269 1352876 -23535.720  131   79 -23476.661 -24084.850  2.59%   5.3 1756s
 1675244 1354437 -23772.464   81  100 -23476.661 -24084.803  2.59%   5.3 1760s
 1677422 1356410 -23674.421  108   73 -23476.661 -24084.768  2.59%   5.3 1766s
 1679316 1358098 -23660.268  120   74 -23476.661 -24084.702  2.59%   5.3 1771s
 1681212 1359609 -23855.544   77  108 -23476.661 -24084.657  2.59%   5.3 1775s
 1683098 1361251 -23749.205  109   98 -23476.661 -24084.624  2.59%   5.3 1780s
 1685543 1363455 -23545.129  128   83 -23476.661 -24084.578  2.59%   5.3 1785s
 1687572 1365217 -23921.012   96   88 -23476.661 -24084.523  2.59%   5.3 1790s
 1689548 1366828 -23793.794   81  104 -23476.661 -24084.474  2.59%   5.3 1795s

Cutting planes:
  Gomory: 12
  Cover: 338
  Projected implied bound: 103
  Clique: 1417
  MIR: 1329
  StrongCG: 404
  Flow cover: 297
  Inf proof: 2
  Zero half: 115
  RLT: 4
  Relax-and-lift: 496
  BQP: 8

Explored 1691875 nodes (8903168 simplex iterations) in 1800.09 seconds (1201.22 work units)
Thread count was 4 (of 24 available processors)

Solution count 10: -23476.7 -23467.5 -23463.5 ... -23398.4

Time limit reached
Best objective -2.347666089597e+04, best bound -2.408442844399e+04, gap 2.5888%

User-callback calls 3555514, time in user-callback 5.11 sec
