
Gurobi 13.0.1 (win64) logging started Wed Oct  7 18:46:12 2026

Set parameter LogFile to value "results/source_summaries/2d/B0480/gurobi_extensive.log"
Gurobi Optimizer version 13.0.1 build v13.0.1rc0 (win64 - Windows 11+.0 (26200.2))

CPU model: Intel(R) Core(TM) i7-14700, instruction set [SSE2|AVX|AVX2]
Thread count: 20 physical cores, 28 logical processors, using up to 4 threads

Non-default parameters:
TimeLimit  1800
IntFeasTol  1e-06
MIPGap  0.0005
Heuristics  0.2
Cuts  2
Presolve  2
Seed  1
Threads  4

Optimize a model with 15367 rows, 25926 columns and 55696 nonzeros (Min)
Model fingerprint: 0x895c0cd2
Model has 10564 linear objective coefficients
Variable types: 15362 continuous, 10564 integer (10562 binary)
Coefficient statistics:
  Matrix range     [1e-01, 3e+01]
  Objective range  [2e+00, 5e+01]
  Bounds range     [1e-01, 2e+01]
  RHS range        [1e+00, 8e+01]

Found heuristic solution: objective 0.0000000
Presolve removed 0 rows and 14400 columns
Presolve time: 0.84s
Presolved: 15367 rows, 11526 columns, 41299 nonzeros
Variable types: 962 continuous, 10564 integer (10562 binary)
Root relaxation presolved: 15367 rows, 11526 columns, 41299 nonzeros


Root relaxation: objective -1.277339e+05, 4403 iterations, 0.15 seconds (0.26 work units)

    Nodes    |    Current Node    |     Objective Bounds      |     Work
 Expl Unexpl |  Obj  Depth IntInf | Incumbent    BestBd   Gap | It/Node Time

     0     0 -127733.89    0 1080    0.00000 -127733.89      -     -    1s
H    0     0                    -115566.9812 -127733.89  10.5%     -    1s
H    0     0                    -116613.9333 -127733.89  9.54%     -    1s
H    0     0                    -116729.9119 -127733.89  9.43%     -    1s
H    0     0                    -116737.8066 -127733.89  9.42%     -    1s
H    0     0                    -116791.7289 -127733.89  9.37%     -    1s
H    0     0                    -116810.4266 -125553.25  7.48%     -    1s
H    0     0                    -116844.7756 -125553.25  7.45%     -    1s
H    0     0                    -116855.3122 -125553.25  7.44%     -    1s
H    0     0                    -116884.9471 -125553.25  7.42%     -    1s
H    0     0                    -116886.8625 -125553.25  7.41%     -    1s
     0     0 -125553.25    0 1917 -116886.86 -125553.25  7.41%     -    1s
     0     0 -125545.59    0 1895 -116886.86 -125545.59  7.41%     -    1s
     0     0 -125272.16    0 2184 -116886.86 -125272.16  7.17%     -    1s
     0     0 -125272.16    0 2180 -116886.86 -125272.16  7.17%     -    1s
H    0     0                    -116888.9218 -125229.96  7.14%     -    1s
     0     0 -125229.96    0 2348 -116888.92 -125229.96  7.14%     -    1s
H    0     0                    -116903.8953 -125229.57  7.12%     -    1s
H    0     0                    -116905.7598 -125229.57  7.12%     -    1s
     0     0 -125229.57    0 2356 -116905.76 -125229.57  7.12%     -    1s
H    0     0                    -116933.1386 -124884.93  6.80%     -    2s
H    0     0                    -116936.2161 -124884.93  6.80%     -    2s
     0     0 -124884.93    0 2141 -116936.22 -124884.93  6.80%     -    2s
H    0     0                    -116942.3787 -124338.87  6.32%     -    2s
H    0     0                    -116943.3960 -124338.87  6.32%     -    2s
     0     0 -124338.87    0 2363 -116943.40 -124338.87  6.32%     -    2s
H    0     0                    -116944.3277 -124155.14  6.17%     -    2s
     0     0 -124155.14    0 2436 -116944.33 -124155.14  6.17%     -    2s
H    0     0                    -116947.3023 -124122.29  6.14%     -    3s
     0     0 -124122.29    0 2526 -116947.30 -124122.29  6.14%     -    3s
     0     0 -124121.11    0 2541 -116947.30 -124121.11  6.13%     -    3s
H    0     0                    -116950.4671 -124121.11  6.13%     -    3s
H    0     0                    -116957.5470 -124121.11  6.12%     -    3s
H    0     0                    -116966.6251 -123967.39  5.99%     -    3s
H    0     0                    -116973.0700 -123967.39  5.98%     -    3s
     0     0 -123967.39    0 2704 -116973.07 -123967.39  5.98%     -    3s
     0     0 -123857.83    0 2743 -116973.07 -123857.83  5.89%     -    3s
     0     0 -123857.82    0 2732 -116973.07 -123857.82  5.89%     -    3s
H    0     0                    -116988.6545 -123766.87  5.79%     -    4s
     0     0 -123766.87    0 2953 -116988.65 -123766.87  5.79%     -    4s
     0     0 -123761.37    0 2992 -116988.65 -123761.37  5.79%     -    4s
     0     0 -123761.21    0 2996 -116988.65 -123761.21  5.79%     -    4s
H    0     0                    -116989.6752 -123531.64  5.59%     -    5s
H    0     0                    -116994.7635 -123531.64  5.59%     -    5s
     0     0 -123531.64    0 2905 -116994.76 -123531.64  5.59%     -    5s
     0     0 -123392.98    0 2921 -116994.76 -123392.98  5.47%     -    5s
     0     0 -123285.06    0 3046 -116994.76 -123285.06  5.38%     -    5s
     0     0 -123239.89    0 3056 -116994.76 -123239.89  5.34%     -    6s
     0     0 -123219.56    0 3103 -116994.76 -123219.56  5.32%     -    6s
     0     0 -123218.42    0 3112 -116994.76 -123218.42  5.32%     -    6s
H    0     0                    -117005.4038 -123218.42  5.31%     -    6s
     0     0 -123157.90    0 3043 -117005.40 -123157.90  5.26%     -    7s
H    0     0                    -117005.4773 -123110.41  5.22%     -    7s
     0     0 -123110.41    0 3018 -117005.48 -123110.41  5.22%     -    7s
     0     0 -123108.05    0 3039 -117005.48 -123108.05  5.22%     -    7s
H    0     0                    -117006.4211 -123108.05  5.21%     -    8s
H    0     0                    -117010.5131 -123108.05  5.21%     -    8s
H    0     0                    -117020.6442 -122958.49  5.07%     -    9s
     0     0 -122958.49    0 3245 -117020.64 -122958.49  5.07%     -    9s
     0     0 -122951.10    0 3287 -117020.64 -122951.10  5.07%     -   10s
     0     0 -122950.22    0 3301 -117020.64 -122950.22  5.07%     -   10s
     0     0 -122877.62    0 3368 -117020.64 -122877.62  5.01%     -   12s
     0     0 -122874.32    0 3388 -117020.64 -122874.32  5.00%     -   12s
     0     0 -122813.78    0 3425 -117020.64 -122813.78  4.95%     -   14s
     0     0 -122813.62    0 3425 -117020.64 -122813.62  4.95%     -   14s
     0     0 -122813.62    0 3425 -117020.64 -122813.62  4.95%     -   14s
     0     2 -122810.94    0 3425 -117020.64 -122810.94  4.95%     -   15s
   588   620 -121689.31  105 3119 -117020.64 -122224.35  4.45%  32.9   20s
  2478  2665 -121269.73  329 2853 -117020.64 -122224.35  4.45%  14.5   25s
  5164  5129 -119061.93  192 3425 -117020.64 -122121.44  4.36%  11.6   32s
  5175  5136 -121860.89   69 3443 -117020.64 -122121.44  4.36%  11.5   35s
  5184  5142 -117831.80  676 3584 -117020.64 -122121.44  4.36%  11.5   40s
  5189  5146 -118381.36  518 4277 -117020.64 -122121.44  4.36%  11.5   45s
  5191  5147 -118178.78  648 4243 -117020.64 -122121.44  4.36%  11.5   50s
  5193  5148 -121519.83  236 4338 -117020.64 -122121.44  4.36%  11.5   56s
  5195  5150 -117941.25  900 4324 -117020.64 -122121.44  4.36%  11.5   60s
  5199  5152 -118122.58  523 4032 -117020.64 -122121.44  4.36%  11.5   66s
  5200  5153 -121729.36   40 4044 -117020.64 -122121.44  4.36%  11.5   70s
  5202  5154 -119129.74  250 4110 -117020.64 -122121.44  4.36%  11.5   75s
  5204  5156 -118818.27  508 4558 -117020.64 -122079.49  4.32%  11.5   82s
  5206  5157 -119162.78  198 4651 -117020.64 -122055.68  4.30%  11.5   85s
  5208  5158 -118320.21  462 4756 -117020.64 -122050.15  4.30%  11.5   90s
  5209  5159 -119292.34   62 4684 -117020.64 -122020.22  4.27%  11.5   95s
  5211  5160 -118979.64  253 4775 -117020.64 -122015.66  4.27%  11.4  101s
  5212  5161 -120278.09  673 4749 -117020.64 -121984.71  4.24%  11.4  107s
  5213  5162 -118039.59  726 4759 -117020.64 -121972.72  4.23%  11.4  112s
  5215  5163 -118777.04  312 4872 -117020.64 -121959.66  4.22%  11.4  119s
  5216  5164 -118459.56  453 4717 -117020.64 -121923.32  4.19%  11.4  124s
  5217  5164 -120811.43  466 4841 -117020.64 -121918.48  4.19%  11.4  127s
  5218  5165 -118526.36  646 4858 -117020.64 -121917.98  4.19%  11.4  131s
  5219  5166 -119046.06  206 4834 -117020.64 -121892.10  4.16%  11.4  136s
  5221  5167 -117480.00  812 4869 -117020.64 -121873.44  4.15%  11.4  141s
  5222  5168 -117943.77  782 4544 -117020.64 -121870.84  4.14%  11.4  146s
  5223  5168 -118103.14  680 4865 -117020.64 -121845.27  4.12%  11.4  150s
  5224  5169 -120684.03  508 4909 -117020.64 -121842.76  4.12%  11.4  156s
  5225  5170 -118764.48  528 4884 -117020.64 -121816.81  4.10%  11.4  160s
  5227  5171 -120777.48  479 4999 -117020.64 -121797.14  4.08%  11.4  165s
  5229  5172 -118926.07  269 4906 -117020.64 -121771.93  4.06%  11.4  174s
  5230  5173 -118927.58  243 4968 -117020.64 -121766.44  4.06%  11.4  176s
  5231  5174 -118231.53  488 4986 -117020.64 -121765.72  4.05%  11.4  180s
  5233  5175 -119052.35  204 4992 -117020.64 -121737.65  4.03%  11.4  189s
  5234  5176 -118042.47  565 5006 -117020.64 -121733.91  4.03%  11.4  190s
  5236  5177 -121133.93  370 4966 -117020.64 -121711.21  4.01%  11.4  198s
  5237  5178 -118013.45  760 5009 -117020.64 -121701.17  4.00%  11.4  202s
  5238  5178 -118941.76  433 5068 -117020.64 -121694.87  3.99%  11.4  205s
  5239  5179 -119357.53   19 5103 -117020.64 -121693.20  3.99%  11.4  210s
  5241  5180 -121493.91  252 5036 -117020.64 -121676.07  3.98%  11.4  218s
  5242  5181 -117381.13 1094 5001 -117020.64 -121665.98  3.97%  11.4  224s
  5243  5182 -119021.09  234 5001 -117020.64 -121665.98  3.97%  11.4  225s
  5244  5182 -117727.71  989 5001 -117020.64 -121665.95  3.97%  11.4  234s
  5245  5186 -121663.50   14 4523 -117020.64 -121665.95  3.97%  33.5  239s
  5247  5189 -120795.25   15 4360 -117020.64 -121642.21  3.95%  34.8  242s
  5343  5263 -120768.53   24 4396 -117020.64 -121444.97  3.78%  39.7  245s
  5633  5479 -120734.71   40 4374 -117020.64 -121444.97  3.78%  40.8  250s
  5911  5639 -120712.88   51 4358 -117020.64 -121444.97  3.78%  41.3  255s
  6199  5853 -120705.69   64 4316 -117020.64 -121444.97  3.78%  41.2  260s
  6573  6165 -120663.33   77 4279 -117020.64 -121444.97  3.78%  41.1  265s
  6979  6382 -120630.60   92 4236 -117020.64 -121444.97  3.78%  40.5  271s
  7031  6448 -120635.84   92 4237 -117020.64 -121444.97  3.78%  40.3  279s
  7116  6517 -120628.35   96 4242 -117020.64 -121444.97  3.78%  40.3  288s
  7214  6581 -120621.14   99 4229 -117020.64 -121444.97  3.78%  40.2  297s
  7312  6693 -120616.66  101 4220 -117020.64 -121444.97  3.78%  40.3  308s
  7463  6701 -120616.21  103 4211 -117020.64 -121444.97  3.78%  40.1  319s
  7521  6803 -120604.78  107 4207 -117020.64 -121444.97  3.78%  40.3  330s
  7643  6918 -120603.50  108 4206 -117020.64 -121444.97  3.78%  40.2  342s
  7810  6996 -120592.73  113 4207 -117020.64 -121444.97  3.78%  40.1  354s
  7971  7010 -120570.30  118 4308 -117020.64 -121444.97  3.78%  40.6  368s
  8039  7127 -120558.10  119 4298 -117020.64 -121444.97  3.78%  41.5  381s
  8180  7249 -120550.35  125 4275 -117020.64 -121444.97  3.78%  42.1  395s
  8349  7341 -120527.40  133 4242 -117020.64 -121444.97  3.78%  42.4  410s
  8854  7696 -120461.08  147 4217 -117020.64 -121444.97  3.78%  43.2  416s
  9029  7767 -120448.05  152 4219 -117020.64 -121444.97  3.78%  43.5  421s
  9162  7778 -120439.22  158 4185 -117020.64 -121444.97  3.78%  44.2  427s
  9251  7772 -117185.78  170 3158 -117020.64 -121444.97  3.78%  45.8  432s
  9274  7818 -120371.84  171 4138 -117020.64 -121444.97  3.78%  46.7  435s
  9565  8032 -120274.83  198 4108 -117020.64 -121444.97  3.78%  48.3  442s
  9666  8061 -120242.09  212 4106 -117020.64 -121444.97  3.78%  50.5  445s
  9868  8256 -120126.09  247 4062 -117020.64 -121444.97  3.78%  54.0  450s
 10096  8410 -119991.81  279 3971 -117020.64 -121444.97  3.78%  56.8  456s
 10408  8657 -119816.74  333 3916 -117020.64 -121444.97  3.78%  60.1  465s
 10606  8816 -119694.30  366 3782 -117020.64 -121444.97  3.78%  62.4  470s
 10839  9067 -119630.66  396 3703 -117020.64 -121444.97  3.78%  65.3  475s
 11176  9187 -119551.42  421 3689 -117020.64 -121444.97  3.78%  66.7  481s
 11416  9505 -119506.66  439 3642 -117020.64 -121444.97  3.78%  68.0  486s
 11822  9709 -119385.81  474 3605 -117020.64 -121444.97  3.78%  69.0  490s
 12717 10550 -119240.50  545 3468 -117020.64 -121431.08  3.77%  69.7  498s
 13383 10359 -119135.68  575 3383 -117020.64 -121431.08  3.77%  68.3  505s
 13414 10384 -119128.80  577 3375 -117020.64 -121431.08  3.77%  68.2  510s
 14251 11761 -119060.46  600 3336 -117020.64 -121431.08  3.77%  66.2  518s
 15145 12583 -118989.95  630 3291 -117020.64 -121431.08  3.77%  64.0  522s
 16291 12923 -118838.54  682 3220 -117020.64 -121431.08  3.77%  61.2  526s
 18061 14018 -118542.67  775 3043 -117020.64 -121431.08  3.77%  57.5  532s
 18888 14281 -118442.77  809 2968 -117020.64 -121431.08  3.77%  56.0  535s
 19865 14627 -118290.83  878 2849 -117020.64 -121431.08  3.77%  54.4  541s
 20755 16135 -117947.01 1007 2582 -117020.64 -121431.08  3.77%  53.7  551s
 22466 16879 -121218.15   58 4222 -117020.64 -121431.08  3.77%  51.8  555s
 23603 18099 -120996.01  128 4003 -117020.64 -121431.08  3.77%  50.5  561s
 24453 18851 -120707.57  179 3897 -117020.64 -121431.08  3.77%  49.6  566s
 25147 19575 -120505.71  220 3814 -117020.64 -121431.08  3.77%  48.9  570s
 26786 21264 infeasible  301      -117020.64 -121431.08  3.77%  47.2  576s
 28079 22680 -119799.67  354 3575 -117020.64 -121431.08  3.77%  46.0  580s
 29984 24306 -119532.93  414 3464 -117020.64 -121431.08  3.77%  44.4  585s
 31340 27404 -119329.20  472 3379 -117020.64 -121431.08  3.77%  43.4  594s
 33469 27677 -118960.62  545 3197 -117020.64 -121431.08  3.77%  41.6  595s
 34670 28960 -118723.12  595 3104 -117020.64 -121431.08  3.77%  40.5  600s
 36054 30237 -118522.71  656 3010 -117020.64 -121431.08  3.77%  39.8  605s
 37704 31984 -118318.33  708 2915 -117020.64 -121431.08  3.77%  38.6  610s
 39541 33677 -118016.23  757 2836 -117020.64 -121431.08  3.77%  37.4  615s
 40873 34736 -117854.81  788 2783 -117020.64 -121431.08  3.77%  36.8  620s
 41613 36294 -117729.47  809 2770 -117020.64 -121431.08  3.77%  36.7  627s
 43054 36969 -117382.75  894 2607 -117020.64 -121431.08  3.77%  36.3  630s
 43379 37127 -117339.96  904 2593 -117020.64 -121431.08  3.77%  36.1  636s
 43537 37277 -117291.51  913 2574 -117020.64 -121431.08  3.77%  36.1  643s
 43691 37635 -117265.69  919 2557 -117020.64 -121431.08  3.77%  36.0  650s
 45045 39257 -120913.87  119 4013 -117020.64 -121431.08  3.77%  35.7  656s
 46267 40512 -120627.04  180 3842 -117020.64 -121431.08  3.77%  35.4  660s
 48193 42418 -120132.30  279 3666 -117020.64 -121431.08  3.77%  34.7  665s
 50309 44433 -119716.35  363 3528 -117020.64 -121431.08  3.77%  34.1  670s
 52257 47335 -119426.67  426 3422 -117020.64 -121431.08  3.77%  33.6  676s
 55474 49390 -119012.89  535 3178 -117020.64 -121431.08  3.77%  32.7  680s
 58009 51888 -118642.89  607 3026 -117020.64 -121431.08  3.77%  31.9  685s
 60879 54666 -118248.70  701 2876 -117020.64 -121431.08  3.77%  31.0  690s
 62872 57577 -117939.91  774 2770 -117020.64 -121431.08  3.77%  30.4  696s
 65694 59203 -117536.16  866 2571 -117020.64 -121431.08  3.77%  29.9  700s
 67667 61152 -117202.89  943 2428 -117020.64 -121431.08  3.77%  29.6  705s
 69603 62653 -120346.26  178 3821 -117020.64 -121428.72  3.77%  29.3  710s
 70911 64060 -118412.40  574 3052 -117020.64 -121425.35  3.76%  29.1  715s
 72736 65680 -120572.43  134 3928 -117020.64 -121425.32  3.76%  28.8  721s
 73476 67201 -119317.27  322 3520 -117020.64 -121425.32  3.76%  28.6  725s
 75078 67742 -121069.48   67 4176 -117020.64 -121425.32  3.76%  28.5  730s
 76562 69747 -118630.74  547 3104 -117020.64 -121425.32  3.76%  28.3  736s
 78119 70651 -121322.04   31 4258 -117020.64 -121425.32  3.76%  28.1  740s
 78812 71576 -120875.09   79 4103 -117020.64 -121425.32  3.76%  28.1  745s
 80003 72848 -120286.38  133 3920 -117020.64 -121425.32  3.76%  28.0  751s
 81186 73743 -119292.22  224 3727 -117020.64 -121420.36  3.76%  27.8  756s
 82151 74758 -120683.55  127 3980 -117020.64 -121419.46  3.76%  27.8  760s
 83684 76204 -117838.30  695 2894 -117020.64 -121419.46  3.76%  27.6  767s
 84053 76928 -121368.85   30 4315 -117020.64 -121419.46  3.76%  27.6  770s
 85917 78914 -118789.55  503 3150 -117020.64 -121419.46  3.76%  27.5  775s
 87313 79831 -121147.24   75 4130 -117020.64 -121417.64  3.76%  27.3  780s
 89663 81911 -117409.84  615 2853 -117020.64 -121417.64  3.76%  27.0  785s
 91208 84126 -120046.55  254 3688 -117020.64 -121417.64  3.76%  26.9  791s
 92967 85134 -121214.48   59 4163 -117020.64 -121417.42  3.76%  26.7  795s
 94115 87109 -121183.43   64 4133 -117020.64 -121417.42  3.76%  26.5  801s
 95763 87889 -120804.92  136 3935 -117020.64 -121417.42  3.76%  26.4  806s
 96511 88621 -120639.56  167 3890 -117020.64 -121417.42  3.76%  26.3  810s
 97763 89824 -120995.47   76 4123 -117020.64 -121413.95  3.75%  26.3  815s
 98582 90707 -119458.00  322 3537 -117020.64 -121413.95  3.75%  26.2  820s
 100703 92528 -120373.24  177 3851 -117020.64 -121413.95  3.75%  26.0  825s
 101943 93896 -118582.91  460 3254 -117020.64 -121413.95  3.75%  25.9  831s
 103282 95124 -121026.13   80 4124 -117020.64 -121412.77  3.75%  25.7  836s
 104316 96927 -119700.10  330 3524 -117020.64 -121412.77  3.75%  25.7  842s
 105668 97278 -117476.04  790 2731 -117020.64 -121412.77  3.75%  25.5  845s
 106210 97712 -121238.88   58 4167 -117020.64 -121411.74  3.75%  25.6  850s
 107690 99118 infeasible  439      -117020.64 -121411.74  3.75%  25.5  855s
 109262 101083 -120037.59  259 3678 -117020.64 -121410.92  3.75%  25.4  861s
 110394 101919 -118429.78  591 3080 -117020.64 -121410.71  3.75%  25.3  866s
 111646 102694 -121275.73   55 4169 -117020.64 -121410.71  3.75%  25.3  870s
 112392 103585 -120938.27  105 4020 -117020.64 -121410.71  3.75%  25.3  876s
 112966 104226 -120829.94  137 3969 -117020.64 -121410.71  3.75%  25.3  880s
 113743 104748 -120639.55  182 3876 -117020.64 -121410.17  3.75%  25.3  885s
 114524 105689 -119641.60  283 3586 -117020.64 -121410.17  3.75%  25.3  890s
 115571 106624 -119803.70  369 3483 -117020.64 -121410.17  3.75%  25.3  896s
 116187 107308 -119298.17  480 3274 -117020.64 -121410.17  3.75%  25.3  900s
 116815 108069 infeasible  647      -117020.64 -121410.17  3.75%  25.3  905s
 118167 109245 -119369.38  302 3605 -117020.64 -121410.17  3.75%  25.2  911s
 119429 110203 -121390.17   26 4331 -117020.64 -121410.17  3.75%  25.1  915s
 120465 111420 -120741.77  116 3939 -117020.64 -121410.17  3.75%  25.1  920s
 121784 112638 -120785.61  114 4001 -117020.64 -121408.24  3.75%  25.1  925s
 122783 113865 -118732.95  499 3202 -117020.64 -121408.24  3.75%  25.1  931s
 123879 114212 -120933.22   91 4086 -117020.64 -121408.17  3.75%  25.1  937s
 125217 115696 -118338.42  472 3206 -117020.64 -121408.17  3.75%  25.0  942s
 125569 115865 -121298.13   48 4258 -117020.64 -121408.17  3.75%  25.0  945s
 126963 118097 -118925.13  424 3327 -117020.64 -121408.17  3.75%  25.0  954s
 128079 118395 -117533.62  726 2865 -117020.64 -121408.17  3.75%  24.9  956s
 128761 119190 -121192.87   60 4162 -117020.64 -121408.17  3.75%  24.9  960s
 129568 119620 -120975.68   94 4108 -117020.64 -121406.08  3.75%  24.9  967s
 129740 119984 -120674.19  137 3928 -117020.64 -121406.08  3.75%  24.9  970s
 130751 121358 -119355.58  386 3416 -117020.64 -121406.08  3.75%  24.9  976s
 131496 121744 -118236.28  602 3031 -117020.64 -121406.08  3.75%  24.8  980s
 132454 122331 -121387.26   27 4338 -117020.64 -121406.08  3.75%  24.7  985s
 132825 123008 -120924.16   97 4081 -117020.64 -121406.08  3.75%  24.7  990s
 134626 124612 -121008.54   89 4102 -117020.64 -121405.93  3.75%  24.7  995s
 135524 125675 -119008.38  361 3491 -117020.64 -121405.64  3.75%  24.7 1001s
 136622 126347 -121070.82   79 4127 -117020.64 -121405.49  3.75%  24.6 1005s
 137270 127169 -120303.19  184 3817 -117020.64 -121405.49  3.75%  24.7 1010s
 138206 128311 -118493.22  521 3196 -117020.64 -121405.49  3.75%  24.6 1015s
 139431 128916 -121168.60   56 4220 -117020.64 -121405.42  3.75%  24.6 1021s
 139966 129782 -119932.32  227 3780 -117020.64 -121405.42  3.75%  24.6 1025s
 140790 130297 -117886.25  567 3106 -117020.64 -121404.92  3.75%  24.6 1030s
 141411 131156 -121066.80  105 4093 -117020.64 -121404.92  3.75%  24.6 1037s
 142311 132109 -119515.25  308 3475 -117020.64 -121404.92  3.75%  24.6 1041s
 142957 132367 -121260.09   41 4271 -117020.64 -121404.92  3.75%  24.5 1045s
 143762 133392 -121197.62   65 4182 -117020.64 -121404.57  3.75%  24.6 1052s
 144287 133801 -120913.41  118 3974 -117020.64 -121404.57  3.75%  24.5 1056s
 144740 134079 -120462.57  169 3855 -117020.64 -121404.57  3.75%  24.5 1060s
 145522 134832 -118066.25  550 3088 -117020.64 -121404.57  3.75%  24.5 1068s
 145813 135450 infeasible  697      -117020.64 -121404.53  3.75%  24.5 1072s
 146475 135706 -120966.55   92 4089 -117020.64 -121404.41  3.75%  24.5 1076s
 146735 135981 -120463.72  165 3864 -117020.64 -121404.41  3.75%  24.5 1081s
 147554 136634 -119251.42  316 3509 -117020.64 -121404.41  3.75%  24.5 1085s
 148412 137781 -117241.66  640 2910 -117020.64 -121404.32  3.75%  24.5 1090s
 149352 138624 -120981.93   89 4055 -117020.64 -121404.32  3.75%  24.4 1095s
 150907 140104 -121193.02   78 4144 -117020.64 -121404.32  3.75%  24.4 1100s
 152186 141370 -119759.25  280 3507 -117020.64 -121404.32  3.75%  24.3 1107s
 153410 142636 -117036.49  672 2677 -117020.64 -121404.27  3.75%  24.3 1110s
 153875 142926 -121222.69   53 4225 -117020.64 -121404.27  3.75%  24.2 1115s
 154672 143865 -120381.33  175 3810 -117020.64 -121404.27  3.75%  24.2 1122s
 155120 144692 -119099.68  377 3391 -117020.64 -121404.27  3.75%  24.2 1125s
 156255 145566 -121377.68   32 4337 -117020.64 -121404.19  3.75%  24.1 1130s
 158141 147257 -120927.92  123 4004 -117020.64 -121404.19  3.75%  24.0 1136s
 158933 147831 -120578.35  175 3825 -117020.64 -121404.19  3.75%  24.0 1143s
 159222 148097 -120453.77  195 3772 -117020.64 -121404.19  3.75%  24.0 1148s
 159490 148290 -120449.83  196 3774 -117020.64 -121404.19  3.75%  24.0 1151s
 159683 148827 -120371.06  209 3768 -117020.64 -121404.19  3.75%  24.0 1155s
 160932 149941 -120095.26  256 3683 -117020.64 -121404.19  3.75%  23.9 1162s
 161428 150214 -120034.97  271 3633 -117020.64 -121404.14  3.75%  23.9 1166s
 161701 150666 -119972.61  281 3616 -117020.64 -121404.14  3.75%  23.9 1170s
 162163 150974 -119831.62  310 3527 -117020.64 -121404.14  3.75%  23.9 1176s
 162762 151893 -119672.29  349 3481 -117020.64 -121404.14  3.75%  23.8 1181s
 163392 152260 -119486.77  397 3383 -117020.64 -121404.14  3.75%  23.8 1185s
 164312 152980 -119331.45  426 3336 -117020.64 -121404.14  3.75%  23.8 1193s
 164555 153355 -119267.08  440 3311 -117020.64 -121404.14  3.75%  23.8 1196s
 165771 154535 -118943.72  504 3182 -117020.64 -121404.14  3.75%  23.7 1204s
 166120 155104 -118856.79  525 3131 -117020.64 -121404.14  3.75%  23.7 1206s
 167862 156362 -118468.53  619 2948 -117020.64 -121404.14  3.75%  23.6 1211s
 169033 157603 -118219.11  679 2863 -117020.64 -121404.14  3.75%  23.6 1218s
 169272 157837 -118146.57  694 2848 -117020.64 -121404.14  3.75%  23.6 1222s
 169506 158154 -118097.53  709 2845 -117020.64 -121404.14  3.75%  23.5 1226s
 170223 158829 -117939.81  738 2814 -117020.64 -121404.14  3.75%  23.5 1230s
 170538 159074 -117877.82  756 2779 -117020.64 -121404.02  3.75%  23.5 1235s
 171260 159789 -117779.98  776 2734 -117020.64 -121404.02  3.75%  23.5 1240s
 171993 160532 -117613.79  818 2662 -117020.64 -121403.99  3.75%  23.5 1246s
 172566 161192 -117508.50  836 2637 -117020.64 -121403.99  3.75%  23.5 1252s
 172927 161604 -117448.82  850 2606 -117020.64 -121403.99  3.75%  23.4 1257s
 173741 162436 -117327.14  890 2521 -117020.64 -121403.99  3.75%  23.4 1263s
 174173 163046 -117292.58  897 2511 -117020.64 -121403.99  3.75%  23.4 1266s
 175488 163991 -117123.11  945 2436 -117020.64 -121403.90  3.75%  23.3 1270s
 176290 164482 -121194.78   63 4189 -117020.64 -121403.90  3.75%  23.3 1277s
 176582 164997 -120589.41  156 3895 -117020.64 -121403.90  3.75%  23.3 1280s
 178027 166052 infeasible   35      -117020.64 -121403.90  3.75%  23.3 1285s
 178165 166269 -121400.81   27 4386 -117020.64 -121403.90  3.75%  23.3 1291s
 178846 167108 -120814.72  123 3955 -117020.64 -121403.52  3.75%  23.3 1298s
 179200 167351 -121398.00   28 4384 -117020.64 -121403.52  3.75%  23.3 1300s
 179443 167442 -121271.81   46 4222 -117020.64 -121403.52  3.75%  23.4 1305s
 179820 168264 -120937.24  101 3975 -117020.64 -121403.52  3.75%  23.4 1311s
 180360 168631 -120384.40  185 3819 -117020.64 -121403.52  3.75%  23.3 1315s
 180727 169426 -119952.32  252 3661 -117020.64 -121403.52  3.75%  23.3 1321s
 181522 170349 -118845.79  439 3299 -117020.64 -121403.52  3.75%  23.3 1326s
 182836 170811 -121369.46   30 4316 -117020.64 -121403.52  3.75%  23.2 1330s
 183644 171687 -121147.25   63 4087 -117020.64 -121403.52  3.75%  23.2 1336s
 184071 171986 -121402.37   29 4393 -117020.64 -121403.37  3.75%  23.2 1340s
 184517 172552 -121233.85   62 4164 -117020.64 -121403.37  3.75%  23.2 1346s
 185615 173394 -119804.05  267 3576 -117020.64 -121403.37  3.75%  23.2 1350s
 186475 174490 -121215.22   61 4160 -117020.64 -121403.36  3.75%  23.1 1356s
 187256 175192 -120428.63  180 3802 -117020.64 -121403.36  3.75%  23.1 1362s
 187733 175951 -119248.61  361 3437 -117020.64 -121403.36  3.75%  23.1 1366s
 188496 176554 -117386.11  748 2787 -117020.64 -121403.36  3.75%  23.1 1371s
 189132 176909 -121305.30   33 4293 -117020.64 -121403.36  3.75%  23.1 1375s
 190059 177704 -121310.09   35 4329 -117020.64 -121403.28  3.75%  23.1 1380s
 190599 178069 -120942.63   95 4054 -117020.64 -121403.28  3.75%  23.1 1386s
 191074 179119 -120043.26  210 3712 -117020.64 -121403.28  3.75%  23.1 1390s
 192348 179618 -121386.32   25 4361 -117020.64 -121403.28  3.75%  23.1 1395s
 193686 181105 infeasible  193      -117020.64 -121403.28  3.75%  23.0 1401s
 194037 181419 -121237.03   60 4195 -117020.64 -121403.20  3.75%  23.0 1405s
 194383 181521 -121028.98  108 4004 -117020.64 -121403.20  3.75%  23.0 1410s
 194850 182667 -120035.90  234 3684 -117020.64 -121403.20  3.75%  23.1 1416s
 195635 183352 -118646.41  494 3244 -117020.64 -121403.20  3.75%  23.0 1421s
 196880 183886 -121394.35   24 4415 -117020.64 -121402.63  3.74%  23.0 1427s
 197138 184249 -121260.80   54 4159 -117020.64 -121402.63  3.74%  23.0 1433s
 197346 184464 -120974.35  106 4014 -117020.64 -121402.63  3.74%  23.0 1438s
 197563 184989 -120670.46  155 3880 -117020.64 -121402.63  3.74%  23.0 1444s
 198102 185817 -119324.08  346 3489 -117020.64 -121402.63  3.74%  23.0 1448s
 198940 186112 -117839.05  651 2979 -117020.64 -121402.63  3.74%  23.0 1453s
 199318 186268 -117220.17  776 2783 -117020.64 -121402.63  3.74%  23.0 1456s
 199545 186386 -121384.50   30 4360 -117020.64 -121402.63  3.74%  23.0 1464s
 199665 186641 -121275.13   41 4236 -117020.64 -121402.63  3.74%  23.0 1467s
 200212 187027 -121059.63  104 4031 -117020.64 -121402.63  3.74%  23.0 1473s
 200353 187202 -120993.82  112 4019 -117020.64 -121402.63  3.74%  23.0 1477s
 200530 187466 -120847.42  142 3921 -117020.64 -121402.63  3.74%  23.0 1482s
 201246 188119 -120486.91  195 3799 -117020.64 -121402.63  3.74%  23.0 1488s
 201487 188480 -120408.05  206 3777 -117020.64 -121402.63  3.74%  23.0 1492s
 202148 189155 -120171.96  244 3693 -117020.64 -121402.63  3.74%  23.0 1495s
 202750 189608 -119832.72  304 3565 -117020.64 -121402.63  3.74%  23.1 1501s
 203052 189986 -119606.09  342 3442 -117020.64 -121402.63  3.74%  23.1 1506s
 203436 190744 -119499.49  373 3358 -117020.64 -121402.63  3.74%  23.1 1511s
 204473 191335 -119246.66  438 3254 -117020.64 -121402.30  3.74%  23.1 1515s
 204835 191771 -119113.02  467 3196 -117020.64 -121402.30  3.74%  23.1 1521s
 205625 192641 -118892.44  513 3163 -117020.64 -121402.26  3.74%  23.1 1528s
 206173 193399 -118735.86  545 3132 -117020.64 -121402.26  3.74%  23.1 1534s
 206941 193646 -118583.11  586 3065 -117020.64 -121402.26  3.74%  23.0 1539s
 207220 193963 -118491.09  605 3048 -117020.64 -121402.19  3.74%  23.0 1543s
 207537 194459 -118370.93  624 3022 -117020.64 -121402.19  3.74%  23.0 1545s
 209149 196018 -117884.81  717 2911 -117020.64 -121402.19  3.74%  23.0 1551s
 209921 196461 -117799.01  735 2876 -117020.64 -121402.19  3.74%  23.0 1557s
 210681 197500 -117679.47  765 2818 -117020.64 -121402.19  3.74%  23.0 1560s
 211767 198467 -117534.18  797 2748 -117020.64 -121402.19  3.74%  22.9 1566s
 212887 199489 -117290.29  858 2601 -117020.64 -121402.19  3.74%  22.9 1574s
 213254 199905 -117248.87  875 2599 -117020.64 -121402.19  3.74%  22.9 1576s
 214292 200671 -117111.65  917 2562 -117020.64 -121402.19  3.74%  22.8 1582s
 214496 200849 -117075.75  926 2541 -117020.64 -121402.19  3.74%  22.8 1588s
 214785 201044 -121377.47   35 4367 -117020.64 -121402.19  3.74%  22.8 1592s
 214980 201434 -121240.42   60 4164 -117020.64 -121402.19  3.74%  22.8 1596s
 215370 201728 -120883.89  121 3949 -117020.64 -121402.19  3.74%  22.8 1601s
 216396 202495 infeasible  340      -117020.64 -121402.19  3.74%  22.8 1605s
 216878 203085 -120981.10   99 4066 -117020.64 -121401.92  3.74%  22.8 1612s
 217361 203465 -120848.85  126 4000 -117020.64 -121401.92  3.74%  22.8 1615s
 217595 203837 -120844.24  127 3995 -117020.64 -121401.92  3.74%  22.8 1621s
 218817 205064 -121390.85   31 4340 -117020.64 -121401.79  3.74%  22.8 1626s
 219712 206129 -121227.59   47 4207 -117020.64 -121401.71  3.74%  22.9 1634s
 220385 206400 -121149.66   66 4146 -117020.64 -121401.69  3.74%  22.9 1640s
 220995 206973 -120958.40   89 4040 -117020.64 -121401.69  3.74%  22.9 1653s
 221251 207316 -120927.27   90 4038 -117020.64 -121401.69  3.74%  23.0 1660s
 222150 208331 -120490.80  133 3893 -117020.64 -121401.69  3.74%  23.0 1671s
 222621 208972 -120345.18  150 3820 -117020.64 -121401.69  3.74%  23.0 1678s
 223296 209290 -120183.58  174 3786 -117020.64 -121401.69  3.74%  23.0 1683s
 223622 209980 -120073.84  189 3747 -117020.64 -121401.69  3.74%  23.0 1687s
 224324 210233 -119729.43  214 3715 -117020.64 -121401.69  3.74%  23.0 1691s
 225349 212101 -119336.72  256 3597 -117020.64 -121401.69  3.74%  22.9 1696s
 227277 213074 -121313.57   44 4284 -117020.64 -121401.68  3.74%  22.8 1701s
 227538 213472 -121099.89   84 4083 -117020.64 -121401.68  3.74%  22.8 1710s
 228967 214552 infeasible  363      -117020.64 -121401.67  3.74%  22.8 1720s
 229110 214850 -121401.03   24 4378 -117020.64 -121401.67  3.74%  22.8 1725s
 229416 215368 -121071.28   56 4163 -117020.64 -121401.67  3.74%  22.8 1731s
 230738 216883 -118869.09  268 3464 -117020.64 -121401.67  3.74%  22.7 1742s
 231603 217393 -121382.69   37 4349 -117020.64 -121401.67  3.74%  22.7 1745s
 232355 217920 -121345.88   38 4289 -117020.64 -121401.67  3.74%  22.7 1751s
 233209 218717 -120630.76  170 3868 -117020.64 -121401.67  3.74%  22.7 1755s
 234788 220476 -117513.68  605 2844 -117020.64 -121401.67  3.74%  22.6 1764s
 235324 220480 -121385.28   26 4363 -117020.64 -121401.67  3.74%  22.6 1767s
 235328 220623 -121383.59   27 4361 -117020.64 -121401.67  3.74%  22.6 1771s
 236180 221521 -121000.71  102 4024 -117020.64 -121401.67  3.74%  22.6 1780s
 236456 221866 -120804.53  139 3955 -117020.64 -121401.67  3.74%  22.6 1785s
 236855 222289 -120710.13  156 3894 -117020.64 -121401.67  3.74%  22.6 1792s
 237282 222377 -120222.39  216 3688 -117020.64 -121401.67  3.74%  22.6 1797s
 237370 222628 -120143.51  227 3675 -117020.64 -121401.67  3.74%  22.6 1800s

Cutting planes:
  Learned: 1
  Gomory: 207
  Lift-and-project: 10
  Cover: 899
  MIR: 2508
  StrongCG: 844
  Flow cover: 897
  GUB cover: 68
  Zero half: 169
  RLT: 7
  Relax-and-lift: 59

Explored 237632 nodes (5402967 simplex iterations) in 1800.18 seconds (1688.22 work units)
Thread count was 4 (of 28 available processors)

Solution count 10: -117021 -117011 -117006 ... -116967

Time limit reached
Best objective -1.170206441766e+05, best bound -1.214016684465e+05, gap 3.7438%

User-callback calls 713082, time in user-callback 2.09 sec
