
Gurobi 13.0.1 (win64) logging started Tue Oct  6 20:01:28 2026

Set parameter LogFile to value "results/source_summaries/2d/B1320/gurobi_extensive.log"
Gurobi Optimizer version 13.0.1 build v13.0.1rc0 (win64 - Windows 11+.0 (26200.2))

CPU model: Intel(R) Core(TM) i7-14700, instruction set [SSE2|AVX|AVX2]
Thread count: 20 physical cores, 28 logical processors, using up to 4 threads

Non-default parameters:
TimeLimit  3600
IntFeasTol  1e-06
MIPGap  0.0005
Heuristics  0.2
Cuts  2
Presolve  2
Seed  1
Threads  4

Optimize a model with 42247 rows, 71286 columns and 153136 nonzeros (Min)
Model fingerprint: 0x6a4dd728
Model has 29044 linear objective coefficients
Variable types: 42242 continuous, 29044 integer (29042 binary)
Coefficient statistics:
  Matrix range     [1e-01, 3e+01]
  Objective range  [2e+00, 5e+01]
  Bounds range     [1e-01, 2e+01]
  RHS range        [1e+00, 8e+01]

Found heuristic solution: objective 0.0000000
Presolve removed 0 rows and 39600 columns (presolve time = 5s)...
Presolve removed 0 rows and 39600 columns
Presolve time: 5.76s
Presolved: 42247 rows, 31686 columns, 113539 nonzeros
Variable types: 2642 continuous, 29044 integer (29042 binary)
Root relaxation presolved: 42247 rows, 31686 columns, 113539 nonzeros

Deterministic concurrent LP optimizer: primal and dual simplex
Showing primal log only...


Root simplex log...

Iteration    Objective       Primal Inf.    Dual Inf.      Time
       0    0.0000000e+00   0.000000e+00   1.868478e+05      6s
Concurrent spin time: 0.00s

Solved with dual simplex

Root simplex log...

Iteration    Objective       Primal Inf.    Dual Inf.      Time
   12420   -3.5125539e+05   0.000000e+00   0.000000e+00      7s

Root relaxation: objective -3.512554e+05, 12420 iterations, 0.80 seconds (1.14 work units)

    Nodes    |    Current Node    |     Objective Bounds      |     Work
 Expl Unexpl |  Obj  Depth IntInf | Incumbent    BestBd   Gap | It/Node Time

     0     0 -351255.39    0 3001    0.00000 -351255.39      -     -    7s
H    0     0                    -317399.5316 -351255.39  10.7%     -    7s
H    0     0                    -319816.6911 -351255.39  9.83%     -    7s
H    0     0                    -320424.6362 -351255.39  9.62%     -    7s
H    0     0                    -320589.3074 -351255.39  9.57%     -    7s
H    0     0                    -320684.9229 -347208.71  8.27%     -    8s
     0     0 -347208.54    0 4247 -320684.92 -347208.54  8.27%     -    9s
     0     0 -347208.52    0 4241 -320684.92 -347208.52  8.27%     -    9s
H    0     0                    -320693.6404 -347206.56  8.27%     -    9s
H    0     0                    -320715.0874 -345366.04  7.69%     -   10s
     0     0 -345366.04    0 5080 -320715.09 -345366.04  7.69%     -   10s
H    0     0                    -320757.3186 -345033.59  7.57%     -   11s
H    0     0                    -320761.1645 -345033.59  7.57%     -   11s
H    0     0                    -320790.2952 -345033.59  7.56%     -   11s
H    0     0                    -320805.4150 -345033.59  7.55%     -   11s
     0     0 -345033.59    0 5384 -320805.41 -345033.59  7.55%     -   11s
H    0     0                    -320873.7545 -344654.82  7.41%     -   11s
H    0     0                    -320894.3534 -344654.82  7.40%     -   11s
H    0     0                    -320901.1451 -344654.82  7.40%     -   11s
H    0     0                    -320914.5442 -344654.82  7.40%     -   11s
H    0     0                    -320977.5277 -344654.82  7.38%     -   11s
     0     0 -344637.01    0 5794 -320977.53 -344637.01  7.37%     -   12s
H    0     0                    -321107.2395 -344450.15  7.27%     -   12s
H    0     0                    -321246.2592 -344450.15  7.22%     -   12s
H    0     0                    -321248.2228 -344450.15  7.22%     -   12s
H    0     0                    -321250.1865 -344450.15  7.22%     -   12s
     0     0 -344450.15    0 6169 -321250.19 -344450.15  7.22%     -   12s
     0     0 -344450.13    0 6162 -321250.19 -344450.13  7.22%     -   12s
H    0     0                    -321315.4244 -344379.32  7.18%     -   13s
H    0     0                    -321323.2526 -344379.32  7.18%     -   13s
H    0     0                    -321326.1009 -344379.32  7.17%     -   13s
H    0     0                    -321329.9022 -344379.32  7.17%     -   13s
     0     0 -344379.32    0 6539 -321329.90 -344379.32  7.17%     -   13s
H    0     0                    -321364.8505 -344379.32  7.16%     -   14s
H    0     0                    -321373.3326 -344379.32  7.16%     -   14s
H    0     0                    -321379.8385 -344379.32  7.16%     -   14s
H    0     0                    -321384.8258 -344379.32  7.15%     -   14s
H    0     0                    -321441.0176 -344281.25  7.11%     -   16s
H    0     0                    -321476.1857 -344281.25  7.09%     -   16s
H    0     0                    -321533.3735 -344281.25  7.07%     -   16s
H    0     0                    -321535.2890 -344281.25  7.07%     -   16s
H    0     0                    -321536.3515 -344281.25  7.07%     -   16s
     0     0 -343593.52    0 6554 -321536.35 -343593.52  6.86%     -   16s
H    0     0                    -321541.3704 -343593.52  6.86%     -   16s
H    0     0                    -321596.7901 -343487.44  6.81%     -   17s
H    0     0                    -321598.6753 -343487.44  6.81%     -   17s
H    0     0                    -321600.5606 -343487.44  6.81%     -   17s
     0     0 -343162.99    0 5987 -321600.56 -343162.99  6.70%     -   17s
H    0     0                    -321614.6799 -343106.55  6.68%     -   18s
H    0     0                    -321632.9382 -343106.55  6.68%     -   18s
     0     0 -342729.95    0 6759 -321632.94 -342729.95  6.56%     -   18s
H    0     0                    -321674.3121 -342436.09  6.45%     -   20s
H    0     0                    -321716.1681 -342436.09  6.44%     -   20s
     0     0 -342370.35    0 6649 -321716.17 -342370.35  6.42%     -   21s
     0     0 -342232.55    0 6762 -321716.17 -342232.55  6.38%     -   21s
H    0     0                    -321744.2311 -342071.73  6.32%     -   22s
     0     0 -342071.73    0 6889 -321744.23 -342071.73  6.32%     -   22s
     0     0 -342071.72    0 6885 -321744.23 -342071.72  6.32%     -   22s
     0     0 -341971.09    0 7171 -321744.23 -341971.09  6.29%     -   23s
     0     0 -341904.17    0 7346 -321744.23 -341904.17  6.27%     -   24s
     0     0 -341903.27    0 7356 -321744.23 -341903.27  6.27%     -   24s
H    0     0                    -321764.4328 -341672.94  6.19%     -   28s
     0     0 -341672.94    0 7421 -321764.43 -341672.94  6.19%     -   28s
     0     0 -341523.93    0 7117 -321764.43 -341523.93  6.14%     -   29s
     0     0 -341523.83    0 7133 -321764.43 -341523.83  6.14%     -   29s
     0     0 -341489.48    0 7195 -321764.43 -341489.48  6.13%     -   31s
H    0     0                    -321765.4716 -341489.46  6.13%     -   31s
H    0     0                    -321768.6363 -341167.46  6.03%     -   33s
     0     0 -341167.46    0 7109 -321768.64 -341167.46  6.03%     -   33s
     0     0 -341167.46    0 7104 -321768.64 -341167.46  6.03%     -   33s
     0     0 -341127.39    0 7146 -321768.64 -341127.39  6.02%     -   33s
     0     0 -340825.48    0 7642 -321768.64 -340825.48  5.92%     -   35s
     0     0 -340815.27    0 7690 -321768.64 -340815.27  5.92%     -   35s
     0     0 -340815.24    0 7685 -321768.64 -340815.24  5.92%     -   35s
     0     0 -340702.74    0 7707 -321768.64 -340702.74  5.88%     -   39s
     0     0 -340695.81    0 7730 -321768.64 -340695.81  5.88%     -   39s
H    0     0                    -321776.6991 -340695.81  5.88%     -   45s
H    0     0                    -321782.6853 -340185.61  5.72%     -   51s
     0     0 -340185.61    0 7901 -321782.69 -340185.61  5.72%     -   53s
H    0     0                    -321786.9056 -340185.50  5.72%     -   54s
     0     0 -340169.38    0 7986 -321786.91 -340169.38  5.71%     -   54s
     0     0 -340114.04    0 8088 -321786.91 -340114.04  5.70%     -   56s
     0     0 -340066.51    0 8028 -321786.91 -340066.51  5.68%     -   56s
     0     0 -340038.15    0 8294 -321786.91 -340038.15  5.67%     -   58s
     0     0 -340032.48    0 8255 -321786.91 -340032.48  5.67%     -   58s
     0     0 -339609.75    0 8321 -321786.91 -339609.75  5.54%     -   76s
     0     0 -339566.83    0 8350 -321786.91 -339566.83  5.53%     -   76s
H    0     0                    -321787.9619 -339566.83  5.53%     -   78s
     0     0 -339359.36    0 8377 -321787.96 -339359.36  5.46%     -   82s
     0     0 -339332.71    0 8488 -321787.96 -339332.71  5.45%     -   83s
     0     0 -339324.45    0 8553 -321787.96 -339324.45  5.45%     -   83s
     0     0 -339293.50    0 8576 -321787.96 -339293.50  5.44%     -   87s
     0     0 -339293.24    0 8576 -321787.96 -339293.24  5.44%     -   87s
     0     0 -339293.24    0 8465 -321787.96 -339293.24  5.44%     -   88s
     0     2 -339290.66    0 8458 -321787.96 -339290.66  5.44%     -   95s
     7    12 -336137.51    3 7719 -321787.96 -337021.54  4.73%  3320  100s
   211   216 -336117.84   40 7677 -321787.96 -337021.54  4.73%   130  105s
   342   360 -336111.67   50 7659 -321787.96 -337021.54  4.73%  86.4  110s
   570   577 -336094.40   74 7657 -321787.96 -337021.54  4.73%  66.3  115s
   769   789 -336044.70  113 7609 -321787.96 -337021.54  4.73%  50.8  122s
   788   818 -336053.03  114 7610 -321787.96 -337021.54  4.73%  49.7  126s
   998  1039 -336009.81  140 7608 -321787.96 -337021.54  4.73%  40.8  130s
  1686  1750 -335875.58  250 7514 -321787.96 -337021.54  4.73%  27.0  135s
  2325  2439 -335718.55  355 7474 -321787.96 -337021.54  4.73%  21.2  140s
  2582  2620 -335665.51  396 7446 -321787.96 -337021.54  4.73%  19.7  146s
  2821  2995 -335615.54  419 7419 -321787.96 -337021.54  4.73%  18.5  150s
  3208  3350 -335444.36  493 7334 -321787.96 -337021.54  4.73%  17.0  155s
  3990  4171 -335080.24  618 7237 -321787.96 -337021.54  4.73%  14.9  160s
  4964  5162 -334755.74  772 7123 -321787.96 -337021.54  4.73%  12.9  166s
  5174  5163 -327615.68  868 8465 -321787.96 -337021.54  4.73%  12.7  187s
  5177  5165 -328584.28  185 4036 -321787.96 -337021.54  4.73%  12.7  190s
  5186  5171 -326779.02 1236 8204 -321787.96 -337021.54  4.73%  12.6  195s
  5189  5173 -329347.33  105 8341 -321787.96 -337021.54  4.73%  12.6  201s
  5194  5176 -327853.87  687 8492 -321787.96 -337021.54  4.73%  12.6  208s
  5195  5177 -327444.79  922 8530 -321787.96 -337021.54  4.73%  12.6  214s
  5196  5178 -328725.80  391 8611 -321787.96 -337021.54  4.73%  12.6  215s
  5199  5180 -328476.01  507 8574 -321787.96 -337021.54  4.73%  12.6  221s
  5200  5180 -329133.35  207 7780 -321787.96 -337021.54  4.73%  12.6  228s
  5202  5182 -328867.30   23 7841 -321787.96 -337021.54  4.73%  12.6  235s
  5203  5182 -329142.97  203 8803 -321787.96 -337021.54  4.73%  12.6  242s
  5204  5183 -328432.02  298 8805 -321787.96 -337021.54  4.73%  12.6  246s
  5206  5184 -328677.73  122 8830 -321787.96 -337021.54  4.73%  12.6  250s
  5209  5186 -335687.54  376 9425 -321787.96 -337021.54  4.73%  12.6  256s
  5210  5187 -328837.55   53 9501 -321787.96 -337021.54  4.73%  12.6  270s
  5211  5188 -327614.72  891 9523 -321787.96 -337021.54  4.73%  12.6  278s
  5212  5188 -329111.15  218 9656 -321787.96 -337021.54  4.73%  12.6  292s
  5213  5189 -327559.89  913 9630 -321787.96 -337021.54  4.73%  12.6  298s
  5214  5190 -335805.17  275 9646 -321787.96 -337021.54  4.73%  12.6  309s
  5215  5190 -335553.92  424 9317 -321787.96 -337021.54  4.73%  12.6  311s
  5216  5191 -335647.00  407 9347 -321787.96 -337021.54  4.73%  12.6  318s
  5217  5192 -327827.33  717 9363 -321787.96 -337021.54  4.73%  12.6  326s
  5219  5193 -328594.90  312 9541 -321787.96 -337021.54  4.73%  12.5  331s
  5221  5194 -335612.55  420 9638 -321787.96 -337021.54  4.73%  12.5  340s
  5222  5195 -328492.33  260 9610 -321787.96 -337021.54  4.73%  12.5  349s
  5223  5196 -328008.21  572 9674 -321787.96 -337021.54  4.73%  12.5  358s
  5224  5196 -336029.69  122 9781 -321787.96 -337021.54  4.73%  12.5  361s
  5226  5198 -334872.35  715 9931 -321787.96 -337021.54  4.73%  12.5  375s
  5227  5198 -328598.46  177 9853 -321787.96 -337021.54  4.73%  12.5  384s
  5228  5199 -335232.25  562 9846 -321787.96 -337021.54  4.73%  12.5  389s
  5229  5200 -328400.52  319 9846 -321787.96 -337021.54  4.73%  12.5  397s
  5230  5203 -337021.54   10 9873 -321787.96 -337021.54  4.73%  30.1  403s
  5232  5207 -334854.49   11 8322 -321787.96 -337021.54  4.73%  33.0  408s
  5240  5227 -334821.38   13 8499 -321787.96 -336044.52  4.43%  37.6  410s
  5416  5329 -334796.20   27 8479 -321787.96 -336044.52  4.43%  38.0  415s
  5600  5460 -334772.15   41 8442 -321787.96 -336044.52  4.43%  37.3  420s
  5738  5544 -334744.62   51 8426 -321787.96 -336044.52  4.43%  36.8  425s
  5899  5662 -334719.07   65 8396 -321787.96 -336044.52  4.43%  36.3  432s
  5989  5712 -334691.59   73 8394 -321787.96 -336044.52  4.43%  35.9  435s
  6093  5810 -334653.01   84 8377 -321787.96 -336044.52  4.43%  35.5  440s
  6220  5890 -334656.95   87 8377 -321787.96 -336044.52  4.43%  34.9  445s
  6384  6008 -334633.46  100 8367 -321787.96 -336044.52  4.43%  34.4  451s
  6488  6082 -334599.17  109 8364 -321787.96 -336044.52  4.43%  34.1  467s
  6530  6136 -334577.18  114 8364 -321787.96 -336044.52  4.43%  34.0  476s
  6672  6266 -334528.51  128 8361 -321787.96 -336044.52  4.43%  33.6  480s
  7266  6699 -334426.43  167 8271 -321787.96 -336044.52  4.43%  32.1  486s
  7563  6905 -334375.49  190 8219 -321787.96 -336044.52  4.43%  31.3  490s
  8247  7410 -334271.60  230 8140 -321787.96 -336044.52  4.43%  30.8  496s
  8911  7877 -334188.79  271 8053 -321787.96 -336044.52  4.43%  29.4  501s
  9159  8010 -334155.46  292 8031 -321787.96 -336044.52  4.43%  28.9  505s
  9857  8552 -334069.57  331 7988 -321787.96 -336044.52  4.43%  28.3  512s
 10413  9077 -333963.00  372 7936 -321787.96 -336044.52  4.43%  27.5  517s
 11050  9267 -333845.24  417 7895 -321787.96 -336044.52  4.43%  26.5  520s
 11773  9763 -333712.55  474 7809 -321787.96 -336044.52  4.43%  25.4  527s
 12235 10148 -323442.81  495 7195 -321787.96 -336044.52  4.43%  25.9  531s
 12852 10270 -323437.79  558 7127 -321787.96 -336044.52  4.43%  25.1  542s
 12873 10269 -323379.38  562 7122 -321787.96 -336044.52  4.43%  25.1  547s
 13176 10831 -323405.23  595 7124 -321787.96 -336044.52  4.43%  24.7  552s
 13546 11120 -323370.41  633 7118 -321787.96 -336044.52  4.43%  24.3  555s
 14307 11625 -323179.37  711 7039 -321787.96 -336044.52  4.43%  23.4  560s
 14890 11965 -323102.31  769 7011 -321787.96 -336044.52  4.43%  22.8  567s
 15260 12384 -323057.10  808 6984 -321787.96 -336044.52  4.43%  22.5  571s
 16313 12970 -322898.38  911 6924 -321787.96 -336044.52  4.43%  21.6  577s
 16752 13276 -322755.90  954 6881 -321787.96 -336044.52  4.43%  21.2  581s
 17731 13861 -322590.36 1048 6770 -321787.96 -336044.52  4.43%  20.5  587s
 18156 14161 -322522.61 1090 6726 -321787.96 -336044.52  4.43%  20.2  590s
 19069 14755 -322349.07 1181 6610 -321787.96 -336044.52  4.43%  19.6  597s
 19512 15061 -322258.07 1225 6593 -321787.96 -335787.01  4.35%  19.3  601s
 20364 15321 -335746.21   14 9788 -321787.96 -335747.39  4.34%  19.8  617s
 20646 15597 -335734.28   14 9780 -321787.96 -335746.17  4.34%  19.8  623s
 21016 15879 -335732.43   15 9779 -321787.96 -335746.17  4.34%  19.9  630s
 21363 16554 -335733.13   15 9781 -321787.96 -335746.17  4.34%  19.7  635s
 22040 17116 -335578.83   74 9644 -321787.96 -335746.17  4.34%  19.4  640s
 23089 17960 -335226.44  185 9466 -321787.96 -335746.17  4.34%  19.2  648s
 23569 18338 -335073.36  246 9392 -321787.96 -335746.15  4.34%  19.2  652s
 23951 18800 -334929.25  291 9362 -321787.96 -335746.15  4.34%  19.2  656s
 24848 19606 -334575.96  394 9184 -321787.96 -335746.15  4.34%  19.1  663s
 25233 20064 -334347.76  434 9121 -321787.96 -335746.15  4.34%  18.9  666s
 26184 20997 -333885.48  546 8908 -321787.96 -335746.15  4.34%  18.7  673s
 26642 21495 -333647.92  601 8783 -321787.96 -335746.15  4.34%  18.6  676s
 27605 22382 -333170.65  715 8722 -321787.96 -335746.15  4.34%  18.4  682s
 28061 22890 -332932.66  766 8626 -321787.96 -335746.15  4.34%  18.3  686s
 28577 22893 -332647.24  830 8548 -321787.96 -335746.15  4.34%  18.1  691s
 28582 22965 -332609.55  830 8546 -321787.96 -335746.15  4.34%  18.1  695s
 29105 23746 -332384.51  888 8450 -321787.96 -335746.15  4.34%  18.0  701s
 29511 24235 -332114.59  939 8356 -321787.96 -335746.15  4.34%  18.0  705s
 30368 25022 -331652.77 1050 8126 -321787.96 -335746.15  4.34%  17.9  711s
 30821 25112 -331380.91 1113 8073 -321787.96 -335746.15  4.34%  17.8  717s
 30911 25421 -331346.05 1113 8072 -321787.96 -335746.15  4.34%  17.8  722s
 31228 26147 -331187.08 1162 8033 -321787.96 -335746.15  4.34%  17.7  727s
 31958 26576 -330869.23 1254 7936 -321787.96 -335746.15  4.34%  17.5  730s
 32387 26815 -330681.50 1312 7842 -321787.96 -335746.15  4.34%  17.4  738s
 32628 27248 -330577.55 1335 7814 -321787.96 -335746.15  4.34%  17.4  741s
 33075 27669 -330295.72 1394 7711 -321787.96 -335746.15  4.34%  17.3  745s
 34006 28540 -329741.61 1515 7552 -321787.96 -335746.15  4.34%  17.2  751s
 34421 29041 -329531.62 1569 7530 -321787.96 -335746.15  4.34%  17.1  755s
 35388 29966 -328999.38 1691 7418 -321787.96 -335746.15  4.34%  17.0  761s
 36193 30709 -328561.01 1793 7267 -321787.96 -335746.15  4.34%  16.9  767s
 36652 31159 -328247.56 1848 7194 -321787.96 -335746.15  4.34%  16.8  770s
 37108 31446 -327956.08 1906 7074 -321787.96 -335746.15  4.34%  16.7  775s
 37835 32193 -327606.08 1992 6928 -321787.96 -335746.15  4.34%  16.5  781s
 38649 33068 -327058.23 2098 6778 -321787.96 -335746.15  4.34%  16.4  787s
 39095 33554 -326841.66 2153 6724 -321787.96 -335746.15  4.34%  16.3  790s
 39599 33847 -326477.36 2212 6636 -321787.96 -335746.15  4.34%  16.2  795s
 40233 34623 -326102.76 2285 6518 -321787.96 -335746.15  4.34%  16.1  802s
 40714 35091 -325896.70 2351 6407 -321787.96 -335746.15  4.34%  16.1  805s
 41188 35604 -325635.39 2413 6316 -321787.96 -335746.15  4.34%  16.0  810s
 42121 36413 -325176.61 2529 6193 -321787.96 -335746.15  4.34%  15.8  815s
 42960 36977 -324650.50 2635 6060 -321787.96 -335746.15  4.34%  15.7  826s
 43603 37872 -324313.15 2703 5957 -321787.96 -335746.15  4.34%  15.6  832s
 44065 38308 -324008.00 2760 5877 -321787.96 -335746.15  4.34%  15.5  835s
 44535 38586 -323737.61 2821 5811 -321787.96 -335746.15  4.34%  15.4  840s
 45158 39317 -323374.39 2893 5735 -321787.96 -335746.15  4.34%  15.4  847s
 45598 39763 -323143.66 2948 5630 -321787.96 -335746.15  4.34%  15.3  850s
 46503 40680 -322590.08 3062 5473 -321787.96 -335746.15  4.34%  15.2  856s
 47483 41555 -335539.31  110 9703 -321787.96 -335746.15  4.34%  15.0  862s
 47968 41725 -335428.63  143 9620 -321787.96 -335746.15  4.34%  15.0  886s
 48140 42022 -335427.73  144 9619 -321787.96 -335746.15  4.34%  14.9  913s
 48445 42332 -335441.28  143 9619 -321787.96 -335746.15  4.34%  14.9  923s
 48765 42617 -335425.05  144 9620 -321787.96 -335746.15  4.34%  14.9  928s
 49076 42998 -335438.27  144 9625 -321787.96 -335737.66  4.34%  14.8  938s
 49465 43441 -335341.73  179 9536 -321787.96 -335737.66  4.34%  14.8  942s
 49924 43889 -335251.40  207 9495 -321787.96 -335737.66  4.34%  14.8  945s
 50388 43893 -335165.77  234 9464 -321787.96 -335737.66  4.34%  14.7  963s
 50392 43897 -335163.36  235 9463 -321787.96 -335737.66  4.34%  14.7  988s
 50396 43901 -335156.99  235 9462 -321787.96 -335737.66  4.34%  14.7 1013s
 50400 43904 -335157.33  236 9463 -321787.96 -335737.66  4.34%  14.7 1046s
 50405 43919 -335149.02  237 9467 -321787.96 -335737.66  4.34%  14.7 1071s
 50420 43935 -335156.15  236 9460 -321787.96 -335737.66  4.34%  14.7 1092s
 50436 44026 -335138.40  236 9461 -321787.96 -335737.66  4.34%  14.7 1111s
 50531 44474 infeasible  242      -321787.96 -335737.66  4.34%  14.7 1115s
 51442 45613 -334878.03  285 9409 -321787.96 -335737.66  4.34%  14.7 1124s
 52152 45919 -334719.46  316 9377 -321787.96 -335737.66  4.34%  14.6 1129s
 52462 46362 -334636.45  331 9354 -321787.96 -335737.66  4.34%  14.6 1132s
 52911 46799 -334592.63  348 9327 -321787.96 -335737.66  4.34%  14.5 1135s
 53818 47599 -334437.19  374 9302 -321787.96 -335737.66  4.34%  14.4 1142s
 54176 48029 -334395.18  380 9292 -321787.96 -335737.66  4.34%  14.4 1145s
 55225 48973 -334293.73  408 9263 -321787.96 -335737.66  4.34%  14.3 1150s
 56076 49814 -334018.30  441 9198 -321787.96 -335737.66  4.34%  14.3 1156s
 57082 50798 -333700.56  505 9116 -321787.96 -335737.66  4.34%  14.3 1161s
 58107 51417 -333402.16  549 9043 -321787.96 -335737.66  4.34%  14.3 1173s
 58208 51920 -333371.53  557 9034 -321787.96 -335737.66  4.34%  14.3 1176s
 59158 52840 -333090.55  599 8959 -321787.96 -335737.66  4.34%  14.3 1181s
 60122 53804 -332792.50  664 8813 -321787.96 -335737.66  4.34%  14.3 1186s
 61083 54750 -332428.55  712 8731 -321787.96 -335737.66  4.34%  14.2 1191s
 62048 56078 -332226.16  748 8664 -321787.96 -335737.66  4.34%  14.2 1198s
 62897 56335 -331976.04  790 8590 -321787.96 -335737.66  4.34%  14.2 1203s
 63156 56831 -331899.98  814 8560 -321787.96 -335737.66  4.34%  14.2 1206s
 64128 57750 -331724.49  859 8483 -321787.96 -335737.66  4.34%  14.2 1210s
 65188 58750 -331423.33  896 8429 -321787.96 -335737.66  4.34%  14.1 1215s
 65591 58897 -331328.12  914 8408 -321787.96 -335737.66  4.34%  14.1 1223s
 65738 59207 -331313.09  916 8407 -321787.96 -335737.66  4.34%  14.1 1225s
 66455 60235 -331212.35  947 8326 -321787.96 -335737.66  4.34%  14.1 1230s
 68059 61600 -330887.80 1005 8216 -321787.96 -335737.66  4.34%  14.0 1236s
 69009 62698 -330696.40 1046 8144 -321787.96 -335737.66  4.34%  14.0 1240s
 70069 63505 -330410.81 1104 8039 -321787.96 -335737.66  4.34%  13.9 1248s
 70372 63789 -330313.81 1125 8012 -321787.96 -335737.66  4.34%  13.9 1251s
 71184 64703 -329968.03 1169 7943 -321787.96 -335737.66  4.34%  13.9 1255s
 72474 66425 -329627.30 1219 7839 -321787.96 -335737.66  4.34%  13.8 1263s
 73300 66773 -329377.30 1252 7784 -321787.96 -335737.66  4.34%  13.8 1270s
 74172 67821 -329144.19 1294 7709 -321787.96 -335737.66  4.34%  13.8 1275s
 74968 68498 -328865.89 1327 7656 -321787.96 -335737.66  4.34%  13.8 1280s
 76013 69124 -328743.94 1348 7630 -321787.96 -335737.66  4.34%  13.7 1292s
 76384 69913 -328682.02 1355 7619 -321787.96 -335737.66  4.34%  13.6 1296s
 77366 71027 -328539.83 1388 7583 -321787.96 -335737.66  4.34%  13.6 1301s
 78472 71926 -328324.08 1423 7526 -321787.96 -335737.66  4.34%  13.5 1305s
 79711 73068 -328087.86 1455 7475 -321787.96 -335737.66  4.34%  13.5 1311s
 79977 73290 -328058.51 1464 7468 -321787.96 -335737.66  4.34%  13.4 1317s
 80203 73457 -328043.98 1465 7459 -321787.96 -335737.66  4.34%  13.4 1323s
 80370 73866 -328012.81 1469 7465 -321787.96 -335737.66  4.34%  13.4 1325s
 81879 75370 -327853.38 1503 7418 -321787.96 -335737.66  4.34%  13.3 1331s
 82830 76764 -327632.39 1532 7369 -321787.96 -335737.66  4.34%  13.3 1337s
 83699 77051 -327486.36 1567 7314 -321787.96 -335737.66  4.34%  13.2 1340s
 84876 78518 -327345.95 1593 7267 -321787.96 -335737.66  4.34%  13.2 1346s
 85891 79120 -327202.11 1621 7238 -321787.96 -335730.79  4.33%  13.1 1358s
 86101 79587 -327141.50 1633 7220 -321787.96 -335730.79  4.33%  13.1 1360s
 87520 81044 -326884.65 1685 7143 -321787.96 -335730.77  4.33%  13.0 1366s
 88430 81927 -326621.40 1728 7066 -321787.96 -335730.74  4.33%  13.0 1370s
 89346 82425 -326547.97 1750 7021 -321787.96 -335730.74  4.33%  13.0 1383s
 89460 82721 -326531.73 1751 7020 -321787.96 -335730.74  4.33%  13.0 1389s
 89760 83099 -326403.49 1776 6992 -321787.96 -335730.74  4.33%  13.0 1391s
 90614 83987 -326252.12 1795 6969 -321787.96 -335730.74  4.33%  12.9 1396s
 91488 84825 -326149.01 1824 6930 -321787.96 -335730.74  4.33%  12.9 1400s
 91866 85105 -326117.44 1840 6924 -321787.96 -335730.74  4.33%  12.9 1408s
 92146 85559 -326072.00 1853 6921 -321787.96 -335730.74  4.33%  12.9 1410s
 93356 87392 -325775.78 1897 6878 -321787.96 -335730.74  4.33%  12.8 1418s
 94443 87508 -325501.61 1942 6802 -321787.96 -335730.74  4.33%  12.8 1421s
 95375 88670 -325301.62 1976 6755 -321787.96 -335730.74  4.33%  12.7 1426s
 96080 89488 -325110.19 2004 6712 -321787.96 -335730.74  4.33%  12.7 1430s
 97353 90798 -324879.48 2040 6655 -321787.96 -335730.74  4.33%  12.7 1435s
 97859 90922 -324824.32 2064 6623 -321787.96 -335730.74  4.33%  12.7 1444s
 97983 91275 -324770.92 2069 6619 -321787.96 -335730.74  4.33%  12.7 1446s
 98776 92111 -324661.67 2097 6563 -321787.96 -335730.74  4.33%  12.7 1450s
 99896 93200 -324518.71 2123 6523 -321787.96 -335730.74  4.33%  12.6 1456s
 100289 93487 -324440.88 2141 6497 -321787.96 -335730.74  4.33%  12.6 1462s
 100576 93972 -324353.29 2158 6490 -321787.96 -335730.74  4.33%  12.6 1465s
 101852 95264 -324105.45 2203 6421 -321787.96 -335730.74  4.33%  12.5 1471s
 102884 96132 -323895.06 2245 6347 -321787.96 -335730.74  4.33%  12.5 1475s
 103251 96479 -323841.08 2256 6321 -321787.96 -335730.74  4.33%  12.5 1482s
 103598 97079 -323780.07 2270 6298 -321787.96 -335730.74  4.33%  12.5 1486s
 104881 97945 -323446.63 2320 6247 -321787.96 -335730.74  4.33%  12.5 1498s
 105072 98222 -323416.61 2321 6248 -321787.96 -335730.74  4.33%  12.4 1506s
 105818 99306 -323312.14 2344 6225 -321787.96 -335730.74  4.33%  12.4 1511s
 106814 100074 -323085.70 2373 6194 -321787.96 -335730.74  4.33%  12.4 1515s
 107809 100925 -322927.21 2402 6144 -321787.96 -335730.74  4.33%  12.5 1525s
 108549 101896 -322740.85 2426 6110 -321787.96 -335730.74  4.33%  12.5 1530s
 109869 103071 -322437.02 2473 6057 -321787.96 -335730.74  4.33%  12.4 1542s
 110675 104042 -322320.58 2515 5994 -321787.96 -335730.74  4.33%  12.4 1546s
 111710 105044 -322134.35 2549 5948 -321787.96 -335730.74  4.33%  12.4 1551s
 112243 105068 -322077.69 2561 5925 -321787.96 -335730.74  4.33%  12.3 1568s
 112267 105469 -322051.62 2562 5919 -321787.96 -335730.74  4.33%  12.3 1570s
 113129 106374 -321945.65 2576 5898 -321787.96 -335730.74  4.33%  12.3 1575s
 113998 107444 -321842.20 2596 5861 -321787.96 -335730.74  4.33%  12.2 1581s
 115292 108266 -335312.77  158 9602 -321787.96 -335730.74  4.33%  12.2 1592s
 115910 108999 -335086.60  192 9555 -321787.96 -335730.74  4.33%  12.2 1596s
 116837 109912 infeasible  236      -321787.96 -335730.74  4.33%  12.2 1600s
 117953 110802 -334530.05  285 9424 -321787.96 -335730.74  4.33%  12.2 1618s
 118111 111225 -334515.39  288 9419 -321787.96 -335730.74  4.33%  12.1 1620s
 118986 112264 -334264.62  331 9357 -321787.96 -335730.74  4.33%  12.1 1625s
 119894 113163 -334122.74  370 9293 -321787.96 -335730.74  4.33%  12.1 1630s
 121281 114541 -333819.85  430 9224 -321787.96 -335730.74  4.33%  12.0 1636s
 122433 115480 -333529.17  481 9074 -321787.96 -335730.74  4.33%  12.0 1641s
 123270 116377 -333369.47  511 9039 -321787.96 -335730.74  4.33%  12.0 1645s
 123704 116649 -333300.84  528 9015 -321787.96 -335730.74  4.33%  12.0 1659s
 123976 117055 -333293.28  530 9017 -321787.96 -335730.74  4.33%  11.9 1662s
 124384 117997 -333204.15  547 8971 -321787.96 -335730.74  4.33%  11.9 1666s
 125635 118429 -332922.81  591 8875 -321787.96 -335730.74  4.33%  11.9 1682s
 125766 118813 -332931.28  589 8881 -321787.96 -335730.74  4.33%  11.9 1686s
 126662 119766 -332763.90  620 8850 -321787.96 -335730.74  4.33%  11.9 1690s
 127109 120005 -332709.51  643 8843 -321787.96 -335730.74  4.33%  11.8 1703s
 127348 120498 -332659.81  646 8834 -321787.96 -335730.74  4.33%  11.8 1705s
 128196 121313 -332494.91  682 8786 -321787.96 -335730.74  4.33%  11.8 1710s
 129114 121961 -332390.73  701 8761 -321787.96 -335730.74  4.33%  11.8 1728s
 129314 122305 -332395.00  702 8802 -321787.96 -335730.74  4.33%  11.8 1732s
 130150 123138 -332294.31  716 8767 -321787.96 -335730.74  4.33%  11.8 1736s
 130930 124013 -332220.41  735 8729 -321787.96 -335730.74  4.33%  11.8 1740s
 131802 124949 -332105.56  753 8706 -321787.96 -335730.74  4.33%  11.8 1745s
 132768 125521 -332004.20  777 8657 -321787.96 -335730.74  4.33%  11.7 1758s
 132892 125912 -332018.57  777 8663 -321787.96 -335730.74  4.33%  11.7 1761s
 133829 126860 -331891.19  808 8621 -321787.96 -335730.74  4.33%  11.7 1765s
 134709 128009 -331765.12  832 8580 -321787.96 -335730.74  4.33%  11.7 1771s
 135929 128840 -331610.50  857 8546 -321787.96 -335730.74  4.33%  11.6 1781s
 136617 129716 -331545.54  866 8513 -321787.96 -335730.74  4.33%  11.6 1785s
 137623 130269 -331398.98  898 8465 -321787.96 -335730.74  4.33%  11.6 1802s
 137652 130600 -331400.28  897 8470 -321787.96 -335730.74  4.33%  11.6 1805s
 137987 130678 -331351.82  904 8458 -321787.96 -335730.74  4.33%  11.6 1825s
 138065 130864 -331338.17  906 8456 -321787.96 -335730.74  4.33%  11.6 1833s
 138259 131193 -331310.47  912 8458 -321787.96 -335730.74  4.33%  11.6 1838s
 138592 131625 -331264.16  921 8446 -321787.96 -335730.74  4.33%  11.6 1840s
 139664 132591 -331113.40  962 8384 -321787.96 -335730.74  4.33%  11.6 1845s
 140600 133557 -330963.98  986 8354 -321787.96 -335730.74  4.33%  11.5 1850s
 141855 134584 -330822.86 1013 8357 -321787.96 -335730.74  4.33%  11.5 1857s
 142653 135489 -330766.63 1023 8306 -321787.96 -335730.74  4.33%  11.5 1861s
 143584 136446 -330625.76 1045 8260 -321787.96 -335730.74  4.33%  11.5 1866s
 144520 137136 -330520.99 1078 8128 -321787.96 -335730.74  4.33%  11.5 1871s
 145234 138374 -330435.09 1094 8082 -321787.96 -335730.74  4.33%  11.5 1877s
 146428 138711 -330274.89 1127 8048 -321787.96 -335730.74  4.33%  11.4 1894s
 146432 138841 -330272.03 1126 8044 -321787.96 -335730.74  4.33%  11.4 1901s
 146854 139557 -330210.81 1139 8055 -321787.96 -335730.74  4.33%  11.4 1905s
 147829 140636 -330093.91 1159 8015 -321787.96 -335730.74  4.33%  11.4 1910s
 148781 141482 -329973.83 1181 7976 -321787.96 -335730.74  4.33%  11.4 1915s
 150165 142818 -329878.46 1200 7943 -321787.96 -335730.74  4.33%  11.4 1922s
 151042 143435 -329797.24 1220 7915 -321787.96 -335730.74  4.33%  11.3 1926s
 151814 144213 -329667.22 1248 7868 -321787.96 -335730.74  4.33%  11.3 1931s
 152730 145099 -329556.03 1267 7836 -321787.96 -335730.74  4.33%  11.3 1935s
 153710 146044 -329449.00 1288 7806 -321787.96 -335730.74  4.33%  11.3 1940s
 155329 147778 -329359.90 1302 7787 -321787.96 -335730.74  4.33%  11.3 1947s
 155905 148572 -329305.71 1313 7760 -321787.96 -335729.72  4.33%  11.3 1951s
 156699 148907 -329212.62 1334 7759 -321787.96 -335729.72  4.33%  11.3 1960s
 157745 150091 -332879.50  505 8917 -321787.96 -335729.72  4.33%  11.3 1965s
 158768 150603 -329020.15 1373 7693 -321787.96 -335729.72  4.33%  11.2 1988s
 158772 150662 -329012.31 1374 7694 -321787.96 -335729.72  4.33%  11.2 1995s
 159484 151549 -328946.89 1386 7690 -321787.96 -335729.72  4.33%  11.3 2001s
 160351 152601 -328882.82 1397 7662 -321787.96 -335729.72  4.33%  11.2 2006s
 160802 152604 -328871.25 1398 7666 -321787.96 -335729.72  4.33%  11.2 2038s
 160807 152608 -328871.01 1397 7676 -321787.96 -335729.72  4.33%  11.2 2047s
 160811 152612 -328868.53 1399 7655 -321787.96 -335729.72  4.33%  11.2 2057s
 160815 152630 -328874.02 1397 7675 -321787.96 -335729.72  4.33%  11.2 2069s
 160833 152749 -328848.15 1398 7668 -321787.96 -335729.72  4.33%  11.2 2078s
 160954 153028 -328847.70 1398 7673 -321787.96 -335729.72  4.33%  11.2 2083s
 161237 153423 -328839.73 1402 7651 -321787.96 -335729.72  4.33%  11.2 2085s
 162251 154287 -328736.52 1421 7636 -321787.96 -335729.41  4.33%  11.2 2090s
 163436 155452 -328666.79 1436 7621 -321787.96 -335729.01  4.33%  11.2 2096s
 164242 156220 -328604.21 1452 7607 -321787.96 -335729.01  4.33%  11.2 2100s
 165397 157475 -328476.90 1479 7576 -321787.96 -335729.01  4.33%  11.2 2107s
 166215 158557 -328402.44 1490 7546 -321787.96 -335729.01  4.33%  11.2 2113s
 166939 159078 -328329.16 1515 7520 -321787.96 -335728.30  4.33%  11.2 2116s
 167638 159730 -328200.57 1526 7508 -321787.96 -335728.30  4.33%  11.2 2121s
 168693 160689 -328077.97 1550 7466 -321787.96 -335728.30  4.33%  11.1 2125s
 169481 161254 -327997.15 1561 7451 -321787.96 -335727.93  4.33%  11.1 2130s
 170593 162530 -327869.77 1587 7418 -321787.96 -335727.76  4.33%  11.1 2137s
 171505 163364 -327788.22 1608 7384 -321787.96 -335727.76  4.33%  11.1 2141s
 172360 164320 -327681.30 1629 7341 -321787.96 -335727.61  4.33%  11.1 2145s
 173160 164979 -327549.02 1644 7298 -321787.96 -335727.38  4.33%  11.1 2150s
 174125 165997 -333236.65  431 9129 -321787.96 -335727.38  4.33%  11.1 2155s
 175224 167117 -327354.01 1684 7242 -321787.96 -335727.02  4.33%  11.1 2161s
 176117 167817 -327228.71 1706 7204 -321787.96 -335727.02  4.33%  11.1 2166s
 176688 168921 -327185.61 1722 7175 -321787.96 -335727.02  4.33%  11.1 2172s
 177513 169025 -327060.52 1747 7121 -321787.96 -335727.02  4.33%  11.1 2181s
 177987 169869 -327025.68 1753 7109 -321787.96 -335727.02  4.33%  11.1 2186s
 178855 170557 -326932.17 1772 7106 -321787.96 -335727.02  4.33%  11.1 2191s
 179634 171566 -326855.60 1791 7109 -321787.96 -335726.96  4.33%  11.0 2196s
 180589 172428 -326754.45 1813 7074 -321787.96 -335726.79  4.33%  11.0 2201s
 181545 173187 -326697.19 1834 7055 -321787.96 -335726.68  4.33%  11.0 2206s
 182385 174025 -326642.13 1843 7035 -321787.96 -335726.68  4.33%  11.0 2210s
 183102 174978 -326567.27 1851 7014 -321787.96 -335726.68  4.33%  11.0 2216s
 184110 175755 -326539.12 1860 7010 -321787.96 -335726.46  4.33%  11.0 2220s
 185007 176637 -326480.94 1873 6989 -321787.96 -335726.46  4.33%  11.0 2225s
 185701 177307 -326417.30 1887 6979 -321787.96 -335726.03  4.33%  11.0 2230s
 186505 178193 -326315.99 1903 6952 -321787.96 -335726.03  4.33%  11.0 2235s
 187511 179174 -326249.46 1922 6922 -321787.96 -335726.03  4.33%  11.0 2242s
 187930 179508 -326198.37 1945 6879 -321787.96 -335726.03  4.33%  11.0 2259s
 188270 179945 -326165.07 1957 6853 -321787.96 -335726.03  4.33%  11.0 2262s
 188709 180493 -326148.02 1970 6822 -321787.96 -335726.03  4.33%  11.0 2265s
 189723 181378 -326045.20 2000 6777 -321787.96 -335725.93  4.33%  11.0 2271s
 190645 182325 -325931.18 2023 6745 -321787.96 -335725.93  4.33%  11.0 2276s
 191548 183225 -325850.32 2045 6726 -321787.96 -335725.93  4.33%  11.0 2282s
 192501 184240 -325778.87 2055 6713 -321787.96 -335725.93  4.33%  11.0 2288s
 193104 184680 -325731.77 2072 6697 -321787.96 -335725.93  4.33%  11.0 2290s
 193931 185578 -325681.17 2080 6675 -321787.96 -335725.81  4.33%  11.0 2295s
 194801 186290 -325613.06 2097 6653 -321787.96 -335725.81  4.33%  11.0 2301s
 195806 187434 -325530.11 2114 6632 -321787.96 -335725.81  4.33%  11.0 2307s
 196380 187606 -325462.44 2124 6601 -321787.96 -335725.52  4.33%  10.9 2310s
 196969 188566 -325407.55 2136 6585 -321787.96 -335725.52  4.33%  11.0 2315s
 197514 189493 -325373.78 2145 6538 -321787.96 -335725.52  4.33%  10.9 2320s
 198443 189576 -325304.42 2161 6505 -321787.96 -335725.52  4.33%  10.9 2325s
 198838 190234 -325268.70 2167 6500 -321787.96 -335725.52  4.33%  10.9 2330s
 199767 191286 -325167.99 2189 6467 -321787.96 -335725.52  4.33%  10.9 2335s
 200583 191997 -325114.99 2201 6457 -321787.96 -335725.52  4.33%  10.9 2340s
 201492 193052 -325048.64 2212 6444 -321787.96 -335725.52  4.33%  10.9 2346s
 202447 193677 -325020.46 2224 6431 -321787.96 -335725.33  4.33%  10.9 2351s
 203098 194385 -324954.13 2234 6423 -321787.96 -335725.33  4.33%  10.9 2356s
 203936 195247 -324877.44 2247 6419 -321787.96 -335725.30  4.33%  10.8 2361s
 204567 195611 -324776.33 2263 6399 -321787.96 -335725.30  4.33%  10.8 2366s
 205306 196327 -324650.66 2284 6383 -321787.96 -335725.30  4.33%  10.8 2371s
 205961 197203 -324542.90 2292 6375 -321787.96 -335725.30  4.33%  10.8 2377s
 206451 197207 -324466.37 2306 6365 -321787.96 -335725.30  4.33%  10.8 2405s
 206455 197211 -324478.67 2304 6367 -321787.96 -335725.30  4.33%  10.8 2420s
 206459 197269 -324444.58 2305 6364 -321787.96 -335725.30  4.33%  10.8 2431s
 206517 197421 -324459.82 2305 6366 -321787.96 -335725.30  4.33%  10.8 2439s
 206673 197720 -324449.89 2308 6363 -321787.96 -335725.30  4.33%  10.8 2444s
 206976 198245 -324388.17 2318 6358 -321787.96 -335725.30  4.33%  10.8 2446s
 207505 198731 -324374.99 2328 6345 -321787.96 -335725.30  4.33%  10.8 2450s
 208684 199784 -324243.08 2346 6335 -321787.96 -335725.30  4.33%  10.8 2470s
 209675 200750 -324183.12 2361 6328 -321787.96 -335725.25  4.33%  10.8 2476s
 210412 201387 -324074.92 2378 6300 -321787.96 -335725.25  4.33%  10.8 2481s
 211256 202343 -323987.35 2398 6274 -321787.96 -335725.25  4.33%  10.8 2486s
 212021 203126 -323915.90 2412 6260 -321787.96 -335725.10  4.33%  10.8 2492s
 212863 203969 -323833.18 2428 6230 -321787.96 -335725.04  4.33%  10.8 2497s
 213492 204504 -323723.73 2445 6210 -321787.96 -335725.04  4.33%  10.8 2502s
 214217 205032 -333573.02  374 9165 -321787.96 -335725.04  4.33%  10.8 2505s
 214774 205712 -323629.18 2475 6178 -321787.96 -335725.04  4.33%  10.8 2510s
 215573 206493 -323548.11 2494 6141 -321787.96 -335725.04  4.33%  10.8 2516s
 216460 207510 -323455.50 2511 6114 -321787.96 -335724.98  4.33%  10.8 2522s
 217288 208085 -323385.64 2530 6062 -321787.96 -335724.98  4.33%  10.8 2527s
 217545 208640 -323347.79 2536 6063 -321787.96 -335724.98  4.33%  10.8 2530s
 218456 209629 -323293.39 2550 6047 -321787.96 -335724.98  4.33%  10.8 2538s
 219107 209944 -323243.65 2564 6027 -321787.96 -335724.98  4.33%  10.8 2557s
 219422 210568 -323224.59 2564 6022 -321787.96 -335724.98  4.33%  10.7 2561s
 220486 211463 -323147.23 2593 5990 -321787.96 -335724.98  4.33%  10.7 2567s
 220959 211941 -323113.02 2596 5989 -321787.96 -335724.98  4.33%  10.7 2570s
 221802 212677 -323066.64 2608 5971 -321787.96 -335724.98  4.33%  10.7 2575s
 222593 213482 -323033.02 2613 5972 -321787.96 -335724.79  4.33%  10.7 2581s
 223490 214262 -322977.99 2625 5955 -321787.96 -335724.79  4.33%  10.7 2586s
 224404 215208 -322947.79 2633 5941 -321787.96 -335724.79  4.33%  10.7 2592s
 224822 215548 -322921.32 2640 5942 -321787.96 -335724.56  4.33%  10.7 2595s
 225570 216237 -322860.33 2651 5918 -321787.96 -335724.56  4.33%  10.7 2600s
 226289 216850 -322817.02 2664 5901 -321787.96 -335724.56  4.33%  10.7 2605s
 226829 217658 -322770.14 2676 5880 -321787.96 -335724.56  4.33%  10.7 2611s
 227571 218225 -322721.36 2693 5876 -321787.96 -335724.48  4.33%  10.7 2617s
 227917 218770 -322694.67 2696 5879 -321787.96 -335724.48  4.33%  10.7 2620s
 229069 219918 -322623.19 2722 5850 -321787.96 -335724.48  4.33%  10.7 2628s
 229656 220195 -322571.89 2727 5849 -321787.96 -335724.46  4.33%  10.7 2655s
 230535 221099 -322513.95 2737 5845 -321787.96 -335724.46  4.33%  10.7 2661s
 231281 221741 -322398.41 2753 5830 -321787.96 -335724.46  4.33%  10.7 2668s
 231527 222160 -322389.57 2757 5822 -321787.96 -335724.46  4.33%  10.7 2671s
 231946 222164 -322350.58 2761 5816 -321787.96 -335724.46  4.33%  10.7 2722s
 231950 222363 -322352.02 2764 5816 -321787.96 -335724.46  4.33%  10.7 2743s
 232155 222760 -322276.46 2771 5806 -321787.96 -335724.46  4.33%  10.7 2750s
 232556 222764 -322280.25 2774 5804 -321787.96 -335724.46  4.33%  10.7 2799s
 232560 223146 -322294.65 2774 5807 -321787.96 -335724.46  4.33%  10.7 2811s
 232942 223490 -322247.36 2784 5795 -321787.96 -335724.46  4.33%  10.7 2821s
 233286 223819 -322229.03 2785 5791 -321787.96 -335724.46  4.33%  10.7 2826s
 233619 224333 -322202.86 2795 5774 -321787.96 -335724.46  4.33%  10.7 2830s
 234719 225313 -322144.92 2809 5760 -321787.96 -335724.46  4.33%  10.7 2838s
 235123 225870 -322119.63 2811 5759 -321787.96 -335724.46  4.33%  10.7 2842s
 235682 226312 -322067.18 2821 5731 -321787.96 -335724.46  4.33%  10.7 2845s
 236731 227441 -321974.79 2845 5711 -321787.96 -335724.46  4.33%  10.7 2853s
 237259 227700 -321872.79 2876 5693 -321787.96 -335724.46  4.33%  10.7 2856s
 237808 228240 -331907.92  761 8649 -321787.96 -335724.46  4.33%  10.6 2860s
 238459 229147 -335431.75   71 9665 -321787.96 -335724.13  4.33%  10.6 2867s
 239085 229583 infeasible  259      -321787.96 -335724.02  4.33%  10.7 2871s
 239547 230292 -335127.20  131 9606 -321787.96 -335723.88  4.33%  10.7 2876s
 240266 230346 -333676.31  333 9218 -321787.96 -335723.88  4.33%  10.7 2904s
 240320 230833 -333595.68  348 9191 -321787.96 -335723.88  4.33%  10.7 2908s
 240815 231484 -332771.10  496 8950 -321787.96 -335723.88  4.33%  10.7 2912s
 241470 231980 -331671.23  708 8662 -321787.96 -335723.88  4.33%  10.6 2915s
 242521 232762 infeasible 1056      -321787.96 -335723.60  4.33%  10.6 2920s
 243192 233428 infeasible  194      -321787.96 -335723.37  4.33%  10.6 2926s
 243877 234228 -335714.23   25 9945 -321787.96 -335723.29  4.33%  10.6 2932s
 244286 234701 -335525.80   56 9819 -321787.96 -335723.29  4.33%  10.6 2935s
 245095 235470 -335163.64  109 9664 -321787.96 -335723.29  4.33%  10.6 2941s
 246000 236207 -334805.40  165 9605 -321787.96 -335723.29  4.33%  10.7 2946s
 246710 237030 -334598.67  210 9508 -321787.96 -335723.29  4.33%  10.7 2952s
 247126 237282 -334509.30  228 9467 -321787.96 -335723.29  4.33%  10.7 2955s
 247769 237983 -334156.54  252 9407 -321787.96 -335723.29  4.33%  10.7 2960s
 248509 238809 -333888.06  294 9339 -321787.96 -335723.29  4.33%  10.7 2966s
 248917 238804 infeasible  315      -321787.96 -335722.92  4.33%  10.7 3005s
 248930 238959 -335721.25   23 9959 -321787.96 -335722.92  4.33%  10.7 3020s
 249089 239215 -335719.88   24 9958 -321787.96 -335722.92  4.33%  10.7 3026s
 249745 240093 -334884.62  159 9570 -321787.96 -335722.92  4.33%  10.7 3032s
 250225 240325 infeasible  315      -321787.96 -335722.90  4.33%  10.7 3036s
 250469 240945 -335614.76   45 9800 -321787.96 -335722.90  4.33%  10.7 3070s
 251089 241448 -335611.00   46 9802 -321787.96 -335722.90  4.33%  10.7 3082s
 251594 242431 -335604.13   47 9799 -321787.96 -335722.90  4.33%  10.7 3093s
 252585 242966 infeasible  227      -321787.96 -335722.90  4.33%  10.6 3099s
 253132 243512 -334782.57  175 9536 -321787.96 -335722.90  4.33%  10.7 3103s
 253678 244051 infeasible  326      -321787.96 -335722.88  4.33%  10.7 3108s
 254231 244373 -335222.82  186 9600 -321787.96 -335722.88  4.33%  10.7 3112s
 254553 244997 -335128.29  206 9588 -321787.96 -335722.88  4.33%  10.7 3118s
 255179 245399 -333441.04  402 9112 -321787.96 -335722.88  4.33%  10.6 3122s
 255587 245973 -332732.09  501 8942 -321787.96 -335722.88  4.33%  10.6 3126s
 256167 246315 -331061.84  737 8460 -321787.96 -335722.88  4.33%  10.6 3131s
 256509 247041 -330350.10  835 8274 -321787.96 -335722.88  4.33%  10.6 3135s
 257241 247509 -328394.85 1119 7796 -321787.96 -335722.88  4.33%  10.6 3141s
 257763 248301 -327029.09 1322 7471 -321787.96 -335722.88  4.33%  10.6 3145s
 258563 249073 -325054.04 1622 6991 -321787.96 -335722.88  4.33%  10.6 3150s
 259864 250083 -321998.59 2112 6224 -321787.96 -335722.86  4.33%  10.6 3159s
 260452 250948 -335542.07   69 9741 -321787.96 -335722.86  4.33%  10.6 3165s
 261323 250980 -333940.64  299 9346 -321787.96 -335722.86  4.33%  10.6 3185s
 261665 251797 -333240.31  396 9167 -321787.96 -335722.86  4.33%  10.6 3192s
 262188 251919 infeasible  587      -321787.96 -335722.86  4.33%  10.6 3195s
 262776 252912 -334792.35  174 9529 -321787.96 -335722.86  4.33%  10.6 3202s
 263325 253228 infeasible  336      -321787.96 -335722.86  4.33%  10.6 3205s
 263994 253941 -335493.29   86 9739 -321787.96 -335722.74  4.33%  10.6 3211s
 264703 254564 -335242.77  170 9563 -321787.96 -335722.74  4.33%  10.6 3218s
 265031 254992 -335053.69  210 9484 -321787.96 -335722.74  4.33%  10.6 3221s
 265778 255670 -334587.29  288 9302 -321787.96 -335722.74  4.33%  10.6 3227s
 266163 255856 infeasible  329      -321787.96 -335722.74  4.33%  10.6 3231s
 266787 256626 -333993.19  398 9133 -321787.96 -335722.74  4.33%  10.6 3237s
 267135 256922 -333691.42  437 9123 -321787.96 -335722.74  4.33%  10.6 3241s
 267853 257696 -333229.07  519 9024 -321787.96 -335722.74  4.33%  10.6 3248s
 268217 258182 -332964.09  561 8960 -321787.96 -335722.74  4.33%  10.6 3251s
 269195 258888 -332381.03  674 8795 -321787.96 -335722.74  4.33%  10.6 3258s
 269427 259226 -332211.78  700 8710 -321787.96 -335722.74  4.33%  10.6 3262s
 269767 259340 -332131.83  740 8653 -321787.96 -335722.74  4.33%  10.6 3309s
 269881 259811 -332108.55  745 8647 -321787.96 -335722.74  4.33%  10.6 3313s
 270400 260218 -331827.11  802 8548 -321787.96 -335722.74  4.33%  10.6 3316s
 270811 261017 -331700.56  845 8485 -321787.96 -335722.74  4.33%  10.6 3321s
 271616 261221 -331323.07  927 8370 -321787.96 -335722.74  4.33%  10.6 3342s
 271820 261618 -331215.38  941 8351 -321787.96 -335722.74  4.33%  10.6 3345s
 272666 262422 -330624.18 1032 8226 -321787.96 -335722.57  4.33%  10.6 3352s
 273049 262870 -330433.73 1074 8203 -321787.96 -335722.57  4.33%  10.6 3355s
 273796 263535 -329965.20 1157 8064 -321787.96 -335722.56  4.33%  10.6 3362s
 274184 264007 -329745.41 1201 8018 -321787.96 -335722.56  4.33%  10.6 3365s
 275031 264864 -335303.49   85 9724 -321787.96 -335722.56  4.33%  10.6 3373s
 275547 265153 infeasible  227      -321787.96 -335722.54  4.33%  10.6 3376s
 276206 265621 -335400.98   92 9648 -321787.96 -335722.52  4.33%  10.6 3380s
 276646 266363 -335102.68  102 9637 -321787.96 -335722.45  4.33%  10.6 3387s
 277112 266608 -334175.15  251 9380 -321787.96 -335722.45  4.33%  10.6 3390s
 277834 267484 -332605.40  467 9001 -321787.96 -335722.45  4.33%  10.6 3398s
 278257 268051 -331606.31  607 8823 -321787.96 -335722.38  4.33%  10.6 3402s
 278836 268512 -330327.34  799 8617 -321787.96 -335722.38  4.33%  10.6 3406s
 279669 268877 -334652.51  208 9485 -321787.96 -335722.38  4.33%  10.6 3459s
 279714 269265 -334556.47  227 9419 -321787.96 -335722.38  4.33%  10.6 3466s
 280363 270082 -333498.16  366 9199 -321787.96 -335722.38  4.33%  10.6 3472s
 280945 270434 -332293.93  558 8933 -321787.96 -335722.24  4.33%  10.6 3476s
 281301 271284 -331510.69  670 8744 -321787.96 -335722.24  4.33%  10.6 3482s
 282191 271425 -335314.27  113 9608 -321787.96 -335722.24  4.33%  10.6 3502s
 282332 271776 -335156.48  142 9546 -321787.96 -335722.24  4.33%  10.6 3506s
 282683 272294 -334707.29  220 9433 -321787.96 -335722.24  4.33%  10.6 3510s
 283773 273357 -332520.05  556 8906 -321787.96 -335722.14  4.33%  10.6 3517s
 284298 273753 -335646.22   37 9859 -321787.96 -335722.14  4.33%  10.6 3521s
 285167 274596 -334339.09  236 9446 -321787.96 -335722.14  4.33%  10.5 3527s
 285537 275076 -333463.07  337 9265 -321787.96 -335722.14  4.33%  10.5 3531s
 286021 275462 -332485.27  476 9043 -321787.96 -335722.14  4.33%  10.5 3535s
 286915 276290 infeasible  739      -321787.96 -335722.09  4.33%  10.5 3542s
 287261 276420 -335584.25   74 9729 -321787.96 -335722.09  4.33%  10.5 3572s
 287437 276446 -335579.18   75 9728 -321787.96 -335722.09  4.33%  10.5 3600s

Cutting planes:
  Gomory: 773
  Lift-and-project: 10
  Cover: 1510
  MIR: 6006
  StrongCG: 2201
  Flow cover: 662
  GUB cover: 94
  Zero half: 191
  Mod-K: 1
  RLT: 2
  Relax-and-lift: 741

Explored 287509 nodes (3107553 simplex iterations) in 3600.49 seconds (2675.87 work units)
Thread count was 4 (of 28 available processors)

Solution count 10: -321788 -321787 -321783 ... -321674

Time limit reached
Best objective -3.217879618902e+05, best bound -3.357219775932e+05, gap 4.3302%

User-callback calls 927713, time in user-callback 3.57 sec
