
Gurobi 13.0.1 (win64) logging started Wed Oct  7 02:17:19 2026

Set parameter LogFile to value "results/source_summaries/2d/B1140/gurobi_extensive.log"
Gurobi Optimizer version 13.0.1 build v13.0.1rc0 (win64 - Windows 11+.0 (26200.2))

CPU model: Intel(R) Core(TM) i7-14700, instruction set [SSE2|AVX|AVX2]
Thread count: 20 physical cores, 28 logical processors, using up to 4 threads

Non-default parameters:
TimeLimit  3000
IntFeasTol  1e-06
MIPGap  0.0005
Heuristics  0.2
Cuts  2
Presolve  2
Seed  1
Threads  4

Optimize a model with 36487 rows, 61566 columns and 132256 nonzeros (Min)
Model fingerprint: 0xab3993ed
Model has 25084 linear objective coefficients
Variable types: 36482 continuous, 25084 integer (25082 binary)
Coefficient statistics:
  Matrix range     [1e-01, 3e+01]
  Objective range  [2e+00, 5e+01]
  Bounds range     [1e-01, 2e+01]
  RHS range        [1e+00, 8e+01]

Found heuristic solution: objective 0.0000000
Presolve removed 0 rows and 34200 columns
Presolve time: 3.01s
Presolved: 36487 rows, 27366 columns, 98059 nonzeros
Variable types: 2282 continuous, 25084 integer (25082 binary)
Root relaxation presolved: 36487 rows, 27366 columns, 98059 nonzeros


Root relaxation: objective -3.033842e+05, 10571 iterations, 0.46 seconds (0.84 work units)

    Nodes    |    Current Node    |     Objective Bounds      |     Work
 Expl Unexpl |  Obj  Depth IntInf | Incumbent    BestBd   Gap | It/Node Time

     0     0 -303384.19    0 2593    0.00000 -303384.19      -     -    3s
H    0     0                    -274368.1099 -303384.19  10.6%     -    3s
H    0     0                    -276690.2052 -303384.19  9.65%     -    3s
H    0     0                    -277142.9596 -303384.19  9.47%     -    3s
H    0     0                    -277222.1589 -303384.19  9.44%     -    3s
H    0     0                    -277277.7574 -299451.57  8.00%     -    4s
     0     0 -298778.83    0 3485 -277277.76 -298778.83  7.75%     -    5s
H    0     0                    -277281.8761 -298778.83  7.75%     -    5s
H    0     0                    -277297.9487 -298156.14  7.52%     -    5s
     0     0 -298156.14    0 4506 -277297.95 -298156.14  7.52%     -    5s
H    0     0                    -277315.0630 -297747.68  7.37%     -    6s
H    0     0                    -277316.9637 -297747.68  7.37%     -    6s
H    0     0                    -277322.1545 -297747.68  7.37%     -    6s
     0     0 -297747.68    0 4972 -277322.15 -297747.68  7.37%     -    6s
     0     0 -297731.05    0 4947 -277322.15 -297731.05  7.36%     -    6s
H    0     0                    -277359.8368 -297538.68  7.28%     -    7s
H    0     0                    -277373.5027 -297538.68  7.27%     -    7s
H    0     0                    -277384.9110 -297538.68  7.27%     -    7s
     0     0 -297538.68    0 5329 -277384.91 -297538.68  7.27%     -    7s
     0     0 -297538.66    0 5323 -277384.91 -297538.66  7.27%     -    7s
     0     0 -297485.23    0 5678 -277384.91 -297485.23  7.25%     -    7s
     0     0 -297485.06    0 5680 -277384.91 -297485.06  7.25%     -    7s
H    0     0                    -277490.9837 -297485.06  7.21%     -    8s
H    0     0                    -277535.8559 -297485.06  7.19%     -    8s
H    0     0                    -277547.7559 -297485.06  7.18%     -    8s
H    0     0                    -277549.8685 -297485.06  7.18%     -    8s
H    0     0                    -277587.1527 -297485.06  7.17%     -    8s
H    0     0                    -277592.0306 -297485.06  7.17%     -    8s
H    0     0                    -277598.7347 -297485.06  7.16%     -    8s
H    0     0                    -277600.6502 -297485.06  7.16%     -    8s
H    0     0                    -277659.5521 -297396.27  7.11%     -    8s
H    0     0                    -277667.8973 -297396.27  7.11%     -    8s
     0     0 -297396.27    0 5672 -277667.90 -297396.27  7.11%     -    9s
H    0     0                    -277680.9987 -297396.14  7.10%     -    9s
H    0     0                    -277682.8676 -297396.14  7.10%     -    9s
H    0     0                    -277707.8737 -296790.20  6.87%     -    9s
     0     0 -296740.86    0 5006 -277707.87 -296740.86  6.85%     -    9s
H    0     0                    -277743.3032 -296399.67  6.72%     -   10s
     0     0 -296399.67    0 5714 -277743.30 -296399.67  6.72%     -   10s
H    0     0                    -277772.4326 -295784.69  6.48%     -   11s
H    0     0                    -277773.4398 -295784.69  6.48%     -   11s
H    0     0                    -277776.5561 -295784.69  6.48%     -   11s
     0     0 -295784.69    0 5675 -277776.56 -295784.69  6.48%     -   11s
H    0     0                    -277816.1427 -295553.79  6.38%     -   12s
H    0     0                    -277818.0116 -295553.79  6.38%     -   12s
     0     0 -295553.79    0 6057 -277818.01 -295553.79  6.38%     -   12s
     0     0 -295392.24    0 6207 -277818.01 -295392.24  6.33%     -   12s
H    0     0                    -277847.1601 -295372.20  6.31%     -   13s
     0     0 -295372.20    0 6300 -277847.16 -295372.20  6.31%     -   13s
     0     0 -295371.32    0 6319 -277847.16 -295371.32  6.31%     -   13s
H    0     0                    -277876.8251 -295371.32  6.30%     -   14s
     0     0 -295123.25    0 6328 -277876.83 -295123.25  6.21%     -   15s
     0     0 -294982.76    0 6386 -277876.83 -294982.76  6.16%     -   16s
     0     0 -294831.42    0 6480 -277876.83 -294831.42  6.10%     -   16s
     0     0 -294678.66    0 6600 -277876.83 -294678.66  6.05%     -   17s
     0     0 -294535.71    0 6830 -277876.83 -294535.71  6.00%     -   17s
H    0     0                    -277897.6867 -294457.44  5.96%     -   18s
     0     0 -294457.44    0 6851 -277897.69 -294457.44  5.96%     -   18s
     0     0 -294445.06    0 6919 -277897.69 -294445.06  5.95%     -   19s
     0     0 -294442.12    0 6983 -277897.69 -294442.12  5.95%     -   19s
     0     0 -294419.82    0 7027 -277897.69 -294419.82  5.95%     -   21s
H    0     0                    -277898.6599 -294419.80  5.95%     -   21s
     0     0 -294239.80    0 6898 -277898.66 -294239.80  5.88%     -   22s
     0     0 -294239.77    0 6894 -277898.66 -294239.77  5.88%     -   22s
H    0     0                    -277903.7269 -294081.85  5.82%     -   23s
     0     0 -294081.85    0 6848 -277903.73 -294081.85  5.82%     -   23s
     0     0 -294045.31    0 6762 -277903.73 -294045.31  5.81%     -   23s
     0     0 -294000.50    0 6768 -277903.73 -294000.50  5.79%     -   23s
     0     0 -293884.58    0 6939 -277903.73 -293884.58  5.75%     -   25s
     0     0 -293879.11    0 6981 -277903.73 -293879.11  5.75%     -   25s
     0     0 -293832.94    0 6991 -277903.73 -293832.94  5.73%     -   27s
H    0     0                    -277906.8043 -293804.70  5.72%     -   28s
     0     0 -293804.70    0 6978 -277906.80 -293804.70  5.72%     -   28s
     0     0 -293799.81    0 7011 -277906.80 -293799.81  5.72%     -   28s
H    0     0                    -277908.8355 -293799.81  5.72%     -   32s
H    0     0                    -277910.9606 -293488.78  5.61%     -   36s
     0     0 -293488.78    0 7056 -277910.96 -293488.78  5.61%     -   38s
H    0     0                    -277913.0816 -293488.77  5.60%     -   38s
     0     0 -293482.62    0 7049 -277913.08 -293482.62  5.60%     -   38s
     0     0 -293343.88    0 7195 -277913.08 -293343.88  5.55%     -   44s
     0     0 -293343.83    0 7192 -277913.08 -293343.83  5.55%     -   44s
     0     0 -293343.83    0 7024 -277913.08 -293343.83  5.55%     -   45s
     0     2 -293340.34    0 7019 -277913.08 -293340.34  5.55%     -   48s
     1     4 -293101.45    1 7242 -277913.08 -293340.34  5.55%  2324   50s
H    3     8                    -277919.6421 -293091.34  5.46%  3697   50s
   301   311 -290545.54   73 6099 -277919.64 -291045.25  4.72%  77.4   55s
   491   494 -290559.54  121 6048 -277919.64 -291045.25  4.72%  49.7   60s
   738   754 -290512.90  178 5998 -277919.64 -291045.25  4.72%  34.7   65s
  1276  1361 -290455.99  319 5805 -277919.64 -291045.25  4.72%  22.5   70s
  2010  2091 -290327.54  468 5661 -277919.64 -291045.25  4.72%  16.2   75s
  3019  3176 -289998.06  622 5545 -277919.64 -291045.25  4.72%  12.9   80s
  3950  4123 -289676.01  744 5407 -277919.64 -291045.25  4.72%  11.2   85s
  5227  5198 -283320.02  824 7024 -277919.64 -291045.25  4.72%   9.8   98s
  5230  5200 -283285.93  610 3338 -277919.64 -291045.25  4.72%   9.8  100s
  5241  5207 -282489.56  894 7144 -277919.64 -291045.25  4.72%   9.7  106s
  5243  5209 -290560.03   97 6237 -277919.64 -291045.25  4.72%   9.7  110s
  5250  5213 -289280.90  919 6498 -277919.64 -291045.25  4.72%   9.7  117s
  5253  5215 -283426.32  202 6676 -277919.64 -291045.25  4.72%   9.7  122s
  5254  5216 -281906.75 1131 6664 -277919.64 -291045.25  4.72%   9.7  129s
  5255  5217 -290428.55  337 6835 -277919.64 -291045.25  4.72%   9.7  132s
  5257  5218 -284004.22   72 6739 -277919.64 -291045.25  4.72%   9.7  135s
  5259  5219 -289981.12  628 6955 -277919.64 -291045.25  4.72%   9.7  140s
  5261  5221 -282450.49  908 7008 -277919.64 -291045.25  4.72%   9.7  146s
  5264  5223 -284022.15  288 7368 -277919.64 -291045.25  4.72%   9.7  150s
  5267  5225 -282940.18  744 7558 -277919.64 -291045.25  4.72%   9.7  155s
  5268  5225 -283393.13  762 8429 -277919.64 -291045.25  4.72%   9.7  161s
  5269  5226 -283836.52   76 8360 -277919.64 -291045.25  4.72%   9.7  166s
  5270  5227 -283444.87  194 8366 -277919.64 -291045.25  4.72%   9.7  175s
  5271  5227 -284077.14  251 8367 -277919.64 -291045.25  4.72%   9.7  180s
  5275  5230 -282577.21  865 7749 -277919.64 -291045.25  4.72%   9.7  186s
  5277  5231 -283969.20  312 7861 -277919.64 -291045.25  4.72%   9.7  194s
  5278  5232 -290471.89  270 7838 -277919.64 -291045.25  4.72%   9.7  199s
  5279  5233 -283812.87   80 7917 -277919.64 -290979.17  4.70%   9.7  206s
  5280  5233 -283710.18  413 7910 -277919.64 -290976.80  4.70%   9.7  211s
  5282  5235 -282743.53  682 8011 -277919.64 -290970.20  4.70%   9.7  216s
  5284  5236 -289235.71  939 8093 -277919.64 -290967.70  4.69%   9.7  223s
  5285  5237 -283153.02  391 8027 -277919.64 -290967.36  4.69%   9.7  229s
  5286  5237 -282709.31  693 8161 -277919.64 -290966.76  4.69%   9.7  233s
  5287  5238 -290017.34  609 8218 -277919.64 -290966.22  4.69%   9.7  235s
  5289  5239 -283052.85  705 8198 -277919.64 -290965.43  4.69%   9.7  242s
  5291  5241 -283088.66  432 8286 -277919.64 -290964.93  4.69%   9.7  246s
  5292  5241 -283454.26  686 8230 -277919.64 -290964.41  4.69%   9.7  251s
  5294  5243 -283804.48  374 8222 -277919.64 -290964.41  4.69%   9.6  260s
  5297  5250 -289264.97   17 7429 -277919.64 -290964.41  4.69%  30.8  268s
  5359  5291 -289218.73   24 7529 -277919.64 -290200.74  4.42%  35.0  270s
  5613  5460 -289196.29   45 7525 -277919.64 -290200.74  4.42%  34.5  275s
  5840  5644 -289176.42   59 7517 -277919.64 -290200.74  4.42%  33.7  280s
  6194  5848 -289033.76   90 7478 -277919.64 -290200.74  4.42%  32.7  285s
  6403  6019 -289029.35   94 7459 -277919.64 -290200.74  4.42%  32.1  290s
  6685  6213 -288913.90  124 7459 -277919.64 -290200.74  4.42%  31.4  295s
  6816  6301 -288850.45  142 7416 -277919.64 -290200.74  4.42%  31.2  302s
  6861  6367 -288828.27  149 7421 -277919.64 -290200.74  4.42%  31.2  311s
  6942  6344 -288801.24  158 7400 -277919.64 -290200.74  4.42%  31.0  320s
  6946  6347 -288794.32  159 7397 -277919.64 -290200.74  4.42%  31.0  331s
  6950  6350 -288787.60  159 7396 -277919.64 -290200.74  4.42%  30.9  342s
  6954  6395 -288793.10  160 7412 -277919.64 -290200.74  4.42%  30.9  353s
  7001  6453 -288792.48  161 7408 -277919.64 -290200.74  4.42%  30.9  360s
  7585  6955 -288727.30  204 7350 -277919.64 -290200.74  4.42%  30.6  365s
  8497  7639 -288530.88  273 7160 -277919.64 -290200.74  4.42%  29.1  371s
  9304  8180 -288332.49  339 7042 -277919.64 -290200.74  4.42%  28.0  375s
 10129  8818 -288199.70  409 6979 -277919.64 -290200.74  4.42%  26.9  380s
 11459  9573 -287956.39  524 6836 -277919.64 -290200.74  4.42%  25.7  385s
 12421 10204 -279099.35  595 6144 -277919.64 -290200.74  4.42%  25.6  391s
 12670 10133 -279023.44  625 6109 -277919.64 -290200.74  4.42%  25.3  395s
 12890 10565 -278963.94  649 6096 -277919.64 -290200.74  4.42%  25.1  401s
 13488 10765 -278866.66  719 6040 -277919.64 -290200.74  4.42%  24.4  405s
 14259 11597 -278767.27  797 5964 -277919.64 -290200.74  4.42%  23.5  410s
 15151 12325 -278547.51  901 5870 -277919.64 -290200.74  4.42%  22.7  415s
 16168 12731 -278196.39 1021 5799 -277919.64 -290200.74  4.42%  21.9  420s
 16941 13093 -289205.49   19 7807 -277919.64 -290200.74  4.42%  22.0  425s
 17907 13817 -289066.34   73 7742 -277919.64 -290200.74  4.42%  22.2  431s
 18612 14367 -288891.93  123 7607 -277919.64 -290200.74  4.42%  22.0  436s
 19357 14890 -288799.34  164 7514 -277919.64 -290200.74  4.42%  22.1  440s
 19774 14816 -288730.25  193 7479 -277919.64 -290200.74  4.42%  22.0  445s
 19839 14998 -288718.84  201 7454 -277919.64 -290200.74  4.42%  22.1  454s
 20081 15067 -288563.33  228 7405 -277919.64 -290200.74  4.42%  22.2  463s
 20230 15183 -288541.27  254 7308 -277919.64 -290200.74  4.42%  22.4  478s
 20396 15366 -288463.28  286 7302 -277919.64 -290200.74  4.42%  22.7  494s
 20634 15520 -288381.02  321 7225 -277919.64 -290200.74  4.42%  22.8  506s
 20868 15686 -288277.89  365 7130 -277919.64 -290200.74  4.42%  22.8  513s
 21114 17279 -288171.50  403 7093 -277919.64 -290200.74  4.42%  22.9  524s
 22776 17821 -287736.35  596 6717 -277919.64 -290200.74  4.42%  23.1  527s
 23388 18419 -287545.00  670 6630 -277919.64 -290200.74  4.42%  22.9  530s
 24512 19395 -287257.30  810 6408 -277919.64 -290200.74  4.42%  22.6  536s
 25406 20340 -286970.00  921 6296 -277919.64 -290200.74  4.42%  22.5  541s
 26354 21218 -286614.51 1034 6109 -277919.64 -290200.74  4.42%  22.2  546s
 27244 22162 -286336.18 1138 5955 -277919.64 -290200.74  4.42%  22.0  552s
 27777 22502 -286211.69 1203 5827 -277919.64 -290200.74  4.42%  22.0  557s
 28642 23311 -285863.34 1321 5663 -277919.64 -290200.74  4.42%  21.9  562s
 29039 23451 -285706.32 1378 5601 -277919.64 -290200.74  4.42%  21.9  566s
 29609 24330 -285479.09 1463 5468 -277919.64 -290200.74  4.42%  21.9  571s
 30498 25279 -285146.83 1596 5354 -277919.64 -290200.74  4.42%  21.9  576s
 31431 26420 -284695.30 1733 5173 -277919.64 -290200.74  4.42%  21.7  582s
 32568 27194 -284268.53 1901 4965 -277919.64 -290200.74  4.42%  21.6  586s
 33396 27995 -283965.50 2012 4762 -277919.64 -290200.74  4.42%  21.4  590s
 34603 29181 -283474.61 2178 4510 -277919.64 -290200.74  4.42%  21.3  596s
 35457 30055 -283077.32 2298 4373 -277919.64 -290200.74  4.42%  21.2  600s
 36351 30927 -282704.94 2418 4191 -277919.64 -290200.74  4.42%  21.0  605s
 37688 31806 -282142.93 2595 3896 -277919.64 -290200.74  4.42%  20.7  613s
 37692 31926 -282130.57 2595 3899 -277919.64 -290200.74  4.42%  20.7  616s
 38180 32724 -281957.94 2659 3778 -277919.64 -290200.74  4.42%  20.6  620s
 39111 33521 -281585.51 2782 3583 -277919.64 -290200.74  4.42%  20.5  625s
 40335 34706 -280874.04 2969 3332 -277919.64 -290200.74  4.42%  20.4  631s
 41183 35537 -280531.08 3091 3181 -277919.64 -290200.74  4.42%  20.2  635s
 42044 36679 -280143.27 3216 3003 -277919.64 -290200.74  4.42%  20.1  641s
 43122 37408 -279625.12 3378 2747 -277919.64 -290200.74  4.42%  20.0  645s
 44402 38645 -279060.00 3573 2502 -277919.64 -290200.74  4.42%  19.8  650s
 45175 39422 -278374.52 3695 2373 -277919.64 -290200.74  4.42%  19.7  655s
 46580 40766 -289082.16   64 7567 -277919.64 -290200.74  4.42%  19.6  661s
 47517 41359 -288911.93  112 7455 -277919.64 -290200.74  4.42%  19.5  665s
 48231 42101 -288806.85  142 7399 -277919.64 -290200.74  4.42%  20.2  670s
 48902 42867 -288643.81  172 7366 -277919.64 -290200.74  4.42%  21.2  676s
 49717 43641 -288466.38  216 7297 -277919.64 -290200.74  4.42%  21.3  680s
 50779 44608 -288158.40  279 7136 -277919.64 -290200.74  4.42%  21.6  686s
 51456 45595 -287942.81  324 7083 -277919.64 -290200.74  4.42%  21.7  690s
 52575 46928 -287735.67  387 6970 -277919.64 -290200.74  4.42%  21.7  695s
 54495 48117 infeasible  506      -277919.64 -290200.74  4.42%  21.6  700s
 55609 49437 -289034.17   74 7542 -277919.64 -290200.74  4.42%  21.9  706s
 56668 50522 -288703.08  154 7358 -277919.64 -290200.74  4.42%  22.2  711s
 58032 51740 -288419.80  229 7240 -277919.64 -290200.74  4.42%  22.2  721s
 58896 52646 -288249.26  265 7171 -277919.64 -290200.74  4.42%  22.2  727s
 59616 53419 -288007.70  319 7082 -277919.64 -289958.07  4.33%  22.4  737s
 60540 54454 -287842.20  370 7024 -277919.64 -289958.07  4.33%  22.2  740s
 62099 55771 -287567.39  473 6845 -277919.64 -289958.07  4.33%  22.0  745s
 62455 55775 -287503.22  494 6803 -277919.64 -289958.07  4.33%  21.9  757s
 62459 55779 -287505.75  493 6805 -277919.64 -289958.07  4.33%  21.9  780s
 62463 55783 -287499.39  495 6792 -277919.64 -289958.07  4.33%  21.9  798s
 62467 55787 -287498.08  492 6799 -277919.64 -289958.07  4.33%  21.9  822s
 62471 55791 -287497.53  498 6799 -277919.64 -289958.07  4.33%  21.9  841s
 62475 55795 -287503.88  498 6801 -277919.64 -289958.07  4.33%  21.9  862s
 62479 55799 -287499.42  499 6798 -277919.64 -289958.07  4.33%  21.9  875s
 62483 55803 -287501.28  498 6801 -277919.64 -289958.07  4.33%  21.9  880s
 62544 55985 -287430.93  513 6776 -277919.64 -289958.07  4.33%  21.9  897s
 62669 56145 -287429.44  514 6777 -277919.64 -289958.07  4.33%  21.9  908s
 62829 56707 -287410.45  521 6769 -277919.64 -289958.07  4.33%  21.9  923s
 63409 57788 -287189.93  585 6692 -277919.64 -289958.07  4.33%  21.8  940s
 64512 58730 -286745.72  671 6569 -277919.64 -289958.07  4.33%  21.6  956s
 65456 59644 -286504.90  763 6432 -277919.64 -289958.07  4.33%  21.4  969s
 66382 60574 -286281.95  826 6310 -277919.64 -289958.07  4.33%  21.3  979s
 67320 61959 -286034.37  889 6187 -277919.64 -289958.07  4.33%  21.2  989s
 68256 61959 -289100.70  250 8044 -277919.64 -289958.07  4.33%  21.1  990s
 68707 62856 -285719.72  964 6101 -277919.64 -289958.07  4.33%  21.0  995s
 70661 64774 -285424.80 1037 5937 -277919.64 -289958.07  4.33%  20.8 1004s
 71540 65719 -285259.88 1088 5860 -277919.64 -289958.07  4.33%  20.7 1008s
 72487 66657 -285179.91 1107 5834 -277919.64 -289958.07  4.33%  20.6 1012s
 73425 67835 -284998.77 1162 5741 -277919.64 -289958.07  4.33%  20.5 1016s
 75076 68700 -284707.50 1268 5593 -277919.64 -289958.07  4.33%  20.4 1020s
 76813 70408 -284511.15 1312 5525 -277919.64 -289958.07  4.33%  20.2 1026s
 78043 71646 -284416.58 1348 5463 -277919.64 -289958.07  4.33%  20.0 1030s
 79406 73041 -284278.99 1392 5385 -277919.64 -289958.07  4.33%  19.8 1035s
 81028 74607 -284129.23 1427 5324 -277919.64 -289958.07  4.33%  19.6 1041s
 82412 76004 -284022.24 1462 5277 -277919.64 -289958.07  4.33%  19.4 1045s
 83809 78173 -283847.40 1537 5169 -277919.64 -289958.07  4.33%  19.2 1053s
 85453 78961 -283667.26 1574 5132 -277919.64 -289958.07  4.33%  19.0 1056s
 86731 80007 -283419.53 1626 5032 -277919.64 -289958.07  4.33%  18.9 1060s
 87774 81301 -283343.85 1646 4997 -277919.64 -289958.07  4.33%  18.8 1065s
 89789 83219 -283131.16 1708 4931 -277919.64 -289958.07  4.33%  18.6 1071s
 91055 84575 -282997.73 1737 4883 -277919.64 -289958.07  4.33%  18.5 1075s
 92899 86390 -282747.48 1818 4777 -277919.64 -289958.07  4.33%  18.4 1081s
 94266 88547 -282576.72 1874 4671 -277919.64 -289958.07  4.33%  18.2 1088s
 95971 89201 -282340.56 1948 4554 -277919.64 -289958.07  4.33%  18.0 1091s
 96946 90129 -282234.07 1979 4515 -277919.64 -289958.07  4.33%  18.2 1095s
 97926 91081 -282167.39 1991 4513 -277919.64 -289958.07  4.33%  18.3 1100s
 99329 92467 -282049.24 2030 4431 -277919.64 -289958.07  4.33%  18.2 1105s
 100960 94068 -281896.99 2068 4401 -277919.64 -289958.07  4.33%  18.1 1111s
 102443 95531 -281783.00 2090 4363 -277919.64 -289958.07  4.33%  18.1 1115s
 103942 96986 -281638.35 2137 4299 -277919.64 -289958.07  4.33%  18.0 1120s
 104717 98614 -281540.72 2163 4253 -277919.64 -289958.07  4.33%  18.0 1125s
 107240 100195 -281245.44 2252 4140 -277919.64 -289958.07  4.33%  17.8 1131s
 108335 101287 -289680.79   64 8711 -277919.64 -289958.07  4.33%  17.7 1135s
 109602 102474 -282140.59   21 5868 -277919.64 -289927.18  4.32%  17.7 1140s
 110732 103793 -280889.53  296 5602 -277919.64 -289927.18  4.32%  17.6 1145s
 112348 104930 -289897.03   21 8831 -277919.64 -289914.46  4.32%  17.5 1150s
 113664 106405 -289620.12  149 8502 -277919.64 -289914.46  4.32%  17.5 1155s
 115026 108132 -289067.19  263 8295 -277919.64 -289913.95  4.32%  17.4 1162s
 116615 108997 -288463.81  425 7944 -277919.64 -289913.95  4.32%  17.3 1165s
 117918 110402 infeasible  548      -277919.64 -289913.95  4.32%  17.2 1170s
 119693 112163 -289204.74  166 8338 -277919.64 -289913.95  4.32%  17.1 1176s
 120832 113243 -288943.65  221 8283 -277919.64 -289909.05  4.31%  17.1 1180s
 121839 114272 -288724.07  280 8102 -277919.64 -289909.05  4.31%  17.0 1185s
 123770 116006 -288335.28  351 8007 -277919.64 -289905.65  4.31%  16.9 1191s
 124824 117067 -288079.87  392 7929 -277919.64 -289905.65  4.31%  16.9 1195s
 125551 118161 -287930.38  429 7880 -277919.64 -289905.65  4.31%  16.9 1200s
 127528 119643 -287543.67  522 7716 -277919.64 -289904.07  4.31%  16.8 1206s
 128673 120787 -287326.33  571 7637 -277919.64 -289904.07  4.31%  16.7 1210s
 129967 122132 -287044.50  603 7591 -277919.64 -289904.07  4.31%  16.6 1215s
 131677 123858 -286883.45  649 7517 -277919.64 -289904.07  4.31%  16.5 1220s
 133133 125292 -286720.24  683 7426 -277919.64 -289903.38  4.31%  16.4 1225s
 134692 126564 -286467.33  732 7362 -277919.64 -289902.95  4.31%  16.4 1230s
 135864 128445 -286289.25  765 7319 -277919.64 -289902.95  4.31%  16.3 1236s
 137771 129911 -286074.38  812 7255 -277919.64 -289902.90  4.31%  16.2 1241s
 139128 131164 -285865.98  851 7193 -277919.64 -289902.90  4.31%  16.2 1245s
 140981 132610 -285660.45  891 7121 -277919.64 -289902.38  4.31%  16.1 1250s
 142403 134045 -285329.99  945 7021 -277919.64 -289902.38  4.31%  16.1 1256s
 143632 135208 -285214.89  968 6976 -277919.64 -289902.38  4.31%  16.0 1260s
 145070 136613 infeasible  996      -277919.64 -289902.38  4.31%  16.0 1266s
 146284 138345 -284922.08 1017 6923 -277919.64 -289902.38  4.31%  15.9 1273s
 147766 139465 -284687.26 1057 6875 -277919.64 -289901.65  4.31%  15.9 1276s
 149116 140651 -284492.92 1096 6848 -277919.64 -289901.65  4.31%  15.9 1280s
 150548 141774 -284391.50 1127 6808 -277919.64 -289901.65  4.31%  15.8 1285s
 152279 143529 -284108.14 1176 6750 -277919.64 -289900.87  4.31%  15.7 1291s
 153559 144662 -283977.47 1208 6688 -277919.64 -289900.87  4.31%  15.7 1295s
 155093 146123 -289707.13   72 8672 -277919.64 -289900.87  4.31%  15.6 1301s
 156135 147281 -289186.02  199 8377 -277919.64 -289900.87  4.31%  15.6 1305s
 157715 148537 -288599.41  286 8220 -277919.64 -289900.38  4.31%  15.6 1310s
 158619 149670 -288267.98  336 8116 -277919.64 -289900.38  4.31%  15.6 1315s
 159635 150687 -287978.34  389 7999 -277919.64 -289900.38  4.31%  15.5 1320s
 160790 151694 -287707.63  444 7931 -277919.64 -289900.38  4.31%  15.5 1325s
 161930 152992 -287481.93  487 7894 -277919.64 -289900.38  4.31%  15.5 1330s
 163190 154304 -287245.71  540 7756 -277919.64 -289900.38  4.31%  15.5 1335s
 164757 155628 -286889.46  611 7643 -277919.64 -289900.38  4.31%  15.4 1341s
 165999 156830 infeasible  662      -277919.64 -289900.04  4.31%  15.4 1346s
 166815 158133 -286487.18  687 7453 -277919.64 -289900.04  4.31%  15.3 1351s
 168164 158988 -286260.95  724 7415 -277919.64 -289899.97  4.31%  15.3 1355s
 170032 160577 infeasible  775      -277919.64 -289899.97  4.31%  15.2 1361s
 171146 161772 -288622.28  255 8209 -277919.64 -289899.96  4.31%  15.2 1366s
 172478 162842 -285394.75  701 7423 -277919.64 -289899.96  4.31%  15.2 1371s
 173643 164328 -289816.43   55 8737 -277919.64 -289899.96  4.31%  15.1 1376s
 175039 165722 -287789.77  394 8046 -277919.64 -289899.96  4.31%  15.1 1381s
 176509 167029 -285349.23  818 7342 -277919.64 -289899.96  4.31%  15.0 1386s
 177428 167910 -283536.69 1151 6831 -277919.64 -289899.96  4.31%  15.0 1391s
 178564 169075 -289348.65  142 8536 -277919.64 -289899.96  4.31%  15.0 1396s
 179520 169989 -288895.04  235 8341 -277919.64 -289899.96  4.31%  15.0 1400s
 180626 170966 -288455.92  290 8213 -277919.64 -289899.96  4.31%  14.9 1406s
 181561 171980 -288233.66  331 8165 -277919.64 -289899.96  4.31%  14.9 1410s
 182593 172934 -287988.61  369 8115 -277919.64 -289899.96  4.31%  14.9 1416s
 183664 174178 -287780.50  411 8015 -277919.64 -289899.96  4.31%  14.9 1420s
 185012 175543 -287549.15  462 7918 -277919.64 -289899.96  4.31%  14.9 1426s
 186114 176295 -287280.64  506 7863 -277919.64 -289899.96  4.31%  14.8 1430s
 187561 177801 -287022.56  554 7748 -277919.64 -289899.96  4.31%  14.8 1436s
 188003 178538 -286905.35  569 7719 -277919.64 -289899.61  4.31%  14.8 1440s
 189717 180046 -286630.33  635 7586 -277919.64 -289899.61  4.31%  14.8 1446s
 190927 181279 -289314.22  135 8503 -277919.64 -289899.61  4.31%  14.7 1452s
 191908 182113 -289578.76   94 8601 -277919.64 -289899.50  4.31%  14.7 1456s
 193449 183504 -287033.86  494 7841 -277919.64 -289899.50  4.31%  14.7 1461s
 194473 184768 -285432.94  800 7352 -277919.64 -289899.50  4.31%  14.6 1465s
 196252 186326 -282785.78 1310 6629 -277919.64 -289899.50  4.31%  14.6 1471s
 197545 187439 -280849.39 1674 6098 -277919.64 -289899.50  4.31%  14.5 1476s
 198448 188713 infeasible 1964      -277919.64 -289899.50  4.31%  14.5 1482s
 199548 189605 -289829.44   61 8725 -277919.64 -289899.50  4.31%  14.5 1486s
 200670 190473 -289595.82  150 8506 -277919.64 -289899.50  4.31%  14.5 1490s
 201619 191484 -289094.61  258 8277 -277919.64 -289899.13  4.31%  14.5 1496s
 202811 192581 -288285.71  394 8067 -277919.64 -289899.13  4.31%  14.5 1501s
 203715 193521 -287854.34  486 7916 -277919.64 -289899.13  4.31%  14.5 1505s
 205055 194917 -287040.77  635 7615 -277919.64 -289898.99  4.31%  14.4 1511s
 206286 195816 -286418.64  746 7432 -277919.64 -289898.99  4.31%  14.4 1515s
 207569 197386 -288523.95  279 8148 -277919.64 -289898.82  4.31%  14.4 1521s
 208522 198100 -286648.86  556 7691 -277919.64 -289898.82  4.31%  14.4 1525s
 210185 199788 -283927.61 1081 6911 -277919.64 -289898.82  4.31%  14.4 1532s
 210901 200494 -282813.91 1299 6592 -277919.64 -289898.47  4.31%  14.4 1535s
 212161 201613 -280901.99 1679 6050 -277919.64 -289898.47  4.31%  14.4 1540s
 213515 203062 -278936.67 2045 5553 -277919.64 -289898.47  4.31%  14.3 1545s
 214742 203810 -280778.23 1654 6171 -277919.64 -289898.47  4.31%  14.3 1550s
 216099 205267 -289865.69   36 8817 -277919.64 -289898.39  4.31%  14.3 1556s
 217064 206414 -289725.10   99 8643 -277919.64 -289898.39  4.31%  14.3 1561s
 218056 207367 -289558.79  159 8461 -277919.64 -289898.39  4.31%  14.3 1565s
 219220 208533 -289178.63  255 8271 -277919.64 -289898.02  4.31%  14.2 1571s
 219786 209114 -288791.86  316 8170 -277919.64 -289898.02  4.31%  14.2 1575s
 221730 211143 -287921.06  460 7921 -277919.64 -289898.02  4.31%  14.2 1582s
 222714 211968 -287482.74  530 7800 -277919.64 -289898.02  4.31%  14.2 1585s
 224075 213225 -286991.23  651 7606 -277919.64 -289898.02  4.31%  14.2 1591s
 225132 214202 -286576.85  725 7471 -277919.64 -289898.02  4.31%  14.1 1595s
 226230 215139 -286062.42  843 7217 -277919.64 -289897.96  4.31%  14.1 1600s
 227454 216391 -285321.56  963 7060 -277919.64 -289897.96  4.31%  14.1 1606s
 228555 217570 -284655.72 1079 6880 -277919.64 -289897.96  4.31%  14.1 1611s
 229432 219000 -284261.39 1158 6750 -277919.64 -289897.84  4.31%  14.1 1617s
 230869 219802 -283667.85 1278 6601 -277919.64 -289897.84  4.31%  14.0 1621s
 231840 220477 -283299.94 1365 6489 -277919.64 -289897.84  4.31%  14.0 1625s
 232778 221644 -282801.82 1467 6371 -277919.64 -289897.84  4.31%  14.0 1630s
 233739 222693 -282270.69 1561 6250 -277919.64 -289897.84  4.31%  14.0 1635s
 234705 223663 -282030.03 1642 6125 -277919.64 -289897.84  4.31%  14.0 1640s
 236187 224793 -289814.34   58 8722 -277919.64 -289897.80  4.31%  13.9 1646s
 237113 225915 -288932.22  251 8285 -277919.64 -289897.80  4.31%  13.9 1650s
 238599 227421 -286665.35  581 7674 -277919.64 -289897.80  4.31%  13.9 1656s
 239535 228344 -285330.69  829 7232 -277919.64 -289897.80  4.31%  13.9 1660s
 240840 229396 -283423.49 1173 6777 -277919.64 -289897.80  4.31%  13.9 1667s
 241477 230354 -282336.75 1379 6536 -277919.64 -289897.80  4.31%  13.8 1672s
 242493 231265 -280762.91 1692 6059 -277919.64 -289897.72  4.31%  13.8 1677s
 243155 231599 infeasible 1888      -277919.64 -289897.55  4.31%  13.8 1680s
 244190 232605 -287390.11  458 7932 -277919.64 -289897.55  4.31%  13.8 1685s
 245385 233849 -289669.32   79 8589 -277919.64 -289897.39  4.31%  13.8 1691s
 246228 234439 -288351.88  298 8146 -277919.64 -289897.39  4.31%  13.8 1696s
 246954 235325 infeasible  479      -277919.64 -289897.37  4.31%  13.8 1700s
 248188 236384 -287847.05  390 7916 -277919.64 -289897.37  4.31%  13.8 1707s
 248861 237323 -286566.13  622 7612 -277919.64 -289897.37  4.31%  13.8 1711s
 249738 238165 -284843.91  943 7070 -277919.64 -289897.37  4.31%  13.8 1716s
 250679 239587 -282853.71 1289 6622 -277919.64 -289897.37  4.31%  13.8 1723s
 251751 239819 infeasible 1670      -277919.64 -289897.37  4.31%  13.8 1725s
 252840 241000 -288759.75  258 8210 -277919.64 -289897.37  4.31%  13.8 1731s
 253368 241703 -287926.63  378 7968 -277919.64 -289897.37  4.31%  13.7 1735s
 254873 243225 -285520.76  782 7304 -277919.64 -289897.37  4.31%  13.7 1742s
 255941 243994 -284164.89 1045 6924 -277919.64 -289897.37  4.31%  13.7 1746s
 256722 244699 -282821.52 1287 6592 -277919.64 -289897.37  4.31%  13.7 1750s
 257791 245638 -289845.52   45 8809 -277919.64 -289897.19  4.31%  13.7 1756s
 258409 246441 -289074.03  197 8322 -277919.64 -289897.19  4.31%  13.7 1760s
 259306 247193 -287363.82  460 7809 -277919.64 -289897.19  4.31%  13.7 1766s
 260214 247809 -285582.92  721 7403 -277919.64 -289897.19  4.31%  13.7 1770s
 260612 248756 -289676.69   89 8614 -277919.64 -289897.19  4.31%  13.7 1775s
 261237 249900 -288952.32  214 8259 -277919.64 -289897.19  4.31%  13.7 1780s
 262791 250554 -286425.04  612 7612 -277919.64 -289897.19  4.31%  13.6 1785s
 263765 251571 -285035.86  859 7159 -277919.64 -289897.19  4.31%  13.6 1791s
 264359 252141 -284207.87 1024 6942 -277919.64 -289896.91  4.31%  13.6 1795s
 265153 252755 -282528.32 1311 6529 -277919.64 -289896.87  4.31%  13.6 1800s
 265751 253720 -281354.14 1523 6255 -277919.64 -289896.87  4.31%  13.6 1805s
 266699 254463 -279749.56 1831 5850 -277919.64 -289896.87  4.31%  13.6 1810s
 267440 255139 -278375.87 2102 5461 -277919.64 -289896.87  4.31%  13.6 1815s
 268374 256077 -289667.72   96 8581 -277919.64 -289896.84  4.31%  13.6 1820s
 269417 256981 -288102.74  353 8027 -277919.64 -289896.84  4.31%  13.6 1825s
 270314 258134 -286054.73  626 7619 -277919.64 -289896.84  4.31%  13.6 1830s
 271309 258895 -289879.97   37 8836 -277919.64 -289896.84  4.31%  13.5 1835s
 271762 259870 -289471.12  110 8500 -277919.64 -289896.73  4.31%  13.5 1840s
 273061 260501 -289655.45  122 8598 -277919.64 -289896.64  4.31%  13.5 1845s
 274444 261955 -287603.41  444 7987 -277919.64 -289896.64  4.31%  13.5 1852s
 275282 262815 -285823.97  638 7473 -277919.64 -289896.64  4.31%  13.5 1856s
 276303 263822 -283722.78  933 6922 -277919.64 -289896.62  4.31%  13.5 1861s
 277242 264881 -281918.83 1195 6485 -277919.64 -289896.62  4.31%  13.5 1866s
 278344 265908 -279824.22 1492 5912 -277919.64 -289896.62  4.31%  13.5 1871s
 279522 266545 infeasible 1778      -277919.64 -289896.62  4.31%  13.4 1876s
 280231 267412 -289075.48  160 8394 -277919.64 -289896.53  4.31%  13.5 1881s
 281087 268162 -287860.89  375 7931 -277919.64 -289896.53  4.31%  13.5 1886s
 281824 268850 -286376.82  578 7644 -277919.64 -289896.53  4.31%  13.5 1890s
 282801 269768 infeasible  837      -277919.64 -289896.53  4.31%  13.4 1897s
 283061 270132 -289702.12   86 8677 -277919.64 -289896.53  4.31%  13.4 1900s
 284103 270980 -288175.62  345 8075 -277919.64 -289896.53  4.31%  13.4 1905s
 284971 272120 -286714.71  585 7644 -277919.64 -289896.53  4.31%  13.4 1912s
 285427 272757 -285944.47  702 7481 -277919.64 -289896.53  4.31%  13.4 1915s
 286409 273235 infeasible  943      -277919.64 -289896.53  4.31%  13.4 1920s
 287070 273922 -288752.78  227 8207 -277919.64 -289896.36  4.31%  13.4 1925s
 288009 274870 infeasible  473      -277919.64 -289896.34  4.31%  13.4 1931s
 288860 275752 -289110.09  173 8351 -277919.64 -289896.34  4.31%  13.4 1937s
 289227 276349 -288557.65  275 8138 -277919.64 -289896.34  4.31%  13.4 1940s
 290501 277496 -286797.22  593 7621 -277919.64 -289896.34  4.31%  13.4 1946s
 291458 278464 -285369.20  842 7209 -277919.64 -289896.34  4.31%  13.4 1952s
 291995 278838 infeasible  980      -277919.64 -289896.27  4.31%  13.4 1955s
 292395 279686 -289667.87   86 8662 -277919.64 -289896.27  4.31%  13.4 1960s
 293717 280774 -288883.35  224 8300 -277919.64 -289896.27  4.31%  13.4 1965s
 294928 281601 -288357.79  360 8068 -277919.64 -289896.27  4.31%  13.4 1971s
 295504 282229 -288148.83  420 7934 -277919.64 -289896.27  4.31%  13.4 1975s
 296199 283027 -287831.05  474 7840 -277919.64 -289896.27  4.31%  13.4 1980s
 297227 284051 -289713.31  105 8693 -277919.64 -289896.27  4.31%  13.4 1987s
 297730 284466 -289343.34  169 8536 -277919.64 -289896.27  4.31%  13.4 1990s
 298762 285603 -288404.77  361 8147 -277919.64 -289896.27  4.31%  13.3 1995s
 299580 286175 -286709.90  553 7694 -277919.64 -289896.27  4.31%  13.3 2000s
 300273 286776 -284849.41  786 7200 -277919.64 -289896.27  4.31%  13.3 2005s
 301164 287628 -281918.78 1206 6434 -277919.64 -289896.27  4.31%  13.3 2011s
 301773 288300 -279936.02 1477 5894 -277919.64 -289896.27  4.31%  13.3 2016s
 302388 288915 -278263.12 1743 5458 -277919.64 -289896.27  4.31%  13.3 2021s
 302754 289665 -289749.87   74 8711 -277919.64 -289896.27  4.31%  13.3 2025s
 303843 290370 -288220.88  336 8042 -277919.64 -289896.27  4.31%  13.3 2031s
 304589 291121 -289696.03   86 8665 -277919.64 -289896.27  4.31%  13.3 2036s
 305321 291953 -289199.05  185 8427 -277919.64 -289896.27  4.31%  13.3 2042s
 305910 292196 infeasible  255      -277919.64 -289896.13  4.31%  13.3 2045s
 306576 292959 -289132.46  173 8417 -277919.64 -289896.05  4.31%  13.3 2050s
 307356 293977 -287854.69  397 7930 -277919.64 -289896.05  4.31%  13.4 2057s
 308028 294135 infeasible  579      -277919.64 -289896.05  4.31%  13.3 2060s
 308666 295155 -289416.11  179 8548 -277919.64 -289896.04  4.31%  13.3 2067s
 309250 295895 -288728.87  303 8277 -277919.64 -289896.04  4.31%  13.3 2070s
 310363 296639 -286407.09  598 7600 -277919.64 -289896.04  4.31%  13.3 2077s
 310766 297366 -285379.42  718 7316 -277919.64 -289896.04  4.31%  13.3 2080s
 312136 298714 -282641.48 1100 6618 -277919.64 -289896.04  4.31%  13.3 2087s
 312847 299186 -281379.09 1277 6329 -277919.64 -289896.04  4.31%  13.3 2090s
 313333 300378 -280303.40 1417 6038 -277919.64 -289895.95  4.31%  13.3 2096s
 314897 300846 -277948.28 1788 5464 -277919.64 -289895.95  4.31%  13.3 2101s
 315433 301424 -289628.67  113 8587 -277919.64 -289895.88  4.31%  13.3 2105s
 316106 302074 -289101.30  204 8414 -277919.64 -289895.88  4.31%  13.3 2112s
 316972 302922 -288746.69  288 8234 -277919.64 -289895.88  4.31%  13.3 2117s
 317284 303255 -288438.13  342 8114 -277919.64 -289895.88  4.31%  13.3 2120s
 318154 304261 -288000.75  466 7930 -277919.64 -289895.88  4.31%  13.3 2126s
 319047 304957 -287678.35  514 7853 -277919.64 -289895.88  4.31%  13.3 2132s
 319343 305413 -287566.22  529 7805 -277919.64 -289895.88  4.31%  13.3 2135s
 320264 306110 -287303.16  574 7748 -277919.64 -289895.88  4.31%  13.2 2140s
 320897 306740 -287194.73  588 7712 -277919.64 -289895.82  4.31%  13.2 2145s
 321595 307333 -286975.79  622 7665 -277919.64 -289895.82  4.31%  13.2 2150s
 322340 308120 -286698.45  658 7611 -277919.64 -289895.82  4.31%  13.2 2156s
 323031 308793 -286540.44  682 7569 -277919.64 -289895.82  4.31%  13.2 2162s
 323346 309076 -286492.44  690 7552 -277919.64 -289895.80  4.31%  13.2 2165s
 324282 310162 -286279.75  728 7489 -277919.64 -289895.80  4.31%  13.2 2172s
 324725 310770 -286240.18  732 7481 -277919.64 -289895.80  4.31%  13.2 2176s
 325871 311835 -286019.70  769 7400 -277919.64 -289895.80  4.31%  13.2 2182s
 326398 311905 infeasible  780      -277919.64 -289895.80  4.31%  13.2 2185s
 326817 312554 -289666.10   94 8616 -277919.64 -289895.68  4.31%  13.2 2190s
 327647 313513 -288397.27  311 8125 -277919.64 -289895.68  4.31%  13.2 2196s
 328641 314106 -289835.13   61 8761 -277919.64 -289895.59  4.31%  13.2 2202s
 329186 314701 -289293.81  175 8448 -277919.64 -289895.59  4.31%  13.2 2206s
 329873 315332 -288772.48  241 8244 -277919.64 -289895.59  4.31%  13.2 2212s
 330129 315738 -288627.46  271 8172 -277919.64 -289895.57  4.31%  13.2 2215s
 330940 316425 -288057.58  405 7913 -277919.64 -289895.57  4.31%  13.2 2221s
 331222 317159 -287920.83  430 7887 -277919.64 -289895.57  4.31%  13.2 2225s
 332272 317900 -287414.61  524 7728 -277919.64 -289895.55  4.31%  13.2 2231s
 333101 318867 -287140.85  569 7669 -277919.64 -289895.55  4.31%  13.2 2237s
 333700 319275 -286946.70  590 7640 -277919.64 -289895.55  4.31%  13.2 2241s
 334136 319776 -286730.24  611 7601 -277919.64 -289895.55  4.31%  13.2 2245s
 334637 320284 -286522.22  640 7592 -277919.64 -289895.55  4.31%  13.2 2250s
 335916 321644 -286268.00  677 7538 -277919.64 -289895.55  4.31%  13.2 2258s
 336505 321809 -286092.07  694 7521 -277919.64 -289895.55  4.31%  13.2 2260s
 336968 322194 -286037.28  708 7512 -277919.64 -289895.54  4.31%  13.2 2265s
 337481 322898 -285933.19  723 7483 -277919.64 -289895.54  4.31%  13.2 2272s
 337815 323224 -285844.93  732 7461 -277919.64 -289895.53  4.31%  13.2 2275s
 338656 324276 -285621.83  782 7359 -277919.64 -289895.53  4.31%  13.2 2282s
 339201 324666 -285517.76  794 7312 -277919.64 -289895.53  4.31%  13.2 2285s
 339912 325449 -285401.03  819 7269 -277919.64 -289895.53  4.31%  13.2 2292s
 340402 326021 -285338.90  833 7250 -277919.64 -289895.53  4.31%  13.2 2296s
 340974 326608 -285192.52  851 7218 -277919.64 -289895.53  4.31%  13.2 2300s
 341927 327166 -285021.07  879 7166 -277919.64 -289895.53  4.31%  13.2 2307s
 342169 327637 -284972.53  888 7150 -277919.64 -289895.53  4.31%  13.2 2311s
 343066 328584 -284845.10  920 7084 -277919.64 -289895.53  4.31%  13.2 2318s
 343659 328915 -284768.08  929 7068 -277919.64 -289895.53  4.31%  13.2 2322s
 344006 329390 -284724.48  939 7047 -277919.64 -289895.53  4.31%  13.2 2325s
 344493 329972 -284662.78  950 7008 -277919.64 -289895.53  4.31%  13.2 2330s
 345610 330823 -284456.03  998 6948 -277919.64 -289895.53  4.31%  13.2 2337s
 345948 331515 -284376.64 1007 6944 -277919.64 -289895.53  4.31%  13.2 2341s
 346659 332002 -284337.03 1023 6907 -277919.64 -289895.53  4.31%  13.2 2345s
 347445 332674 -284243.00 1041 6888 -277919.64 -289895.41  4.31%  13.1 2351s
 347935 333037 -284313.94 1053 6895 -277919.64 -289895.41  4.31%  13.1 2355s
 348576 333821 -284106.88 1067 6862 -277919.64 -289895.40  4.31%  13.1 2361s
 349025 334339 -284014.71 1081 6852 -277919.64 -289895.40  4.31%  13.1 2365s
 350125 335204 -283973.25 1101 6826 -277919.64 -289895.40  4.31%  13.1 2372s
 350436 335512 -283957.66 1101 6829 -277919.64 -289895.40  4.31%  13.1 2375s
 350961 336024 -284817.49  784 7172 -277919.64 -289895.40  4.31%  13.1 2380s
 351853 336880 -283618.23 1128 6791 -277919.64 -289895.40  4.31%  13.1 2387s
 352132 337206 -283592.16 1135 6768 -277919.64 -289895.37  4.31%  13.1 2390s
 352957 338199 -283495.63 1156 6717 -277919.64 -289895.37  4.31%  13.1 2398s
 353471 338431 -283426.81 1167 6699 -277919.64 -289895.37  4.31%  13.1 2401s
 353860 338720 -283346.23 1176 6692 -277919.64 -289895.37  4.31%  13.1 2405s
 354514 339499 -283277.10 1201 6659 -277919.64 -289895.35  4.31%  13.1 2411s
 354936 339904 -283244.28 1212 6635 -277919.64 -289895.35  4.31%  13.1 2416s
 355367 340825 -283186.87 1221 6633 -277919.64 -289895.35  4.31%  13.1 2421s
 356296 341169 -283087.63 1241 6605 -277919.64 -289895.35  4.31%  13.1 2426s
 357057 342064 -283005.91 1255 6589 -277919.64 -289895.35  4.31%  13.1 2432s
 357581 342403 -282967.75 1262 6575 -277919.64 -289895.35  4.31%  13.1 2436s
 357922 342787 -282906.11 1276 6546 -277919.64 -289895.35  4.31%  13.1 2440s
 358831 343749 -282752.32 1300 6525 -277919.64 -289895.35  4.31%  13.1 2447s
 359278 344180 -282655.35 1308 6511 -277919.64 -289895.35  4.31%  13.1 2451s
 359717 344789 -282612.45 1313 6505 -277919.64 -289895.35  4.31%  13.1 2456s
 360328 345249 -282567.29 1322 6495 -277919.64 -289895.35  4.31%  13.0 2460s
 361227 346174 -282488.42 1335 6485 -277919.64 -289895.35  4.31%  13.0 2468s
 361739 346523 -282431.87 1345 6469 -277919.64 -289895.35  4.31%  13.0 2471s
 362409 347158 -282374.10 1357 6426 -277919.64 -289895.27  4.31%  13.0 2478s
 362809 347558 -282331.64 1371 6428 -277919.64 -289895.27  4.31%  13.0 2481s
 363209 347943 -282279.04 1383 6401 -277919.64 -289895.27  4.31%  13.0 2485s
 363604 348533 -282237.79 1392 6391 -277919.64 -289895.27  4.31%  13.0 2490s
 364400 348937 -282168.73 1406 6377 -277919.64 -289895.23  4.31%  13.0 2496s
 364909 349540 -282073.51 1422 6354 -277919.64 -289895.23  4.31%  13.0 2502s
 365239 350013 -282033.30 1424 6350 -277919.64 -289895.23  4.31%  13.0 2507s
 365720 350361 -282043.49 1427 6345 -277919.64 -289895.23  4.31%  13.0 2512s
 366076 350893 -281992.38 1433 6332 -277919.64 -289895.23  4.31%  13.0 2516s
 366608 351256 -281906.99 1451 6293 -277919.64 -289895.23  4.31%  13.0 2521s
 366989 351826 -281867.05 1457 6296 -277919.64 -289895.23  4.31%  13.0 2525s
 367916 352693 -281612.02 1491 6253 -277919.64 -289895.23  4.31%  13.0 2533s
 368440 353073 -281514.74 1506 6239 -277919.64 -289895.23  4.31%  13.0 2539s
 368848 353254 -281471.42 1515 6238 -277919.64 -289895.23  4.31%  13.0 2542s
 369041 353758 -281432.29 1524 6214 -277919.64 -289895.23  4.31%  13.0 2547s
 369557 354404 -281393.96 1532 6192 -277919.64 -289895.23  4.31%  13.0 2552s
 370203 354806 -281345.37 1546 6181 -277919.64 -289895.23  4.31%  13.0 2557s
 370621 355309 -281318.01 1552 6175 -277919.64 -289895.20  4.31%  13.0 2562s
 371168 355735 -281251.03 1566 6199 -277919.64 -289895.20  4.31%  13.0 2566s
 371600 355964 infeasible 1577      -277919.64 -289895.20  4.31%  13.0 2572s
 371925 356314 -289757.10   73 8792 -277919.64 -289895.20  4.31%  13.0 2577s
 372275 356904 -289366.20  156 8569 -277919.64 -289895.20  4.31%  13.0 2582s
 372867 357355 -288471.98  296 8193 -277919.64 -289895.20  4.31%  13.0 2586s
 373322 358256 -287866.91  429 7958 -277919.64 -289895.20  4.31%  13.0 2592s
 374229 358551 infeasible  671      -277919.64 -289895.20  4.31%  13.0 2597s
 374568 359191 -289581.49   97 8787 -277919.64 -289895.20  4.31%  13.0 2602s
 375210 359664 -288940.38  215 8433 -277919.64 -289895.16  4.31%  13.0 2606s
 375747 360092 -289864.72   41 8887 -277919.64 -289895.15  4.31%  13.0 2612s
 376177 360880 -289455.27  144 8533 -277919.64 -289895.15  4.31%  13.0 2618s
 376975 361517 -288241.34  331 8110 -277919.64 -289895.15  4.31%  13.0 2623s
 377614 361731 infeasible  495      -277919.64 -289895.14  4.31%  13.0 2629s
 377870 362071 -289769.82   74 8819 -277919.64 -289895.09  4.31%  13.0 2632s
 378210 362414 -289468.62  153 8623 -277919.64 -289895.09  4.31%  13.0 2636s
 378945 363189 -288040.25  341 8141 -277919.64 -289895.09  4.31%  13.0 2644s
 379356 363795 -287349.58  473 7922 -277919.64 -289895.09  4.31%  13.0 2649s
 379962 364434 -286329.29  662 7594 -277919.64 -289895.09  4.31%  13.0 2653s
 380611 364656 infeasible  852      -277919.64 -289895.09  4.31%  13.0 2658s
 380879 365055 -289758.75   82 8807 -277919.64 -289895.03  4.31%  13.0 2661s
 381278 365335 -289446.23  164 8600 -277919.64 -289895.03  4.31%  13.0 2665s
 382038 366281 -287900.54  366 8143 -277919.64 -289895.03  4.31%  13.0 2673s
 382550 366533 infeasible  533      -277919.64 -289895.03  4.31%  13.0 2677s
 382818 366781 -289661.52   94 8773 -277919.64 -289895.03  4.31%  13.0 2680s
 383505 367503 -288803.87  260 8403 -277919.64 -289895.03  4.31%  13.0 2689s
 383816 367820 -287875.53  354 8091 -277919.64 -289895.03  4.31%  13.0 2693s
 384143 368284 -287245.26  467 7900 -277919.64 -289895.03  4.31%  13.0 2697s
 384615 368785 -286082.86  645 7557 -277919.64 -289895.03  4.31%  13.0 2702s
 385124 369365 -284917.73  806 7358 -277919.64 -289895.03  4.31%  13.0 2706s
 385710 369576 infeasible 1007      -277919.64 -289895.03  4.31%  13.0 2710s
 385951 370123 -289686.29   87 8753 -277919.64 -289894.95  4.31%  13.0 2716s
 386508 370691 -288743.53  238 8347 -277919.64 -289894.95  4.31%  13.0 2721s
 387084 371226 -287601.01  415 7952 -277919.64 -289894.95  4.31%  13.0 2726s
 387621 371485 infeasible  598      -277919.64 -289894.95  4.31%  13.0 2731s
 387910 371886 -289712.26   97 8747 -277919.64 -289894.94  4.31%  13.0 2735s
 388641 372549 -289141.94  222 8438 -277919.64 -289894.94  4.31%  13.0 2742s
 388978 372872 -288795.83  263 8342 -277919.64 -289894.94  4.31%  13.0 2746s
 389351 373237 -288464.31  321 8224 -277919.64 -289894.94  4.31%  13.0 2750s
 389732 373528 -288286.93  360 8118 -277919.64 -289894.94  4.31%  13.0 2756s
 390025 374063 -287923.06  433 7968 -277919.64 -289894.89  4.31%  13.0 2760s
 390566 374674 -287678.16  498 7914 -277919.64 -289894.89  4.31%  13.0 2765s
 391183 374988 -287222.84  592 7711 -277919.64 -289894.89  4.31%  13.0 2772s
 391527 375388 -287010.59  625 7675 -277919.64 -289894.88  4.31%  13.0 2776s
 391933 375725 -286892.42  647 7621 -277919.64 -289894.88  4.31%  13.0 2780s
 392298 376064 -286774.34  662 7602 -277919.64 -289894.86  4.31%  13.0 2785s
 392936 376687 -286610.15  689 7566 -277919.64 -289894.86  4.31%  13.0 2792s
 393266 377029 -286437.11  713 7533 -277919.64 -289894.86  4.31%  13.0 2796s
 393612 377402 -286317.99  730 7517 -277919.64 -289894.86  4.31%  13.0 2800s
 394293 378079 -286192.02  744 7498 -277919.64 -289894.86  4.31%  13.0 2809s
 394662 378421 -286086.51  767 7471 -277919.64 -289894.86  4.31%  13.0 2813s
 395008 378725 -285991.35  777 7455 -277919.64 -289894.86  4.31%  13.0 2817s
 395314 379118 -285900.72  787 7434 -277919.64 -289894.86  4.31%  13.0 2822s
 395707 379494 -285823.45  795 7419 -277919.64 -289894.86  4.31%  13.0 2826s
 396085 379922 -285734.43  812 7388 -277919.64 -289894.86  4.31%  13.0 2830s
 396521 380340 -285629.98  830 7360 -277919.64 -289894.86  4.31%  13.0 2836s
 396941 380919 -285563.77  844 7345 -277919.64 -289894.86  4.31%  13.0 2841s
 397522 381320 -285388.29  867 7319 -277919.64 -289894.86  4.31%  13.0 2847s
 397927 381668 -285234.29  888 7283 -277919.64 -289894.86  4.31%  13.0 2852s
 398277 382142 -285119.52  901 7255 -277919.64 -289894.86  4.31%  13.0 2856s
 398755 382388 -285074.17  907 7243 -277919.64 -289894.86  4.31%  13.0 2861s
 399001 382751 -285058.70  915 7235 -277919.64 -289894.86  4.31%  13.0 2881s
 399366 383323 -284986.38  926 7225 -277919.64 -289894.86  4.31%  13.0 2886s
 399942 383706 -284880.33  946 7195 -277919.64 -289894.86  4.31%  13.0 2893s
 400359 384192 -284831.92  967 7171 -277919.64 -289894.85  4.31%  13.0 2898s
 400855 384598 -284677.30  981 7142 -277919.64 -289894.85  4.31%  13.0 2905s
 401273 385133 -284589.51  994 7112 -277919.64 -289894.84  4.31%  13.0 2910s
 401808 385692 -284487.38 1022 7043 -277919.64 -289894.84  4.31%  13.0 2915s
 402379 385983 -284327.34 1041 7022 -277919.64 -289894.84  4.31%  13.0 2923s
 402694 386349 -284306.42 1051 6984 -277919.64 -289894.84  4.31%  13.0 2928s
 403064 386918 -284245.00 1062 6968 -277919.64 -289894.84  4.31%  13.0 2933s
 403633 387452 -284145.41 1073 6954 -277919.64 -289894.84  4.31%  13.0 2938s
 404171 387790 -283986.63 1096 6919 -277919.64 -289894.84  4.31%  12.9 2944s
 404529 388254 -283907.28 1116 6900 -277919.64 -289894.84  4.31%  12.9 2948s
 404999 388704 -283837.05 1132 6881 -277919.64 -289894.84  4.31%  12.9 2954s
 405455 389231 -283798.34 1141 6864 -277919.64 -289894.84  4.31%  12.9 2959s
 405982 389563 -283725.47 1152 6858 -277919.64 -289894.84  4.31%  12.9 2964s
 406206 389563 -287076.34  576 7750 -277919.64 -289894.84  4.31%  12.9 2965s
 406330 389925 -283674.14 1162 6827 -277919.64 -289894.84  4.31%  12.9 2970s
 407059 390965 -283552.78 1188 6773 -277919.64 -289894.84  4.31%  12.9 2981s
 407762 391097 -283475.88 1202 6727 -277919.64 -289894.84  4.31%  12.9 2986s
 407930 391453 -283471.47 1203 6732 -277919.64 -289894.83  4.31%  12.9 2991s
 408286 392020 -283427.49 1217 6716 -277919.64 -289894.83  4.31%  12.9 2995s
 408855 392293 -283369.81 1233 6689 -277919.64 -289894.83  4.31%  12.9 3000s

Cutting planes:
  Gomory: 441
  Lift-and-project: 4
  Cover: 1574
  MIR: 5423
  StrongCG: 2197
  Flow cover: 707
  GUB cover: 197
  Inf proof: 1
  Zero half: 299
  Mod-K: 1
  RLT: 3
  Relax-and-lift: 275

Explored 409138 nodes (5349594 simplex iterations) in 3000.63 seconds (2967.16 work units)
Thread count was 4 (of 28 available processors)

Solution count 10: -277920 -277913 -277911 ... -277847

Time limit reached
Best objective -2.779196420514e+05, best bound -2.898948252917e+05, gap 4.3089%

User-callback calls 1016154, time in user-callback 3.09 sec
