
Gurobi 13.0.1 (win64) logging started Wed Oct  7 04:01:25 2026

Set parameter LogFile to value "results/source_summaries/2d/B1080/gurobi_extensive.log"
Gurobi Optimizer version 13.0.1 build v13.0.1rc0 (win64 - Windows 11+.0 (26200.2))

CPU model: Intel(R) Core(TM) i7-14700, instruction set [SSE2|AVX|AVX2]
Thread count: 20 physical cores, 28 logical processors, using up to 4 threads

Non-default parameters:
TimeLimit  3000
IntFeasTol  1e-06
MIPGap  0.0005
Heuristics  0.2
Cuts  2
Presolve  2
Seed  1
Threads  4

Optimize a model with 34567 rows, 58326 columns and 125296 nonzeros (Min)
Model fingerprint: 0x045a6e42
Model has 23764 linear objective coefficients
Variable types: 34562 continuous, 23764 integer (23762 binary)
Coefficient statistics:
  Matrix range     [1e-01, 3e+01]
  Objective range  [2e+00, 5e+01]
  Bounds range     [1e-01, 2e+01]
  RHS range        [1e+00, 8e+01]

Found heuristic solution: objective 0.0000000
Presolve removed 0 rows and 32400 columns
Presolve time: 2.92s
Presolved: 34567 rows, 25926 columns, 92899 nonzeros
Variable types: 2162 continuous, 23764 integer (23762 binary)
Root relaxation presolved: 34567 rows, 25926 columns, 92899 nonzeros


Root relaxation: objective -2.874383e+05, 9956 iterations, 0.41 seconds (0.76 work units)

    Nodes    |    Current Node    |     Objective Bounds      |     Work
 Expl Unexpl |  Obj  Depth IntInf | Incumbent    BestBd   Gap | It/Node Time

     0     0 -287438.34    0 2462    0.00000 -287438.34      -     -    3s
H    0     0                    -259827.2848 -287438.34  10.6%     -    3s
H    0     0                    -261907.1174 -287438.34  9.75%     -    3s
H    0     0                    -262266.6925 -287438.34  9.60%     -    3s
H    0     0                    -262347.9992 -287438.34  9.56%     -    3s
H    0     0                    -262367.6812 -287438.17  9.56%     -    4s
H    0     0                    -262489.0224 -283694.02  8.08%     -    4s
H    0     0                    -262593.1958 -283694.02  8.04%     -    4s
     0     0 -283072.75    0 3348 -262593.20 -283072.75  7.80%     -    4s
     0     0 -283072.75    0 3342 -262593.20 -283072.75  7.80%     -    4s
H    0     0                    -262595.2551 -283072.75  7.80%     -    5s
H    0     0                    -262618.9522 -282467.30  7.56%     -    5s
     0     0 -282467.30    0 4329 -262618.95 -282467.30  7.56%     -    5s
H    0     0                    -262668.0692 -282062.88  7.38%     -    6s
H    0     0                    -262679.1011 -282062.88  7.38%     -    6s
H    0     0                    -262692.0174 -282062.88  7.37%     -    6s
H    0     0                    -262695.8662 -282062.88  7.37%     -    6s
     0     0 -282062.88    0 4768 -262695.87 -282062.88  7.37%     -    6s
     0     0 -282047.74    0 4740 -262695.87 -282047.74  7.37%     -    6s
H    0     0                    -262724.4707 -281865.17  7.29%     -    6s
H    0     0                    -262734.0800 -281865.17  7.28%     -    6s
H    0     0                    -262742.8713 -281865.17  7.28%     -    6s
H    0     0                    -262745.0097 -281865.17  7.28%     -    6s
H    0     0                    -262908.7259 -281865.17  7.21%     -    6s
H    0     0                    -262923.7830 -281865.17  7.20%     -    6s
     0     0 -281865.17    0 5235 -262923.78 -281865.17  7.20%     -    6s
     0     0 -281865.15    0 5228 -262923.78 -281865.15  7.20%     -    6s
H    0     0                    -262965.5291 -281851.94  7.18%     -    7s
     0     0 -281851.94    0 5369 -262965.53 -281851.94  7.18%     -    7s
     0     0 -281851.91    0 5369 -262965.53 -281851.91  7.18%     -    7s
H    0     0                    -263021.9014 -281851.91  7.16%     -    8s
H    0     0                    -263076.1935 -281851.91  7.14%     -    8s
H    0     0                    -263084.2030 -281851.91  7.13%     -    8s
H    0     0                    -263131.5753 -281142.15  6.84%     -    9s
H    0     0                    -263166.8916 -281142.15  6.83%     -    9s
H    0     0                    -263205.0698 -281142.15  6.81%     -    9s
     0     0 -280809.32    0 4797 -263205.07 -280809.32  6.69%     -    9s
     0     0 -280809.32    0 4857 -263205.07 -280809.32  6.69%     -    9s
H    0     0                    -263230.7855 -280367.12  6.51%     -   10s
H    0     0                    -263233.8070 -280367.12  6.51%     -   10s
H    0     0                    -263235.8400 -280367.12  6.51%     -   10s
     0     0 -280367.12    0 5423 -263235.84 -280367.12  6.51%     -   10s
H    0     0                    -263255.0173 -280073.58  6.39%     -   11s
     0     0 -279990.37    0 5579 -263255.02 -279990.37  6.36%     -   11s
H    0     0                    -263275.2966 -279839.72  6.29%     -   12s
     0     0 -279839.72    0 5680 -263275.30 -279839.72  6.29%     -   12s
     0     0 -279768.11    0 5901 -263275.30 -279768.11  6.26%     -   13s
     0     0 -279766.33    0 5913 -263275.30 -279766.33  6.26%     -   13s
H    0     0                    -263290.4713 -279766.33  6.26%     -   13s
     0     0 -279524.44    0 6019 -263290.47 -279524.44  6.17%     -   15s
     0     0 -279418.91    0 5827 -263290.47 -279418.91  6.13%     -   15s
     0     0 -279265.46    0 6015 -263290.47 -279265.46  6.07%     -   15s
     0     0 -279156.67    0 6141 -263290.47 -279156.67  6.03%     -   16s
     0     0 -278905.43    0 6342 -263290.47 -278905.43  5.93%     -   17s
     0     0 -278905.37    0 6338 -263290.47 -278905.37  5.93%     -   17s
H    0     0                    -263302.6191 -278866.36  5.91%     -   18s
     0     0 -278866.36    0 6593 -263302.62 -278866.36  5.91%     -   18s
     0     0 -278852.66    0 6541 -263302.62 -278852.66  5.91%     -   18s
     0     0 -278849.82    0 6575 -263302.62 -278849.82  5.90%     -   18s
     0     0 -278841.30    0 6606 -263302.62 -278841.30  5.90%     -   20s
     0     0 -278630.89    0 6513 -263302.62 -278630.89  5.82%     -   21s
H    0     0                    -263306.7224 -278479.45  5.76%     -   22s
     0     0 -278479.45    0 6406 -263306.72 -278479.45  5.76%     -   22s
     0     0 -278391.21    0 6505 -263306.72 -278391.21  5.73%     -   23s
     0     0 -278382.35    0 6525 -263306.72 -278382.35  5.73%     -   23s
     0     0 -278382.35    0 6521 -263306.72 -278382.35  5.73%     -   23s
     0     0 -278312.49    0 6530 -263306.72 -278312.49  5.70%     -   25s
     0     0 -278200.39    0 6637 -263306.72 -278200.39  5.66%     -   26s
H    0     0                    -263307.7397 -278148.13  5.64%     -   27s
     0     0 -278148.13    0 6717 -263307.74 -278148.13  5.64%     -   27s
     0     0 -278148.10    0 6713 -263307.74 -278148.10  5.64%     -   27s
     0     0 -278140.09    0 6767 -263307.74 -278140.09  5.63%     -   27s
H    0     0                    -263313.7119 -277886.44  5.53%     -   33s
     0     0 -277886.44    0 6248 -263313.71 -277886.44  5.53%     -   35s
     0     0 -277877.23    0 6225 -263313.71 -277877.23  5.53%     -   35s
H    0     0                    -263315.7449 -277877.23  5.53%     -   39s
     0     0 -277763.63    0 7207 -263315.74 -277763.63  5.49%     -   42s
     0     0 -277763.60    0 7207 -263315.74 -277763.60  5.49%     -   43s
     0     0 -277763.60    0 7060 -263315.74 -277763.60  5.49%     -   43s
     0     2 -277760.80    0 7053 -263315.74 -277760.80  5.49%     -   47s
     3     8 -275172.87    2 6028 -263315.74 -277618.16  5.43%  3615   50s
   364   369 -275151.18   86 5933 -263315.74 -275836.29  4.75%  63.6   55s
   731   758 -275136.76  160 5855 -263315.74 -275836.29  4.75%  34.5   60s
  1133  1171 -275080.69  260 5665 -263315.74 -275836.29  4.75%  24.2   65s
  1907  2026 -274988.96  443 5344 -263315.74 -275836.29  4.75%  16.3   70s
  2679  2828 -274827.66  609 5149 -263315.74 -275836.29  4.75%  13.0   75s
  4104  4382 -267076.20  922 4652 -263315.74 -275836.29  4.75%  10.3   80s
  5442  5415 -266955.68  986 7060 -263315.74 -275836.29  4.75%   9.0   95s
  5454  5423 -267422.15  723 6894 -263315.74 -275836.29  4.75%   8.9  100s
  5462  5428 -274821.01  610 7490 -263315.74 -275836.29  4.75%   8.9  106s
  5467  5432 -267192.81  858 6655 -263315.74 -275836.29  4.75%   8.9  112s
  5469  5433 -275043.50  350 6637 -263315.74 -275836.29  4.75%   8.9  115s
  5470  5434 -268750.97  437 6651 -263315.74 -275836.29  4.75%   8.9  120s
  5472  5435 -268978.28  305 6722 -263315.74 -275836.29  4.75%   8.9  125s
  5476  5438 -269030.64  277 6976 -263315.74 -275836.29  4.75%   8.9  132s
  5477  5438 -269031.29  270 7005 -263315.74 -275836.29  4.75%   8.9  135s
  5479  5440 -268418.58  234 7001 -263315.74 -275836.29  4.75%   8.9  140s
  5484  5443 -267806.26  444 7250 -263315.74 -275836.29  4.75%   8.9  149s
  5485  5444 -268847.95  101 7188 -263315.74 -275836.29  4.75%   8.9  153s
  5486  5444 -267869.56  399 7279 -263315.74 -275836.29  4.75%   8.9  158s
  5487  5445 -274492.09  758 7261 -263315.74 -275836.29  4.75%   8.9  162s
  5491  5448 -274330.47  852 7286 -263315.74 -275836.29  4.75%   8.9  166s
  5492  5448 -266941.12 1006 7295 -263315.74 -275836.29  4.75%   8.9  170s
  5494  5450 -274488.98  763 7280 -263315.74 -275836.29  4.75%   8.9  178s
  5495  5453 -275836.29   10 8526 -263315.74 -275836.29  4.75%  21.2  180s
  5657  5570 -274261.98   29 6904 -263315.74 -275232.11  4.53%  26.1  185s
  5995  5792 -274208.12   62 6861 -263315.74 -275232.11  4.53%  25.6  190s
  6235  5984 -274099.64   93 6772 -263315.74 -275232.11  4.53%  25.6  195s
  6523  6195 -273986.87  128 6759 -263315.74 -275232.11  4.53%  25.0  200s
  6858  6377 -273856.00  177 6679 -263315.74 -275232.11  4.53%  24.4  206s
  7183  6704 -273812.13  201 6641 -263315.74 -275232.11  4.53%  23.8  210s
  8248  7417 -273549.76  308 6504 -263315.74 -275232.11  4.53%  22.1  216s
  8977  7928 -273410.91  384 6398 -263315.74 -275232.11  4.53%  21.2  220s
  9512  8207 -273332.31  431 6332 -263315.74 -275232.11  4.53%  20.6  225s
 10290  8912 -273111.41  515 6246 -263315.74 -275232.11  4.53%  19.9  230s
 10994  9337 -272927.01  618 6116 -263315.74 -275232.11  4.53%  19.1  235s
 12129 10197 -272647.53  737 6022 -263315.74 -275232.11  4.53%  18.3  240s
 12815 10325 -272480.03  808 5928 -263315.74 -275232.11  4.53%  17.8  246s
 12901 10570 -272439.17  825 5891 -263315.74 -275232.11  4.53%  17.8  251s
 13848 11372 -272157.39  941 5739 -263315.74 -275232.11  4.53%  17.1  256s
 14697 11626 -271823.06 1031 5652 -263315.74 -275232.11  4.53%  16.7  262s
 14917 11910 -271822.93 1032 5651 -263315.74 -275232.11  4.53%  16.5  268s
 15153 12187 -271760.20 1054 5607 -263315.74 -275232.11  4.53%  16.4  271s
 15980 12902 -271321.67 1150 5437 -263315.74 -275232.11  4.53%  16.1  276s
 16977 13339 infeasible 1261      -263315.74 -275232.11  4.53%  15.8  280s
 18273 14340 -270638.27 1420 4984 -263315.74 -275232.11  4.53%  16.1  286s
 19161 14785 -270189.82 1534 4867 -263315.74 -275232.11  4.53%  16.0  290s
 20373 15598 -269562.35 1703 4658 -263315.74 -275232.11  4.53%  16.8  296s
 21282 16274 -269084.61 1817 4532 -263315.74 -275232.11  4.53%  16.5  300s
 22713 17387 -268622.93 2001 4287 -263315.74 -275232.11  4.53%  16.1  306s
 23518 18159 -268269.42 2098 4176 -263315.74 -275232.11  4.53%  16.0  310s
 24628 19312 -267809.64 2249 3902 -263315.74 -275232.11  4.53%  15.7  315s
 25919 20279 -274204.58   17 7152 -263315.74 -275232.11  4.53%  15.4  321s
 26583 21095 -274067.44   68 7023 -263315.74 -275232.11  4.53%  15.3  325s
 27123 21562 -265349.45  111 6265 -263315.74 -275232.11  4.53%  16.2  330s
 28336 22836 -264949.45  271 6060 -263315.74 -275232.11  4.53%  16.7  336s
 29176 23426 -264651.24  385 5960 -263315.74 -275232.11  4.53%  17.2  341s
 30408 24620 -264242.07  554 5771 -263315.74 -274993.30  4.43%  17.2  348s
 30787 24990 -264126.96  607 5715 -263315.74 -274993.30  4.43%  17.1  350s
 31640 25920 -274889.10   27 8265 -263315.74 -274993.30  4.43%  17.0  355s
 32435 26677 -274440.69  114 8086 -263315.74 -274993.30  4.43%  17.0  361s
 33769 27512 -274128.46  201 7960 -263315.74 -274993.30  4.43%  16.9  374s
 33773 27516 -274115.10  202 7950 -263315.74 -274993.30  4.43%  16.9  387s
 33777 27520 -274097.93  203 7953 -263315.74 -274993.30  4.43%  16.9  402s
 33781 27524 -274102.72  203 7948 -263315.74 -274993.30  4.43%  16.9  416s
 33785 27528 -274100.53  204 7947 -263315.74 -274993.30  4.43%  16.9  425s
 33789 27532 -274099.20  205 7945 -263315.74 -274993.30  4.43%  16.9  432s
 33793 27554 -274096.47  204 7941 -263315.74 -274993.30  4.43%  16.9  444s
 33815 27653 -274096.12  205 7940 -263315.74 -274993.30  4.43%  16.8  455s
 33914 27977 -274094.79  206 7938 -263315.74 -274993.30  4.43%  16.8  465s
 34644 28905 -274089.96  206 7928 -263315.74 -274993.30  4.43%  16.8  472s
 35188 29426 -273969.03  227 7884 -263315.74 -274993.30  4.43%  16.7  475s
 36232 30434 -273721.33  272 7776 -263315.74 -274993.30  4.43%  16.6  480s
 37240 31409 -273533.01  313 7715 -263315.74 -274993.30  4.43%  16.4  485s
 38682 32838 -273348.92  357 7674 -263315.74 -274993.30  4.43%  16.2  492s
 39680 33815 -273186.10  384 7622 -263315.74 -274993.30  4.43%  16.1  496s
 40662 34783 -273099.54  402 7593 -263315.74 -274993.30  4.43%  16.0  501s
 41658 35778 -272921.16  438 7538 -263315.74 -274993.30  4.43%  15.8  505s
 42859 36736 -272734.63  473 7456 -263315.74 -274993.30  4.43%  15.6  510s
 44017 37581 -272514.72  507 7422 -263315.74 -274993.30  4.43%  15.5  519s
 44048 37916 -272525.27  510 7419 -263315.74 -274993.30  4.43%  15.5  521s
 44832 38698 -272395.79  541 7375 -263315.74 -274993.30  4.43%  15.4  526s
 45792 39780 -272188.79  580 7318 -263315.74 -274993.30  4.43%  15.3  530s
 47566 41667 -271806.52  663 7170 -263315.74 -274993.30  4.43%  15.1  535s
 49666 43757 -271493.80  726 7059 -263315.74 -274993.30  4.43%  14.8  541s
 51148 45253 -271213.37  783 6951 -263315.74 -274993.30  4.43%  14.7  545s
 52530 47074 -270969.40  829 6891 -263315.74 -274962.84  4.42%  14.8  552s
 54364 48124 -270424.24  909 6741 -263315.74 -274962.84  4.42%  14.5  556s
 56077 49670 -270021.12  972 6651 -263315.74 -274956.07  4.42%  14.3  560s
 57616 51135 -269728.37 1031 6543 -263315.74 -274956.07  4.42%  14.2  565s
 59357 52925 -269343.65 1090 6460 -263315.74 -274956.07  4.42%  14.1  570s
 61376 54825 -268754.45 1185 6307 -263315.74 -274955.86  4.42%  14.0  576s
 62991 57010 -268419.82 1249 6192 -263315.74 -274952.56  4.42%  13.9  582s
 64830 58288 -273865.69  199 7910 -263315.74 -274950.80  4.42%  13.8  585s
 67700 60631 -273970.01  160 7981 -263315.74 -274949.00  4.42%  13.6  590s
 70438 63254 -273472.98  245 7860 -263315.74 -274948.49  4.42%  13.4  595s
 72311 64878 -274481.59   95 8058 -263315.74 -274948.03  4.42%  13.3  600s
 74365 66650 -274738.53   73 8163 -263315.74 -274947.50  4.42%  13.2  605s
 75663 68204 -273896.48  168 7959 -263315.74 -274947.50  4.42%  13.2  610s
 77814 70371 -272063.13  483 7429 -263315.74 -274947.19  4.42%  13.1  615s
 80977 73333 -267163.15 1341 6262 -263315.74 -274947.10  4.42%  12.9  620s
 83410 75670 -274179.94  148 7922 -263315.74 -274946.98  4.42%  12.7  625s
 85278 77470 -271074.71  631 7222 -263315.74 -274946.98  4.42%  12.6  630s
 87640 79542 -267086.73 1400 6160 -263315.74 -274946.33  4.42%  12.4  635s
 88631 80111 -274937.62   23 8305 -263315.74 -274946.12  4.42%  12.4  641s
 88923 80793 -274733.62   81 8152 -263315.74 -274946.12  4.42%  12.4  646s
 90666 82328 -271104.90  582 7178 -263315.74 -274946.12  4.42%  12.3  650s
 93004 84861 -267110.03 1230 6033 -263315.74 -274946.12  4.42%  12.1  655s
 94571 86848 -264172.51 1679 5284 -263315.74 -274946.05  4.42%  12.0  660s
 95692 86915 -274938.37   25 8296 -263315.74 -274946.05  4.42%  12.0  665s
 97126 88806 -273005.62  319 7717 -263315.74 -274945.78  4.42%  12.0  670s
 99426 90708 -274925.15   31 8279 -263315.74 -274945.55  4.42%  11.9  675s
 101626 92826 -263358.90 1808 5095 -263315.74 -274945.54  4.42%  11.8  680s
 104161 95292 -273326.70  299 7697 -263315.74 -274945.50  4.42%  11.7  685s
 106096 96947 -273015.28  356 7579 -263315.74 -274945.50  4.42%  11.6  692s
 106367 97568 -272910.47  372 7559 -263315.74 -274945.38  4.42%  11.6  695s
 108205 99408 -272614.66  430 7459 -263315.74 -274945.01  4.42%  11.6  700s
 109839 100988 -272305.92  507 7381 -263315.74 -274944.91  4.42%  11.5  705s
 112452 103643 -273218.80  276 7753 -263315.74 -274944.91  4.42%  11.4  711s
 114146 105090 -274552.92  102 8032 -263315.74 -274944.81  4.42%  11.4  715s
 115986 106810 -273647.93  237 7849 -263315.74 -274944.71  4.42%  11.4  721s
 116835 107864 -273292.58  305 7727 -263315.74 -274944.71  4.42%  11.3  726s
 118356 109222 -272877.94  379 7603 -263315.74 -274944.71  4.42%  11.3  730s
 119728 110542 -272638.42  419 7533 -263315.74 -274944.71  4.42%  11.3  735s
 121350 112061 -272347.93  474 7422 -263315.74 -274944.55  4.42%  11.2  741s
 123000 113639 -271967.09  555 7281 -263315.74 -274944.55  4.42%  11.2  745s
 123348 113736 -271899.18  563 7270 -263315.74 -274944.53  4.42%  11.2  756s
 124469 115284 -271755.20  616 7197 -263315.74 -274944.53  4.42%  11.2  760s
 126375 116939 -271489.17  675 7120 -263315.74 -274944.53  4.42%  11.1  765s
 126738 117325 -271467.20  680 7111 -263315.74 -274944.53  4.42%  11.1  770s
 128670 119426 -271304.63  717 7044 -263315.74 -274944.53  4.42%  11.0  775s
 130422 121001 -271145.71  750 6995 -263315.74 -274944.53  4.42%  11.0  780s
 131751 121949 -271013.82  774 6959 -263315.74 -274944.38  4.42%  10.9  793s
 131842 122484 -271020.00  771 6970 -263315.74 -274944.38  4.42%  10.9  795s
 134239 124598 -270786.56  813 6876 -263315.74 -274944.10  4.42%  10.9  800s
 135577 125710 -270623.61  846 6820 -263315.74 -274943.93  4.42%  10.8  805s
 136768 126796 -270507.75  872 6790 -263315.74 -274943.80  4.42%  10.8  817s
 137397 127509 -270417.17  882 6781 -263315.74 -274943.80  4.42%  10.8  827s
 138297 128589 -270334.00  901 6735 -263315.74 -274943.74  4.42%  10.8  830s
 140283 130385 -270057.08  953 6636 -263315.74 -274943.70  4.42%  10.7  842s
 140873 131208 -270009.69  956 6639 -263315.74 -274943.70  4.42%  10.7  845s
 142609 132846 -269810.67 1005 6528 -263315.74 -274943.63  4.42%  10.7  851s
 144217 134272 -269660.21 1047 6474 -263315.74 -274943.63  4.42%  10.7  855s
 146108 136173 -269457.68 1083 6422 -263315.74 -274943.44  4.42%  10.6  861s
 147782 137821 -269344.46 1103 6405 -263315.74 -274943.44  4.42%  10.6  867s
 149116 138851 -269174.13 1138 6329 -263315.74 -274943.44  4.42%  10.6  870s
 149492 138981 -274894.88   38 8223 -263315.74 -274943.43  4.42%  10.6  879s
 149622 139254 -274894.62   39 8220 -263315.74 -274943.43  4.42%  10.6  881s
 150352 139916 -274888.67   41 8211 -263315.74 -274943.43  4.42%  10.5  887s
 151300 140742 -274757.81   87 8110 -263315.74 -274943.34  4.42%  10.5  890s
 152578 142310 -273855.76  220 7832 -263315.74 -274943.34  4.42%  10.5  895s
 154331 144134 -274068.00  164 7894 -263315.74 -274943.34  4.42%  10.5  900s
 155871 145373 -270370.41  695 7080 -263315.74 -274943.34  4.42%  10.5  906s
 157204 146870 -274926.06   39 8269 -263315.74 -274943.27  4.42%  10.5  911s
 157787 147011 infeasible  121      -263315.74 -274943.24  4.42%  10.5  918s
 157938 147351 -274940.99   23 8309 -263315.74 -274943.24  4.42%  10.5  921s
 158280 147667 -274883.59   40 8215 -263315.74 -274943.24  4.42%  10.5  928s
 158598 148126 -274882.59   41 8214 -263315.74 -274943.24  4.42%  10.5  931s
 159804 149539 -272858.85  315 7653 -263315.74 -274943.24  4.42%  10.5  935s
 161658 151250 -268735.85  937 6710 -263315.74 -274943.13  4.42%  10.4  940s
 163105 152556 -265830.69 1494 5975 -263315.74 -274943.13  4.42%  10.4  945s
 164906 154299 -274468.50  163 8032 -263315.74 -274943.06  4.42%  10.4  951s
 166075 155424 -272008.52  460 7393 -263315.74 -274943.06  4.42%  10.4  955s
 167790 157020 -268004.63 1061 6314 -263315.74 -274943.06  4.42%  10.3  965s
 168820 157794 -265571.92 1462 5636 -263315.74 -274942.66  4.42%  10.3  973s
 169129 158145 -264408.01 1652 5329 -263315.74 -274942.66  4.42%  10.3  976s
 170503 159483 -274820.24   83 8179 -263315.74 -274942.55  4.42%  10.3  981s
 171631 160649 -272116.27  440 7423 -263315.74 -274942.55  4.42%  10.3  985s
 173271 162337 -268076.92 1053 6298 -263315.74 -274942.55  4.42%  10.3  990s
 174980 163886 -264235.57 1683 5221 -263315.74 -274942.54  4.42%  10.2  995s
 175626 164272 -274922.84   28 8282 -263315.74 -274942.54  4.42%  10.2 1000s
 177254 165588 -273919.38  180 7832 -263315.74 -274942.45  4.42%  10.2 1012s
 177583 166409 -274747.30   87 8075 -263315.74 -274942.45  4.42%  10.2 1015s
 179230 167814 -274714.79   91 8056 -263315.74 -274942.34  4.42%  10.2 1025s
 180967 169684 -274642.08  111 8013 -263315.74 -274942.31  4.42%  10.2 1031s
 182394 170794 -274760.16   71 8122 -263315.74 -274942.29  4.42%  10.2 1035s
 183650 172196 -274279.25  152 7957 -263315.74 -274942.29  4.42%  10.2 1040s
 184816 172896 -273818.82  213 7807 -263315.74 -274942.26  4.42%  10.2 1055s
 185382 173678 -273485.56  252 7711 -263315.74 -274942.26  4.42%  10.2 1061s
 186414 174523 -272933.61  301 7663 -263315.74 -274942.26  4.42%  10.1 1065s
 187564 175829 -272135.19  357 7574 -263315.74 -274942.26  4.42%  10.1 1070s
 188904 177372 -271751.06  397 7526 -263315.74 -274942.26  4.42%  10.1 1076s
 189975 178458 -271354.31  437 7437 -263315.74 -274942.26  4.42%  10.1 1080s
 191712 179771 -270666.72  505 7331 -263315.74 -274942.25  4.42%  10.1 1093s
 191981 180114 -270567.82  513 7320 -263315.74 -274942.24  4.42%  10.1 1096s
 193096 181179 -270064.72  559 7235 -263315.74 -274942.19  4.42%  10.1 1101s
 194489 182660 -269650.63  606 7178 -263315.74 -274942.19  4.42%  10.1 1105s
 194968 182815 -269463.94  626 7148 -263315.74 -274942.18  4.42%  10.1 1113s
 195127 183153 -269257.35  636 7143 -263315.74 -274942.18  4.42%  10.1 1115s
 195467 183438 -269042.87  653 7128 -263315.74 -274942.18  4.42%  10.0 1123s
 195756 183974 -268936.44  665 7110 -263315.74 -274942.18  4.42%  10.0 1125s
 197047 185090 -268600.76  703 7045 -263315.74 -274942.18  4.42%  10.0 1134s
 197468 185647 -268489.64  715 7014 -263315.74 -274942.18  4.42%  10.0 1136s
 198395 186227 -268191.25  738 6986 -263315.74 -274942.18  4.42%  10.0 1140s
 198705 186505 -268108.12  745 6967 -263315.74 -274942.10  4.42%  10.0 1148s
 198985 187087 -267973.44  761 6931 -263315.74 -274942.10  4.42%  10.0 1153s
 199567 187600 -267673.94  783 6898 -263315.74 -274942.10  4.42%  10.0 1157s
 200082 188233 -267460.64  806 6863 -263315.74 -274942.10  4.42%  10.0 1161s
 201319 189118 -267146.55  843 6784 -263315.74 -274942.08  4.42%  10.0 1165s
 202684 190422 -266715.48  887 6738 -263315.74 -274942.08  4.42%  10.0 1174s
 202960 191076 -266636.12  893 6727 -263315.74 -274942.08  4.42%  10.0 1176s
 204094 192200 -266437.85  919 6654 -263315.74 -274942.08  4.42%  10.0 1181s
 205367 193031 -266195.48  945 6620 -263315.74 -274942.08  4.42%  10.0 1185s
 206542 194427 -265835.85  983 6555 -263315.74 -274942.05  4.42%   9.9 1190s
 207951 195498 -265415.69 1024 6514 -263315.74 -274942.04  4.42%   9.9 1207s
 208637 196394 -265136.73 1059 6457 -263315.74 -274942.04  4.42%   9.9 1211s
 209697 197357 -264729.18 1102 6405 -263315.74 -274942.04  4.42%   9.9 1215s
 210804 198338 -264387.41 1144 6350 -263315.74 -274942.04  4.42%   9.9 1221s
 211847 199582 -264026.48 1181 6287 -263315.74 -274942.04  4.42%   9.9 1226s
 212610 200383 -263696.63 1213 6242 -263315.74 -274942.04  4.42%   9.9 1230s
 213957 201548 infeasible 1256      -263315.74 -274942.04  4.42%   9.9 1235s
 214341 201607 infeasible 1263      -263315.74 -274942.04  4.42%   9.8 1250s
 215339 202716 infeasible  354      -263315.74 -274942.01  4.42%   9.8 1255s
 215971 203568 -273930.89  187 7834 -263315.74 -274942.01  4.42%   9.8 1265s
 217335 204773 -273143.08  316 7677 -263315.74 -274942.01  4.42%   9.8 1277s
 217617 205087 infeasible  409      -263315.74 -274942.01  4.42%   9.8 1281s
 218522 206165 -273061.48  335 7660 -263315.74 -274942.01  4.42%   9.8 1285s
 219511 207413 -270282.47  696 6856 -263315.74 -274942.01  4.42%   9.8 1290s
 220287 207608 -268299.27  999 6374 -263315.74 -274942.01  4.42%   9.8 1299s
 220482 207942 -268012.69 1057 6270 -263315.74 -274942.01  4.42%   9.8 1303s
 220816 208504 -266876.12 1236 5980 -263315.74 -274942.01  4.42%   9.8 1305s
 221378 208747 -265409.19 1459 5572 -263315.74 -274942.01  4.42%   9.8 1314s
 221621 209200 -265002.34 1532 5439 -263315.74 -274942.01  4.42%   9.8 1316s
 222466 209627 -274926.35   32 8263 -263315.74 -274941.99  4.42%   9.8 1333s
 222571 209961 -274920.26   33 8257 -263315.74 -274941.99  4.42%   9.8 1335s
 223766 211288 -274724.06   91 8080 -263315.74 -274941.98  4.42%   9.8 1340s
 224910 212303 -272193.69  412 7527 -263315.74 -274941.98  4.42%   9.8 1352s
 225297 212536 -270894.47  593 7236 -263315.74 -274941.98  4.42%   9.8 1356s
 226392 213702 -274726.68   73 8108 -263315.74 -274941.96  4.42%   9.8 1361s
 227541 214626 -274685.30  111 8101 -263315.74 -274941.96  4.42%   9.8 1377s
 227700 214902 -274679.86  116 8096 -263315.74 -274941.96  4.42%   9.7 1380s
 228342 215615 -274672.19  117 8090 -263315.74 -274941.96  4.42%   9.7 1387s
 228689 215924 -274677.84  117 8092 -263315.74 -274941.96  4.42%   9.7 1390s
 229900 217359 -274112.37  239 7773 -263315.74 -274941.96  4.42%   9.7 1396s
 230848 218132 -274817.69   67 8163 -263315.74 -274941.92  4.42%   9.7 1400s
 231940 219165 -274351.03  151 7931 -263315.74 -274941.92  4.42%   9.7 1411s
 232634 220088 -273887.08  237 7787 -263315.74 -274941.92  4.42%   9.7 1415s
 234092 221368 -273064.66  347 7677 -263315.74 -274941.92  4.42%   9.7 1421s
 234516 221638 -272917.09  364 7638 -263315.74 -274941.92  4.42%   9.7 1433s
 234786 222158 -272890.07  371 7627 -263315.74 -274941.92  4.42%   9.7 1435s
 236203 223425 -272416.28  443 7457 -263315.74 -274941.92  4.42%   9.7 1441s
 237074 224279 -272114.94  484 7378 -263315.74 -274941.92  4.42%   9.7 1445s
 238383 225556 -271740.58  543 7269 -263315.74 -274941.92  4.42%   9.7 1451s
 239240 226320 -271530.63  580 7226 -263315.74 -274941.92  4.42%   9.6 1462s
 239500 226588 -271485.64  589 7205 -263315.74 -274941.92  4.42%   9.6 1466s
 240142 227484 -271360.78  617 7139 -263315.74 -274941.92  4.42%   9.6 1471s
 241087 228414 -271180.63  656 7066 -263315.74 -274941.92  4.42%   9.6 1475s
 241612 228637 -271091.01  672 7049 -263315.74 -274941.92  4.42%   9.6 1486s
 241835 228885 -271081.06  674 7045 -263315.74 -274941.92  4.42%   9.6 1498s
 242085 229328 -271067.98  678 7031 -263315.74 -274941.92  4.42%   9.6 1500s
 242774 230128 -270973.75  697 6996 -263315.74 -274941.92  4.42%   9.6 1506s
 243777 231104 -270815.67  728 6955 -263315.74 -274941.92  4.42%   9.6 1510s
 244729 231983 -270668.31  751 6919 -263315.74 -274941.92  4.42%   9.6 1515s
 245872 233129 -270499.59  783 6874 -263315.74 -274941.92  4.42%   9.6 1521s
 246367 233330 -270411.33  801 6857 -263315.74 -274941.92  4.42%   9.6 1533s
 246578 233743 -270406.07  801 6848 -263315.74 -274941.92  4.42%   9.6 1535s
 248076 235179 -270180.68  852 6786 -263315.74 -274941.92  4.42%   9.6 1541s
 248800 235896 -270096.46  872 6765 -263315.74 -274941.92  4.42%   9.6 1552s
 249563 236599 -269979.69  896 6732 -263315.74 -274941.92  4.42%   9.6 1561s
 250305 237299 -269880.57  911 6704 -263315.74 -274941.92  4.42%   9.6 1578s
 250587 237765 -269864.40  913 6706 -263315.74 -274941.92  4.42%   9.6 1581s
 251481 238700 -269753.60  937 6668 -263315.74 -274941.92  4.42%   9.6 1585s
 252020 238806 -269717.94  947 6649 -263315.74 -274941.92  4.42%   9.6 1605s
 253035 239834 -269612.65  960 6633 -263315.74 -274941.92  4.42%   9.6 1631s
 253514 240716 -269576.60  967 6616 -263315.74 -274941.92  4.42%   9.5 1636s
 254555 241621 -269441.96  984 6591 -263315.74 -274941.90  4.42%   9.5 1641s
 255393 242436 -269381.74  995 6569 -263315.74 -274941.90  4.42%   9.5 1645s
 256818 243613 -269226.72 1035 6505 -263315.74 -274941.90  4.42%   9.5 1667s
 257439 244460 -269182.83 1044 6491 -263315.74 -274941.90  4.42%   9.5 1671s
 258409 245324 -269086.57 1064 6476 -263315.74 -274941.90  4.42%   9.5 1676s
 259272 246345 -268951.68 1089 6428 -263315.74 -274941.83  4.42%   9.5 1681s
 260221 246884 -268824.68 1109 6475 -263315.74 -274941.81  4.42%   9.5 1697s
 260393 247346 -268820.20 1110 6473 -263315.74 -274941.81  4.42%   9.5 1701s
 260873 247861 -268717.69 1125 6454 -263315.74 -274941.81  4.42%   9.5 1705s
 262322 249172 -268545.37 1160 6394 -263315.74 -274941.80  4.42%   9.5 1711s
 263310 250064 -268422.89 1186 6334 -263315.74 -274941.80  4.42%   9.5 1726s
 264026 251008 -268389.95 1193 6326 -263315.74 -274941.80  4.42%   9.5 1730s
 265015 251837 -268285.43 1226 6284 -263315.74 -274941.80  4.42%   9.5 1735s
 265412 252084 -268245.50 1231 6276 -263315.74 -274941.80  4.42%   9.5 1751s
 266222 252822 -268170.43 1251 6217 -263315.74 -274941.80  4.42%   9.5 1769s
 266401 253212 -268104.13 1262 6201 -263315.74 -274941.80  4.42%   9.5 1772s
 267208 254060 -267975.22 1284 6177 -263315.74 -274941.73  4.42%   9.5 1776s
 268071 254874 -267853.86 1307 6142 -263315.74 -274941.72  4.42%   9.5 1780s
 268904 255610 -267769.08 1332 6110 -263315.74 -274941.72  4.42%   9.5 1785s
 269368 255795 -267693.42 1342 6096 -263315.74 -274941.72  4.42%   9.5 1800s
 270568 257139 -267639.89 1354 6074 -263315.74 -274941.72  4.42%   9.5 1807s
 271445 258143 -267553.66 1379 6034 -263315.74 -274941.69  4.42%   9.4 1812s
 271973 258481 -267519.59 1386 6024 -263315.74 -274941.69  4.42%   9.4 1826s
 272816 259463 -267483.53 1394 6022 -263315.74 -274941.68  4.42%   9.4 1831s
 273727 260274 -267382.36 1415 5998 -263315.74 -274941.67  4.42%   9.4 1841s
 274390 260935 -267298.43 1432 5982 -263315.74 -274941.67  4.42%   9.4 1846s
 275428 261792 -267246.38 1440 5986 -263315.74 -274941.67  4.42%   9.4 1863s
 275688 261977 -267235.13 1442 5954 -263315.74 -274941.67  4.42%   9.4 1885s
 276385 263100 -267209.19 1446 5977 -263315.74 -274941.67  4.42%   9.4 1890s
 277456 264140 -267127.49 1458 5967 -263315.74 -274941.67  4.42%   9.4 1895s
 278908 265404 -266965.10 1496 5913 -263315.74 -274941.67  4.42%   9.4 1902s
 279697 266070 -266894.06 1510 5880 -263315.74 -274941.67  4.42%   9.4 1915s
 280041 266349 -266878.55 1516 5880 -263315.74 -274941.67  4.42%   9.4 1920s
 281168 267548 -266738.66 1535 5866 -263315.74 -274941.67  4.42%   9.4 1926s
 281860 268162 -266703.76 1548 5851 -263315.74 -274941.67  4.42%   9.4 1945s
 282872 269363 -266595.43 1558 5840 -263315.74 -274941.64  4.42%   9.4 1951s
 283989 270028 -266468.03 1581 5794 -263315.74 -274941.64  4.42%   9.4 1962s
 284097 270316 -266469.46 1584 5790 -263315.74 -274941.64  4.42%   9.4 1965s
 284979 271390 -266412.86 1595 5788 -263315.74 -274941.64  4.42%   9.4 1970s
 285461 271734 -266377.96 1599 5779 -263315.74 -274941.64  4.42%   9.4 1986s
 286320 272687 -266294.24 1611 5767 -263315.74 -274941.64  4.42%   9.4 1992s
 287218 273447 -266169.93 1642 5682 -263315.74 -274941.63  4.42%   9.3 1997s
 288089 274131 -266044.50 1666 5637 -263315.74 -274941.63  4.42%   9.4 2001s
 288383 274338 -266008.72 1671 5616 -263315.74 -274941.63  4.42%   9.4 2021s
 289021 275224 -265989.22 1680 5593 -263315.74 -274941.63  4.42%   9.4 2026s
 289966 276127 -265893.17 1706 5588 -263315.74 -274941.63  4.42%   9.4 2031s
 291015 277226 -265820.65 1725 5560 -263315.74 -274941.63  4.42%   9.3 2037s
 291536 277614 -265802.48 1731 5560 -263315.74 -274941.51  4.42%   9.3 2040s
 292539 278230 -265707.58 1749 5523 -263315.74 -274941.51  4.42%   9.3 2070s
 292588 281598 -265701.92 1750 5524 -263315.74 -274941.38  4.42%   9.3 2105s
 295992 282374 -265408.97 1807 5442 -263315.74 -274941.38  4.42%   9.4 2110s
 296768 282828 -265319.99 1828 5433 -263315.74 -274941.38  4.42%   9.3 2160s
 298061 284274 -265213.45 1847 5417 -263315.74 -274941.38  4.42%   9.3 2167s
 298668 285043 -265132.99 1870 5386 -263315.74 -274941.38  4.42%   9.3 2170s
 300103 286278 -264992.16 1903 5336 -263315.74 -274941.38  4.42%   9.3 2177s
 300672 286956 -264952.54 1915 5323 -263315.74 -274941.38  4.42%   9.3 2180s
 301985 288069 -264818.00 1954 5258 -263315.74 -274941.38  4.42%   9.3 2185s
 303082 289111 -264741.08 1987 5222 -263315.74 -274941.38  4.42%   9.3 2191s
 303521 289423 -264594.17 2001 5191 -263315.74 -274941.38  4.42%   9.3 2195s
 304339 290567 -264513.28 2016 5166 -263315.74 -274941.38  4.42%   9.3 2202s
 305285 291218 -264311.32 2051 5094 -263315.74 -274941.38  4.42%   9.3 2207s
 305682 291767 -264273.54 2061 5085 -263315.74 -274941.38  4.42%   9.3 2210s
 306773 292912 -264198.75 2082 5053 -263315.74 -274941.38  4.42%   9.3 2216s
 307380 293291 -264143.99 2091 5055 -263315.74 -274941.38  4.42%   9.3 2220s
 308254 294281 -264087.85 2111 5022 -263315.74 -274941.36  4.42%   9.3 2225s
 309221 295180 -264040.00 2123 5011 -263315.74 -274941.36  4.42%   9.3 2230s
 310076 296109 -263937.41 2146 4981 -263315.74 -274941.36  4.42%   9.3 2236s
 311136 296617 -263878.84 2157 4957 -263315.74 -274941.35  4.42%   9.2 2256s
 311245 296740 -263846.41 2161 4936 -263315.74 -274941.35  4.42%   9.2 2262s
 311370 296920 -263826.26 2169 4931 -263315.74 -274941.35  4.42%   9.2 2267s
 311554 297202 -263807.06 2172 4924 -263315.74 -274941.35  4.42%   9.2 2271s
 312201 298144 -263716.15 2187 4892 -263315.74 -274941.35  4.42%   9.2 2277s
 313383 299211 -263636.12 2203 4877 -263315.74 -274941.35  4.42%   9.2 2283s
 313909 299749 -263580.86 2222 4840 -263315.74 -274941.35  4.42%   9.2 2287s
 314449 300273 -263546.65 2228 4835 -263315.74 -274941.35  4.42%   9.2 2290s
 315226 300867 -263476.01 2248 4813 -263315.74 -274941.30  4.42%   9.2 2305s
 316026 301702 -263420.84 2263 4797 -263315.74 -274941.30  4.42%   9.2 2311s
 316899 302617 -274918.77   30 8354 -263315.74 -274941.30  4.42%   9.2 2317s
 317437 303196 -274365.06  160 8015 -263315.74 -274941.30  4.42%   9.2 2320s
 318224 303911 -274753.06   88 8169 -263315.74 -274941.30  4.42%   9.2 2326s
 319223 304869 -274700.86   94 8117 -263315.74 -274941.30  4.42%   9.2 2332s
 319791 305403 -273687.92  243 7835 -263315.74 -274941.19  4.42%   9.2 2336s
 320647 306155 -274695.32  105 8198 -263315.74 -274941.19  4.42%   9.2 2340s
 321681 307176 -272625.03  411 7496 -263315.74 -274941.19  4.42%   9.2 2345s
 322601 308117 -270151.53  727 6849 -263315.74 -274941.19  4.42%   9.2 2351s
 323739 309558 -267480.12 1113 6190 -263315.74 -274941.19  4.42%   9.2 2358s
 324524 309981 -265918.52 1363 5809 -263315.74 -274941.19  4.42%   9.2 2360s
 325412 310876 -264107.38 1666 5298 -263315.74 -274941.19  4.42%   9.2 2365s
 325860 310921 infeasible 1795      -263315.74 -274941.19  4.42%   9.2 2384s
 325978 311046 -263349.54 1788 5131 -263315.74 -274941.18  4.42%   9.2 2387s
 326621 311802 -274065.94  186 8002 -263315.74 -274941.14  4.42%   9.2 2392s
 327399 312548 -274261.92  161 7970 -263315.74 -274941.12  4.41%   9.2 2397s
 328128 313294 -274824.05   53 8259 -263315.74 -274941.12  4.41%   9.2 2402s
 328911 314025 -274455.48  105 8168 -263315.74 -274941.12  4.41%   9.2 2407s
 329654 314922 -274192.16  150 8047 -263315.74 -274941.12  4.41%   9.2 2412s
 330098 315209 -274144.22  167 7993 -263315.74 -274941.12  4.41%   9.2 2415s
 330818 315986 infeasible  190      -263315.74 -274941.12  4.41%   9.2 2420s
 331607 316689 -273680.21  228 7799 -263315.74 -274941.12  4.41%   9.2 2425s
 332326 317659 -273522.66  260 7747 -263315.74 -274941.12  4.41%   9.2 2430s
 333340 318590 -273089.48  313 7632 -263315.74 -274941.12  4.41%   9.2 2436s
 334146 319583 -272922.96  337 7593 -263315.74 -274941.12  4.41%   9.2 2442s
 334827 319766 infeasible  362      -263315.74 -274941.12  4.41%   9.2 2446s
 335469 320702 -273930.25  182 7965 -263315.74 -274941.06  4.41%   9.2 2451s
 336015 321120 -272737.28  358 7652 -263315.74 -274941.02  4.41%   9.2 2461s
 336467 321620 -274846.91   56 8250 -263315.74 -274941.02  4.41%   9.2 2465s
 337182 322287 -274799.30   68 8207 -263315.74 -274940.94  4.41%   9.2 2471s
 337674 322647 -273846.07  214 7896 -263315.74 -274940.93  4.41%   9.2 2475s
 338475 323584 -273970.21  203 7936 -263315.74 -274940.91  4.41%   9.2 2480s
 339300 324349 -274740.16   85 8158 -263315.74 -274940.83  4.41%   9.2 2485s
 340268 325083 -274902.76   40 8327 -263315.74 -274940.80  4.41%   9.2 2490s
 341006 326132 -273761.56  238 7853 -263315.74 -274940.80  4.41%   9.2 2496s
 342070 326880 infeasible  561      -263315.74 -274940.77  4.41%   9.2 2502s
 342743 327526 -274640.28   86 8183 -263315.74 -274940.74  4.41%   9.2 2506s
 343424 328295 -274230.57  147 8064 -263315.74 -274940.74  4.41%   9.2 2511s
 344098 328960 -274028.80  190 7990 -263315.74 -274940.74  4.41%   9.2 2516s
 344683 329373 -269009.18 1085 6465 -263315.74 -274940.74  4.41%   9.2 2520s
 345197 330147 infeasible  239      -263315.74 -274940.74  4.41%   9.2 2528s
 345734 330952 -274280.99  157 8006 -263315.74 -274940.74  4.41%   9.2 2531s
 346543 331543 -272669.51  386 7597 -263315.74 -274940.74  4.41%   9.2 2537s
 347136 331964 -271153.35  571 7310 -263315.74 -274940.74  4.41%   9.2 2541s
 348260 333302 -274211.20  178 7996 -263315.74 -274940.68  4.41%   9.2 2548s
 348931 333494 infeasible  348      -263315.74 -274940.67  4.41%   9.2 2551s
 349151 334000 -274836.52   57 8221 -263315.74 -274940.67  4.41%   9.2 2555s
 350216 334776 infeasible  354      -263315.74 -274940.66  4.41%   9.2 2560s
 350992 335529 -274229.54  207 7996 -263315.74 -274940.66  4.41%   9.2 2566s
 351820 336697 -272597.36  431 7471 -263315.74 -274940.66  4.41%   9.2 2572s
 352480 337018 -271094.83  615 7099 -263315.74 -274940.66  4.41%   9.2 2592s
 352807 337339 -270056.02  748 6821 -263315.74 -274940.66  4.41%   9.2 2596s
 353621 338268 -268033.86 1046 6312 -263315.74 -274940.66  4.41%   9.2 2602s
 354085 338610 -266915.34 1206 6057 -263315.74 -274940.66  4.41%   9.2 2605s
 354934 339748 -264925.79 1545 5487 -263315.74 -274940.66  4.41%   9.2 2612s
 355587 339942 infeasible 1794      -263315.74 -274940.54  4.41%   9.2 2616s
 356421 340758 -274058.52  189 7951 -263315.74 -274940.53  4.41%   9.2 2622s
 356759 341262 -274898.74   44 8280 -263315.74 -274940.52  4.41%   9.2 2625s
 357267 341500 -274264.07  176 7956 -263315.74 -274940.52  4.41%   9.2 2639s
 357513 342136 -273842.42  229 7806 -263315.74 -274940.52  4.41%   9.2 2642s
 358153 342824 -272669.41  406 7565 -263315.74 -274940.52  4.41%   9.2 2646s
 359086 343321 -274867.95   42 8287 -263315.74 -274940.50  4.41%   9.2 2651s
 359753 343735 -274619.11  121 8047 -263315.74 -274940.50  4.41%   9.2 2688s
 359808 343954 -274611.11  121 8042 -263315.74 -274940.50  4.41%   9.2 2693s
 360029 344319 -274481.73  147 7988 -263315.74 -274940.50  4.41%   9.2 2695s
 360765 344947 -274100.20  237 7818 -263315.74 -274940.50  4.41%   9.2 2701s
 361474 345775 -273813.03  315 7720 -263315.74 -274940.47  4.41%   9.2 2707s
 361886 345932 -273454.34  360 7659 -263315.74 -274940.47  4.41%   9.2 2710s
 362430 346789 -274599.38  118 8127 -263315.74 -274940.47  4.41%   9.2 2716s
 362954 347366 -273644.66  253 7808 -263315.74 -274940.47  4.41%   9.2 2720s
 364114 348471 -271127.05  615 7294 -263315.74 -274940.47  4.41%   9.2 2726s
 364923 349106 -274838.48   50 8266 -263315.74 -274940.41  4.41%   9.2 2732s
 365331 349499 -274599.81   90 8094 -263315.74 -274940.41  4.41%   9.2 2736s
 365734 349987 -274379.86  124 7995 -263315.74 -274940.41  4.41%   9.2 2740s
 366658 350748 -274039.02  181 7854 -263315.74 -274940.41  4.41%   9.2 2747s
 367009 351256 -273884.01  191 7834 -263315.74 -274940.41  4.41%   9.2 2750s
 367541 351585 -273753.17  214 7759 -263315.74 -274940.41  4.41%   9.2 2768s
 367878 351769 -273610.94  236 7732 -263315.74 -274940.41  4.41%   9.2 2771s
 368062 352310 -273581.48  244 7716 -263315.74 -274940.41  4.41%   9.2 2776s
 369045 353400 -273164.28  286 7619 -263315.74 -274940.41  4.41%   9.2 2783s
 369725 353943 -272826.24  324 7557 -263315.74 -274940.41  4.41%   9.2 2787s
 370276 354270 -272581.96  350 7482 -263315.74 -274940.41  4.41%   9.2 2792s
 370625 354758 -272470.83  363 7457 -263315.74 -274940.39  4.41%   9.2 2795s
 371565 355743 -272113.96  403 7350 -263315.74 -274940.39  4.41%   9.2 2802s
 372108 356303 -271881.59  425 7343 -263315.74 -274940.39  4.41%   9.2 2806s
 372674 356616 -271662.55  447 7290 -263315.74 -274940.39  4.41%   9.2 2811s
 373477 357575 -274214.98  224 7986 -263315.74 -274940.34  4.41%   9.2 2818s
 374024 358136 -274413.29  160 8041 -263315.74 -274940.34  4.41%   9.2 2822s
 374585 358513 -273015.31  354 7671 -263315.74 -274940.34  4.41%   9.2 2827s
 375002 358608 -274793.04   70 8210 -263315.74 -274940.33  4.41%   9.2 2855s
 375099 358656 -274791.39   71 8202 -263315.74 -274940.33  4.41%   9.2 2873s
 375147 358925 -274790.99   72 8202 -263315.74 -274940.33  4.41%   9.2 2880s
 375934 360035 -273992.38  216 7911 -263315.74 -274940.33  4.41%   9.2 2887s
 376528 360317 -273662.65  258 7769 -263315.74 -274940.33  4.41%   9.2 2890s
 377082 361167 -273242.49  333 7657 -263315.74 -274940.32  4.41%   9.2 2897s
 377682 361497 -274925.50   29 8368 -263315.74 -274940.32  4.41%   9.2 2901s
 378012 361980 -274617.92  120 8137 -263315.74 -274940.32  4.41%   9.2 2908s
 378495 362500 -273527.73  270 7788 -263315.74 -274940.32  4.41%   9.2 2912s
 379015 362799 infeasible  464      -263315.74 -274940.32  4.41%   9.2 2916s
 379328 363319 -274746.30   94 8189 -263315.74 -274940.32  4.41%   9.2 2920s
 379852 363544 -273983.43  254 7904 -263315.74 -274940.32  4.41%   9.2 2936s
 380085 363873 -273598.78  314 7756 -263315.74 -274940.32  4.41%   9.2 2964s
 380414 364273 -272620.94  439 7470 -263315.74 -274940.32  4.41%   9.2 2978s
 380822 364814 -270733.74  661 6982 -263315.74 -274940.32  4.41%   9.2 2982s
 381367 365276 -269096.75  881 6580 -263315.74 -274940.32  4.41%   9.2 2986s
 381829 365727 -267734.19 1089 6249 -263315.74 -274940.32  4.41%   9.2 2990s
 382815 366788 -265066.83 1508 5569 -263315.74 -274940.32  4.41%   9.2 2998s
 383345 366930 -263708.08 1732 5232 -263315.74 -274940.32  4.41%   9.1 3000s

Cutting planes:
  Gomory: 453
  Lift-and-project: 13
  Cover: 2176
  MIR: 5174
  Mixing: 1
  StrongCG: 2127
  Flow cover: 1365
  GUB cover: 126
  Zero half: 35
  RLT: 10
  Relax-and-lift: 727

Explored 383489 nodes (3574710 simplex iterations) in 3000.32 seconds (2228.10 work units)
Thread count was 4 (of 28 available processors)

Solution count 10: -263316 -263314 -263308 ... -263234

Time limit reached
Best objective -2.633157449131e+05, best bound -2.749403239145e+05, gap 4.4147%

User-callback calls 1063416, time in user-callback 3.39 sec
