
Gurobi 13.0.1 (win64) logging started Wed Oct  7 17:45:17 2026

Set parameter LogFile to value "results/source_summaries/3d/R18/gurobi_extensive.log"
Gurobi Optimizer version 13.0.1 build v13.0.1rc0 (win64 - Windows 11+.0 (26200.2))

CPU model: Intel(R) Core(TM) i7-14650HX, instruction set [SSE2|AVX|AVX2]
Thread count: 16 physical cores, 24 logical processors, using up to 4 threads

Non-default parameters:
TimeLimit  1800
IntFeasTol  1e-06
MIPGap  0.0005
Heuristics  0.2
Cuts  2
Presolve  2
Seed  1
Threads  4

Optimize a model with 5170 rows, 9129 columns and 20060 nonzeros (Min)
Model fingerprint: 0x20bbdb6d
Model has 3964 linear objective coefficients
Variable types: 5163 continuous, 3966 integer (3963 binary)
Coefficient statistics:
  Matrix range     [1e-01, 4e+01]
  Objective range  [2e+00, 5e+01]
  Bounds range     [1e-01, 3e+01]
  RHS range        [1e+00, 7e+01]

Found heuristic solution: objective 0.0000000
Presolve removed 264 rows and 5020 columns
Presolve time: 0.17s
Presolved: 4906 rows, 4109 columns, 14489 nonzeros
Variable types: 115 continuous, 3994 integer (3763 binary)
Root relaxation presolve removed 1 rows and 1 columns
Root relaxation presolved: 4905 rows, 4108 columns, 14486 nonzeros


Root relaxation: objective -2.711337e+04, 2279 iterations, 0.08 seconds (0.13 work units)

    Nodes    |    Current Node    |     Objective Bounds      |     Work
 Expl Unexpl |  Obj  Depth IntInf | Incumbent    BestBd   Gap | It/Node Time

     0     0 -27113.366    0  710    0.00000 -27113.366      -     -    0s
H    0     0                    -18392.13023 -27113.366  47.4%     -    0s
H    0     0                    -18394.23335 -27113.366  47.4%     -    0s
H    0     0                    -20710.02689 -27113.366  30.9%     -    0s
H    0     0                    -21080.95030 -27113.366  28.6%     -    0s
H    0     0                    -21572.94285 -27113.366  25.7%     -    0s
H    0     0                    -21649.30271 -27113.366  25.2%     -    0s
H    0     0                    -21655.11632 -27113.366  25.2%     -    0s
H    0     0                    -21671.06084 -27113.366  25.1%     -    0s
H    0     0                    -21675.74068 -26532.145  22.4%     -    0s
H    0     0                    -21691.68520 -26532.145  22.3%     -    0s
H    0     0                    -21818.00474 -26532.145  21.6%     -    0s
H    0     0                    -21818.98456 -26532.145  21.6%     -    0s
H    0     0                    -21823.88370 -26532.145  21.6%     -    0s
H    0     0                    -21852.01505 -26532.145  21.4%     -    0s
H    0     0                    -21870.96763 -26532.145  21.3%     -    0s
     0     0 -26264.827    0 1128 -21870.968 -26264.827  20.1%     -    0s
H    0     0                    -21874.12231 -26264.827  20.1%     -    0s
H    0     0                    -21891.91056 -26264.827  20.0%     -    0s
H    0     0                    -21901.91184 -25871.253  18.1%     -    0s
H    0     0                    -21997.58197 -25871.253  17.6%     -    0s
H    0     0                    -22014.71570 -25871.253  17.5%     -    0s
H    0     0                    -22018.70183 -25871.253  17.5%     -    0s
H    0     0                    -22085.66350 -25871.253  17.1%     -    0s
H    0     0                    -22117.02651 -25871.253  17.0%     -    0s
H    0     0                    -22354.11964 -25871.253  15.7%     -    0s
H    0     0                    -22572.82361 -25871.253  14.6%     -    0s
H    0     0                    -22810.27639 -25871.253  13.4%     -    0s
H    0     0                    -22828.67500 -25871.253  13.3%     -    0s
     0     0 -25867.968    0 1420 -22828.675 -25867.968  13.3%     -    0s
     0     0 -25863.019    0 1480 -22828.675 -25863.019  13.3%     -    0s
     0     0 -25862.920    0 1542 -22828.675 -25862.920  13.3%     -    0s
     0     0 -25862.878    0 1546 -22828.675 -25862.878  13.3%     -    0s
H    0     0                    -22843.52667 -25780.881  12.9%     -    1s
H    0     0                    -22955.70261 -25780.881  12.3%     -    1s
H    0     0                    -22957.83204 -25780.881  12.3%     -    1s
H    0     0                    -22964.03403 -25780.881  12.3%     -    1s
     0     0 -25756.960    0 1640 -22964.034 -25756.960  12.2%     -    1s
H    0     0                    -23186.57363 -25756.960  11.1%     -    1s
H    0     0                    -23206.83894 -25756.960  11.0%     -    1s
H    0     0                    -23582.80178 -25646.317  8.75%     -    1s
H    0     0                    -23593.83289 -25646.317  8.70%     -    1s
H    0     0                    -23594.93600 -25646.317  8.69%     -    1s
H    0     0                    -23660.39179 -25646.317  8.39%     -    1s
     0     0 -25642.164    0 1908 -23660.392 -25642.164  8.38%     -    1s
H    0     0                    -23699.25968 -25626.398  8.13%     -    1s
     0     0 -25626.398    0 2000 -23699.260 -25626.398  8.13%     -    1s
H    0     0                    -23718.21733 -25624.387  8.04%     -    1s
H    0     0                    -23724.18182 -25624.387  8.01%     -    1s
     0     0 -25624.387    0 2003 -23724.182 -25624.387  8.01%     -    1s
H    0     0                    -23733.03743 -25624.193  7.97%     -    1s
     0     0 -25624.193    0 2026 -23733.037 -25624.193  7.97%     -    1s
H    0     0                    -23778.40866 -25624.193  7.76%     -    1s
H    0     0                    -23788.49356 -25624.193  7.72%     -    1s
H    0     0                    -23792.44827 -25624.193  7.70%     -    1s
H    0     0                    -23795.54638 -25587.995  7.53%     -    2s
     0     0 -25587.995    0 2088 -23795.546 -25587.995  7.53%     -    2s
H    0     0                    -23798.52424 -25575.510  7.47%     -    2s
     0     0 -25573.929    0 2141 -23798.524 -25573.929  7.46%     -    2s
H    0     0                    -23807.58091 -25573.929  7.42%     -    2s
     0     0 -25565.428    0 2155 -23807.581 -25565.428  7.38%     -    2s
H    0     0                    -23811.31064 -25565.428  7.37%     -    2s
H    0     0                    -23815.29677 -25520.165  7.16%     -    3s
H    0     0                    -23826.30158 -25520.165  7.11%     -    3s
H    0     0                    -23839.00785 -25520.165  7.05%     -    3s
H    0     0                    -23867.07956 -25520.165  6.93%     -    3s
H    0     0                    -23873.77306 -25520.165  6.90%     -    3s
H    0     0                    -23877.50279 -25520.165  6.88%     -    3s
H    0     0                    -23905.02258 -25520.165  6.76%     -    3s
H    0     0                    -23915.24374 -25520.165  6.71%     -    3s
H    0     0                    -23920.35887 -25520.165  6.69%     -    3s
H    0     0                    -23927.59999 -25520.165  6.66%     -    3s
H    0     0                    -23942.41988 -25520.165  6.59%     -    3s
H    0     0                    -23947.58914 -25520.165  6.57%     -    3s
H    0     0                    -23958.73820 -25520.165  6.52%     -    3s
H    0     0                    -23968.25942 -25520.165  6.47%     -    3s
H    0     0                    -23972.21413 -25520.165  6.46%     -    3s
H    0     0                    -23976.55896 -25520.165  6.44%     -    3s
H    0     0                    -23979.73030 -25520.165  6.42%     -    3s
H    0     0                    -23997.21939 -25520.165  6.35%     -    3s
     0     0 -25520.165    0 2170 -23997.219 -25520.165  6.35%     -    3s
H    0     0                    -24019.62949 -25494.823  6.14%     -    4s
H    0     0                    -24025.22584 -25494.823  6.12%     -    4s
     0     0 -25494.823    0 2284 -24025.226 -25494.823  6.12%     -    4s
H    0     0                    -24043.24493 -25491.390  6.02%     -    4s
H    0     0                    -24051.59529 -25491.390  5.99%     -    4s
H    0     0                    -24054.61945 -25491.390  5.97%     -    4s
H    0     0                    -24058.65167 -25491.390  5.96%     -    4s
H    0     0                    -24071.70893 -25491.390  5.90%     -    4s
H    0     0                    -24076.87819 -25491.390  5.87%     -    4s
     0     0 -25491.390    0 2316 -24076.878 -25491.390  5.87%     -    4s
H    0     0                    -24078.98432 -25490.529  5.86%     -    4s
     0     0 -25490.529    0 2329 -24078.984 -25490.529  5.86%     -    4s
H    0     0                    -24122.46386 -25448.501  5.50%     -    5s
H    0     0                    -24136.56466 -25448.501  5.44%     -    5s
H    0     0                    -24151.60697 -25448.501  5.37%     -    5s
     0     0 -25380.181    0 2314 -24151.607 -25380.181  5.09%     -    5s
H    0     0                    -24156.71098 -25380.181  5.06%     -    5s
     0     0 -25343.112    0 2363 -24156.711 -25343.112  4.91%     -    5s
     0     0 -25343.112    0 2336 -24156.711 -25343.112  4.91%     -    5s
H    0     0                    -24173.00903 -25343.112  4.84%     -    7s
H    0     0                    -24175.07112 -25343.112  4.83%     -    7s
H    0     0                    -24177.20121 -25343.112  4.82%     -    7s
H    0     0                    -24180.28717 -25343.112  4.81%     -    7s
H    0     0                    -24181.25500 -25274.410  4.52%     -    8s
     0     0 -25274.353    0 2352 -24181.255 -25274.353  4.52%     -    8s
     0     0 -25273.590    0 2416 -24181.255 -25273.590  4.52%     -    9s
     0     0 -25273.590    0 2495 -24181.255 -25273.590  4.52%     -    9s
     0     0 -25273.590    0 2449 -24181.255 -25273.590  4.52%     -   10s
H    0     0                    -24181.25501 -25273.590  4.52%     -   11s
H    0     0                    -24182.39715 -25272.772  4.51%     -   13s
H    0     0                    -24185.38966 -25272.772  4.50%     -   13s
     0     0 -25270.706    0 2448 -24185.390 -25270.706  4.49%     -   13s
     0     0 -25270.706    0 2458 -24185.390 -25270.706  4.49%     -   13s
     0     0 -25255.583    0 2472 -24185.390 -25255.583  4.42%     -   14s
     0     0 -25255.583    0 2472 -24185.390 -25255.583  4.42%     -   15s
     0     0 -25255.583    0 2464 -24185.390 -25255.583  4.42%     -   15s
H    0     2                    -24186.37890 -25255.583  4.42%     -   16s
     0     2 -25255.583    0 2462 -24186.379 -25255.583  4.42%     -   16s
H   18    17                    -24189.49758 -25253.240  4.40%  1432   18s
H   21    27                    -24191.62702 -25253.240  4.39%  1341   19s
H   44    36                    -24193.68911 -25229.348  4.28%   773   19s
H   48    39                    -24194.66894 -25229.348  4.28%   816   19s
    50    55 -24960.321   13  881 -24194.669 -25229.348  4.28%   816   20s
H  164   155                    -24199.50813 -25229.348  4.26%   284   20s
H  637   598                    -24201.55419 -25080.004  3.63%   110   24s
   852   951 -24834.090  130  707 -24201.554 -25080.004  3.63%  85.0   25s
  1108  1035 -24870.683   95 2204 -24201.554 -25080.004  3.63%  66.7   30s
H 1112   985                    -24201.55419 -25080.004  3.63%  66.5   34s
  1113   986 -24550.703   54 2459 -24201.554 -25080.004  3.63%  66.4   35s
  1118   989 -24870.783   84 2559 -24201.554 -25076.175  3.61%  66.2   43s
H 1118   940                    -24203.57030 -25064.864  3.56%  66.2   45s
  1122   943 -24218.125   42 2584 -24203.570 -25007.675  3.32%  65.9   52s
H 1122   895                    -24203.57030 -25007.675  3.32%  65.9   56s
  1126   897 -24877.199   66 2644 -24203.570 -24970.216  3.17%  65.7   62s
  1128   899 -24790.417  165 2705 -24203.570 -24964.676  3.14%  65.6   65s
  1130   900 -24266.396   80 2689 -24203.570 -24951.017  3.09%  65.4   72s
  1132   901 -24947.525   24 2862 -24203.570 -24949.191  3.08%  65.3   76s
  1133   902 -24934.010   35 2746 -24203.570 -24948.704  3.08%  65.3   80s
  1136   904 -24307.942   13 2832 -24203.570 -24946.766  3.07%  65.1   87s
  1138   905 -24245.313   17 2831 -24203.570 -24946.766  3.07%  65.0   91s
  1139   909 -24946.766   14 2625 -24203.570 -24946.766  3.07%   134   95s
  1301  1011 -24376.323   31 1451 -24203.570 -24833.145  2.60%   159  100s
  2731  1951 -24547.100  134  644 -24203.570 -24805.892  2.49%  87.3  105s
  5420  4456 -24711.121   56  852 -24203.570 -24805.396  2.49%  48.2  110s
  9845  8860 -24420.665  161  611 -24203.570 -24798.567  2.46%  30.4  115s
 13843 12111 -24705.782   36  959 -24203.570 -24797.100  2.45%  24.3  120s
 19647 17736 -24734.887   26 1057 -24203.570 -24789.273  2.42%  20.4  125s
 26227 23565 -24654.301   76  827 -24203.570 -24786.915  2.41%  17.6  130s
 34245 31041 -24239.559  183  620 -24203.570 -24785.656  2.40%  15.4  135s
 41498 38227 -24364.631  355  164 -24203.570 -24783.885  2.40%  14.4  140s
 50988 46512 -24778.873   26 1107 -24203.570 -24782.649  2.39%  13.4  145s
 59890 54473 -24332.779  258  430 -24203.570 -24781.659  2.39%  12.8  150s
 68012 61896 -24661.747   43 1000 -24203.570 -24780.777  2.38%  12.3  155s
 75726 68870 -24257.170  200  565 -24203.570 -24780.122  2.38%  11.9  160s
 84267 76669 -24532.390   76  883 -24203.570 -24779.330  2.38%  11.6  165s
 92886 84551 -24458.127  103  765 -24203.570 -24778.594  2.38%  11.4  170s
 100453 91633 -24381.996  170  612 -24203.570 -24778.059  2.37%  11.1  175s
 107120 97480 -24363.038  177  575 -24203.570 -24777.674  2.37%  11.0  180s
 113121 102962 -24374.872  217  511 -24203.570 -24777.314  2.37%  10.9  185s
 120012 109404 -24247.913  184  570 -24203.570 -24776.847  2.37%  10.9  190s
H120129 109404                    -24203.57030 -24776.847  2.37%  10.9  190s
 127987 116785 -24592.818  115  727 -24203.570 -24776.008  2.37%  10.8  195s
 135160 123170 -24669.542   59  920 -24203.570 -24775.277  2.36%  10.7  200s
 145733 132671 -24373.656  144  699 -24203.570 -24774.682  2.36%  10.5  205s
H151845 138067                    -24203.57031 -24774.386  2.36%  10.5  209s
 152072 138391 -24323.580  110  697 -24203.570 -24774.386  2.36%  10.5  210s
 154508 140473 -24501.113  141  578 -24203.570 -24774.347  2.36%  10.5  215s
 158132 143930 -24425.120  136  701 -24203.570 -24774.134  2.36%  10.4  220s
 162907 148488     cutoff   31      -24203.570 -24773.877  2.36%  10.4  225s
 168709 153408 -24484.467  101  781 -24203.570 -24773.741  2.36%  10.3  230s
 175543 159956 -24514.559  146  623 -24203.570 -24773.430  2.35%  10.3  235s
 178737 162568 -24684.403   58  963 -24203.570 -24773.356  2.35%  10.2  240s
 183124 166874 -24635.862   43 1009 -24203.570 -24773.101  2.35%  10.2  245s
 189460 172800 -24546.630   84  830 -24203.570 -24772.771  2.35%  10.2  250s
 195511 178339 -24256.288  214  554 -24203.570 -24772.450  2.35%  10.1  255s
 201105 183532 -24408.461  140  702 -24203.570 -24772.238  2.35%  10.1  260s
 206548 188541 -24420.276  157  610 -24203.570 -24772.100  2.35%  10.0  265s
 210504 191740 -24598.056  113  710 -24203.570 -24772.016  2.35%  10.0  270s
 215651 196919 -24238.452  277  348 -24203.570 -24771.762  2.35%  10.0  275s
 220671 201346 -24646.937   43 1019 -24203.570 -24771.578  2.35%   9.9  280s
 225517 206005 -24632.787   69  944 -24203.570 -24771.366  2.35%   9.9  285s
 230089 211401 -24671.565   80  873 -24203.570 -24771.158  2.35%   9.9  290s
 237077 216454 -24706.767   36 1062 -24203.570 -24770.977  2.34%   9.8  295s
 241791 220699 -24491.587  161  557 -24203.570 -24770.811  2.34%   9.8  300s
 248375 226956 -24581.226  118  720 -24203.570 -24770.627  2.34%   9.7  305s
 253041 231522 -24308.559  197  495 -24203.570 -24770.518  2.34%   9.7  310s
 257586 235662 -24333.471  237  457 -24203.570 -24770.450  2.34%   9.7  315s
 259570 237247 -24342.259  272  318 -24203.570 -24770.423  2.34%   9.7  320s
 264928 242144 -24663.011   62  912 -24203.570 -24770.304  2.34%   9.7  325s
 265293 242185 -24546.427   95  808 -24203.570 -24770.304  2.34%   9.7  330s
 269513 246140 -24620.274   48  967 -24203.570 -24770.118  2.34%   9.6  335s
 274459 250514 -24651.535   89  819 -24203.570 -24770.061  2.34%   9.6  340s
 278175 254219 -24302.553  120  708 -24203.570 -24770.061  2.34%   9.6  345s
 286598 262128 -24630.618   58  977 -24203.570 -24769.724  2.34%   9.6  350s
 293036 267952 -24313.543  229  441 -24203.570 -24769.470  2.34%   9.6  355s
 299398 273762 -24499.909  143  634 -24203.570 -24769.317  2.34%   9.5  360s
 302782 277636 -24503.846  110  774 -24203.570 -24769.228  2.34%   9.5  365s
 309628 283091 -24639.122   81  794 -24203.570 -24769.070  2.34%   9.5  371s
 313348 286710 -24747.246   38 1098 -24203.570 -24768.984  2.34%   9.5  376s
 316481 289700 -24245.719  287  405 -24203.570 -24768.977  2.34%   9.4  381s
 318393 291625 -24677.534   66  949 -24203.570 -24768.934  2.34%   9.4  386s
 319711 293045 -24620.993  115  715 -24203.570 -24768.932  2.34%   9.4  390s
 325314 298189 -24633.304   90  813 -24203.570 -24768.771  2.34%   9.4  395s
 331719 303565 -24534.947  160  576 -24203.570 -24768.663  2.33%   9.4  400s
 335970 307654 -24243.224  280  374 -24203.570 -24768.610  2.33%   9.4  405s
 341832 313355 -24431.380  209  584 -24203.570 -24768.444  2.33%   9.4  410s
 347145 318031 -24220.939  272  407 -24203.570 -24768.301  2.33%   9.3  415s
 350367 321011 -24696.025   50 1022 -24203.570 -24768.216  2.33%   9.3  420s
 353475 323775 -24340.136  214  559 -24203.570 -24768.194  2.33%   9.3  425s
 356062 326031 -24752.333   33 1110 -24203.570 -24768.111  2.33%   9.3  430s
 358527 328319 -24613.145   80  812 -24203.570 -24768.058  2.33%   9.3  435s
 359401 329199 -24422.800  189  509 -24203.570 -24768.058  2.33%   9.3  440s
 361134 330541 -24217.405  318  330 -24203.570 -24768.020  2.33%   9.3  445s
 364244 333292 -24702.794   51 1000 -24203.570 -24767.959  2.33%   9.3  450s
 371519 340118 -24398.230  294  311 -24203.570 -24767.867  2.33%   9.3  455s
 378017 346180 -24311.884  232  454 -24203.570 -24767.671  2.33%   9.2  460s
 382831 350183 -24567.364   83  862 -24203.570 -24767.581  2.33%   9.2  465s
 390350 357338 -24609.275   62  876 -24203.570 -24767.492  2.33%   9.2  471s
 393354 360363 -24379.852  151  677 -24203.570 -24767.466  2.33%   9.2  475s
 398361 364795 -24417.389  102  777 -24203.570 -24767.376  2.33%   9.2  480s
 400923 367083 -24695.705   50  961 -24203.570 -24767.336  2.33%   9.2  486s
 403335 369575 -24239.723  289  340 -24203.570 -24767.336  2.33%   9.2  490s
 406077 372170 -24651.414   60  970 -24203.570 -24767.291  2.33%   9.2  495s
 411340 376825 -24225.966  325  330 -24203.570 -24767.189  2.33%   9.1  500s
 416000 381185 -24397.256  162  612 -24203.570 -24767.085  2.33%   9.1  505s
 418959 383775 -24539.963  145  691 -24203.570 -24767.072  2.33%   9.1  510s
 424682 389324 -24489.470  115  706 -24203.570 -24766.972  2.33%   9.1  515s
 432300 396038 -24737.632   36 1075 -24203.570 -24766.823  2.33%   9.1  520s
 434856 398969 -24480.275  189  587 -24203.570 -24766.791  2.33%   9.1  525s
 438526 401927 infeasible  265      -24203.570 -24766.676  2.33%   9.1  530s
 441516 404696 -24579.577  148  657 -24203.570 -24766.642  2.33%   9.1  535s
 444111 407192     cutoff  147      -24203.570 -24766.626  2.33%   9.1  540s
 446376 409200 -24446.020   96  815 -24203.570 -24766.594  2.33%   9.1  545s
 448608 411040 -24698.528   64  989 -24203.570 -24766.569  2.33%   9.1  550s
 451890 414112 -24763.676   26 1122 -24203.570 -24766.495  2.33%   9.1  556s
 453877 415877 -24311.460  227  502 -24203.570 -24766.492  2.33%   9.1  560s
 456576 418334 -24411.947  246  457 -24203.570 -24766.461  2.33%   9.1  566s
 458800 420605 -24226.302  366  230 -24203.570 -24766.429  2.33%   9.1  570s
 461536 422982 -24759.057   43 1149 -24203.570 -24766.392  2.33%   9.1  575s
 464017 425372 -24692.217   66  941 -24203.570 -24766.342  2.33%   9.1  581s
 466759 427625 -24320.310  318  360 -24203.570 -24766.322  2.33%   9.0  585s
 471411 432138 -24512.910   82  869 -24203.570 -24766.237  2.32%   9.0  590s
 478583 438560 -24763.290   29 1128 -24203.570 -24766.099  2.32%   9.0  595s
 481200 440818 -24526.120  112  796 -24203.570 -24766.099  2.32%   9.0  600s
 484633 444185 -24713.409   54  986 -24203.570 -24765.975  2.32%   9.0  606s
 487372 446589 -24590.758  128  709 -24203.570 -24765.922  2.32%   9.0  610s
 489478 448355 -24306.556  137  679 -24203.570 -24765.893  2.32%   9.0  615s
 492010 450889 -24705.071   48 1034 -24203.570 -24765.827  2.32%   9.0  621s
 493365 452230 -24541.351  111  699 -24203.570 -24765.827  2.32%   9.0  625s
 499029 457256 -24285.537  248  466 -24203.570 -24765.768  2.32%   9.0  630s
 503253 461279 -24703.025   61  927 -24203.570 -24765.692  2.32%   9.0  635s
 505431 463204 -24233.051  313  361 -24203.570 -24765.686  2.32%   9.0  640s
 506857 464652 -24614.804   82  867 -24203.570 -24765.654  2.32%   9.0  645s
 510593 468200 -24517.156  133  667 -24203.570 -24765.591  2.32%   9.0  650s
 515626 472886 -24719.859   46 1040 -24203.570 -24765.544  2.32%   9.0  656s
 517585 474414 -24661.956   70  929 -24203.570 -24765.506  2.32%   9.0  660s
 518843 475786 -24520.598  128  755 -24203.570 -24765.498  2.32%   8.9  665s
 520838 477482 -24311.955  216  525 -24203.570 -24765.494  2.32%   8.9  670s
 525373 481728 -24565.761  101  755 -24203.570 -24765.448  2.32%   8.9  675s
 527699 483951 -24258.681  276  431 -24203.570 -24765.407  2.32%   8.9  680s
 530100 486103 -24715.743   35 1081 -24203.570 -24765.348  2.32%   8.9  686s
 531696 487528 -24759.070   38 1092 -24203.570 -24765.280  2.32%   8.9  690s
 533881 489698 -24339.261  263  436 -24203.570 -24765.257  2.32%   8.9  695s
 537602 493110 -24393.186  216  486 -24203.570 -24765.254  2.32%   8.9  701s
 539405 494838 -24716.708   39 1102 -24203.570 -24765.207  2.32%   8.9  705s
 541239 496345 -24755.183   40 1094 -24203.570 -24765.188  2.32%   8.9  710s
 542295 497348 -24424.640  132  664 -24203.570 -24765.188  2.32%   8.9  715s
 545156 499865 -24206.809  377  139 -24203.570 -24765.147  2.32%   8.9  721s
 547486 502108 -24738.700   36 1093 -24203.570 -24765.131  2.32%   8.9  726s
 550317 504404 -24555.954  119  727 -24203.570 -24765.068  2.32%   8.9  732s
 552452 506447 -24272.872  260  433 -24203.570 -24765.032  2.32%   8.9  737s
 553560 507650 -24584.406  117  714 -24203.570 -24765.032  2.32%   8.9  742s
 554919 508957 -24337.620  213  517 -24203.570 -24765.019  2.32%   8.9  745s
 558020 511713 -24214.728  233  433 -24203.570 -24764.955  2.32%   8.9  750s
 562842 516320 infeasible  233      -24203.570 -24764.932  2.32%   8.9  755s
 565310 518210 -24552.883  102  801 -24203.570 -24764.850  2.32%   8.9  760s
 567410 520254 -24417.136   99  796 -24203.570 -24764.807  2.32%   8.9  765s
 568685 521305 -24617.545   99  827 -24203.570 -24764.803  2.32%   8.9  771s
 571905 524341 -24714.110   44 1094 -24203.570 -24764.760  2.32%   8.9  775s
 575175 527544 -24697.005   58  987 -24203.570 -24764.734  2.32%   8.9  780s
 579326 531535 -24492.590  184  563 -24203.570 -24764.711  2.32%   8.9  785s
 583875 535521 -24585.283  112  749 -24203.570 -24764.622  2.32%   8.9  790s
 589317 540894 -24254.721  146  656 -24203.570 -24764.574  2.32%   8.9  795s
 592992 543825 -24747.411   47 1084 -24203.570 -24764.536  2.32%   8.8  800s
 594882 545792 -24680.826   70  853 -24203.570 -24764.510  2.32%   8.8  805s
 598635 549202 -24717.293   47 1058 -24203.570 -24764.489  2.32%   8.8  810s
 602635 552826 -24490.694  141  742 -24203.570 -24764.435  2.32%   8.8  815s
 606980 556699     cutoff   31      -24203.570 -24764.356  2.32%   8.8  820s
 609718 559405 -24428.133  101  771 -24203.570 -24764.328  2.32%   8.8  826s
 612008 561548 -24220.983  383  154 -24203.570 -24764.296  2.32%   8.8  830s
 616483 565515 -24667.701   44 1078 -24203.570 -24764.252  2.32%   8.8  835s
 618697 567524 -24674.263   87  852 -24203.570 -24764.206  2.32%   8.8  840s
 620708 569408 -24350.285  285  409 -24203.570 -24764.195  2.32%   8.8  845s
 621904 570545 -24238.537  351  234 -24203.570 -24764.193  2.32%   8.8  850s
 624869 572844 -24687.309   60  914 -24203.570 -24764.164  2.32%   8.8  855s
 628306 576554 -24646.868   83  879 -24203.570 -24764.134  2.32%   8.8  860s
 632886 580696 -24753.567   33 1121 -24203.570 -24764.071  2.32%   8.8  865s
 635532 582956 -24752.166   38 1101 -24203.570 -24764.034  2.32%   8.8  871s
 637742 585145 -24610.139   75  869 -24203.570 -24764.017  2.32%   8.8  875s
 641173 588187 -24400.483  192  556 -24203.570 -24764.000  2.32%   8.8  880s
 642747 589494 -24224.034  315  417 -24203.570 -24763.975  2.32%   8.8  886s
 644635 591378 -24338.574  217  522 -24203.570 -24763.975  2.32%   8.8  891s
 646797 593554 -24565.021   90  850 -24203.570 -24763.953  2.32%   8.8  895s
 650147 596271 -24595.648   78  906 -24203.570 -24763.937  2.32%   8.8  901s
 652476 598505 -24373.269  214  539 -24203.570 -24763.917  2.32%   8.8  906s
 654252 600196 -24375.431  170  613 -24203.570 -24763.886  2.32%   8.8  910s
 656920 602487 -24412.692  192  563 -24203.570 -24763.851  2.31%   8.8  916s
 657943 603492 -24261.998  287  422 -24203.570 -24763.837  2.31%   8.8  920s
 659296 604849 -24401.262  150  581 -24203.570 -24763.837  2.31%   8.8  928s
 660282 605512 -24467.407  118  778 -24203.570 -24763.831  2.31%   8.8  930s
 661996 607178 -24207.200  221  535 -24203.570 -24763.788  2.31%   8.8  937s
 663315 607988 -24622.642   80  811 -24203.570 -24763.762  2.31%   8.8  940s
 664618 609593 -24708.488   68  944 -24203.570 -24763.762  2.31%   8.8  945s
 668152 612780 -24469.446  188  582 -24203.570 -24763.713  2.31%   8.8  950s
 673518 617598 -24391.513  162  659 -24203.570 -24763.678  2.31%   8.8  955s
 677906 621440 -24611.767  100  798 -24203.570 -24763.615  2.31%   8.7  960s
 680639 623765 -24239.052  317  328 -24203.570 -24763.604  2.31%   8.7  965s
 684806 628036 -24583.208   96  786 -24203.570 -24763.569  2.31%   8.7  970s
 689135 632418 -24567.544   84  884 -24203.570 -24763.522  2.31%   8.7  976s
 690762 633677 -24725.326   40 1084 -24203.570 -24763.503  2.31%   8.7  980s
 693745 636213 -24561.850  105  789 -24203.570 -24763.456  2.31%   8.7  985s
 695880 637814 -24546.689  100  818 -24203.570 -24763.412  2.31%   8.7  990s
 698077 639960 -24554.141  120  740 -24203.570 -24763.391  2.31%   8.7  997s
 699160 641219 -24374.882  222  482 -24203.570 -24763.391  2.31%   8.7 1000s
 700341 642087 -24228.361  307  335 -24203.570 -24763.391  2.31%   8.7 1005s
 702256 643811     cutoff  208      -24203.570 -24763.352  2.31%   8.7 1012s
 703086 644963 -24374.371  252  418 -24203.570 -24763.349  2.31%   8.7 1015s
 704591 646008 -24547.525  128  738 -24203.570 -24763.334  2.31%   8.7 1020s
 706848 647949 -24551.213  177  627 -24203.570 -24763.316  2.31%   8.7 1025s
 710548 651460 -24754.989   38 1121 -24203.570 -24763.274  2.31%   8.7 1032s
 712583 653499 -24586.090  130  728 -24203.570 -24763.274  2.31%   8.7 1035s
 714610 655232 -24539.724   97  859 -24203.570 -24763.234  2.31%   8.7 1041s
 715428 655624 -24646.631   85  855 -24203.570 -24763.234  2.31%   8.7 1045s
 717065 657392 -24402.731  156  719 -24203.570 -24763.217  2.31%   8.7 1050s
 719576 659904 -24651.923   82  868 -24203.570 -24763.180  2.31%   8.7 1055s
 722611 662482 -24220.627  333  264 -24203.570 -24763.151  2.31%   8.7 1060s
 724540 664092 -24590.601   92  888 -24203.570 -24763.128  2.31%   8.7 1065s
 726204 665377 -24391.732  139  622 -24203.570 -24763.110  2.31%   8.7 1070s
 727991 667457 -24648.331   54  953 -24203.570 -24763.106  2.31%   8.7 1075s
 730770 669940 -24244.935  184  568 -24203.570 -24763.080  2.31%   8.7 1081s
 733906 672691 -24699.206   47 1017 -24203.570 -24763.022  2.31%   8.7 1087s
 734968 673539 -24366.519  124  724 -24203.570 -24762.994  2.31%   8.7 1092s
 735841 674536 -24579.654   83  798 -24203.570 -24762.994  2.31%   8.7 1095s
 738154 676559 -24342.486  342  282 -24203.570 -24762.988  2.31%   8.7 1100s
 742747 680920 -24390.952  282  428 -24203.570 -24762.988  2.31%   8.7 1106s
 745291 683013 -24274.238  187  551 -24203.570 -24762.906  2.31%   8.7 1111s
 746669 684171 -24463.902  171  588 -24203.570 -24762.896  2.31%   8.7 1115s
 750524 688204 -24532.624  125  700 -24203.570 -24762.858  2.31%   8.7 1120s
 753779 690849 -24555.390  123  697 -24203.570 -24762.852  2.31%   8.7 1125s
 756163 693610 -24754.390   39 1112 -24203.570 -24762.804  2.31%   8.7 1130s
 758679 695239 -24708.822   52 1033 -24203.570 -24762.788  2.31%   8.7 1135s
 760393 697271 -24364.677  133  724 -24203.570 -24762.754  2.31%   8.7 1141s
 763612 700188 -24313.255  193  623 -24203.570 -24762.732  2.31%   8.7 1145s
 768858 704925 -24684.678   57  959 -24203.570 -24762.685  2.31%   8.7 1151s
 771079 706878 -24277.811  281  365 -24203.570 -24762.659  2.31%   8.7 1155s
 772902 708746 -24245.504  296  345 -24203.570 -24762.651  2.31%   8.6 1160s
 774186 709891 -24376.376  160  645 -24203.570 -24762.642  2.31%   8.6 1166s
 775428 711031 -24247.291  374  168 -24203.570 -24762.642  2.31%   8.6 1171s
 776694 712274 -24517.472  155  629 -24203.570 -24762.642  2.31%   8.6 1175s
 779848 715286 -24743.036   36 1065 -24203.570 -24762.602  2.31%   8.6 1180s
 781751 716958 -24410.961  161  722 -24203.570 -24762.590  2.31%   8.6 1186s
 782672 717665 -24276.155  174  597 -24203.570 -24762.578  2.31%   8.6 1191s
 783655 718690 -24399.490  248  481 -24203.570 -24762.578  2.31%   8.6 1195s
 784985 719974 -24382.454  193  619 -24203.570 -24762.548  2.31%   8.6 1200s
 786078 720939 -24463.973   97  786 -24203.570 -24762.548  2.31%   8.6 1205s
 787824 722508 -24481.074   87  818 -24203.570 -24762.526  2.31%   8.6 1210s
 792733 726985 -24268.482  200  629 -24203.570 -24762.485  2.31%   8.6 1215s
 794837 728919 -24330.210  228  453 -24203.570 -24762.472  2.31%   8.6 1220s
 796056 729862 -24455.131  162  647 -24203.570 -24762.467  2.31%   8.6 1225s
 797175 730986 -24528.746   95  806 -24203.570 -24762.463  2.31%   8.6 1232s
 798055 731723 -24320.028  148  698 -24203.570 -24762.454  2.31%   8.6 1235s
 799282 733167 -24648.870   50  988 -24203.570 -24762.454  2.31%   8.6 1240s
 801022 734575 -24503.407  106  789 -24203.570 -24762.430  2.31%   8.6 1245s
 803363 737160 -24736.580   38 1121 -24203.570 -24762.415  2.31%   8.6 1250s
 804775 738048     cutoff  197      -24203.570 -24762.399  2.31%   8.6 1255s
 806320 739358 -24300.923  165  627 -24203.570 -24762.395  2.31%   8.6 1261s
 808340 741247 -24733.989   44 1082 -24203.570 -24762.378  2.31%   8.6 1266s
 809137 741834 -24750.955   33 1142 -24203.570 -24762.377  2.31%   8.6 1270s
 810742 743370 -24544.521  122  697 -24203.570 -24762.360  2.31%   8.6 1276s
 811918 744480 -24403.451  171  599 -24203.570 -24762.360  2.31%   8.6 1281s
 813194 745396 -24253.184  278  397 -24203.570 -24762.350  2.31%   8.6 1285s
 815779 748065 -24546.005  146  675 -24203.570 -24762.330  2.31%   8.6 1290s
 820764 753022 -24335.988  180  559 -24203.570 -24762.309  2.31%   8.6 1295s
 822857 755000 -24342.275  306  373 -24203.570 -24762.294  2.31%   8.6 1300s
 825704 757482 -24712.203   53 1024 -24203.570 -24762.279  2.31%   8.6 1305s
 829780 761393 -24378.517  262  359 -24203.570 -24762.241  2.31%   8.6 1310s
 831286 762563 -24498.409  145  605 -24203.570 -24762.236  2.31%   8.6 1315s
 833270 764488 -24654.813   42 1090 -24203.570 -24762.216  2.31%   8.6 1320s
 835696 766610 -24667.969   52 1009 -24203.570 -24762.183  2.31%   8.6 1325s
 836717 767569 -24492.740  113  763 -24203.570 -24762.177  2.31%   8.6 1330s
 838637 769459 -24714.925   52 1011 -24203.570 -24762.177  2.31%   8.6 1335s
 840343 770876 -24757.985   40 1117 -24203.570 -24762.144  2.31%   8.6 1341s
 841742 772124 -24241.937  384  117 -24203.570 -24762.144  2.31%   8.6 1345s
 842471 772760 -24671.659   73  907 -24203.570 -24762.144  2.31%   8.6 1350s
 845331 775520 -24622.892   60  979 -24203.570 -24762.118  2.31%   8.6 1355s
 848937 778650 -24658.614   59  942 -24203.570 -24762.095  2.31%   8.6 1361s
 850563 780337 -24646.203   71  933 -24203.570 -24762.095  2.31%   8.6 1366s
 852322 781737 -24615.331  102  743 -24203.570 -24762.062  2.31%   8.6 1373s
 853381 782793 -24415.113  194  545 -24203.570 -24762.060  2.31%   8.6 1376s
 854967 786986 -24223.176  333  333 -24203.570 -24762.060  2.31%   8.6 1381s
 858662 787601 -24453.805  116  788 -24203.570 -24762.028  2.31%   8.6 1394s
 858829 787771 -24332.907  162  658 -24203.570 -24762.021  2.31%   8.6 1395s
 862757 791639 -24511.657  121  761 -24203.570 -24761.987  2.31%   8.6 1401s
 865653 794242 -24455.544  158  702 -24203.570 -24761.964  2.31%   8.6 1406s
 866648 795284 -24466.944   97  780 -24203.570 -24761.962  2.31%   8.6 1411s
 868769 797008     cutoff  365      -24203.570 -24761.944  2.31%   8.6 1415s
 871182 799552 -24279.067  230  493 -24203.570 -24761.942  2.31%   8.6 1421s
 873267 801337 -24353.908  162  728 -24203.570 -24761.927  2.31%   8.6 1427s
 874347 802189 -24673.609   46 1050 -24203.570 -24761.899  2.31%   8.6 1430s
 876578 804599 -24571.940   76  865 -24203.570 -24761.882  2.31%   8.6 1435s
 878847 806170 -24582.027  136  692 -24203.570 -24761.859  2.31%   8.6 1441s
 880205 807530 -24756.444   36 1114 -24203.570 -24761.836  2.31%   8.6 1446s
 880812 808093 -24474.039   89  813 -24203.570 -24761.836  2.31%   8.6 1450s
 881895 809123     cutoff  157      -24203.570 -24761.819  2.31%   8.6 1456s
 882892 810156 -24598.920   70  923 -24203.570 -24761.808  2.31%   8.6 1460s
 885382 812218 -24308.388  163  682 -24203.570 -24761.796  2.31%   8.6 1465s
 888262 814607 -24543.621  108  726 -24203.570 -24761.756  2.31%   8.6 1470s
 891692 817881 -24547.819   66  887 -24203.570 -24761.735  2.31%   8.6 1475s
 894496 820223     cutoff  237      -24203.570 -24761.727  2.31%   8.6 1480s
 897489 823235 -24698.454   54 1010 -24203.570 -24761.688  2.31%   8.6 1485s
 899921 825391 -24589.574   77  867 -24203.570 -24761.685  2.31%   8.6 1490s
 902939 827842 -24467.194  138  746 -24203.570 -24761.683  2.31%   8.6 1495s
 904776 829640 -24393.764  129  771 -24203.570 -24761.655  2.31%   8.6 1502s
 906640 831437 -24736.716   43 1088 -24203.570 -24761.633  2.31%   8.6 1505s
 907640 832776 -24407.776  132  700 -24203.570 -24761.633  2.31%   8.6 1510s
 910615 835346 -24396.507  147  703 -24203.570 -24761.614  2.31%   8.6 1515s
 912987 837551 -24463.094  151  630 -24203.570 -24761.588  2.31%   8.6 1520s
 913948 838145 -24287.608  251  414 -24203.570 -24761.586  2.31%   8.6 1525s
 914948 839089 -24733.043   38 1129 -24203.570 -24761.573  2.31%   8.6 1533s
 916312 840591 -24518.277  164  604 -24203.570 -24761.568  2.31%   8.6 1538s
 917132 841432 -24740.695   39 1158 -24203.570 -24761.563  2.31%   8.6 1540s
 918145 842277 -24726.316   52  978 -24203.570 -24761.559  2.31%   8.6 1545s
 919833 843588 -24481.230  135  742 -24203.570 -24761.559  2.31%   8.6 1550s
 921313 845149 -24604.365  114  788 -24203.570 -24761.524  2.31%   8.6 1556s
 923816 847296 -24307.126  253  418 -24203.570 -24761.515  2.31%   8.6 1562s
 924670 848130 -24216.511  323  319 -24203.570 -24761.509  2.31%   8.6 1566s
 925408 848852 -24281.267  202  623 -24203.570 -24761.508  2.31%   8.6 1570s
 927195 850538 -24677.045   60  985 -24203.570 -24761.508  2.31%   8.6 1577s
 928195 851401 -24683.218   57 1002 -24203.570 -24761.496  2.31%   8.5 1580s
 929198 852193 -24529.258  145  658 -24203.570 -24761.489  2.31%   8.6 1585s
 930471 853650 -24302.148  260  436 -24203.570 -24761.476  2.31%   8.5 1590s
 932956 855904 -24548.878   90  824 -24203.570 -24761.459  2.30%   8.5 1595s
 935140 857938 -24269.444  342  277 -24203.570 -24761.442  2.30%   8.6 1600s
 936477 859119 -24622.515   92  882 -24203.570 -24761.442  2.30%   8.5 1605s
 938908 864532 -24610.953   45 1068 -24203.570 -24761.416  2.30%   8.5 1610s
 942908 864789 -24680.221   65  948 -24203.570 -24761.386  2.30%   8.5 1616s
 943165 864965 -24601.313  117  759 -24203.570 -24761.386  2.30%   8.5 1620s
 944572 866555 -24340.924  236  445 -24203.570 -24761.386  2.30%   8.5 1628s
 945392 867205 -24224.482  301  364 -24203.570 -24761.386  2.30%   8.5 1632s
 946476 868412 -24721.882   46 1048 -24203.570 -24761.376  2.30%   8.5 1637s
 947471 869295 -24734.704   46 1073 -24203.570 -24761.376  2.30%   8.5 1640s
 949452 871092 -24461.074  122  801 -24203.570 -24761.362  2.30%   8.5 1645s
 951122 872120 -24553.425   86  813 -24203.570 -24761.340  2.30%   8.5 1651s
 952083 873110 -24297.141  151  607 -24203.570 -24761.340  2.30%   8.5 1655s
 953546 874785 -24719.277   54  976 -24203.570 -24761.321  2.30%   8.5 1660s
 956145 876859 -24469.596  134  713 -24203.570 -24761.321  2.30%   8.5 1665s
 957276 877892 -24285.727  240  492 -24203.570 -24761.300  2.30%   8.5 1671s
 958796 879469 -24213.655  220  525 -24203.570 -24761.275  2.30%   8.5 1676s
 960819 881310 -24229.962  377  148 -24203.570 -24761.272  2.30%   8.5 1680s
 962179 882157 -24414.741  129  668 -24203.570 -24761.264  2.30%   8.5 1685s
 963317 883719 -24438.081  131  745 -24203.570 -24761.259  2.30%   8.5 1690s
 965316 885439 -24209.784  231  530 -24203.570 -24761.243  2.30%   8.5 1695s
 967497 887564 -24285.619  344  266 -24203.570 -24761.225  2.30%   8.5 1700s
 970048 889634 -24283.394  200  634 -24203.570 -24761.198  2.30%   8.5 1706s
 971023 890671 -24510.321  130  692 -24203.570 -24761.198  2.30%   8.5 1710s
 973286 892782 -24734.850   47 1078 -24203.570 -24761.167  2.30%   8.5 1715s
 976216 895503 -24750.649   40 1117 -24203.570 -24761.124  2.30%   8.5 1721s
 978195 896951 -24353.151  145  661 -24203.570 -24761.109  2.30%   8.5 1728s
 979266 897995     cutoff   29      -24203.570 -24761.105  2.30%   8.5 1730s
 980158 898955 -24640.296   78  899 -24203.570 -24761.098  2.30%   8.5 1735s
 981594 900421 -24500.415  138  682 -24203.570 -24761.089  2.30%   8.5 1740s
 982548 901328 -24260.696  248  469 -24203.570 -24761.089  2.30%   8.5 1748s
 983103 901969 -24742.513   35 1102 -24203.570 -24761.088  2.30%   8.5 1750s
 984756 903092 -24213.024  189  626 -24203.570 -24761.061  2.30%   8.5 1759s
 985526 903869 -24506.319   88  815 -24203.570 -24761.057  2.30%   8.5 1764s
 986245 904593 -24255.012  145  663 -24203.570 -24761.055  2.30%   8.5 1767s
 987121 905273 -24598.268   92  781 -24203.570 -24761.055  2.30%   8.5 1773s
 987867 906020 -24373.626  179  547 -24203.570 -24761.050  2.30%   8.5 1777s
 988661 906688 -24662.021   79  813 -24203.570 -24761.050  2.30%   8.5 1784s
 988961 906832 -24532.572  167  607 -24203.570 -24761.050  2.30%   8.5 1786s
 990840 908870 -24534.523   92  789 -24203.570 -24761.026  2.30%   8.5 1792s
 991715 909491 -24428.863  148  670 -24203.570 -24761.026  2.30%   8.5 1797s
 992401 909852 -24639.663   79  842 -24203.570 -24761.026  2.30%   8.5 1800s

Cutting planes:
  Gomory: 13
  Cover: 237
  Projected implied bound: 125
  Clique: 678
  MIR: 1641
  StrongCG: 448
  Flow cover: 269
  GUB cover: 2
  Inf proof: 59
  Zero half: 224
  RLT: 1
  Relax-and-lift: 246
  BQP: 9

Explored 992405 nodes (8492137 simplex iterations) in 1800.06 seconds (1008.75 work units)
Thread count was 4 (of 24 available processors)

Solution count 10: -24203.6 -24203.6 -24203.6 ... -24191.6

Time limit reached
Best objective -2.420357030856e+04, best bound -2.476102601862e+04, gap 2.3032%

User-callback calls 2475453, time in user-callback 3.82 sec
