
Gurobi 13.0.1 (win64) logging started Wed Oct  7 04:21:51 2026

Set parameter LogFile to value "results/source_summaries/3d/R11/gurobi_extensive.log"
Gurobi Optimizer version 13.0.1 build v13.0.1rc0 (win64 - Windows 11+.0 (26200.2))

CPU model: Intel(R) Core(TM) i7-14650HX, instruction set [SSE2|AVX|AVX2]
Thread count: 16 physical cores, 24 logical processors, using up to 4 threads

Non-default parameters:
TimeLimit  1800
IntFeasTol  1e-06
MIPGap  0.0005
Heuristics  0.2
Cuts  2
Presolve  2
Seed  1
Threads  4

Optimize a model with 5170 rows, 9129 columns and 20060 nonzeros (Min)
Model fingerprint: 0xd4ecb550
Model has 3964 linear objective coefficients
Variable types: 5163 continuous, 3966 integer (3963 binary)
Coefficient statistics:
  Matrix range     [1e-01, 4e+01]
  Objective range  [2e+00, 5e+01]
  Bounds range     [1e-01, 3e+01]
  RHS range        [1e+00, 8e+01]

Found heuristic solution: objective 0.0000000
Presolve removed 393 rows and 5128 columns
Presolve time: 0.11s
Presolved: 4777 rows, 4001 columns, 14108 nonzeros
Variable types: 112 continuous, 3889 integer (3664 binary)
Root relaxation presolve removed 1 rows and 1 columns
Root relaxation presolved: 4776 rows, 4000 columns, 14105 nonzeros


Root relaxation: objective -2.927938e+04, 1329 iterations, 0.03 seconds (0.06 work units)

    Nodes    |    Current Node    |     Objective Bounds      |     Work
 Expl Unexpl |  Obj  Depth IntInf | Incumbent    BestBd   Gap | It/Node Time

     0     0 -29279.378    0  236    0.00000 -29279.378      -     -    0s
H    0     0                    -23245.54917 -29279.378  26.0%     -    0s
H    0     0                    -23253.88300 -29279.378  25.9%     -    0s
H    0     0                    -23671.02270 -29279.378  23.7%     -    0s
H    0     0                    -23701.01199 -29279.378  23.5%     -    0s
H    0     0                    -23760.56647 -29279.378  23.2%     -    0s
H    0     0                    -23907.00621 -29279.378  22.5%     -    0s
H    0     0                    -23915.29161 -29279.378  22.4%     -    0s
H    0     0                    -23943.17564 -29279.378  22.3%     -    0s
H    0     0                    -24776.86966 -29279.378  18.2%     -    0s
H    0     0                    -24796.63566 -29279.378  18.1%     -    0s
H    0     0                    -24801.83724 -29279.378  18.1%     -    0s
H    0     0                    -24859.16238 -29279.378  17.8%     -    0s
H    0     0                    -24933.94617 -28551.918  14.5%     -    0s
H    0     0                    -24965.03815 -28551.918  14.4%     -    0s
H    0     0                    -24997.12772 -28551.918  14.2%     -    0s
H    0     0                    -25018.94098 -28551.918  14.1%     -    0s
H    0     0                    -25044.42536 -28551.918  14.0%     -    0s
H    0     0                    -25048.16815 -28551.918  14.0%     -    0s
     0     0 -28495.393    0  898 -25048.168 -28495.393  13.8%     -    0s
H    0     0                    -25052.15807 -28225.049  12.7%     -    0s
H    0     0                    -25059.26664 -28225.049  12.6%     -    0s
H    0     0                    -25072.14896 -28225.049  12.6%     -    0s
H    0     0                    -25073.11931 -28225.049  12.6%     -    0s
     0     0 -28117.032    0 1118 -25073.119 -28117.032  12.1%     -    0s
H    0     0                    -25080.28279 -28117.032  12.1%     -    0s
     0     0 -27648.211    0 1162 -25080.283 -27648.211  10.2%     -    0s
     0     0 -27618.684    0 1162 -25080.283 -27618.684  10.1%     -    0s
H    0     0                    -25112.85228 -27618.684  10.0%     -    0s
H    0     0                    -25130.66439 -27618.684  9.90%     -    0s
H    0     0                    -25140.93041 -27306.717  8.61%     -    1s
     0     0 -27300.908    0 1170 -25140.930 -27300.908  8.59%     -    1s
     0     0 -27300.149    0 1170 -25140.930 -27300.149  8.59%     -    1s
     0     0 -27300.149    0 1170 -25140.930 -27300.149  8.59%     -    1s
H    0     0                    -25142.83908 -27300.149  8.58%     -    1s
     0     2 -27300.149    0 1170 -25142.839 -27300.149  8.58%     -    1s
H   11    27                    -25152.96785 -27300.149  8.54%   732    1s
H   44    47                    -25154.00402 -27300.149  8.53%   296    1s
H   45    47                    -25155.77494 -27300.149  8.52%   290    1s
H   45    47                    -25164.29584 -27300.149  8.49%   290    1s
H   60    60                    -25165.30685 -27300.149  8.48%   241    1s
H   60    60                    -25167.09694 -27300.149  8.48%   241    1s
H   61    60                    -25168.48116 -27300.149  8.47%   237    1s
H   64    60                    -25170.37782 -27300.149  8.46%   234    1s
H   84    78                    -25171.38883 -27300.149  8.46%   207    2s
H   85    78                    -25173.18491 -27300.149  8.45%   204    2s
H   87    78                    -25176.67654 -27300.149  8.43%   201    2s
H  118   125                    -25180.49464 -27300.149  8.42%   159    2s
H  205   203                    -25181.43034 -27300.149  8.41%  94.8    2s
H  237   233                    -25183.47346 -27300.149  8.41%  83.2    2s
H  243   252                    -25186.53814 -27300.149  8.39%  81.3    2s
H  334   336                    -25192.44757 -27300.149  8.37%  61.0    2s
H  346   340                    -25196.46496 -27300.149  8.35%  59.1    2s
H  347   340                    -25204.37166 -27300.149  8.32%  59.0    2s
H  348   340                    -25205.59256 -27300.149  8.31%  58.9    2s
H  350   369                    -25210.83760 -27300.149  8.29%  58.6    2s
H  399   414                    -25212.88777 -27300.149  8.28%  52.5    2s
H  508   511                    -25218.82419 -27300.149  8.25%  42.6    2s
H  554   541                    -25234.12177 -27300.149  8.19%  43.8    2s
H  569   570                    -25243.19504 -27300.149  8.15%  45.7    2s
H  601   607                    -25247.29828 -27070.966  7.22%  46.0    2s
H  642   611                    -25248.30263 -27070.966  7.22%  45.2    3s
H  644   611                    -25248.33445 -27070.966  7.22%  45.0    3s
H  645   610                    -25253.44998 -27070.966  7.20%  45.0    3s
H 1075  1007                    -25254.47154 -26885.072  6.46%  30.4    3s
H 1077   958                    -25257.53623 -26885.072  6.44%  30.4    4s
  1084   962 -25803.307  114 1310 -25257.536 -26885.072  6.44%  30.2    5s
H 1087   916                    -25258.46060 -26885.072  6.44%  30.1    6s
H 1087   870                    -25261.33994 -26885.072  6.43%  30.1    6s
H 1087   826                    -25264.35298 -26885.072  6.42%  30.1    6s
H 1089   786                    -25290.52825 -26885.072  6.30%  30.0    7s
H 1094   754                    -25291.45795 -26885.072  6.30%  43.6    8s
H 1183   773                    -25294.47099 -26885.072  6.29%  52.4    8s
H 1184   737                    -25296.32727 -26885.072  6.28%  52.3    8s
H 1239   738                    -25298.29708 -26885.072  6.27%  50.8    8s
H 1240   705                    -25298.39960 -26885.072  6.27%  50.8    8s
H 1241   679                    -25300.36941 -26885.072  6.26%  50.8    8s
H 1428   765                    -25303.38246 -26885.072  6.25%  49.4    9s
H 1485   769                    -25307.07995 -26885.072  6.24%  51.0    9s
H 1497   756                    -25308.10576 -26885.072  6.23%  50.9    9s
H 1584   794                    -25309.14193 -26885.072  6.23%  49.0    9s
H 1587   769                    -25310.15739 -26885.072  6.22%  48.9    9s
H 1653   798                    -25311.19355 -26885.072  6.22%  47.3    9s
  1728   849 -25723.698   70 1005 -25311.194 -26885.072  6.22%  45.8   10s
H 1800   873                    -25315.23758 -26885.072  6.20%  44.3   10s
H 1873   892                    -25318.93507 -26885.072  6.19%  43.0   10s
H 1886   866                    -25320.38242 -26885.072  6.18%  42.7   10s
H 1889   902                    -25323.26097 -26885.072  6.17%  42.7   10s
H 1951   894                    -25325.33330 -26885.072  6.16%  41.8   10s
H 2110  1026                    -25329.03080 -26885.072  6.14%  39.2   10s
H 2243  1149                    -25330.05661 -26885.072  6.14%  37.2   11s
  6320  5458 -25352.733  229  317 -25330.057 -26170.674  3.32%  19.9   15s
 16747 15173 -25464.205  171  455 -25330.057 -26102.985  3.05%  13.6   20s
H25807 23012                    -25331.09278 -26085.195  2.98%  11.9   23s
 27689 24914 -25473.674  179  563 -25331.093 -26082.306  2.97%  11.7   25s
 39455 36073 -25621.631  120  658 -25331.093 -26075.129  2.94%  10.7   30s
 53271 48389 -25354.674  185  489 -25331.093 -26067.050  2.91%  10.0   35s
 65814 59301 -25453.554  101  575 -25331.093 -26061.564  2.88%   9.6   40s
 77903 69929 -25828.747   68  811 -25331.093 -26055.967  2.86%   9.4   45s
 90543 80918 -25442.792  115  572 -25331.093 -26052.123  2.85%   9.2   50s
 98860 89151 -25661.643  102  680 -25331.093 -26051.105  2.84%   9.1   55s
 111812 100957 -25622.663  121  729 -25331.093 -26048.974  2.83%   8.9   60s
 123785 111353 -25341.311  216  497 -25331.093 -26046.379  2.82%   8.8   65s
 132109 119017 -25481.496  160  515 -25331.093 -26045.479  2.82%   8.8   70s
 143907 129477 -25351.981  191  566 -25331.093 -26043.609  2.81%   8.7   75s
 155199 139782 -25633.103  122  673 -25331.093 -26042.681  2.81%   8.6   80s
 164628 148370 -25836.406   63  856 -25331.093 -26041.491  2.80%   8.6   85s
 174631 157207 -25810.596   73  853 -25331.093 -26040.178  2.80%   8.5   90s
 185555 166815 -25528.358  133  630 -25331.093 -26038.912  2.79%   8.5   95s
 195057 175281 -25494.698  149  504 -25331.093 -26038.028  2.79%   8.4  100s
 203791 182972 -25904.560   49  874 -25331.093 -26037.295  2.79%   8.4  105s
 210552 188882 -25812.768   74  801 -25331.093 -26036.762  2.79%   8.3  110s
 221726 198678 -25757.843   84  808 -25331.093 -26035.076  2.78%   8.3  115s
 230736 206856 -25354.789  180  511 -25331.093 -26034.394  2.78%   8.3  120s
 238797 214212 -25957.320   47  948 -25331.093 -26033.621  2.77%   8.2  125s
 247733 222069 -25534.649  147  616 -25331.093 -26032.890  2.77%   8.2  130s
 256316 229877 -25502.445  156  555 -25331.093 -26032.388  2.77%   8.2  135s
 266270 238713 -25343.493  197  510 -25331.093 -26031.672  2.77%   8.2  140s
 273914 245372 -25382.464  204  517 -25331.093 -26031.092  2.76%   8.2  145s
 279892 250577 -25583.693  145  583 -25331.093 -26030.679  2.76%   8.1  150s
 288227 257636 -25860.747   67  822 -25331.093 -26030.191  2.76%   8.1  155s
 291993 261499 -25639.247  120  723 -25331.093 -26030.137  2.76%   8.1  160s
 297666 266371 -25826.863   69  841 -25331.093 -26029.721  2.76%   8.1  165s
 303380 271719 -25566.600  106  734 -25331.093 -26029.582  2.76%   8.1  170s
 311006 278596 -25386.198  198  512 -25331.093 -26029.224  2.76%   8.1  175s
 317259 284404 -25713.954   97  706 -25331.093 -26028.810  2.75%   8.1  180s
 324151 290554 -25760.194   83  774 -25331.093 -26028.446  2.75%   8.1  185s
 332373 297619 -25609.595  136  633 -25331.093 -26028.090  2.75%   8.0  190s
 338707 303643 -25660.833  125  640 -25331.093 -26027.795  2.75%   8.0  195s
 344967 308925 -25342.334  223  440 -25331.093 -26027.466  2.75%   8.0  200s
 350683 314326 -25647.586  119  657 -25331.093 -26027.311  2.75%   8.0  205s
 356684 319860 -25847.968   54  864 -25331.093 -26027.307  2.75%   8.0  210s
 361686 324555 -25546.647  155  668 -25331.093 -26027.023  2.75%   8.0  215s
 368906 331009 -25629.657  133  673 -25331.093 -26026.703  2.75%   8.0  220s
 375153 336556 -25933.016   48  915 -25331.093 -26026.373  2.74%   8.0  225s
 380554 341155 -25609.690  123  668 -25331.093 -26026.010  2.74%   8.0  230s
 385878 346038 -25393.645  209  378 -25331.093 -26025.835  2.74%   8.0  235s
 390166 349770 -25736.456   86  721 -25331.093 -26025.675  2.74%   8.0  240s
 395522 354646 -25684.786   95  678 -25331.093 -26025.429  2.74%   8.0  245s
 402179 360603     cutoff  178      -25331.093 -26025.171  2.74%   8.0  250s
 407897 365588 -25648.945  110  678 -25331.093 -26024.855  2.74%   8.0  255s
 411818 369079 -25427.713  173  512 -25331.093 -26024.672  2.74%   8.0  260s
 417102 373828 -25362.580  191  562 -25331.093 -26024.420  2.74%   7.9  265s
 422171 378375 -25552.408  123  638 -25331.093 -26024.321  2.74%   7.9  270s
 427425 383001 -25444.620  179  505 -25331.093 -26024.115  2.74%   7.9  275s
 429903 384852 -25805.156   78  846 -25331.093 -26024.069  2.74%   7.9  281s
 429915 384864 -25785.435   81  850 -25331.093 -26024.069  2.74%   7.9  286s
 429923 384872 -25775.491   83  829 -25331.093 -26024.069  2.74%   7.9  291s
 429943 384907 -25724.176   92  798 -25331.093 -26024.069  2.74%   7.9  297s
 429962 384930 -25687.739  102  774 -25331.093 -26024.069  2.74%   7.9  301s
 430192 385269 -25674.780  108  791 -25331.093 -26024.069  2.74%   7.9  305s
 431502 386529 -25499.127  166  619 -25331.093 -26023.895  2.73%   7.9  310s
 433564 388175 -25914.411   54  907 -25331.093 -26023.895  2.73%   7.9  316s
 435645 390089 -25437.945  184  504 -25331.093 -26023.793  2.73%   7.9  320s
 437775 391933 -25636.297  115  735 -25331.093 -26023.719  2.73%   7.9  325s
 439903 393736 -25962.350   38  934 -25331.093 -26023.551  2.73%   7.9  330s
 442800 396167 infeasible  117      -25331.093 -26023.351  2.73%   7.9  335s
 447220 400555 -25599.932  134  710 -25331.093 -26023.216  2.73%   7.9  340s
 453649 405838 -25385.855  100  581 -25331.093 -26023.008  2.73%   7.9  345s
 459989 411596 -25771.263   48  856 -25331.093 -26022.825  2.73%   7.9  350s
 464664 415789 -25360.384  214  372 -25331.093 -26022.655  2.73%   7.9  355s
 472857 422727     cutoff  195      -25331.093 -26022.368  2.73%   7.9  361s
 477050 426637 -25479.872  111  607 -25331.093 -26022.191  2.73%   7.9  365s
 482065 431004 -25883.565   52  882 -25331.093 -26022.067  2.73%   7.9  370s
 486705 434827 -25867.986   51  890 -25331.093 -26021.799  2.73%   7.9  375s
 491108 439039 -25416.448  185  472 -25331.093 -26021.666  2.73%   7.9  380s
 496608 444077 -25764.856   88  775 -25331.093 -26021.584  2.73%   7.9  385s
 503742 450306 -25703.162   97  786 -25331.093 -26021.406  2.73%   7.9  390s
 509281 455236 -25884.373   60  908 -25331.093 -26021.236  2.72%   7.9  395s
 515677 461058 -25678.759  110  673 -25331.093 -26021.069  2.72%   7.9  400s
 521276 466064 -25567.757   86  743 -25331.093 -26020.947  2.72%   7.8  405s
 525732 469676 -25907.421   55  924 -25331.093 -26020.709  2.72%   7.8  410s
 530967 474537 -25351.246  112  592 -25331.093 -26020.582  2.72%   7.8  415s
 534854 478076 -25495.001  160  608 -25331.093 -26020.464  2.72%   7.8  420s
 538301 481062 -25549.672  118  662 -25331.093 -26020.364  2.72%   7.8  425s
 545118 486951 -25432.292  183  471 -25331.093 -26020.145  2.72%   7.8  430s
 548264 489936 -25497.196  160  522 -25331.093 -26020.030  2.72%   7.8  435s
 552629 494008 -25728.068   98  774 -25331.093 -26019.933  2.72%   7.8  440s
 556879 497914 -25389.343  203  382 -25331.093 -26019.797  2.72%   7.8  445s
 559146 499812 -25614.402  127  660 -25331.093 -26019.747  2.72%   7.8  450s
 563356 503884 -25654.843  116  697 -25331.093 -26019.588  2.72%   7.8  455s
 568302 508100 -25597.926  139  582 -25331.093 -26019.467  2.72%   7.8  460s
 571918 511369 -25773.536   71  851 -25331.093 -26019.300  2.72%   7.8  465s
 575494 514631 -25441.695  177  469 -25331.093 -26019.209  2.72%   7.8  470s
 579876 518273 -25589.770  140  693 -25331.093 -26019.126  2.72%   7.8  475s
 585703 523290 -25443.757  179  481 -25331.093 -26018.888  2.72%   7.8  480s
 589584 526816 -25411.831  123  565 -25331.093 -26018.826  2.71%   7.8  485s
 594348 531318 -25395.598  184  561 -25331.093 -26018.725  2.71%   7.8  490s
 599145 535543 -25778.115   79  845 -25331.093 -26018.567  2.71%   7.8  495s
 604569 540196 -25882.086   49  932 -25331.093 -26018.434  2.71%   7.8  500s
 609447 544335 -25406.013  191  415 -25331.093 -26018.261  2.71%   7.8  505s
 614272 548679 -25482.848  171  482 -25331.093 -26018.145  2.71%   7.8  510s
 618641 552510 -25845.840   59  847 -25331.093 -26018.030  2.71%   7.8  515s
 622759 555987 -25348.883  194  558 -25331.093 -26017.834  2.71%   7.8  520s
 626057 559029 -25811.980   78  786 -25331.093 -26017.758  2.71%   7.8  525s
 630023 562482 -25860.586   71  834 -25331.093 -26017.715  2.71%   7.8  530s
 633761 566055 -25642.913  123  624 -25331.093 -26017.637  2.71%   7.8  535s
 637449 569354 -25608.804  129  643 -25331.093 -26017.576  2.71%   7.8  541s
 640832 572497 -25494.652  165  640 -25331.093 -26017.487  2.71%   7.8  545s
 643805 575198 -25494.233  165  526 -25331.093 -26017.394  2.71%   7.8  550s
 647916 578789 -25507.801  150  467 -25331.093 -26017.311  2.71%   7.8  555s
 649748 580041 -25842.414   66  869 -25331.093 -26017.265  2.71%   7.8  560s
 653864 584183 -25341.183  215  495 -25331.093 -26017.167  2.71%   7.8  565s
 657870 587693 -25542.296  157  554 -25331.093 -26017.087  2.71%   7.8  570s
 660788 590338 -25366.496  124  563 -25331.093 -26017.033  2.71%   7.8  575s
 664152 593475 -25621.708  122  635 -25331.093 -26016.991  2.71%   7.8  580s
 666987 595929 -25777.956   73  778 -25331.093 -26016.937  2.71%   7.8  585s
 669743 598664 -25518.398  143  535 -25331.093 -26016.919  2.71%   7.8  590s
 673103 601355 -25406.614  202  531 -25331.093 -26016.873  2.71%   7.8  595s
 677696 605386 -25878.318   63  883 -25331.093 -26016.700  2.71%   7.8  600s
 681239 608894 -25340.422  217  347 -25331.093 -26016.606  2.71%   7.8  605s
 685835 612792 -25366.226  187  513 -25331.093 -26016.446  2.71%   7.8  610s
 690122 616635 -25553.747  142  530 -25331.093 -26016.339  2.71%   7.8  615s
 692522 618801 -25446.206  181  575 -25331.093 -26016.304  2.71%   7.8  620s
 695465 621379 -25357.860  235  311 -25331.093 -26016.250  2.70%   7.8  625s
 699112 624513 -25336.426  192  535 -25331.093 -26016.197  2.70%   7.8  630s
 701911 627114 -25700.230  101  734 -25331.093 -26016.108  2.70%   7.8  635s
 705620 630526 -25872.362   54  858 -25331.093 -26016.057  2.70%   7.8  640s
 710508 634939 -25337.489  200  389 -25331.093 -26016.001  2.70%   7.8  645s
 713129 637341 -25483.040  173  535 -25331.093 -26015.950  2.70%   7.8  650s
 714553 638763 -25619.830  120  753 -25331.093 -26015.938  2.70%   7.8  655s
 719323 642927     cutoff  214      -25331.093 -26015.793  2.70%   7.8  660s
 722296 645355 -25496.151  146  590 -25331.093 -26015.706  2.70%   7.8  665s
 724975 647632 -25448.781  172  543 -25331.093 -26015.673  2.70%   7.8  670s
 726508 649071 -25506.229  150  472 -25331.093 -26015.660  2.70%   7.8  675s
 729805 651939 -25426.855  192  570 -25331.093 -26015.556  2.70%   7.8  680s
 733041 654844 -25893.219   45  911 -25331.093 -26015.447  2.70%   7.8  685s
 735789 657440 -25561.459  126  615 -25331.093 -26015.447  2.70%   7.8  690s
 739511 661127 -25713.088   92  760 -25331.093 -26015.412  2.70%   7.8  695s
 742898 664154 -25669.425  107  690 -25331.093 -26015.351  2.70%   7.8  700s
 746270 667177 -25910.133   45  905 -25331.093 -26015.269  2.70%   7.8  705s
 750466 670992 -25421.353  199  388 -25331.093 -26015.191  2.70%   7.8  710s
 754224 674279 -25448.480  180  590 -25331.093 -26015.077  2.70%   7.8  716s
 755925 675600 infeasible  184      -25331.093 -26015.057  2.70%   7.8  720s
 759621 678868 -25977.126   30  946 -25331.093 -26014.936  2.70%   7.8  726s
 762557 681622 -25809.050   76  788 -25331.093 -26014.866  2.70%   7.8  730s
 765781 684482 -25632.215  119  638 -25331.093 -26014.824  2.70%   7.8  735s
 768591 687065 -25803.302   81  847 -25331.093 -26014.765  2.70%   7.8  740s
 771912 690181 -25472.811  166  552 -25331.093 -26014.709  2.70%   7.8  745s
 774949 692595 -25683.450   91  795 -25331.093 -26014.659  2.70%   7.7  750s
 778843 695957 -25866.911   62  864 -25331.093 -26014.562  2.70%   7.7  755s
 781478 698309 infeasible  233      -25331.093 -26014.562  2.70%   7.7  760s
 784938 701616 -25540.970  148  616 -25331.093 -26014.408  2.70%   7.7  765s
 788429 704936 -25356.651  223  423 -25331.093 -26014.364  2.70%   7.7  770s
 792045 708042 -25505.876  151  501 -25331.093 -26014.251  2.70%   7.7  775s
 794533 710212 -25582.042  145  684 -25331.093 -26014.250  2.70%   7.7  780s
 798307 713588 -25353.991  178  567 -25331.093 -26014.149  2.70%   7.7  785s
 801393 716261 -25741.952   74  807 -25331.093 -26014.080  2.70%   7.7  790s
 805715 720124 -25670.948  101  732 -25331.093 -26013.999  2.70%   7.7  795s
 807179 721190 -25363.845  107  577 -25331.093 -26013.985  2.70%   7.7  800s
 810608 724303     cutoff  199      -25331.093 -26013.910  2.70%   7.7  805s
 814018 727481 -25527.632  123  651 -25331.093 -26013.848  2.70%   7.7  810s
 817083 730055 -25377.937  152  566 -25331.093 -26013.788  2.70%   7.7  815s
 819664 732536 -25480.258  175  480 -25331.093 -26013.737  2.69%   7.7  820s
 822437 734958 -25759.408   97  740 -25331.093 -26013.711  2.69%   7.7  825s
 826027 738459     cutoff  180      -25331.093 -26013.631  2.69%   7.7  830s
 829121 740840 -25697.595  108  655 -25331.093 -26013.589  2.69%   7.7  835s
 832415 743847 -25659.455  117  740 -25331.093 -26013.510  2.69%   7.7  840s
 833657 744952 -25593.210  105  719 -25331.093 -26013.471  2.69%   7.7  845s
 837155 747626 -25928.356   49  914 -25331.093 -26013.423  2.69%   7.7  850s
 840736 750803 -25336.185  182  465 -25331.093 -26013.341  2.69%   7.7  855s
 843569 753535 -25826.283   63  840 -25331.093 -26013.316  2.69%   7.7  860s
 847155 756767 -25622.197  115  715 -25331.093 -26013.289  2.69%   7.7  865s
 851318 760153 -25437.753  189  603 -25331.093 -26013.200  2.69%   7.7  870s
 854444 762941 infeasible  216      -25331.093 -26013.142  2.69%   7.7  875s
 858580 766369 -25971.093   33  956 -25331.093 -26013.050  2.69%   7.7  880s
 861448 769051 -25937.486   44  926 -25331.093 -26013.003  2.69%   7.7  885s
 864156 771647 -25643.830  108  651 -25331.093 -26012.973  2.69%   7.7  890s
 867660 774855 -25362.477  213  358 -25331.093 -26012.910  2.69%   7.7  895s
 871700 778264 -25652.314  121  740 -25331.093 -26012.825  2.69%   7.7  900s
 874812 780532 -25547.667  152  620 -25331.093 -26012.779  2.69%   7.7  905s
 877631 783434 -25400.112  200  376 -25331.093 -26012.743  2.69%   7.7  910s
 880593 786164 -25864.062   64  868 -25331.093 -26012.718  2.69%   7.7  915s
 884487 789606 -25615.055  123  706 -25331.093 -26012.676  2.69%   7.7  920s
 887491 792112 -25849.301   61  860 -25331.093 -26012.635  2.69%   7.7  925s
 889798 794052 infeasible  211      -25331.093 -26012.615  2.69%   7.7  931s
 892784 796710 -25527.263  147  605 -25331.093 -26012.590  2.69%   7.7  937s
 894616 798596 -25781.700   74  826 -25331.093 -26012.553  2.69%   7.7  940s
 896442 799945 -25404.264  188  525 -25331.093 -26012.538  2.69%   7.7  945s
 899811 803184 -25598.841  120  718 -25331.093 -26012.451  2.69%   7.7  950s
 901803 804841     cutoff  194      -25331.093 -26012.411  2.69%   7.7  955s
 904527 807126     cutoff  177      -25331.093 -26012.381  2.69%   7.7  960s
 906961 809242 -25336.343  171  519 -25331.093 -26012.274  2.69%   7.7  965s
 909592 811444 -25978.338   37  972 -25331.093 -26012.252  2.69%   7.7  970s
 911818 813498 -25450.824  176  497 -25331.093 -26012.202  2.69%   7.7  975s
 913081 814499 -25427.092  181  572 -25331.093 -26012.193  2.69%   7.7  980s
 916448 817666 -25683.467   93  723 -25331.093 -26012.160  2.69%   7.7  985s
 918882 819973 -25710.686   86  748 -25331.093 -26012.152  2.69%   7.7  990s
 921768 822322 -25665.015  114  658 -25331.093 -26012.060  2.69%   7.7  995s
 924657 824954 -25815.230   75  814 -25331.093 -26012.027  2.69%   7.7 1000s
 926663 827082 -25548.361  148  585 -25331.093 -26012.027  2.69%   7.7 1005s
 929430 829568 -25429.041  178  583 -25331.093 -26012.019  2.69%   7.7 1010s
 931611 831719 -25420.392  154  605 -25331.093 -26011.960  2.69%   7.7 1015s
 934383 833826 -25837.124   62  909 -25331.093 -26011.882  2.69%   7.7 1020s
 936802 836199 -25377.932  197  408 -25331.093 -26011.877  2.69%   7.7 1025s
 939427 838407 -25349.753  208  338 -25331.093 -26011.837  2.69%   7.7 1031s
 941023 839575 -25641.005  109  732 -25331.093 -26011.804  2.69%   7.7 1035s
 944046 842293 -25951.008   45  951 -25331.093 -26011.727  2.69%   7.7 1040s
 946891 845094 -25397.540  204  384 -25331.093 -26011.706  2.69%   7.7 1045s
 950806 848057 -25735.013   78  737 -25331.093 -26011.616  2.69%   7.7 1050s
 953787 851206 -25505.044  157  525 -25331.093 -26011.583  2.69%   7.7 1055s
 955405 852472 -25336.800  189  607 -25331.093 -26011.566  2.69%   7.7 1060s
 959089 855941 -25523.252   94  647 -25331.093 -26011.496  2.69%   7.7 1065s
 962315 859080 -25937.376   46  935 -25331.093 -26011.460  2.69%   7.7 1070s
 965289 861124 -25852.106   64  848 -25331.093 -26011.401  2.69%   7.7 1075s
 967939 863940 -25452.384  171  591 -25331.093 -26011.367  2.69%   7.7 1080s
 970951 866635 -25444.615  164  571 -25331.093 -26011.307  2.69%   7.7 1085s
 973787 868776 -25877.755   55  875 -25331.093 -26011.250  2.69%   7.7 1090s
 976078 870917 -25996.322   34  963 -25331.093 -26011.245  2.69%   7.7 1095s
 979003 873804 -25463.740  115  582 -25331.093 -26011.226  2.68%   7.7 1100s
 982011 876313 -25531.758  144  621 -25331.093 -26011.172  2.68%   7.7 1105s
 984790 878755 -25461.221  174  487 -25331.093 -26011.112  2.68%   7.7 1110s
 987040 880804 -25585.082  133  628 -25331.093 -26011.088  2.68%   7.7 1115s
 989294 882662 -25979.792   33  974 -25331.093 -26011.019  2.68%   7.7 1120s
 993060 885945 infeasible  207      -25331.093 -26010.988  2.68%   7.7 1125s
 995891 888342 -25589.686  134  603 -25331.093 -26010.934  2.68%   7.7 1130s
 997940 890156 -25933.570   47  896 -25331.093 -26010.913  2.68%   7.7 1135s
 1000460 892430 -25339.969  203  597 -25331.093 -26010.899  2.68%   7.7 1140s
 1002315 893873 -25858.846   64  852 -25331.093 -26010.854  2.68%   7.7 1146s
 1004189 895731 -25818.172   73  871 -25331.093 -26010.817  2.68%   7.7 1151s
 1005917 896995 -25629.297  112  773 -25331.093 -26010.794  2.68%   7.7 1155s
 1007642 898373 -25659.916   96  723 -25331.093 -26010.744  2.68%   7.7 1161s
 1010246 900706 infeasible  229      -25331.093 -26010.705  2.68%   7.7 1165s
 1012971 903026 -25973.600   39  930 -25331.093 -26010.643  2.68%   7.7 1170s
 1015059 904677     cutoff  221      -25331.093 -26010.581  2.68%   7.7 1175s
 1016795 906209 -25566.881  132  596 -25331.093 -26010.570  2.68%   7.7 1181s
 1018410 907859 -25616.872  100  664 -25331.093 -26010.550  2.68%   7.7 1185s
 1021789 910374 -25375.660   98  427 -25331.093 -26010.471  2.68%   7.7 1191s
 1022812 911410 infeasible  179      -25331.093 -26010.448  2.68%   7.7 1196s
 1024220 912490 -25360.700  187  630 -25331.093 -26010.448  2.68%   7.7 1200s
 1027750 915653 -25852.857   66  864 -25331.093 -26010.340  2.68%   7.7 1207s
 1029061 916866 -25726.395   95  802 -25331.093 -26010.309  2.68%   7.7 1210s
 1031638 918930 -25578.250  146  670 -25331.093 -26010.262  2.68%   7.7 1215s
 1033605 920792 -25452.809  116  596 -25331.093 -26010.224  2.68%   7.7 1220s
 1036256 923135 -25340.655  230  455 -25331.093 -26010.146  2.68%   7.7 1225s
 1037637 924221     cutoff  174      -25331.093 -26010.110  2.68%   7.7 1230s
 1040405 926383 -25390.997  181  532 -25331.093 -26010.060  2.68%   7.7 1236s
 1042515 928141 -25767.853   75  830 -25331.093 -26010.040  2.68%   7.7 1240s
 1045150 930892 -25483.390  150  524 -25331.093 -26010.006  2.68%   7.7 1245s
 1047000 932514     cutoff  195      -25331.093 -26010.002  2.68%   7.7 1250s
 1049074 934357 -25692.008   93  704 -25331.093 -26009.955  2.68%   7.7 1255s
 1051137 936224 -25430.365  171  516 -25331.093 -26009.941  2.68%   7.7 1262s
 1053227 937983 -25721.766   92  760 -25331.093 -26009.909  2.68%   7.7 1265s
 1056263 940396 -25356.850  195  545 -25331.093 -26009.848  2.68%   7.7 1271s
 1058137 942133 -25849.895   47  878 -25331.093 -26009.783  2.68%   7.7 1276s
 1059413 943219 -25403.729  198  547 -25331.093 -26009.771  2.68%   7.7 1280s
 1061062 944832 -25912.936   48  901 -25331.093 -26009.747  2.68%   7.7 1285s
 1063124 946682 -25449.321  164  527 -25331.093 -26009.730  2.68%   7.7 1291s
 1063915 947431 -25368.802  196  458 -25331.093 -26009.729  2.68%   7.7 1295s
 1065967 948920 -25678.663   95  784 -25331.093 -26009.698  2.68%   7.7 1300s
 1068541 951714 -25393.625  200  414 -25331.093 -26009.684  2.68%   7.7 1305s
 1069792 952707 -25344.749  128  501 -25331.093 -26009.666  2.68%   7.7 1311s
 1071754 954411 -25394.268  154  551 -25331.093 -26009.635  2.68%   7.7 1315s
 1074791 956986 infeasible  224      -25331.093 -26009.578  2.68%   7.6 1320s
 1077974 959557 -25467.563  158  498 -25331.093 -26009.553  2.68%   7.6 1325s
 1080460 962126 -25584.720   87  680 -25331.093 -26009.516  2.68%   7.6 1330s
 1082499 963836 -25668.074  112  648 -25331.093 -26009.471  2.68%   7.6 1335s
 1084363 965257 -25630.389  119  747 -25331.093 -26009.458  2.68%   7.6 1341s
 1087073 968106 -25380.661  190  414 -25331.093 -26009.447  2.68%   7.6 1345s
 1088713 969334 -25856.615   61  841 -25331.093 -26009.436  2.68%   7.6 1350s
 1089747 970605 -25552.728  142  549 -25331.093 -26009.410  2.68%   7.6 1355s
 1091535 972132 -25915.471   38  928 -25331.093 -26009.385  2.68%   7.6 1360s
 1093242 973637 -25750.654   75  785 -25331.093 -26009.385  2.68%   7.6 1365s
 1096176 976516 -25987.332   33  968 -25331.093 -26009.335  2.68%   7.6 1370s
 1098033 977929 -25742.535   91  819 -25331.093 -26009.308  2.68%   7.6 1376s
 1099909 979324 -25349.914  213  455 -25331.093 -26009.291  2.68%   7.6 1381s
 1101758 981186 -25423.099  111  554 -25331.093 -26009.271  2.68%   7.6 1385s
 1104022 983097 -25795.791   78  840 -25331.093 -26009.240  2.68%   7.6 1390s
 1107336 986109 -25599.433  132  625 -25331.093 -26009.208  2.68%   7.6 1396s
 1109263 987809 -25367.255  215  358 -25331.093 -26009.203  2.68%   7.6 1400s
 1111735 990054 -25340.841  214  539 -25331.093 -26009.165  2.68%   7.6 1405s
 1112918 991193 -25345.820  131  496 -25331.093 -26009.150  2.68%   7.6 1410s
 1115739 993544 -25634.096  112  745 -25331.093 -26009.108  2.68%   7.6 1415s
 1118791 995940 -25399.805  172  569 -25331.093 -26009.031  2.68%   7.6 1421s
 1120449 997535 -25818.324   72  844 -25331.093 -26008.998  2.68%   7.6 1425s
 1123273 999823 -25766.123   75  776 -25331.093 -26008.960  2.68%   7.6 1430s
 1125376 1001677 -25864.441   64  850 -25331.093 -26008.926  2.68%   7.6 1435s
 1127653 1003870 -25473.857  180  497 -25331.093 -26008.899  2.68%   7.6 1440s
 1129888 1005821 -25572.569  136  613 -25331.093 -26008.881  2.68%   7.6 1445s
 1131238 1006989 -25349.279  181  554 -25331.093 -26008.878  2.68%   7.6 1451s
 1132519 1008061 -25532.994  130  665 -25331.093 -26008.837  2.68%   7.6 1455s
 1134674 1009871 -25600.976  122  637 -25331.093 -26008.805  2.68%   7.6 1460s
 1136326 1011518 -25389.006  197  422 -25331.093 -26008.783  2.68%   7.6 1465s
 1137144 1011896 -25342.828  194  477 -25331.093 -26008.751  2.68%   7.6 1470s
 1139869 1014455 -25369.088  215  319 -25331.093 -26008.732  2.68%   7.6 1475s
 1141702 1016082 -25636.050  103  664 -25331.093 -26008.686  2.67%   7.6 1480s
 1143544 1017438 -25498.009  105  617 -25331.093 -26008.675  2.67%   7.6 1485s
 1145658 1019396 -25856.475   61  887 -25331.093 -26008.620  2.67%   7.6 1490s
 1147319 1020880 -25523.363  151  570 -25331.093 -26008.607  2.67%   7.6 1498s
 1148653 1021796 -25688.848  101  805 -25331.093 -26008.573  2.67%   7.6 1501s
 1150816 1023956 -25405.141  164  590 -25331.093 -26008.524  2.67%   7.6 1505s
 1153035 1025640 -25628.872  123  745 -25331.093 -26008.502  2.67%   7.6 1510s
 1154403 1026878 -25535.219  158  559 -25331.093 -26008.475  2.67%   7.6 1515s
 1157161 1029136 -25561.279  129  699 -25331.093 -26008.447  2.67%   7.6 1520s
 1159144 1030990 -25795.247   78  795 -25331.093 -26008.404  2.67%   7.6 1525s
 1161069 1032897 -25359.938  213  339 -25331.093 -26008.397  2.67%   7.6 1530s
 1163071 1034718 -25825.344   68  842 -25331.093 -26008.388  2.67%   7.6 1535s
 1165310 1036356 -25627.978  107  741 -25331.093 -26008.333  2.67%   7.6 1540s
 1166679 1037608 -25496.138  150  601 -25331.093 -26008.317  2.67%   7.6 1545s
 1168516 1039200 -25427.660  173  570 -25331.093 -26008.278  2.67%   7.6 1550s
 1170101 1040797 -25939.895   48  932 -25331.093 -26008.246  2.67%   7.6 1555s
 1173150 1042992     cutoff  215      -25331.093 -26008.204  2.67%   7.6 1561s
 1175137 1045171 -25657.092  114  727 -25331.093 -26008.182  2.67%   7.6 1565s
 1177396 1047131 -25535.133  135  635 -25331.093 -26008.168  2.67%   7.6 1570s
 1179987 1049683     cutoff  223      -25331.093 -26008.140  2.67%   7.6 1575s
 1181958 1051285 -25785.113   73  781 -25331.093 -26008.085  2.67%   7.6 1580s
 1183438 1052543 -25427.589  176  460 -25331.093 -26008.085  2.67%   7.6 1586s
 1184027 1053120 -25975.404   32  966 -25331.093 -26008.080  2.67%   7.6 1590s
 1185463 1054525 -25650.333   83  783 -25331.093 -26008.071  2.67%   7.6 1595s
 1187355 1056038 -25567.589   67  688 -25331.093 -26008.042  2.67%   7.6 1600s
 1189344 1057591 -25843.611   75  832 -25331.093 -26008.014  2.67%   7.6 1605s
 1190647 1058834 -25476.825  112  616 -25331.093 -26008.000  2.67%   7.6 1611s
 1192883 1060687 -25487.039   96  659 -25331.093 -26007.953  2.67%   7.6 1617s
 1194008 1061729 -25380.532  189  627 -25331.093 -26007.946  2.67%   7.6 1621s
 1195781 1063220 -25386.082  201  509 -25331.093 -26007.918  2.67%   7.6 1625s
 1198020 1065279 -25446.619  138  585 -25331.093 -26007.862  2.67%   7.6 1630s
 1200077 1066877 -25386.490  185  541 -25331.093 -26007.828  2.67%   7.6 1635s
 1202399 1068866     cutoff  238      -25331.093 -26007.800  2.67%   7.6 1640s
 1203604 1069941 -25921.442   49  936 -25331.093 -26007.790  2.67%   7.6 1645s
 1205305 1071475 -25508.069  156  530 -25331.093 -26007.776  2.67%   7.6 1651s
 1206916 1072876 -25574.492  142  679 -25331.093 -26007.772  2.67%   7.6 1655s
 1207254 1073009 -25960.424   46  912 -25331.093 -26007.760  2.67%   7.6 1660s
 1209418 1075228 -25701.897   94  808 -25331.093 -26007.720  2.67%   7.6 1665s
 1212359 1077479 -25499.295  152  553 -25331.093 -26007.697  2.67%   7.6 1670s
 1213585 1078419 -25521.796  147  572 -25331.093 -26007.674  2.67%   7.6 1677s
 1214215 1079254 -25945.720   46  907 -25331.093 -26007.661  2.67%   7.6 1680s
 1216526 1081245 -25572.246  142  571 -25331.093 -26007.661  2.67%   7.6 1685s
 1218443 1083170 -25956.578   36  937 -25331.093 -26007.623  2.67%   7.6 1690s
 1219876 1084353 -25895.920   56  909 -25331.093 -26007.598  2.67%   7.6 1695s
 1221944 1086045 -25347.712  203  630 -25331.093 -26007.583  2.67%   7.6 1701s
 1224020 1088118 -25975.913   36  954 -25331.093 -26007.563  2.67%   7.6 1705s
 1225402 1089170 -25341.000  226  415 -25331.093 -26007.548  2.67%   7.6 1710s
 1227791 1091405 -25469.007  172  457 -25331.093 -26007.523  2.67%   7.6 1716s
 1229578 1093244 -25377.858  209  549 -25331.093 -26007.512  2.67%   7.6 1720s
 1231744 1094832 -25563.604  136  674 -25331.093 -26007.439  2.67%   7.6 1727s
 1232563 1095420 -25366.018  156  545 -25331.093 -26007.439  2.67%   7.6 1730s
 1234779 1097782 -25469.921  155  607 -25331.093 -26007.396  2.67%   7.6 1735s
 1235864 1098573 -25646.269   90  747 -25331.093 -26007.378  2.67%   7.6 1740s
 1238048 1100430 -25609.451  105  689 -25331.093 -26007.337  2.67%   7.6 1745s
 1240202 1102359 -25476.493  160  590 -25331.093 -26007.327  2.67%   7.6 1750s
 1242122 1103937 -25764.408   85  804 -25331.093 -26007.292  2.67%   7.6 1756s
 1243632 1105320 -25650.365  118  702 -25331.093 -26007.279  2.67%   7.6 1760s
 1245203 1106399 -25631.964  116  676 -25331.093 -26007.275  2.67%   7.6 1765s
 1247393 1108737 -25334.161  209  346 -25331.093 -26007.256  2.67%   7.6 1770s
 1249923 1110832 -25357.460  218  462 -25331.093 -26007.227  2.67%   7.6 1775s
 1251352 1112167 -25587.846  139  614 -25331.093 -26007.216  2.67%   7.6 1780s
 1253066 1113870 -25411.988  169  694 -25331.093 -26007.201  2.67%   7.6 1785s
 1255805 1116075 -25658.800  117  721 -25331.093 -26007.189  2.67%   7.6 1790s
 1257565 1117312 -25954.138   46  949 -25331.093 -26007.152  2.67%   7.6 1796s
 1258707 1118211 -25361.380  196  638 -25331.093 -26007.147  2.67%   7.6 1800s

Cutting planes:
  Gomory: 104
  Cover: 277
  Projected implied bound: 125
  Clique: 1028
  MIR: 1200
  StrongCG: 365
  Flow cover: 158
  GUB cover: 2
  Inf proof: 7
  Zero half: 74
  Relax-and-lift: 600
  BQP: 193

Explored 1258769 nodes (9582096 simplex iterations) in 1800.20 seconds (1052.03 work units)
Thread count was 4 (of 24 available processors)

Solution count 10: -25331.1 -25330.1 -25329 ... -25310.2

Time limit reached
Best objective -2.533109277710e+04, best bound -2.600714707810e+04, gap 2.6689%

User-callback calls 2716841, time in user-callback 4.02 sec
