
Gurobi 13.0.1 (win64) logging started Wed Oct  7 00:13:35 2026

Set parameter LogFile to value "results/source_summaries/3d/R07/gurobi_extensive.log"
Gurobi Optimizer version 13.0.1 build v13.0.1rc0 (win64 - Windows 11+.0 (26200.2))

CPU model: Intel(R) Core(TM) i7-14650HX, instruction set [SSE2|AVX|AVX2]
Thread count: 16 physical cores, 24 logical processors, using up to 4 threads

Non-default parameters:
TimeLimit  1800
IntFeasTol  1e-06
MIPGap  0.0005
Heuristics  0.2
Cuts  2
Presolve  2
Seed  1
Threads  4

Optimize a model with 5170 rows, 9129 columns and 20060 nonzeros (Min)
Model fingerprint: 0x761667e4
Model has 3964 linear objective coefficients
Variable types: 5163 continuous, 3966 integer (3963 binary)
Coefficient statistics:
  Matrix range     [1e-01, 3e+01]
  Objective range  [3e+00, 5e+01]
  Bounds range     [1e-01, 3e+01]
  RHS range        [1e+00, 9e+01]

Found heuristic solution: objective 0.0000000
Presolve removed 221 rows and 4984 columns
Presolve time: 0.14s
Presolved: 4949 rows, 4145 columns, 14616 nonzeros
Variable types: 116 continuous, 4029 integer (3796 binary)
Root relaxation presolve removed 1 rows and 1 columns
Root relaxation presolved: 4948 rows, 4144 columns, 14613 nonzeros


Root relaxation: objective -3.009272e+04, 1708 iterations, 0.05 seconds (0.09 work units)

    Nodes    |    Current Node    |     Objective Bounds      |     Work
 Expl Unexpl |  Obj  Depth IntInf | Incumbent    BestBd   Gap | It/Node Time

     0     0 -30092.718    0  613    0.00000 -30092.718      -     -    0s
H    0     0                    -22465.35135 -30092.718  34.0%     -    0s
H    0     0                    -22468.13660 -30092.718  33.9%     -    0s
H    0     0                    -24063.01272 -30092.718  25.1%     -    0s
H    0     0                    -24129.07229 -30092.718  24.7%     -    0s
H    0     0                    -24232.43863 -30092.718  24.2%     -    0s
H    0     0                    -24514.44014 -30092.718  22.8%     -    0s
H    0     0                    -24526.33253 -30092.718  22.7%     -    0s
H    0     0                    -24528.31460 -30092.718  22.7%     -    0s
H    0     0                    -24845.20640 -30092.718  21.1%     -    0s
H    0     0                    -24875.33689 -30092.540  21.0%     -    0s
H    0     0                    -24935.01778 -29344.069  17.7%     -    0s
     0     0 -29304.709    0  904 -24935.018 -29304.709  17.5%     -    0s
H    0     0                    -24939.06193 -29304.709  17.5%     -    0s
H    0     0                    -24974.36930 -29141.011  16.7%     -    0s
H    0     0                    -24994.60916 -29141.011  16.6%     -    0s
H    0     0                    -25151.11645 -29141.011  15.9%     -    0s
H    0     0                    -25185.84551 -29141.011  15.7%     -    0s
H    0     0                    -25204.23148 -29141.011  15.6%     -    0s
H    0     0                    -25254.49056 -29141.011  15.4%     -    0s
H    0     0                    -25329.22783 -29141.011  15.0%     -    0s
H    0     0                    -25335.78561 -29141.011  15.0%     -    0s
H    0     0                    -25341.25043 -29141.011  15.0%     -    0s
H    0     0                    -25494.67569 -29141.011  14.3%     -    0s
H    0     0                    -25523.74993 -29141.011  14.2%     -    0s
     0     0 -28545.784    0 1173 -25523.750 -28545.784  11.8%     -    0s
     0     0 -28521.625    0 1179 -25523.750 -28521.625  11.7%     -    0s
     0     0 -28521.625    0 1180 -25523.750 -28521.625  11.7%     -    0s
H    0     0                    -25552.20102 -28521.625  11.6%     -    0s
H    0     0                    -25555.90693 -28521.625  11.6%     -    0s
H    0     0                    -25560.53932 -28521.625  11.6%     -    0s
H    0     0                    -25594.67757 -28521.625  11.4%     -    0s
     0     0 -28471.777    0 1342 -25594.678 -28471.777  11.2%     -    0s
     0     0 -28471.777    0 1342 -25594.678 -28471.777  11.2%     -    0s
     0     0 -28471.777    0 1342 -25594.678 -28471.777  11.2%     -    0s
H    0     0                    -25607.31548 -28471.777  11.2%     -    1s
H    0     0                    -25907.34831 -28471.777  9.90%     -    1s
H    0     0                    -25909.33406 -28471.777  9.89%     -    1s
H    0     0                    -25918.26997 -28471.777  9.85%     -    1s
H    0     0                    -25921.24861 -28471.777  9.84%     -    1s
H    0     0                    -25958.05706 -28471.777  9.68%     -    1s
H    0     2                    -25963.10562 -28471.777  9.66%     -    1s
     0     2 -28471.777    0 1342 -25963.106 -28471.777  9.66%     -    1s
H    3     8                    -26036.36346 -28471.777  9.35%   275    1s
H    3     8                    -26054.82222 -28471.777  9.28%   275    1s
H    7    12                    -26066.55018 -28471.777  9.23%   554    1s
H    7    12                    -26081.26750 -28471.777  9.17%   554    1s
H    8    12                    -26081.32552 -28471.777  9.17%   651    1s
H   11    31                    -26085.37206 -28471.777  9.15%   757    1s
H   11    31                    -26110.93787 -28471.777  9.04%   757    1s
H   21    31                    -26120.12507 -28471.777  9.00%   442    1s
H   30    51                    -26124.17161 -28471.777  8.99%   354    1s
H   81    86                    -26171.34567 -28471.777  8.79%   137    1s
H   85   102                    -26196.98228 -28471.777  8.68%   132    1s
H  134   144                    -26198.05262 -28471.777  8.68%  88.0    1s
H  138   144                    -26200.78735 -28471.777  8.67%  85.6    1s
H  140   144                    -26216.08154 -28471.777  8.60%  84.5    1s
H  143   161                    -26230.97764 -28471.777  8.54%  82.8    1s
H  194   202                    -26239.07677 -28471.777  8.51%  63.7    1s
H  220   225                    -26258.31470 -28471.777  8.43%  57.0    1s
H  224   240                    -26262.20184 -28471.777  8.41%  56.1    1s
H  259   268                    -26270.76458 -28471.777  8.38%  49.9    1s
H  326   338                    -26272.75531 -28471.777  8.37%  41.4    1s
H  475   470                    -26283.56409 -28471.777  8.33%  31.8    2s
H  494   493                    -26291.75808 -28471.777  8.29%  37.9    2s
H  506   480                    -26300.91257 -28471.777  8.25%  37.3    2s
H  564   508                    -26311.72503 -28471.777  8.21%  34.4    2s
H  766   707                    -26312.72131 -28471.777  8.21%  27.2    2s
H 1071  1035                    -26318.75830 -28471.777  8.18%  21.4    2s
H 1311  1311                    -26320.70187 -28471.777  8.17%  18.6    3s
H 1976  1794                    -26399.77478 -28471.777  7.85%  16.2    3s
* 1992  1765             471    -26413.70799 -28471.777  7.79%  16.1    3s
H 2022  1789                    -26443.75812 -28471.777  7.67%  16.6    3s
H 2129  1729                    -26477.50251 -28471.777  7.53%  16.5    3s
H 2129  1688                    -26501.59606 -28471.777  7.43%  16.5    3s
H 2129  1507                    -26581.82086 -28471.777  7.11%  16.5    3s
H 2129  1489                    -26587.86579 -28471.777  7.09%  16.5    3s
H 2129  1303                    -26643.77315 -28471.777  6.86%  16.5    3s
H 2129  1269                    -26651.37637 -28471.777  6.83%  16.5    3s
H 2129  1258                    -26656.46882 -28471.777  6.81%  16.5    3s
H 2131  1191                    -26670.13592 -28471.777  6.76%  16.5    4s
H 2131  1131                    -26674.34119 -28471.777  6.74%  16.5    4s
H 2131  1075                    -26688.64139 -28471.777  6.68%  16.5    4s
H 2133  1022                    -26688.76185 -28471.777  6.68%  16.4    5s
H 2133   971                    -26694.87556 -28471.777  6.66%  16.4    5s
H 2133   922                    -26699.35675 -28471.777  6.64%  16.4    5s
H 2133   876                    -26716.81511 -28471.777  6.57%  16.4    5s
H 2136   834                    -26723.90613 -28471.777  6.54%  16.4    5s
H 2136   792                    -26728.04508 -28471.777  6.52%  16.4    5s
H 2141   755                    -26734.99523 -28471.777  6.50%  16.4    6s
H 2142   718                    -26741.08325 -28471.777  6.47%  16.4    7s
H 2142   682                    -26744.09167 -28471.777  6.46%  16.4    7s
H 2142   648                    -26769.32149 -28471.777  6.36%  16.4    7s
H 2142   615                    -26774.09848 -28471.777  6.34%  16.4    7s
H 2142   584                    -26782.69707 -28471.777  6.31%  16.4    7s
H 2142   555                    -26802.06154 -28471.777  6.23%  16.4    7s
H 2144   528                    -26813.31177 -28471.777  6.19%  16.4    8s
H 2144   501                    -26819.24932 -28471.777  6.16%  16.4    8s
H 2149   483                    -26860.32941 -28471.777  6.00%  24.3    8s
H 2162   470                    -26861.39650 -28471.777  6.00%  28.4    9s
H 2162   447                    -26862.19280 -28471.777  5.99%  28.4    9s
H 2166   425                    -26864.44700 -28471.777  5.98%  28.8    9s
H 2166   404                    -26866.74730 -28471.777  5.97%  28.8    9s
H 2229   419                    -26867.80064 -28471.777  5.97%  29.3    9s
H 2230   401                    -26873.94305 -28471.777  5.95%  29.3    9s
H 2232   382                    -26875.88754 -28471.777  5.94%  29.3    9s
H 2290   407                    -26877.88561 -28471.777  5.93%  28.7    9s
H 2292   390                    -26880.03172 -28471.777  5.92%  28.7    9s
H 2411   451                    -26882.01090 -28471.777  5.91%  27.6    9s
H 2416   436                    -26884.00897 -28471.777  5.91%  27.6    9s
  2434   458 -26987.856   54 1217 -26884.009 -28423.583  5.73%  28.4   10s
H 2610   545                    -26885.86554 -28124.745  4.61%  28.0   10s
H 2611   530                    -26888.70995 -28124.745  4.60%  28.0   10s
H 2873   702                    -26889.68219 -28124.745  4.59%  26.3   11s
  7223  5288 -27153.217  337  410 -26889.682 -27810.123  3.42%  14.6   15s
 16835 14534 -27574.281   76  976 -26889.682 -27789.512  3.35%   9.9   20s
 29181 26099 -27083.106  375  329 -26889.682 -27770.154  3.27%   8.5   25s
 41508 37990 -27578.969   51 1180 -26889.682 -27746.696  3.19%   7.9   30s
 55063 50398 -27299.138  125  751 -26889.682 -27713.448  3.06%   7.5   35s
 67198 61941 -26919.320  502  142 -26889.682 -27708.923  3.05%   7.1   40s
 79305 72935 -27518.638  107  911 -26889.682 -27705.521  3.03%   6.9   45s
 92690 85801 -27028.585  382  343 -26889.682 -27703.284  3.03%   6.7   50s
 106209 98493 -27285.754   96  851 -26889.682 -27701.655  3.02%   6.5   55s
 117328 108817 -27411.094  100  997 -26889.682 -27700.890  3.02%   6.5   60s
 133200 123176 -27029.810  311  446 -26889.682 -27698.624  3.01%   6.4   65s
 140883 130144 infeasible  193      -26889.682 -27698.027  3.01%   6.3   70s
 144930 134309 -26904.570  180  527 -26889.682 -27697.754  3.01%   6.3   75s
 157161 145660 -27435.716  101  989 -26889.682 -27696.872  3.00%   6.3   80s
 168223 156306 -27530.018   54 1060 -26889.682 -27696.197  3.00%   6.2   85s
 181746 169025 -26925.073  521  143 -26889.682 -27695.077  3.00%   6.1   90s
 194929 180972 -27242.466  117  760 -26889.682 -27694.361  2.99%   6.1   95s
 205771 191407 -27453.829   98  964 -26889.682 -27693.765  2.99%   6.1  100s
 217349 202105 -26962.243  275  564 -26889.682 -27692.959  2.99%   6.1  105s
 229147 213242 -27475.985   99  998 -26889.682 -27692.369  2.99%   6.0  110s
 240287 223915 -26961.877  324  500 -26889.682 -27692.158  2.98%   6.0  115s
 252120 234836 -27231.387  245  565 -26889.682 -27691.844  2.98%   6.0  120s
 261997 243945 -26923.119  479  250 -26889.682 -27691.483  2.98%   6.0  125s
 272660 254276 -27204.694  278  555 -26889.682 -27691.058  2.98%   6.0  130s
 281434 262468 -27450.887  112  906 -26889.682 -27690.792  2.98%   5.9  135s
 290442 270767 -27090.046  347  372 -26889.682 -27690.594  2.98%   5.9  140s
 297304 276942 -27115.327  318  521 -26889.682 -27690.313  2.98%   5.9  145s
 305769 285133 -27418.153  138  871 -26889.682 -27689.902  2.98%   5.9  150s
 313903 292915 -27046.462  295  548 -26889.682 -27689.806  2.98%   5.9  155s
 321676 300072 -27673.012   39 1271 -26889.682 -27689.493  2.97%   5.9  160s
 330233 308358 -27090.333  231  642 -26889.682 -27689.354  2.97%   5.9  165s
 337509 314499 -27132.827  190  793 -26889.682 -27688.886  2.97%   5.9  170s
 346321 322904 -27138.372  255  614 -26889.682 -27688.549  2.97%   5.9  175s
 353316 329652 -27090.419  262  574 -26889.682 -27688.449  2.97%   5.9  180s
 360472 336223 -27156.373  336  408 -26889.682 -27688.217  2.97%   5.8  185s
 370831 345585 -26988.020  170  682 -26889.682 -27687.830  2.97%   5.8  190s
 379415 354035 -26970.554  418  294 -26889.682 -27687.473  2.97%   5.8  195s
 388496 362484 -27337.267  160  892 -26889.682 -27686.981  2.97%   5.8  200s
 394703 368066 -27393.273  129  913 -26889.682 -27686.733  2.96%   5.8  205s
 401736 374559 -26956.143  431  283 -26889.682 -27686.651  2.96%   5.8  210s
 409456 382126 -26937.085  467  238 -26889.682 -27686.544  2.96%   5.8  215s
 414538 387003 -27292.410  191  732 -26889.682 -27686.421  2.96%   5.8  220s
 421349 393201 -27105.148  187  753 -26889.682 -27686.259  2.96%   5.8  225s
 427843 399125 -27066.898  352  427 -26889.682 -27686.032  2.96%   5.8  230s
 433003 403952 -27162.983  340  382 -26889.682 -27685.906  2.96%   5.8  235s
 438903 409742 -27204.908  296  500 -26889.682 -27685.845  2.96%   5.8  240s
 446037 416430 -27313.452  173  862 -26889.682 -27685.644  2.96%   5.8  245s
 453511 423316 -27142.021  196  798 -26889.682 -27685.489  2.96%   5.8  250s
 461530 430521 -27635.138   38 1235 -26889.682 -27685.246  2.96%   5.8  255s
 468725 437008 -27389.015  182  726 -26889.682 -27685.143  2.96%   5.8  260s
 474517 442730 -27416.211  120  949 -26889.682 -27685.072  2.96%   5.8  265s
 481345 449261 -27194.116  136  715 -26889.682 -27684.973  2.96%   5.8  270s
 486475 453643 -27236.653  138  881 -26889.682 -27684.832  2.96%   5.8  275s
 489829 456775 -27396.781   81  992 -26889.682 -27684.832  2.96%   5.8  280s
 494909 461340 -26914.455  402  334 -26889.682 -27684.600  2.96%   5.8  285s
 498807 465439 -26905.856  445  238 -26889.682 -27684.496  2.96%   5.8  290s
 505053 470676 -27372.478  153  845 -26889.682 -27684.389  2.96%   5.8  295s
 511944 477470 -27413.838  152  869 -26889.682 -27684.275  2.96%   5.8  300s
 515282 480374 -26970.398  422  291 -26889.682 -27684.275  2.96%   5.8  306s
 519896 485055 -27005.165  337  497 -26889.682 -27684.148  2.95%   5.8  310s
 525104 489735 -27062.745  403  319 -26889.682 -27684.120  2.95%   5.8  315s
 528615 493293 -27659.522   36 1300 -26889.682 -27684.120  2.95%   5.8  320s
 534281 498555 -27470.950   61 1107 -26889.682 -27683.999  2.95%   5.8  325s
 537446 501652 -27558.176   70 1051 -26889.682 -27683.928  2.95%   5.8  330s
 542902 506713 -27183.629  206  690 -26889.682 -27683.886  2.95%   5.8  335s
 549059 512180 -27565.303   51 1264 -26889.682 -27683.840  2.95%   5.8  340s
 553658 516790 -27251.480  227  777 -26889.682 -27683.722  2.95%   5.8  345s
 558964 521734 -27362.322  209  672 -26889.682 -27683.648  2.95%   5.8  351s
 562319 524898 -27099.075  387  319 -26889.682 -27683.609  2.95%   5.8  355s
 567006 529289 -27222.883  179  805 -26889.682 -27683.571  2.95%   5.8  360s
 571513 533535 -27134.141  333  400 -26889.682 -27683.475  2.95%   5.8  365s
 574591 536132 -27615.559   53 1192 -26889.682 -27683.445  2.95%   5.8  372s
 574607 536156 -27590.329   56 1189 -26889.682 -27683.445  2.95%   5.8  375s
 577953 539911 -27022.539  422  275 -26889.682 -27683.405  2.95%   5.8  380s
 582515 543934 -27221.781  267  493 -26889.682 -27683.364  2.95%   5.7  385s
 586010 547140 infeasible  461      -26889.682 -27683.361  2.95%   5.7  390s
 591457 552647 -27107.290  362  420 -26889.682 -27683.338  2.95%   5.7  395s
 596943 557315 -26897.927  270  438 -26889.682 -27683.254  2.95%   5.7  400s
 599588 560099 -27656.253   38 1314 -26889.682 -27683.162  2.95%   5.7  405s
 603952 564237 -27251.092  255  604 -26889.682 -27683.156  2.95%   5.7  410s
 609832 569575 -27251.010  200  697 -26889.682 -27683.070  2.95%   5.7  415s
 613804 573443 -27241.975  263  580 -26889.682 -27683.036  2.95%   5.7  420s
 617157 576720 -26925.416  465  215 -26889.682 -27682.999  2.95%   5.7  425s
 620464 579897 -27657.798   40 1310 -26889.682 -27682.964  2.95%   5.7  430s
 624834 583868 -27539.264   83 1140 -26889.682 -27682.929  2.95%   5.7  435s
 628811 587680 -27034.448  433  297 -26889.682 -27682.872  2.95%   5.7  440s
 632820 591243 -27345.563  128  914 -26889.682 -27682.838  2.95%   5.7  445s
 637823 596232 -27079.706  277  581 -26889.682 -27682.798  2.95%   5.7  450s
 640852 599021 infeasible  316      -26889.682 -27682.762  2.95%   5.7  455s
 645364 603405 -27221.872  245  698 -26889.682 -27682.668  2.95%   5.7  460s
 649601 606906 -26900.873  391  360 -26889.682 -27682.596  2.95%   5.7  465s
 654247 611569 -27015.126  409  333 -26889.682 -27682.530  2.95%   5.7  470s
 658637 615716 -27384.556  150  881 -26889.682 -27682.468  2.95%   5.7  475s
 662302 619241 -27227.848  328  453 -26889.682 -27682.360  2.95%   5.7  480s
 666356 624137     cutoff  537      -26889.682 -27682.334  2.95%   5.7  485s
 670676 626931 -27239.908  163  799 -26889.682 -27682.267  2.95%   5.7  490s
 675653 631479 -26898.236  369  432 -26889.682 -27682.202  2.95%   5.7  495s
 680080 635545 -27396.579  107  920 -26889.682 -27682.126  2.95%   5.7  500s
 681425 636733 -27107.951  265  493 -26889.682 -27682.126  2.95%   5.7  506s
 683297 638601 -26989.765  213  733 -26889.682 -27682.084  2.95%   5.7  510s
 687546 642521 -27615.987   49 1261 -26889.682 -27681.964  2.95%   5.7  515s
 691195 646339 -27355.184  152  844 -26889.682 -27681.957  2.95%   5.7  520s
 695320 649996 -27346.483  153  854 -26889.682 -27681.915  2.95%   5.7  525s
 698937 653155 -27552.137   63 1211 -26889.682 -27681.859  2.95%   5.7  531s
 701235 655522 -27050.874  337  463 -26889.682 -27681.824  2.95%   5.7  535s
 706100 660017 -27027.426  388  361 -26889.682 -27681.745  2.95%   5.7  540s
 709806 663315 -27540.696   80 1058 -26889.682 -27681.711  2.95%   5.7  545s
 710552 664332 -27348.161  212  745 -26889.682 -27681.711  2.95%   5.7  550s
 714682 668202 -26915.147  505  207 -26889.682 -27681.711  2.95%   5.7  555s
 718255 671497 -26954.834  268  562 -26889.682 -27681.626  2.95%   5.7  560s
 722039 674671 -27272.769  262  602 -26889.682 -27681.556  2.94%   5.7  565s
 725425 678317 -26959.550  423  285 -26889.682 -27681.527  2.94%   5.7  570s
 728944 681158 -26910.957  311  466 -26889.682 -27681.478  2.94%   5.7  575s
 732349 684241 -27471.373   70  958 -26889.682 -27681.391  2.94%   5.7  580s
 734788 686643 -26986.192  375  332 -26889.682 -27681.391  2.94%   5.7  585s
 737331 689437 -27599.562   36 1290 -26889.682 -27681.370  2.94%   5.7  590s
 739956 691902 -27245.930  184  786 -26889.682 -27681.365  2.94%   5.7  595s
 742584 694233 -27570.260   52 1251 -26889.682 -27681.312  2.94%   5.7  600s
 747078 698482 -27123.975  187  760 -26889.682 -27681.270  2.94%   5.7  605s
 750514 701565 -27219.147  286  544 -26889.682 -27681.218  2.94%   5.7  610s
 753440 704528     cutoff  498      -26889.682 -27681.201  2.94%   5.7  615s
 758231 708900 -27377.650  164  732 -26889.682 -27681.112  2.94%   5.7  620s
 760731 711301 infeasible  418      -26889.682 -27681.082  2.94%   5.7  625s
 763395 713537 -27388.417  141  915 -26889.682 -27681.014  2.94%   5.7  630s
 766076 716267 -27243.345  156  810 -26889.682 -27680.952  2.94%   5.7  635s
 769459 719324 -27572.510   60 1222 -26889.682 -27680.938  2.94%   5.7  640s
 773040 722793 -27100.121  226  740 -26889.682 -27680.873  2.94%   5.7  645s
 776271 725594 -27342.919   78 1024 -26889.682 -27680.822  2.94%   5.7  650s
 780129 729306 -27208.787  162  816 -26889.682 -27680.788  2.94%   5.7  655s
 783461 732315 -27037.228  347  415 -26889.682 -27680.765  2.94%   5.7  660s
 785494 734246 -27257.162   86  938 -26889.682 -27680.722  2.94%   5.7  665s
 787182 735498 -26961.185  155  626 -26889.682 -27680.714  2.94%   5.7  670s
 788390 737241 -27251.318  233  741 -26889.682 -27680.714  2.94%   5.7  675s
 791921 740249 -27469.650  121  933 -26889.682 -27680.689  2.94%   5.7  680s
 794361 742804 -27116.123  367  391 -26889.682 -27680.631  2.94%   5.7  685s
 797976 745872 -27058.634  246  624 -26889.682 -27680.618  2.94%   5.7  690s
 801468 749198 -27029.674  329  432 -26889.682 -27680.599  2.94%   5.7  695s
 803872 751485 -27006.621  248  713 -26889.682 -27680.544  2.94%   5.7  701s
 806362 753956 -27433.337  141  893 -26889.682 -27680.508  2.94%   5.7  705s
 809617 757068 -27029.394  405  343 -26889.682 -27680.483  2.94%   5.7  710s
 812851 759948 -27076.325  337  485 -26889.682 -27680.448  2.94%   5.7  715s
 816501 763055 -27338.860  136  844 -26889.682 -27680.354  2.94%   5.7  722s
 818639 765419 -27385.878   97 1003 -26889.682 -27680.329  2.94%   5.7  725s
 822193 768725 -26956.907  153  718 -26889.682 -27680.318  2.94%   5.7  730s
 825550 771445 -27388.916  144  833 -26889.682 -27680.251  2.94%   5.7  736s
 827565 773694 -27023.016  327  456 -26889.682 -27680.212  2.94%   5.7  740s
 831724 777520 -27226.095  179  793 -26889.682 -27680.133  2.94%   5.7  745s
 834185 779855 -27490.842  104  916 -26889.682 -27680.094  2.94%   5.7  751s
 836622 782050 -27161.840  329  419 -26889.682 -27680.084  2.94%   5.7  755s
 837058 782062 -27111.807  355  375 -26889.682 -27680.084  2.94%   5.7  761s
 838884 784242 -26929.751  457  228 -26889.682 -27680.084  2.94%   5.7  765s
 842813 788122 -27231.129  231  732 -26889.682 -27679.987  2.94%   5.7  770s
 846070 790593 -27166.548  342  405 -26889.682 -27679.938  2.94%   5.7  775s
 848437 793230 -26953.875  473  225 -26889.682 -27679.932  2.94%   5.7  780s
 851821 796492 -27323.752  238  641 -26889.682 -27679.904  2.94%   5.7  785s
 854560 799127 -27038.186  390  306 -26889.682 -27679.883  2.94%   5.7  790s
 856514 800968 -27275.098  158  879 -26889.682 -27679.874  2.94%   5.7  795s
 860000 804148 -27403.922  111  881 -26889.682 -27679.837  2.94%   5.7  800s
 862525 806679 -26980.958  371  387 -26889.682 -27679.826  2.94%   5.7  805s
 865579 809598 -26928.504  186  563 -26889.682 -27679.786  2.94%   5.7  810s
 867998 811639 -27543.603   79 1092 -26889.682 -27679.726  2.94%   5.7  815s
 870324 813716 -27144.584  363  397 -26889.682 -27679.722  2.94%   5.7  822s
 872287 815747 -26929.594  476  256 -26889.682 -27679.722  2.94%   5.7  825s
 874717 817755 -27506.737  112  929 -26889.682 -27679.697  2.94%   5.7  830s
 877408 820568 -27116.128  351  387 -26889.682 -27679.656  2.94%   5.7  835s
 878911 821577 -26998.386  448  246 -26889.682 -27679.623  2.94%   5.7  840s
 881282 824142 -27289.378  173  855 -26889.682 -27679.622  2.94%   5.7  845s
 883808 826676 -27251.065  187  872 -26889.682 -27679.602  2.94%   5.8  850s
 887269 829414 -26962.716  147  712 -26889.682 -27679.516  2.94%   5.8  858s
 888127 830564 -27495.407  122  911 -26889.682 -27679.511  2.94%   5.8  860s
 890253 832533 -27207.644  352  453 -26889.682 -27679.511  2.94%   5.8  865s
 892792 834957 -26987.922  464  263 -26889.682 -27679.491  2.94%   5.8  870s
 895523 837698     cutoff  402      -26889.682 -27679.466  2.94%   5.8  875s
 898663 840518 -27239.763  184  781 -26889.682 -27679.460  2.94%   5.8  880s
 901009 842651 -27290.624  173  832 -26889.682 -27679.460  2.94%   5.8  885s
 902771 844009 -27395.089  193  765 -26889.682 -27679.420  2.94%   5.8  890s
 905553 846776 -26998.969  445  276 -26889.682 -27679.408  2.94%   5.8  895s
 908569 849181 -27516.261  107 1021 -26889.682 -27679.361  2.94%   5.8  901s
 910779 851791 -27152.263  379  399 -26889.682 -27679.361  2.94%   5.8  905s
 913739 854664 -27657.662   38 1275 -26889.682 -27679.360  2.94%   5.8  910s
 916492 857253 -27300.005  255  619 -26889.682 -27679.336  2.94%   5.8  915s
 919246 859892 -26974.906  469  255 -26889.682 -27679.330  2.94%   5.8  920s
 921528 861949     cutoff  286      -26889.682 -27679.252  2.94%   5.8  925s
 924596 864673 -27380.208   88  918 -26889.682 -27679.225  2.94%   5.8  930s
 927884 867598 -26963.212  184  578 -26889.682 -27679.169  2.94%   5.8  936s
 929388 869141 -27363.611  206  780 -26889.682 -27679.169  2.94%   5.8  940s
 932373 871681 -26979.293  452  269 -26889.682 -27679.152  2.94%   5.8  945s
 932465 872094 -26989.375  451  268 -26889.682 -27679.152  2.94%   5.8  950s
 935233 874853 -26989.398  331  540 -26889.682 -27679.134  2.94%   5.8  955s
 937488 877114 -27320.488  167  870 -26889.682 -27679.091  2.94%   5.8  960s
 939932 879126 -27445.949  130  923 -26889.682 -27679.075  2.94%   5.8  965s
 943027 882195 -27039.658  412  316 -26889.682 -27679.075  2.94%   5.8  970s
 945781 884912 -27174.155  272  647 -26889.682 -27679.068  2.94%   5.8  975s
 949593 887982 -27635.832   46 1199 -26889.682 -27679.003  2.94%   5.7  980s
 951255 889813 -26955.171  164  653 -26889.682 -27678.970  2.94%   5.7  986s
 953357 891897 -27361.112  219  712 -26889.682 -27678.940  2.94%   5.8  990s
 956007 894329 -27082.115  386  344 -26889.682 -27678.914  2.94%   5.7  995s
 958403 896655 -26908.213  498  211 -26889.682 -27678.889  2.93%   5.7 1000s
 961462 899353 -27533.863   79 1064 -26889.682 -27678.843  2.93%   5.7 1005s
 963735 901604 -27153.207  360  412 -26889.682 -27678.843  2.93%   5.7 1011s
 966077 903684 -26921.089  482  224 -26889.682 -27678.843  2.93%   5.7 1016s
 967982 905764 -27262.113  168  768 -26889.682 -27678.843  2.93%   5.7 1020s
 970340 907997 -27537.051   72 1157 -26889.682 -27678.787  2.93%   5.7 1025s
 972885 909976     cutoff  380      -26889.682 -27678.787  2.93%   5.7 1030s
 975024 911717 -27112.754  177  693 -26889.682 -27678.761  2.93%   5.7 1035s
 975036 911729 -27108.821  177  690 -26889.682 -27678.761  2.93%   5.7 1040s
 976712 913710 -27494.132   88 1009 -26889.682 -27678.718  2.93%   5.7 1045s
 978045 914729 -27212.138  275  615 -26889.682 -27678.718  2.93%   5.7 1050s
 980416 917283 -26921.182  454  254 -26889.682 -27678.714  2.93%   5.7 1055s
 981782 918736 -27125.636  267  657 -26889.682 -27678.712  2.93%   5.7 1060s
 984968 921342 -27258.023  237  662 -26889.682 -27678.703  2.93%   5.7 1065s
 986765 923140 -27018.505  386  295 -26889.682 -27678.653  2.93%   5.7 1071s
 989341 925643 -27088.139  300  573 -26889.682 -27678.637  2.93%   5.7 1075s
 991964 927806 -27181.215  236  745 -26889.682 -27678.596  2.93%   5.7 1080s
 993526 929397 -27524.254   62  984 -26889.682 -27678.573  2.93%   5.7 1085s
 994917 930877 -27261.537  221  624 -26889.682 -27678.573  2.93%   5.7 1090s
 997768 933549 -26960.064  361  428 -26889.682 -27678.573  2.93%   5.7 1095s
 1000624 936067 -26895.809  187  699 -26889.682 -27678.485  2.93%   5.8 1100s
 1002187 937361 -27598.436   57 1232 -26889.682 -27678.485  2.93%   5.8 1106s
 1004474 939723 -27471.347   87 1052 -26889.682 -27678.432  2.93%   5.8 1110s
 1006050 941241 -27442.979  102 1017 -26889.682 -27678.432  2.93%   5.8 1115s
 1008147 942773 -27257.181  119  731 -26889.682 -27678.391  2.93%   5.8 1120s
 1010434 945156 -27193.281  209  762 -26889.682 -27678.370  2.93%   5.8 1125s
 1012457 946665 -27478.853   94 1046 -26889.682 -27678.370  2.93%   5.8 1130s
 1015103 949419 -27338.148  155  879 -26889.682 -27678.349  2.93%   5.8 1135s
 1018194 952361 -27518.995   69 1092 -26889.682 -27678.291  2.93%   5.8 1140s
 1019976 953998 -27591.649   50 1198 -26889.682 -27678.284  2.93%   5.8 1145s
 1021109 954738 -27314.008  143  835 -26889.682 -27678.276  2.93%   5.8 1150s
 1021121 954847 -27310.997  146  833 -26889.682 -27678.276  2.93%   5.8 1156s
 1022659 956297 -27583.108   54 1250 -26889.682 -27678.241  2.93%   5.8 1160s
 1024413 958086 -27405.723  165  770 -26889.682 -27678.230  2.93%   5.8 1167s
 1026222 960073 -27153.253  333  467 -26889.682 -27678.215  2.93%   5.8 1170s
 1028228 961798 -26950.434  478  193 -26889.682 -27678.206  2.93%   5.8 1175s
 1030355 963871 -27333.106  139  843 -26889.682 -27678.178  2.93%   5.8 1180s
 1033187 966162 -27181.440  174  794 -26889.682 -27678.154  2.93%   5.8 1185s
 1035199 968403 -27011.624  166  602 -26889.682 -27678.140  2.93%   5.8 1190s
 1036710 969988 -27199.239  264  587 -26889.682 -27678.140  2.93%   5.8 1195s
 1039719 972565 -26950.147  122  710 -26889.682 -27678.111  2.93%   5.8 1200s
 1042605 975125 -27367.308  175  709 -26889.682 -27678.111  2.93%   5.8 1205s
 1043571 977235 -27264.579  249  609 -26889.682 -27678.080  2.93%   5.8 1210s
 1046234 978701 -26989.931  406  263 -26889.682 -27678.048  2.93%   5.8 1215s
 1048999 981120 -27553.489   65 1089 -26889.682 -27678.007  2.93%   5.8 1223s
 1049825 981623 infeasible  311      -26889.682 -27678.007  2.93%   5.8 1225s
 1052127 984124 -27514.151  105  992 -26889.682 -27677.995  2.93%   5.8 1230s
 1053899 989106 -27233.081  298  535 -26889.682 -27677.979  2.93%   5.8 1239s
 1057899 989643 -27267.399  186  833 -26889.682 -27677.957  2.93%   5.8 1240s
 1058436 989736 -26995.079  326  570 -26889.682 -27677.957  2.93%   5.8 1245s
 1060457 991476 -27389.669  149  892 -26889.682 -27677.928  2.93%   5.8 1250s
 1060843 992213 -27099.677  295  574 -26889.682 -27677.928  2.93%   5.8 1255s
 1064016 994826 -27546.030   62 1171 -26889.682 -27677.922  2.93%   5.8 1260s
 1066825 997881 -27206.121  293  506 -26889.682 -27677.848  2.93%   5.8 1265s
 1069822 1000440 -26947.236  421  264 -26889.682 -27677.806  2.93%   5.8 1270s
 1072393 1003150 -27018.385  157  663 -26889.682 -27677.800  2.93%   5.8 1275s
 1074519 1008292 -27400.371  127 1000 -26889.682 -27677.774  2.93%   5.8 1282s
 1079200 1009281 -27030.529  153  712 -26889.682 -27677.714  2.93%   5.8 1285s
 1081390 1011311 -27557.998   83 1028 -26889.682 -27677.675  2.93%   5.8 1290s
 1082621 1012518 -27350.141  223  659 -26889.682 -27677.675  2.93%   5.8 1295s
 1085125 1016042 -27011.898  429  316 -26889.682 -27677.664  2.93%   5.8 1302s
 1088283 1017790 -27459.884   85 1038 -26889.682 -27677.655  2.93%   5.8 1305s
 1090810 1020237 -27622.012   51 1278 -26889.682 -27677.628  2.93%   5.8 1310s
 1093728 1022637 -26962.635  221  629 -26889.682 -27677.576  2.93%   5.8 1315s
 1095382 1025500 -27454.508   94  942 -26889.682 -27677.553  2.93%   5.8 1320s
 1099165 1028194 -26922.501  364  416 -26889.682 -27677.510  2.93%   5.8 1325s
 1102243 1031025 -27374.677  131  932 -26889.682 -27677.490  2.93%   5.8 1330s
 1104958 1033236 -27529.200   90 1029 -26889.682 -27677.478  2.93%   5.8 1336s
 1105785 1037463 -27377.037  192  814 -26889.682 -27677.441  2.93%   5.8 1342s
 1110257 1037998 -26927.798  506  141 -26889.682 -27677.425  2.93%   5.8 1349s
 1110910 1038951 -26901.133  521  139 -26889.682 -27677.425  2.93%   5.8 1350s
 1114365 1042023 -27100.444  288  580 -26889.682 -27677.359  2.93%   5.8 1355s
 1116292 1045208 -27379.782   94 1076 -26889.682 -27677.324  2.93%   5.8 1361s
 1120054 1047390 -27057.154  262  584 -26889.682 -27677.303  2.93%   5.8 1365s
 1123322 1050476 -27320.324  190  780 -26889.682 -27677.215  2.93%   5.8 1372s
 1125252 1052113 -26977.278  348  432 -26889.682 -27677.203  2.93%   5.8 1375s
 1126835 1054717 -26960.146  372  375 -26889.682 -27677.196  2.93%   5.8 1381s
 1129857 1056109 -27491.173   92 1022 -26889.682 -27677.183  2.93%   5.8 1386s
 1129957 1056374 -27483.253   95 1011 -26889.682 -27677.183  2.93%   5.8 1390s
 1132207 1058761 -27411.184   98  988 -26889.682 -27677.140  2.93%   5.8 1395s
 1134538 1060689 -26896.345  430  318 -26889.682 -27677.110  2.93%   5.8 1400s
 1135546 1061604 -26976.838  265  659 -26889.682 -27677.110  2.93%   5.8 1405s
 1137031 1063904 -27496.237   83 1003 -26889.682 -27677.087  2.93%   5.8 1410s
 1139798 1065881 -26991.822  363  361 -26889.682 -27677.081  2.93%   5.8 1415s
 1142828 1068812 -27167.507  340  440 -26889.682 -27677.052  2.93%   5.8 1420s
 1145151 1070783 -27016.806  427  281 -26889.682 -27677.030  2.93%   5.8 1425s
 1147495 1072812 -27046.965  278  524 -26889.682 -27677.030  2.93%   5.8 1430s
 1150250 1075753 -27435.861  105 1001 -26889.682 -27676.994  2.93%   5.8 1437s
 1152177 1077152 -27396.851  170  783 -26889.682 -27676.985  2.93%   5.8 1440s
 1153768 1079005 -27172.600  322  462 -26889.682 -27676.982  2.93%   5.8 1445s
 1156059 1081120 -26926.919  450  215 -26889.682 -27676.973  2.93%   5.8 1450s
 1158795 1083617 -27179.945  199  687 -26889.682 -27676.949  2.93%   5.8 1455s
 1161382 1085886 -26997.073  176  671 -26889.682 -27676.908  2.93%   5.8 1461s
 1163232 1087768 -27287.662  124  913 -26889.682 -27676.877  2.93%   5.8 1467s
 1165032 1089376 -27034.920  287  588 -26889.682 -27676.863  2.93%   5.8 1470s
 1166687 1091017 -26925.553  322  444 -26889.682 -27676.858  2.93%   5.8 1475s
 1169102 1093267 -27323.957  110  968 -26889.682 -27676.858  2.93%   5.8 1480s
 1172353 1096328 -27332.378  119 1022 -26889.682 -27676.797  2.93%   5.8 1485s
 1173770 1097239 -27261.657  212  739 -26889.682 -27676.797  2.93%   5.8 1490s
 1173782 1097261 -27258.375  215  722 -26889.682 -27676.797  2.93%   5.8 1499s
 1173796 1097527 -27255.437  218  725 -26889.682 -27676.797  2.93%   5.8 1500s
 1176638 1100183 -26905.825  340  452 -26889.682 -27676.747  2.93%   5.8 1505s
 1178797 1102184 -26932.929  283  613 -26889.682 -27676.723  2.93%   5.8 1510s
 1181636 1105031 -27351.129  145  880 -26889.682 -27676.697  2.93%   5.8 1515s
 1184837 1107793 -27366.471  195  728 -26889.682 -27676.678  2.93%   5.8 1521s
 1186166 1109083 -27166.773  315  481 -26889.682 -27676.678  2.93%   5.8 1526s
 1188065 1110839 -26963.591  430  283 -26889.682 -27676.678  2.93%   5.8 1530s
 1190559 1113386 -27170.732  187  794 -26889.682 -27676.652  2.93%   5.8 1535s
 1193455 1115803 -27382.768   91 1008 -26889.682 -27676.620  2.93%   5.8 1543s
 1194396 1116809 -27477.250   68 1264 -26889.682 -27676.599  2.93%   5.8 1545s
 1196901 1119226 -27400.685  121  819 -26889.682 -27676.561  2.93%   5.8 1550s
 1198474 1120433 -27123.870  288  505 -26889.682 -27676.554  2.93%   5.8 1556s
 1200607 1122667 -26956.340  270  615 -26889.682 -27676.530  2.93%   5.8 1560s
 1202622 1124905 -27405.338  111  994 -26889.682 -27676.500  2.93%   5.8 1565s
 1205450 1127395 -27331.779  175  851 -26889.682 -27676.474  2.93%   5.8 1570s
 1208447 1129912 -27427.208  144  824 -26889.682 -27676.445  2.93%   5.8 1575s
 1210668 1132149 -27103.535  344  433 -26889.682 -27676.445  2.93%   5.8 1580s
 1211599 1133085 -27001.246  402  294 -26889.682 -27676.445  2.93%   5.8 1585s
 1214249 1135355 -27464.755   70 1161 -26889.682 -27676.442  2.93%   5.8 1591s
 1215618 1136840 -27285.584  163  805 -26889.682 -27676.397  2.93%   5.8 1595s
 1217022 1138028 -27129.166  236  739 -26889.682 -27676.372  2.93%   5.8 1600s
 1218916 1139820 -27346.712  117  967 -26889.682 -27676.372  2.93%   5.8 1605s
 1221096 1141393 -27434.210   84  924 -26889.682 -27676.360  2.93%   5.8 1611s
 1221104 1141401 -27433.548   85  920 -26889.682 -27676.360  2.93%   5.8 1616s
 1221112 1141409 -27433.076   86  918 -26889.682 -27676.360  2.93%   5.8 1621s
 1221120 1141417 -27432.785   87  923 -26889.682 -27676.360  2.93%   5.8 1626s
 1221128 1141425 -27432.064   88  916 -26889.682 -27676.360  2.93%   5.8 1632s
 1221132 1141429 -27428.896   88  915 -26889.682 -27676.360  2.93%   5.8 1635s
 1221140 1141437 -27414.022   89  901 -26889.682 -27676.360  2.93%   5.8 1641s
 1221144 1141441 -27430.688   90  916 -26889.682 -27676.360  2.93%   5.8 1645s
 1221152 1141449 -27430.475   91  904 -26889.682 -27676.360  2.93%   5.8 1652s
 1221156 1141453 -27428.874   91  908 -26889.682 -27676.360  2.93%   5.8 1655s
 1221166 1141465 -27429.693   92  903 -26889.682 -27676.360  2.93%   5.8 1661s
 1221172 1141475 -27429.524   93  903 -26889.682 -27676.360  2.93%   5.8 1668s
 1221182 1141486 -27424.642   93  898 -26889.682 -27676.360  2.93%   5.8 1675s
 1221193 1141500 -27429.061   94  903 -26889.682 -27676.360  2.93%   5.8 1683s
 1221207 1141520 -27422.896   94  899 -26889.682 -27676.360  2.93%   5.8 1695s
 1221647 1142661 -27308.690  178  671 -26889.682 -27676.360  2.93%   5.8 1702s
 1222368 1143244 -27046.333  315  412 -26889.682 -27676.360  2.93%   5.8 1706s
 1223783 1144615 -26904.046  312  452 -26889.682 -27676.325  2.93%   5.8 1714s
 1224518 1145291 -27254.751  224  730 -26889.682 -27676.325  2.93%   5.8 1719s
 1225231 1145841 -27396.759  115  915 -26889.682 -27676.325  2.93%   5.8 1723s
 1225858 1146301 infeasible  306      -26889.682 -27676.279  2.93%   5.8 1726s
 1226379 1147030 -27255.614  156  874 -26889.682 -27676.279  2.93%   5.8 1730s
 1227717 1148053 -27625.057   36 1301 -26889.682 -27676.266  2.93%   5.8 1735s
 1228651 1149011 -27286.927  187  662 -26889.682 -27676.266  2.93%   5.8 1740s
 1229736 1149797 -26977.908  361  338 -26889.682 -27676.266  2.93%   5.8 1745s
 1230722 1151012 -26926.414  287  512 -26889.682 -27676.266  2.93%   5.8 1752s
 1231505 1153355 -27243.496   93  875 -26889.682 -27676.257  2.93%   5.8 1766s
 1233828 1153934 -27341.447  131  917 -26889.682 -27676.257  2.93%   5.8 1771s
 1234415 1154283     cutoff  307      -26889.682 -27676.234  2.93%   5.8 1775s
 1236025 1156178 -27165.588  272  576 -26889.682 -27676.233  2.93%   5.8 1781s
 1237513 1157250 -26955.336  339  435 -26889.682 -27676.233  2.93%   5.8 1785s
 1237980 1157760 -27411.085  111  990 -26889.682 -27676.233  2.93%   5.8 1791s
 1239087 1158875 -27490.124   71 1119 -26889.682 -27676.189  2.92%   5.8 1795s
 1241139 1160314 -27025.232  251  657 -26889.682 -27676.189  2.92%   5.8 1800s

Cutting planes:
  Gomory: 58
  Cover: 313
  Projected implied bound: 191
  Clique: 427
  MIR: 1141
  StrongCG: 466
  Flow cover: 105
  GUB cover: 10
  Inf proof: 60
  Zero half: 80
  Relax-and-lift: 655
  BQP: 3

Explored 1241143 nodes (7200181 simplex iterations) in 1800.05 seconds (1050.79 work units)
Thread count was 4 (of 24 available processors)

Solution count 10: -26889.7 -26888.7 -26885.9 ... -26867.8

Time limit reached
Best objective -2.688968219498e+04, best bound -2.767618924902e+04, gap 2.9249%

User-callback calls 2706355, time in user-callback 4.90 sec
