
Gurobi 13.0.1 (win64) logging started Wed Oct  7 19:47:34 2026

Set parameter LogFile to value "results/source_summaries/2d/B0420/gurobi_extensive.log"
Gurobi Optimizer version 13.0.1 build v13.0.1rc0 (win64 - Windows 11+.0 (26200.2))

CPU model: Intel(R) Core(TM) i7-14700, instruction set [SSE2|AVX|AVX2]
Thread count: 20 physical cores, 28 logical processors, using up to 4 threads

Non-default parameters:
TimeLimit  1800
IntFeasTol  1e-06
MIPGap  0.0005
Heuristics  0.2
Cuts  2
Presolve  2
Seed  1
Threads  4

Optimize a model with 13447 rows, 22686 columns and 48736 nonzeros (Min)
Model fingerprint: 0x7594afb0
Model has 9244 linear objective coefficients
Variable types: 13442 continuous, 9244 integer (9242 binary)
Coefficient statistics:
  Matrix range     [1e-01, 3e+01]
  Objective range  [2e+00, 5e+01]
  Bounds range     [1e-01, 2e+01]
  RHS range        [1e+00, 8e+01]

Found heuristic solution: objective 0.0000000
Presolve removed 0 rows and 12600 columns
Presolve time: 1.42s
Presolved: 13447 rows, 10086 columns, 36139 nonzeros
Variable types: 842 continuous, 9244 integer (9242 binary)
Root relaxation presolved: 13447 rows, 10086 columns, 36139 nonzeros


Root relaxation: objective -1.117674e+05, 3677 iterations, 0.15 seconds (0.20 work units)

    Nodes    |    Current Node    |     Objective Bounds      |     Work
 Expl Unexpl |  Obj  Depth IntInf | Incumbent    BestBd   Gap | It/Node Time

     0     0 -111767.37    0  948    0.00000 -111767.37      -     -    1s
H    0     0                    -101075.1306 -111767.37  10.6%     -    1s
H    0     0                    -101080.8468 -111767.37  10.6%     -    1s
H    0     0                    -101081.7995 -111767.37  10.6%     -    1s
H    0     0                    -101943.9650 -111767.37  9.64%     -    1s
H    0     0                    -102058.2521 -111767.37  9.51%     -    1s
H    0     0                    -102066.2710 -111767.37  9.50%     -    1s
H    0     0                    -102110.0767 -111767.37  9.46%     -    1s
H    0     0                    -102122.2279 -111767.24  9.44%     -    1s
H    0     0                    -102145.8931 -111767.24  9.42%     -    1s
H    0     0                    -102146.3626 -109822.36  7.51%     -    2s
     0     0 -109822.36    0 1689 -102146.36 -109822.36  7.51%     -    2s
     0     0 -109813.42    0 1687 -102146.36 -109813.42  7.51%     -    2s
     0     0 -109572.99    0 1956 -102146.36 -109572.99  7.27%     -    2s
     0     0 -109559.80    0 2056 -102146.36 -109559.80  7.26%     -    2s
     0     0 -109559.58    0 2062 -102146.36 -109559.58  7.26%     -    2s
H    0     0                    -102151.6641 -109559.58  7.25%     -    2s
H    0     0                    -102153.7817 -109559.58  7.25%     -    2s
H    0     0                    -102156.8801 -109559.58  7.25%     -    2s
H    0     0                    -102160.9386 -109559.58  7.24%     -    2s
H    0     0                    -102181.7160 -109244.62  6.91%     -    3s
H    0     0                    -102186.5033 -109244.62  6.91%     -    3s
H    0     0                    -102188.5626 -109244.62  6.90%     -    3s
     0     0 -109235.44    0 1900 -102188.56 -109235.44  6.90%     -    3s
H    0     0                    -102190.6877 -109235.44  6.89%     -    3s
H    0     0                    -102247.3088 -108738.16  6.35%     -    3s
H    0     0                    -102277.5088 -108738.16  6.32%     -    3s
H    0     0                    -102284.0624 -108738.16  6.31%     -    3s
     0     0 -108738.16    0 2059 -102284.06 -108738.16  6.31%     -    3s
     0     0 -108568.09    0 2173 -102284.06 -108568.09  6.14%     -    3s
H    0     0                    -102312.2853 -108554.02  6.10%     -    3s
H    0     0                    -102317.3275 -108554.02  6.10%     -    3s
     0     0 -108554.02    0 2270 -102317.33 -108554.02  6.10%     -    3s
H    0     0                    -102321.4385 -108553.26  6.09%     -    3s
     0     0 -108553.26    0 2278 -102321.44 -108553.26  6.09%     -    3s
H    0     0                    -102327.5192 -108553.26  6.08%     -    4s
H    0     0                    -102328.5364 -108258.08  5.79%     -    4s
H    0     0                    -102334.4067 -108258.08  5.79%     -    4s
     0     0 -108258.08    0 2412 -102334.41 -108258.08  5.79%     -    4s
H    0     0                    -102336.5197 -108163.09  5.69%     -    4s
H    0     0                    -102338.6448 -108163.09  5.69%     -    4s
     0     0 -108163.09    0 2488 -102338.64 -108163.09  5.69%     -    4s
     0     0 -108126.19    0 2562 -102338.64 -108126.19  5.66%     -    5s
H    0     0                    -102362.5280 -108121.17  5.63%     -    5s
     0     0 -108121.17    0 2602 -102362.53 -108121.17  5.63%     -    5s
     0     0 -108120.19    0 2621 -102362.53 -108120.19  5.62%     -    5s
H    0     0                    -102365.3523 -108120.19  5.62%     -    5s
H    0     0                    -102370.0613 -108120.19  5.62%     -    5s
H    0     0                    -102376.7010 -108055.60  5.55%     -    6s
     0     0 -108055.60    0 2625 -102376.70 -108055.60  5.55%     -    6s
     0     0 -107877.28    0 2671 -102376.70 -107877.28  5.37%     -    6s
     0     0 -107784.10    0 2778 -102376.70 -107784.10  5.28%     -    7s
     0     0 -107734.44    0 2730 -102376.70 -107734.44  5.23%     -    7s
     0     0 -107719.55    0 2748 -102376.70 -107719.55  5.22%     -    7s
     0     0 -107718.01    0 2762 -102376.70 -107718.01  5.22%     -    7s
     0     0 -107631.26    0 2780 -102376.70 -107631.26  5.13%     -    8s
     0     0 -107631.12    0 2776 -102376.70 -107631.12  5.13%     -    8s
H    0     0                    -102377.7852 -107623.74  5.12%     -    8s
H    0     0                    -102378.7583 -107623.74  5.12%     -    8s
     0     0 -107623.74    0 2800 -102378.76 -107623.74  5.12%     -    8s
     0     0 -107622.84    0 2809 -102378.76 -107622.84  5.12%     -    8s
H    0     0                    -102381.7737 -107622.84  5.12%     -   10s
H    0     0                    -102386.8098 -107488.69  4.98%     -   11s
H    0     0                    -102388.8001 -107488.69  4.98%     -   11s
H    0     0                    -102393.8190 -107488.69  4.98%     -   11s
     0     0 -107488.69    0 2914 -102393.82 -107488.69  4.98%     -   11s
     0     0 -107482.17    0 2991 -102393.82 -107482.17  4.97%     -   12s
     0     0 -107418.15    0 3220 -102393.82 -107418.15  4.91%     -   15s
     0     0 -107414.54    0 3245 -102393.82 -107414.54  4.90%     -   15s
     0     0 -107358.90    0 2906 -102393.82 -107358.90  4.85%     -   17s
     0     0 -107358.73    0 2904 -102393.82 -107358.73  4.85%     -   17s
     0     0 -107358.73    0 2867 -102393.82 -107358.73  4.85%     -   17s
     0     2 -107354.95    0 2867 -102393.82 -107354.95  4.85%     -   19s
     3     8 -106468.77    2 2743 -102393.82 -107332.90  4.82%  1681   20s
   505   513 -106362.07   92 2741 -102393.82 -106921.91  4.42%  37.6   25s
  1013  1065 -106237.50  195 2630 -102393.82 -106921.91  4.42%  25.4   30s
  3721  4027 -105382.42  540 2283 -102393.82 -106795.87  4.30%  15.3   35s
  5269  5226 -103770.38  478 2867 -102393.82 -106795.87  4.30%  14.9   42s
  5280  5233 -103690.91  399 3155 -102393.82 -106795.87  4.30%  14.8   45s
  5286  5237 -104170.05  113 3206 -102393.82 -106795.87  4.30%  14.8   50s
  5290  5240 -104030.77  176 3752 -102393.82 -106795.87  4.30%  14.8   55s
  5294  5243 -106559.98   16 3829 -102393.82 -106795.87  4.30%  14.8   62s
  5295  5243 -105901.52  368 3903 -102393.82 -106795.87  4.30%  14.8   65s
  5297  5245 -106338.10  120 3918 -102393.82 -106795.87  4.30%  14.8   70s
  5301  5247 -103810.75  258 4154 -102393.82 -106782.83  4.29%  14.8   75s
  5303  5249 -103517.69  568 4153 -102393.82 -106742.29  4.25%  14.8   82s
  5305  5250 -102516.89 1096 4239 -102393.82 -106735.29  4.24%  14.8   88s
  5306  5251 -104317.78   94 4190 -102393.82 -106703.57  4.21%  14.8   91s
  5308  5252 -105446.84  517 4246 -102393.82 -106667.48  4.17%  14.8   96s
  5310  5253 -103319.90  441 4299 -102393.82 -106658.91  4.17%  14.7  102s
  5311  5254 -106087.87  262 4232 -102393.82 -106629.12  4.14%  14.7  106s
  5313  5255 -103046.19  723 4354 -102393.82 -106621.77  4.13%  14.7  112s
  5314  5256 -106340.11  111 4250 -102393.82 -106583.44  4.09%  14.7  116s
  5316  5257 -106547.95   19 4345 -102393.82 -106547.95  4.06%  14.7  122s
  5318  5259 -104620.98  720 4401 -102393.82 -106541.42  4.05%  14.7  127s
  5319  5259 -106514.42   30 4321 -102393.82 -106514.42  4.02%  14.7  131s
  5321  5261 -103400.02  618 4418 -102393.82 -106508.48  4.02%  14.7  137s
  5322  5261 -104411.99   21 4374 -102393.82 -106475.37  3.99%  14.7  142s
  5323  5262 -103773.33  319 4375 -102393.82 -106462.52  3.97%  14.7  145s
  5325  5263 -102636.10 1030 4470 -102393.82 -106456.76  3.97%  14.7  151s
  5326  5264 -104357.74   80 4360 -102393.82 -106433.52  3.95%  14.7  156s
  5328  5265 -103804.43  298 4430 -102393.82 -106429.64  3.94%  14.7  162s
  5329  5266 -106108.44  333 4387 -102393.82 -106409.76  3.92%  14.7  168s
  5330  5267 -104278.69   38 4408 -102393.82 -106398.81  3.91%  14.7  172s
  5332  5268 -102660.06 1001 4524 -102393.82 -106392.54  3.91%  14.7  178s
  5333  5269 -103552.17  471 4465 -102393.82 -106380.87  3.89%  14.7  182s
  5334  5269 -103901.82  256 4535 -102393.82 -106378.89  3.89%  14.7  186s
  5335  5270 -104297.84   22 4481 -102393.82 -106370.14  3.88%  14.7  191s
  5336  5271 -104156.66  116 4480 -102393.82 -106359.16  3.87%  14.7  195s
  5338  5272 -105539.80  475 4522 -102393.82 -106354.78  3.87%  14.7  202s
  5339  5273 -103827.67  255 4464 -102393.82 -106338.69  3.85%  14.7  208s
  5340  5273 -103212.69  663 4512 -102393.82 -106336.10  3.85%  14.7  212s
  5341  5274 -104071.94  183 4501 -102393.82 -106319.77  3.83%  14.7  217s
  5342  5275 -103471.51  586 4508 -102393.82 -106308.36  3.82%  14.7  220s
  5344  5276 -106013.73  321 4596 -102393.82 -106302.10  3.82%  14.7  226s
  5345  5277 -103714.87  518 4538 -102393.82 -106289.84  3.80%  14.7  232s
  5346  5277 -106212.43  213 4556 -102393.82 -106288.73  3.80%  14.6  236s
  5347  5278 -104469.58   40 4532 -102393.82 -106282.71  3.80%  14.6  240s
  5348  5279 -104780.92  690 4570 -102393.82 -106275.70  3.79%  14.6  245s
  5350  5280 -103677.29  300 4538 -102393.82 -106264.10  3.78%  14.6  253s
  5351  5281 -106264.07   62 4521 -102393.82 -106264.07  3.78%  14.6  255s
  5352  5281 -102654.38 1012 4521 -102393.82 -106264.07  3.78%  14.6  266s
  5353  5285 -106168.59   13 3846 -102393.82 -106264.07  3.78%  41.7  270s
  5363  5310 -103874.07   16 3558 -102393.82 -106157.09  3.68%  47.0  275s
  5607  5476 -103853.23   42 3479 -102393.82 -106157.09  3.68%  49.2  280s
  5821  5613 -103836.12   59 3451 -102393.82 -106157.09  3.68%  50.1  285s
  6094  5839 -103789.37   83 3410 -102393.82 -106157.09  3.68%  50.4  290s
  6423  6024 -103766.87  116 3383 -102393.82 -106157.09  3.68%  50.5  295s
  6545  6139 -103748.62  126 3384 -102393.82 -106157.09  3.68%  50.4  303s
  6610  6177 -103738.59  132 3371 -102393.82 -106157.09  3.68%  50.5  312s
  6670  6161 -103731.38  139 3347 -102393.82 -106157.09  3.68%  50.7  322s
  6674  6217 -103730.11  140 3348 -102393.82 -106157.09  3.68%  50.7  332s
  6731  6254 -103710.21  146 3339 -102393.82 -106157.09  3.68%  50.9  342s
  6789  6254 -103709.16  147 3331 -102393.82 -106157.09  3.68%  50.9  353s
  6811  6294 -103706.81  148 3330 -102393.82 -106157.09  3.68%  51.0  366s
  6862  6355 -103690.27  152 3309 -102393.82 -106157.09  3.68%  51.2  379s
  6940  6404 -103655.28  164 3275 -102393.82 -106157.09  3.68%  51.5  389s
  7015  6469 -103643.91  179 3261 -102393.82 -106157.09  3.68%  51.7  400s
  7105  6529 -103629.35  184 3265 -102393.82 -106157.09  3.68%  51.4  412s
  7196  6510 -103628.67  185 3261 -102393.82 -106157.09  3.68%  51.4  424s
  7235  6515 -103604.11  185 3287 -102393.82 -106157.09  3.68%  51.9  436s
  7253  6556 -103604.40  192 3296 -102393.82 -106157.09  3.68%  53.6  448s
  7300  6600 -103571.77  208 3264 -102393.82 -106157.09  3.68%  54.5  452s
  7537  6850 -103464.20  262 3173 -102393.82 -106157.09  3.68%  55.1  456s
  7840  6865 -103390.29  300 3111 -102393.82 -106157.09  3.68%  56.0  461s
  7894  6983 -103349.58  310 3096 -102393.82 -106157.09  3.68%  58.0  465s
  8064  7116 -103244.27  371 2968 -102393.82 -106157.09  3.68%  60.1  471s
  8279  7294 -103097.68  444 2896 -102393.82 -106157.09  3.68%  62.5  476s
  8579  7539 -102881.34  563 2694 -102393.82 -106157.09  3.68%  65.2  483s
  8774  7689 -102772.43  638 2552 -102393.82 -106157.09  3.68%  66.3  486s
  9213  7827 -102445.53  815 2292 -102393.82 -106157.09  3.68%  67.8  492s
  9303  7846 -105479.08   29 4108 -102393.82 -106157.09  3.68%  69.8  495s
  9420  7960 -105469.30   39 4091 -102393.82 -106157.09  3.68%  73.8  500s
  9588  8065 -105436.93   50 4050 -102393.82 -106157.09  3.68%  77.9  507s
  9670  8107 -105407.82   59 3992 -102393.82 -106157.09  3.68%  80.1  510s
  9840  8246 -105370.99   75 3898 -102393.82 -106157.09  3.68%  84.3  517s
  9943  8300 -105359.78   88 3859 -102393.82 -106157.09  3.68%  86.8  522s
 10031  8377 -105359.23   91 3866 -102393.82 -106157.09  3.68%  88.9  525s
 10145  8434 -105322.84  105 3823 -102393.82 -106157.09  3.68%  91.3  530s
 10405  8628 -105260.83  128 3711 -102393.82 -106157.09  3.68%  96.5  538s
 10535  8819 -105240.39  133 3710 -102393.82 -106157.09  3.68%  98.4  544s
 10777  8948 -105195.45  148 3664 -102393.82 -106157.09  3.68%   101  550s
 10991  9111 -105150.05  156 3641 -102393.82 -106157.09  3.68%   104  556s
 11229  9442 -105095.36  172 3582 -102393.82 -106157.09  3.68%   106  562s
 11650  9728 -104987.92  199 3476 -102393.82 -106157.09  3.68%   108  568s
 12078 10282 -104952.34  217 3428 -102393.82 -106157.09  3.68%   109  574s
 12793 10601 -104904.09  244 3350 -102393.82 -106157.09  3.68%   106  579s
 13370 10435 -104830.32  268 3271 -102393.82 -106157.09  3.68%   105  585s
 13400 10494 -104824.91  272 3263 -102393.82 -106157.09  3.68%   105  591s
 13469 11402 -104824.63  273 3266 -102393.82 -106157.09  3.68%   105  597s
 14436 11966 -104645.01  315 3188 -102393.82 -106157.09  3.68%   100  602s
 15405 12334 -104587.94  342 3123 -102393.82 -106157.09  3.68%  96.2  611s
 16133 12266 -104444.51  378 3020 -102393.82 -106157.09  3.68%  93.4  621s
 16402 12260 -104387.94  408 2979 -102393.82 -106157.09  3.68%  93.1  630s
 16486 12377 -104332.78  437 2895 -102393.82 -106157.09  3.68%  93.8  636s
 16631 12555 -104198.78  487 2787 -102393.82 -106157.09  3.68%  94.2  642s
 16861 12652 -103963.84  572 2570 -102393.82 -106157.09  3.68%  94.4  647s
 17037 12916 -103752.68  639 2448 -102393.82 -106157.09  3.68%  94.5  652s
 17368 13255 -103340.96  765 2252 -102393.82 -106157.09  3.68%  94.7  658s
 17829 13556 -102752.57  969 1875 -102393.82 -106157.09  3.68%  94.0  664s
 18313 13488 -105491.56   18 4126 -102393.82 -106157.09  3.68%  93.4  668s
 18406 13564 -105441.04   28 4017 -102393.82 -106157.09  3.68%  94.5  672s
 18513 13617 -105418.92   45 3965 -102393.82 -106157.09  3.68%  95.7  675s
 18702 13728 -105277.57   66 3894 -102393.82 -106157.09  3.68%  98.2  683s
 18778 13789 -105252.59   75 3864 -102393.82 -106157.09  3.68%   100  687s
 18868 13857 -105217.44   92 3817 -102393.82 -106157.09  3.68%   101  691s
 18966 13974 -105177.51  101 3771 -102393.82 -106157.09  3.68%   103  695s
 19274 14176 -105116.71  128 3627 -102393.82 -106157.09  3.68%   105  703s
 19426 14285 -105084.60  147 3577 -102393.82 -106157.09  3.68%   106  708s
 19588 14444 -105058.39  155 3615 -102393.82 -106157.09  3.68%   107  712s
 19805 14652 -105030.21  161 3524 -102393.82 -106157.09  3.68%   108  718s
 20089 14790 -105004.59  178 3505 -102393.82 -106157.09  3.68%   108  723s
 20330 14903 -104953.50  204 3473 -102393.82 -106157.09  3.68%   109  728s
 20527 15249 -104915.48  212 3455 -102393.82 -106157.09  3.68%   110  733s
 20943 15610 -104880.13  218 3426 -102393.82 -106157.09  3.68%   109  742s
 21467 16049 -104755.59  235 3370 -102393.82 -106157.09  3.68%   109  750s
 22000 16426 -104707.24  255 3286 -102393.82 -106157.09  3.68%   109  756s
 22387 17040 -104669.49  269 3277 -102393.82 -106157.09  3.68%   109  763s
 23015 17044 -104590.45  297 3190 -102393.82 -106157.09  3.68%   109  772s
 23019 17048 -104589.55  294 3189 -102393.82 -106157.09  3.68%   109  780s
 23023 17052 -104575.44  297 3175 -102393.82 -106157.09  3.68%   109  786s
 23027 17056 -104578.05  295 3193 -102393.82 -106157.09  3.68%   109  793s
 23031 17123 -104581.87  293 3191 -102393.82 -106157.09  3.68%   109  798s
 23106 17851 -104583.18  303 3215 -102393.82 -106105.23  3.62%   109  805s
 23878 18076 -105993.71   71 3646 -102393.82 -106105.22  3.62%   108  811s
 24105 18670 -105913.81  100 3565 -102393.82 -106105.22  3.62%   108  816s
 24701 19460 -105852.27  120 3542 -102393.82 -106105.22  3.62%   107  822s
 25511 20494 -105620.98  168 3435 -102393.82 -106105.22  3.62%   106  827s
 26557 21693 -105433.65  198 3346 -102393.82 -106105.22  3.62%   104  832s
 27764 22715 -105138.64  266 3153 -102393.82 -106105.22  3.62%   101  836s
 28824 23300 -104853.50  314 3082 -102393.82 -106104.58  3.62%  98.5  840s
 30390 25211 -104657.92  365 2974 -102393.82 -106104.58  3.62%  95.1  847s
 31384 27766 -104428.15  395 2901 -102393.82 -106104.58  3.62%  92.9  855s
 35045 29179 -103405.40  596 2505 -102393.82 -106104.58  3.62%  86.1  861s
 36057 30135 -103081.05  645 2417 -102393.82 -106100.10  3.62%  84.5  865s
 36845 30540 -106084.96   19 3902 -102393.82 -106100.10  3.62%  83.4  870s
 37531 31384 -106048.63   29 3824 -102393.82 -106100.10  3.62%  82.4  875s
 38795 32549 -105790.33  105 3555 -102393.82 -106100.10  3.62%  80.8  882s
 39033 32628 -105786.82  104 3548 -102393.82 -106100.10  3.62%  80.4  885s
 40078 33938 -105632.29  128 3472 -102393.82 -106100.10  3.62%  79.0  890s
 41507 35495 -105492.45  159 3382 -102393.82 -106100.10  3.62%  77.2  896s
 42088 38028 -105434.84  177 3336 -102393.82 -106100.10  3.62%  76.4  903s
 44653 38432 -105135.74  261 3127 -102393.82 -106100.10  3.62%  73.5  905s
 46123 39932 -104796.43  307 3004 -102393.82 -106099.75  3.62%  71.9  911s
 47575 41114 -104518.48  349 2913 -102393.82 -106099.75  3.62%  70.3  915s
 49168 42652 -104177.26  440 2721 -102393.82 -106099.34  3.62%  68.8  920s
 50133 43466 -103972.94  491 2600 -102393.82 -106099.34  3.62%  68.0  926s
 51036 44468 -103660.22  563 2492 -102393.82 -106099.34  3.62%  67.3  931s
 52385 47153 -103286.55  620 2369 -102393.82 -106099.34  3.62%  66.1  940s
 54754 47801 -102727.66  745 2205 -102393.82 -106099.29  3.62%  64.5  945s
 55988 48990 -102455.62  840 2036 -102393.82 -106099.29  3.62%  63.6  950s
 56958 50057 -105803.22   87 3580 -102393.82 -106099.29  3.62%  63.3  956s
 57855 50916 -105355.93  173 3357 -102393.82 -106099.29  3.62%  62.8  961s
 58642 51839 -105316.36  175 3341 -102393.82 -106099.29  3.62%  62.3  965s
 59389 52334 -105093.79  206 3239 -102393.82 -106099.29  3.62%  61.8  970s
 60409 53740 -103785.26  383 2775 -102393.82 -106098.77  3.62%  61.1  976s
 61429 54493 -105984.59   37 3762 -102393.82 -106094.65  3.61%  60.4  980s
 62118 55207 -105517.91   84 3527 -102393.82 -106094.65  3.61%  60.0  985s
 63055 56844 -104081.64  308 2989 -102393.82 -106094.65  3.61%  59.4  992s
 64440 56848 -105659.48   80 3576 -102393.82 -106094.65  3.61%  58.6  999s
 64444 56903 -105652.62   81 3566 -102393.82 -106094.65  3.61%  58.6 1004s
 64499 56948 -105651.63   82 3573 -102393.82 -106094.65  3.61%  58.6 1008s
 64544 57048 -105634.19   83 3565 -102393.82 -106094.65  3.61%  58.6 1010s
 65136 58059 -104957.24  210 3240 -102393.82 -106094.65  3.61%  58.4 1016s
 66344 59211 -103149.26  541 2489 -102393.82 -106093.55  3.61%  57.8 1022s
 67492 60162 -105745.74   65 3595 -102393.82 -106093.55  3.61%  57.2 1026s
 68632 61275 -103613.84  375 2795 -102393.82 -106093.55  3.61%  56.7 1030s
 69835 62361 -105539.10  102 3470 -102393.82 -106092.38  3.61%  56.3 1035s
 70873 63505 -104008.56  344 2911 -102393.82 -106092.03  3.61%  55.9 1040s
 71869 64214 -105881.30   48 3659 -102393.82 -106092.03  3.61%  55.4 1045s
 73110 65458 -105417.29  125 3438 -102393.82 -106092.03  3.61%  55.0 1051s
 73510 66850 -105321.07  137 3403 -102393.82 -106092.03  3.61%  54.9 1055s
 75277 67536 -105136.72  191 3293 -102393.82 -106092.03  3.61%  54.1 1061s
 76089 68253 -104930.54  222 3186 -102393.82 -106092.03  3.61%  53.8 1065s
 76971 69269 -104691.02  280 3056 -102393.82 -106091.69  3.61%  53.6 1071s
 78133 70469 -104396.76  343 2914 -102393.82 -106091.69  3.61%  53.1 1075s
 78939 71025 -104117.71  379 2845 -102393.82 -106091.31  3.61%  52.7 1081s
 79653 71677 -103910.96  428 2748 -102393.82 -106091.31  3.61%  52.5 1086s
 80400 72091 -103734.85  466 2624 -102393.82 -106091.31  3.61%  52.2 1094s
 80404 72148 -103733.18  467 2623 -102393.82 -106091.31  3.61%  52.2 1104s
 80461 72254 -103732.75  468 2622 -102393.82 -106091.31  3.61%  52.2 1114s
 80567 72310 -103729.31  468 2614 -102393.82 -106091.31  3.61%  52.1 1123s
 80623 72418 -103729.07  470 2620 -102393.82 -106091.31  3.61%  52.1 1133s
 80731 72506 -103693.86  470 2620 -102393.82 -106091.31  3.61%  52.1 1143s
 80819 72753 -103727.35  471 2618 -102393.82 -106091.31  3.61%  52.0 1151s
 81118 72813 -103726.40  472 2621 -102393.82 -106091.31  3.61%  51.9 1159s
 81235 72872 -103724.28  472 2616 -102393.82 -106091.31  3.61%  51.9 1167s
 81296 73007 -103716.74  470 2629 -102393.82 -106091.31  3.61%  51.9 1174s
 81431 73059 -103725.46  470 2619 -102393.82 -106091.31  3.61%  51.9 1182s
 81483 73170 -103724.12  473 2640 -102393.82 -106091.31  3.61%  51.9 1190s
 81598 73379 -103736.76  470 2630 -102393.82 -106091.31  3.61%  51.9 1198s
 81811 73674 -103722.85  471 2627 -102393.82 -106091.31  3.61%  51.9 1205s
 82167 73828 -103715.65  471 2628 -102393.82 -106088.66  3.61%  51.7 1212s
 82325 74106 -103723.30  471 2616 -102393.82 -106088.66  3.61%  51.8 1219s
 82607 74564 -103720.85  472 2619 -102393.82 -106088.66  3.61%  51.7 1226s
 83075 75229 -103719.81  472 2614 -102393.82 -106088.66  3.61%  51.5 1234s
 83782 76300 -103721.95  474 2637 -102393.82 -106087.99  3.61%  51.2 1242s
 84865 77037 -103716.95  475 2638 -102393.82 -106087.99  3.61%  50.9 1250s
 85647 77308 -103709.11  475 2635 -102393.82 -106087.89  3.61%  50.6 1257s
 85924 78053 -103724.43  471 2615 -102393.82 -106087.89  3.61%  50.5 1264s
 86713 78420 -103723.74  472 2615 -102393.82 -106087.89  3.61%  50.2 1272s
 87115 79232 -103723.09  474 2636 -102393.82 -106087.89  3.61%  50.1 1279s
 87933 80182 -103722.45  475 2635 -102393.82 -106087.89  3.61%  49.8 1285s
 88945 80832 -103718.30  476 2634 -102393.82 -106087.89  3.61%  49.4 1292s
 89677 80987 -103716.89  476 2636 -102393.82 -106087.89  3.61%  49.2 1299s
 89832 81591 -103716.90  473 2619 -102393.82 -106087.89  3.61%  49.3 1304s
 90440 82093 -103702.55  477 2634 -102393.82 -106087.89  3.61%  49.1 1308s
 90966 82763 -103716.26  477 2635 -102393.82 -106087.89  3.61%  49.0 1314s
 91698 83180 -103517.67  524 2550 -102393.82 -106087.89  3.61%  48.9 1317s
 92121 84126 -103386.50  553 2507 -102393.82 -106087.89  3.61%  48.7 1321s
 93139 84704 -103195.36  597 2436 -102393.82 -106087.89  3.61%  48.4 1325s
 94126 87042 -102851.44  689 2257 -102393.82 -106087.89  3.61%  48.2 1333s
 96151 87141 -102502.59  768 2141 -102393.82 -106085.23  3.61%  47.6 1336s
 96845 87911 -106070.59   25 3887 -102393.82 -106085.23  3.61%  47.4 1340s
 97801 88921 -105855.79   53 3648 -102393.82 -106085.23  3.61%  47.2 1347s
 98513 89598 -105838.35   55 3649 -102393.82 -106085.23  3.61%  47.0 1351s
 99092 90077 -105440.15  117 3450 -102393.82 -106085.23  3.61%  46.9 1355s
 99305 90285 -105438.10  118 3443 -102393.82 -106085.23  3.61%  46.8 1361s
 99517 90570 -105436.06  119 3441 -102393.82 -106085.23  3.61%  46.8 1366s
 100200 91213 -105335.01  132 3391 -102393.82 -106085.23  3.61%  46.6 1371s
 100733 91624 -105330.54  134 3388 -102393.82 -106085.23  3.61%  46.4 1375s
 101236 92415 -105329.76  136 3388 -102393.82 -106085.23  3.61%  46.3 1380s
 101963 93182 -104854.41  195 3248 -102393.82 -106085.23  3.61%  46.1 1385s
 102768 93594 -104421.50  284 3033 -102393.82 -106085.23  3.61%  46.0 1391s
 103315 94406 -102944.35  595 2426 -102393.82 -106085.23  3.61%  45.9 1395s
 104262 95221 -105689.07   78 3564 -102393.82 -106085.23  3.61%  45.7 1401s
 104617 95892 -105588.81   93 3485 -102393.82 -106085.23  3.61%  45.7 1405s
 106365 97476 -102671.79  558 2420 -102393.82 -106084.13  3.60%  45.3 1410s
 107285 98127 -105855.30   63 3637 -102393.82 -106084.13  3.60%  45.1 1419s
 107622 98347 -105530.00  109 3516 -102393.82 -106084.13  3.60%  45.1 1422s
 107844 98809 -105180.09  164 3330 -102393.82 -106084.13  3.60%  45.0 1425s
 108560 99146 -104408.13  279 3015 -102393.82 -106084.13  3.60%  44.8 1430s
 108805 99395 -104383.16  281 3002 -102393.82 -106084.13  3.60%  44.8 1439s
 108928 99601 -104381.56  282 3001 -102393.82 -106084.13  3.60%  44.8 1443s
 109134 99763 -104381.06  283 3000 -102393.82 -106084.13  3.60%  44.7 1447s
 109296 100120 -104380.83  284 2998 -102393.82 -106084.13  3.60%  44.7 1450s
 109833 101158 -103839.94  360 2801 -102393.82 -106084.13  3.60%  44.6 1458s
 110797 101863 -106055.01   25 3823 -102393.82 -106084.13  3.60%  44.4 1462s
 111542 102309 -105937.99   42 3725 -102393.82 -106084.13  3.60%  44.2 1465s
 112717 103728 -104706.02  212 3173 -102393.82 -106084.13  3.60%  44.0 1473s
 113479 104363 -103364.89  476 2617 -102393.82 -106084.13  3.60%  43.9 1476s
 114521 104896 -105823.64   60 3619 -102393.82 -106084.13  3.60%  43.7 1482s
 114793 105441 -105282.66  138 3379 -102393.82 -106084.13  3.60%  43.7 1485s
 115342 106465 -103927.35  325 2969 -102393.82 -106084.13  3.60%  43.6 1490s
 116418 106979 -105983.41   36 3801 -102393.82 -106084.13  3.60%  43.5 1495s
 117324 107642 -104880.92  183 3323 -102393.82 -106084.13  3.60%  43.3 1500s
 118322 108497 infeasible  583      -102393.82 -106083.94  3.60%  43.2 1507s
 118696 108853 infeasible   26      -102393.82 -106082.34  3.60%  43.1 1510s
 119648 109638 -105769.68   64 3609 -102393.82 -106082.34  3.60%  43.1 1517s
 119910 110020 -105511.37   83 3568 -102393.82 -106082.34  3.60%  43.1 1520s
 120532 110460 -105227.65  115 3437 -102393.82 -106082.34  3.60%  43.0 1525s
 121319 111522 -104875.78  163 3340 -102393.82 -106082.34  3.60%  42.9 1531s
 122224 112194 -104279.84  221 3207 -102393.82 -106082.34  3.60%  42.8 1535s
 122789 112650 -104031.52  247 3159 -102393.82 -106082.34  3.60%  42.7 1540s
 123486 113522 -103350.36  297 3021 -102393.82 -106082.34  3.60%  42.7 1546s
 124395 114048 -102690.97  366 2828 -102393.82 -106082.34  3.60%  42.5 1550s
 124713 114413 -102443.00  395 2781 -102393.82 -106082.34  3.60%  42.6 1556s
 125354 115372 -105770.43   67 3561 -102393.82 -106082.34  3.60%  42.5 1562s
 125943 116212 -105246.40  154 3320 -102393.82 -106082.34  3.60%  42.5 1568s
 126872 116712 -103457.65  472 2657 -102393.82 -106082.34  3.60%  42.4 1572s
 127406 117122 -106060.25   23 3876 -102393.82 -106082.34  3.60%  42.3 1575s
 128556 118103 -105696.29   83 3541 -102393.82 -106082.34  3.60%  42.1 1581s
 128846 118310 -105626.73  100 3485 -102393.82 -106082.34  3.60%  42.1 1585s
 129836 119456 -105419.27  140 3429 -102393.82 -106082.34  3.60%  42.0 1592s
 130283 119951 -105261.55  162 3346 -102393.82 -106082.34  3.60%  42.0 1595s
 131299 120615 -105117.66  189 3267 -102393.82 -106078.10  3.60%  41.8 1600s
 131689 121066 -104985.26  229 3182 -102393.82 -106078.10  3.60%  41.9 1605s
 132630 122270 -104688.84  297 3078 -102393.82 -106078.10  3.60%  41.7 1611s
 133503 122703 -104521.38  332 2974 -102393.82 -106078.10  3.60%  41.6 1616s
 133721 122969 -104456.61  352 2928 -102393.82 -106078.10  3.60%  41.6 1620s
 134434 123930 -104249.92  401 2782 -102393.82 -106078.10  3.60%  41.6 1626s
 134952 124404 -104130.85  427 2740 -102393.82 -106078.10  3.60%  41.5 1632s
 135472 124632 -104046.63  447 2681 -102393.82 -106078.10  3.60%  41.4 1635s
 136089 125279 -103849.15  501 2610 -102393.82 -106078.10  3.60%  41.4 1640s
 136429 126192 -103737.81  522 2559 -102393.82 -106078.10  3.60%  41.4 1646s
 137346 126993 -103505.32  595 2417 -102393.82 -106078.10  3.60%  41.2 1651s
 138151 127356 -103365.97  623 2372 -102393.82 -106078.10  3.60%  41.1 1655s
 138882 127997 -103215.55  659 2290 -102393.82 -106077.95  3.60%  41.0 1660s
 139580 128432 -103079.04  697 2227 -102393.82 -106077.95  3.60%  41.0 1665s
 139673 128773 -103022.89  702 2218 -102393.82 -106077.95  3.60%  40.9 1671s
 140549 129530 -102838.96  769 2117 -102393.82 -106077.95  3.60%  40.8 1677s
 141428 130514 -102676.22  818 2042 -102393.82 -106077.95  3.60%  40.6 1681s
 142294 131353 -106041.00   26 3840 -102393.82 -106077.95  3.60%  40.5 1687s
 142694 131745 -105870.97   49 3690 -102393.82 -106077.95  3.60%  40.5 1690s
 143509 132310 -105428.01   99 3481 -102393.82 -106077.95  3.60%  40.4 1698s
 143701 132725 -105005.99  159 3329 -102393.82 -106077.95  3.60%  40.4 1701s
 144476 133333 -103190.37  438 2688 -102393.82 -106077.95  3.60%  40.3 1707s
 144781 133692 -102637.75  555 2454 -102393.82 -106077.95  3.60%  40.3 1711s
 145525 134174 -105667.28   75 3531 -102393.82 -106077.95  3.60%  40.3 1716s
 146004 134950 -104963.33  165 3297 -102393.82 -106077.95  3.60%  40.2 1722s
 146483 135234 -104775.47  193 3202 -102393.82 -106077.95  3.60%  40.2 1726s
 146769 136602 -104339.30  273 3034 -102393.82 -106077.95  3.60%  40.1 1731s
 148211 136825 -105632.47   82 3528 -102393.82 -106077.95  3.60%  39.9 1735s
 148457 137130 -105401.36  121 3404 -102393.82 -106077.95  3.60%  39.9 1740s
 149298 137988 -104259.31  327 2949 -102393.82 -106077.95  3.60%  39.8 1747s
 149969 138791 -103156.94  565 2492 -102393.82 -106077.95  3.60%  39.7 1751s
 150723 139232 -105900.38   44 3690 -102393.82 -106077.95  3.60%  39.6 1759s
 151004 139522 -105633.67   78 3537 -102393.82 -106077.95  3.60%  39.6 1761s
 151444 139840 -105020.72  187 3220 -102393.82 -106077.95  3.60%  39.6 1767s
 151642 140112 -104613.96  239 3104 -102393.82 -106077.95  3.60%  39.6 1770s
 152377 140849 -102493.94  586 2368 -102393.82 -106077.95  3.60%  39.6 1777s
 152676 141181 infeasible   29      -102393.82 -106077.95  3.60%  39.6 1781s
 153305 141522 -105858.28   52 3693 -102393.82 -106077.95  3.60%  39.5 1785s
 153589 142044 -105688.37   71 3641 -102393.82 -106077.95  3.60%  39.5 1791s
 154332 142924 -105399.10  109 3496 -102393.82 -106077.95  3.60%  39.5 1798s
 154824 143081 -105173.67  127 3433 -102393.82 -106077.95  3.60%  39.5 1800s

Cutting planes:
  Gomory: 184
  Lift-and-project: 14
  Cover: 850
  MIR: 2061
  StrongCG: 757
  Flow cover: 743
  GUB cover: 94
  Zero half: 227
  RLT: 2
  Relax-and-lift: 35

Explored 154991 nodes (6147338 simplex iterations) in 1800.09 seconds (2482.54 work units)
Thread count was 4 (of 28 available processors)

Solution count 10: -102394 -102389 -102387 ... -102363

Time limit reached
Best objective -1.023938190120e+05, best bound -1.060779541957e+05, gap 3.5980%

User-callback calls 571189, time in user-callback 1.76 sec
