
Gurobi 13.0.1 (win64) logging started Tue Oct  6 18:24:30 2026

Set parameter LogFile to value "results/source_summaries/3d/R03/gurobi_extensive.log"
Gurobi Optimizer version 13.0.1 build v13.0.1rc0 (win64 - Windows 11+.0 (26200.2))

CPU model: Intel(R) Core(TM) i7-14650HX, instruction set [SSE2|AVX|AVX2]
Thread count: 16 physical cores, 24 logical processors, using up to 4 threads

Non-default parameters:
TimeLimit  1800
IntFeasTol  1e-06
MIPGap  0.0005
Heuristics  0.2
Cuts  2
Presolve  2
Seed  1
Threads  4

Optimize a model with 5170 rows, 9129 columns and 20060 nonzeros (Min)
Model fingerprint: 0x2eb0a1a6
Model has 3964 linear objective coefficients
Variable types: 5163 continuous, 3966 integer (3963 binary)
Coefficient statistics:
  Matrix range     [1e-01, 4e+01]
  Objective range  [3e+00, 5e+01]
  Bounds range     [1e-01, 3e+01]
  RHS range        [1e+00, 8e+01]

Found heuristic solution: objective 0.0000000
Presolve removed 178 rows and 4948 columns
Presolve time: 0.16s
Presolved: 4992 rows, 4181 columns, 14743 nonzeros
Variable types: 117 continuous, 4064 integer (3829 binary)
Root relaxation presolve removed 1 rows and 1 columns
Root relaxation presolved: 4991 rows, 4180 columns, 14740 nonzeros


Root relaxation: objective -2.934793e+04, 2321 iterations, 0.07 seconds (0.14 work units)

    Nodes    |    Current Node    |     Objective Bounds      |     Work
 Expl Unexpl |  Obj  Depth IntInf | Incumbent    BestBd   Gap | It/Node Time

     0     0 -29347.931    0  723    0.00000 -29347.931      -     -    0s
H    0     0                    -21577.48845 -29347.931  36.0%     -    0s
H    0     0                    -25156.18318 -29347.931  16.7%     -    0s
H    0     0                    -25272.16082 -29347.931  16.1%     -    0s
H    0     0                    -25361.04602 -29347.931  15.7%     -    0s
H    0     0                    -25410.15547 -29347.931  15.5%     -    0s
H    0     0                    -25468.20973 -29347.931  15.2%     -    0s
H    0     0                    -25471.20495 -29347.931  15.2%     -    0s
H    0     0                    -25506.99599 -29347.931  15.1%     -    0s
H    0     0                    -25510.93445 -28538.360  11.9%     -    0s
H    0     0                    -25527.47859 -28538.360  11.8%     -    0s
H    0     0                    -25545.16009 -28538.360  11.7%     -    0s
H    0     0                    -25582.94755 -28538.360  11.6%     -    0s
H    0     0                    -25649.83701 -28538.360  11.3%     -    0s
H    0     0                    -25658.46792 -28538.360  11.2%     -    0s
H    0     0                    -25666.75958 -28538.360  11.2%     -    0s
H    0     0                    -25854.50240 -28538.360  10.4%     -    0s
H    0     0                    -25860.81049 -28538.360  10.4%     -    0s
H    0     0                    -25919.18130 -28538.360  10.1%     -    0s
     0     0 -28538.360    0 1321 -25919.181 -28538.360  10.1%     -    0s
H    0     0                    -25921.10597 -28538.358  10.1%     -    0s
H    0     0                    -26000.66485 -28372.882  9.12%     -    0s
H    0     0                    -26015.76894 -28372.882  9.06%     -    0s
H    0     0                    -26025.44098 -28372.882  9.02%     -    0s
H    0     0                    -26036.44518 -28372.882  8.97%     -    0s
H    0     0                    -26038.53616 -28372.882  8.96%     -    0s
H    0     0                    -26073.17797 -28372.882  8.82%     -    0s
H    0     0                    -26090.04425 -28372.882  8.75%     -    0s
     0     0 -28372.882    0 1491 -26090.044 -28372.882  8.75%     -    0s
     0     0 -28368.189    0 1480 -26090.044 -28368.189  8.73%     -    0s
     0     0 -28367.587    0 1484 -26090.044 -28367.587  8.73%     -    0s
     0     0 -28367.544    0 1492 -26090.044 -28367.544  8.73%     -    0s
H    0     0                    -26125.76838 -28367.544  8.58%     -    0s
H    0     0                    -26129.76096 -28367.544  8.56%     -    0s
H    0     0                    -26139.56870 -28367.544  8.52%     -    0s
H    0     0                    -26185.99111 -28199.057  7.69%     -    1s
H    0     0                    -26195.28408 -28199.057  7.65%     -    1s
H    0     0                    -26199.19852 -28199.057  7.63%     -    1s
H    0     0                    -26209.75354 -28199.057  7.59%     -    1s
H    0     0                    -26219.11795 -28199.057  7.55%     -    1s
     0     0 -28199.057    0 1642 -26219.118 -28199.057  7.55%     -    1s
H    0     0                    -26223.21982 -28198.969  7.53%     -    1s
H    0     0                    -26231.85073 -28198.969  7.50%     -    1s
H    0     0                    -26267.87746 -28090.531  6.94%     -    1s
H    0     0                    -26270.96953 -28090.531  6.93%     -    1s
H    0     0                    -26274.06159 -28090.531  6.91%     -    1s
     0     0 -28090.531    0 1755 -26274.062 -28090.531  6.91%     -    1s
H    0     0                    -26275.05272 -28074.397  6.85%     -    1s
     0     0 -28074.397    0 1820 -26275.053 -28074.397  6.85%     -    1s
     0     0 -28072.601    0 1831 -26275.053 -28072.601  6.84%     -    1s
     0     0 -28072.505    0 1899 -26275.053 -28072.505  6.84%     -    1s
H    0     0                    -26305.87672 -27975.642  6.35%     -    2s
H    0     0                    -26310.08583 -27975.642  6.33%     -    2s
H    0     0                    -26315.39943 -27975.642  6.31%     -    2s
     0     0 -27975.642    0 2038 -26315.399 -27975.642  6.31%     -    2s
H    0     0                    -26320.32858 -27975.405  6.29%     -    2s
     0     0 -27964.530    0 2024 -26320.329 -27964.530  6.25%     -    2s
     0     0 -27963.033    0 2024 -26320.329 -27963.033  6.24%     -    2s
H    0     0                    -26325.02927 -27927.486  6.09%     -    3s
H    0     0                    -26333.65115 -27927.486  6.05%     -    3s
     0     0 -27927.486    0 2017 -26333.651 -27927.486  6.05%     -    3s
H    0     0                    -26334.68612 -27927.351  6.05%     -    3s
H    0     0                    -26336.64688 -27927.351  6.04%     -    3s
H    0     0                    -26345.15849 -27927.351  6.01%     -    3s
     0     0 -27912.254    0 2148 -26345.158 -27912.254  5.95%     -    3s
     0     0 -27910.571    0 2169 -26345.158 -27910.571  5.94%     -    4s
H    0     0                    -26351.58233 -27910.571  5.92%     -    4s
H    0     0                    -26379.72342 -27861.732  5.62%     -    5s
H    0     0                    -26381.68418 -27861.732  5.61%     -    5s
     0     0 -27861.732    0 2081 -26381.684 -27861.732  5.61%     -    5s
H    0     0                    -26384.60830 -27861.479  5.60%     -    5s
H    0     0                    -26385.43414 -27856.382  5.57%     -    5s
H    0     0                    -26393.39689 -27856.382  5.54%     -    5s
H    0     0                    -26394.43187 -27856.382  5.54%     -    5s
     0     0 -27856.382    0 2178 -26394.432 -27856.382  5.54%     -    5s
     0     0 -27855.581    0 2191 -26394.432 -27855.581  5.54%     -    5s
H    0     0                    -26396.50156 -27855.581  5.53%     -    7s
H    0     0                    -26399.28945 -27855.581  5.52%     -    7s
H    0     0                    -26401.13204 -27855.581  5.51%     -    7s
H    0     0                    -26415.05080 -27855.581  5.45%     -    7s
H    0     0                    -26421.91894 -27855.581  5.43%     -    7s
H    0     0                    -26425.75089 -27825.904  5.30%     -    8s
H    0     0                    -26427.90023 -27825.904  5.29%     -    8s
     0     0 -27825.904    0 2144 -26427.900 -27825.904  5.29%     -    8s
H    0     0                    -26432.24351 -27811.028  5.22%     -    8s
     0     0 -27811.028    0 2197 -26432.244 -27811.028  5.22%     -    8s
     0     0 -27808.660    0 2219 -26432.244 -27808.660  5.21%     -    9s
H    0     0                    -26434.37265 -27808.660  5.20%     -   10s
H    0     0                    -26437.20636 -27791.937  5.12%     -   11s
     0     0 -27791.937    0 2263 -26437.206 -27791.937  5.12%     -   11s
H    0     0                    -26440.23073 -27789.921  5.10%     -   11s
     0     0 -27789.921    0 2281 -26440.231 -27789.921  5.10%     -   11s
     0     0 -27778.122    0 2336 -26440.231 -27778.122  5.06%     -   14s
     0     0 -27778.083    0 2336 -26440.231 -27778.083  5.06%     -   14s
     0     0 -27778.083    0 2331 -26440.231 -27778.083  5.06%     -   14s
     0     2 -27778.064    0 2330 -26440.231 -27778.064  5.06%     -   15s
    93    80 -27207.821   16 1807 -26440.231 -27649.303  4.57%   351   20s
  1173  1148 -26695.864  135 2331 -26440.231 -27518.690  4.08%  46.8   27s
  1180  1153 -27325.058   82 2229 -26440.231 -27518.690  4.08%  46.5   30s
  1186  1157 -27149.157  186 2359 -26440.231 -27518.690  4.08%  46.3   36s
  1189  1159 -26887.802  136 2373 -26440.231 -27518.690  4.08%  46.1   42s
  1190  1159 -27328.478   82 2419 -26440.231 -27518.690  4.08%  46.1   46s
  1193  1161 -26749.685   94 2441 -26440.231 -27518.690  4.08%  46.0   51s
  1195  1163 -27282.204  103 2480 -26440.231 -27518.690  4.08%  45.9   56s
  1197  1164 -26726.726  116 2477 -26440.231 -27518.690  4.08%  45.8   60s
  1199  1165 -27118.254  199 2478 -26440.231 -27518.690  4.08%  45.8   66s
  1201  1167 -26811.520   43 2476 -26440.231 -27518.690  4.08%  45.7   72s
  1202  1170 -27518.690   12 2361 -26440.231 -27518.690  4.08%  86.8   75s
  1212  1183 -27404.943   15 2075 -26440.231 -27518.690  4.08%   114   81s
  1253  1210 -27388.862   19 2005 -26440.231 -27518.690  4.08%   137   85s
  1775  1597 -27214.681   72 1748 -26440.231 -27518.690  4.08%   117   90s
  2659  2148 -27062.914  123 1632 -26440.231 -27518.690  4.08%  91.5   95s
  3036  2409 -26968.152  169 1588 -26440.231 -27518.690  4.08%  89.0  101s
  3509  2647 -26795.656  245 1371 -26440.231 -27518.690  4.08%  87.5  106s
  4031  3072 -26665.390  335 1136 -26440.231 -27518.690  4.08%  84.4  110s
  4612  3422 -27397.051   23 1949 -26440.231 -27518.690  4.08%  83.1  115s
  5110  3867 -27251.785   75 1812 -26440.231 -27518.690  4.08%  82.7  120s
  6172  5173 -27044.093  191 1521 -26440.231 -27518.690  4.08%  76.3  125s
  8459  8013 -26827.744  335 1128 -26440.231 -27518.690  4.08%  62.3  131s
 10997 10986 -26673.028  443  886 -26440.231 -27518.690  4.08%  51.3  135s
 12941 11468 -26482.112  595  590 -26440.231 -27518.690  4.08%  45.9  140s
 13218 11914 -27129.146   22 1613 -26440.231 -27518.690  4.08%  46.6  145s
 16782 15702 -27311.510   25 1988 -26440.231 -27518.690  4.08%  41.2  150s
 18725 17578 -27075.038  104 1705 -26440.231 -27518.690  4.08%  39.4  155s
 20098 18678 -26769.175  231 1339 -26440.231 -27518.690  4.08%  39.0  160s
 21136 19713 -26496.916  443  787 -26440.231 -27518.690  4.08%  38.3  165s
 21936 21106 -27108.495   20 1632 -26440.231 -27518.690  4.08%  39.6  172s
H23056 21308                    -26440.23073 -27518.690  4.08%  39.6  174s
 23321 21300     cutoff   19      -26440.231 -27518.690  4.08%  40.5  176s
 23531 22935 -27099.292  125 1712 -26440.231 -27392.992  3.60%  42.9  180s
 26876 25201 -27048.301  172 1551 -26440.231 -27389.194  3.59%  41.1  185s
 30311 29685 -26961.086  213 1416 -26440.231 -27382.587  3.56%  39.1  190s
 32155 32940 -27071.872   68 1886 -26440.231 -27380.275  3.56%  37.7  197s
 36037 33520 -27344.387   25 2119 -26440.231 -27378.536  3.55%  36.7  202s
 37664 35114 -27335.724   29 2118 -26440.231 -27378.536  3.55%  36.2  205s
 40269 37805 -26769.412  320  980 -26440.231 -27376.861  3.54%  35.4  210s
 42131 39733 -27154.254  103 1763 -26440.231 -27376.832  3.54%  34.5  215s
 45347 42808 -26625.660  474  739 -26440.231 -27376.832  3.54%  33.6  220s
 47731 45180 -26867.388  271 1346 -26440.231 -27373.810  3.53%  33.2  225s
 49913 46941 -26642.102  242 1331 -26440.231 -27373.810  3.53%  32.8  230s
 52455 49743 -27213.211   72 1897 -26440.231 -27373.810  3.53%  32.4  235s
 55284 51916 -27329.835   32 2094 -26440.231 -27373.810  3.53%  31.6  240s
 57191 54001 -26509.251  237 1367 -26440.231 -27373.810  3.53%  31.6  245s
 61306 57894 -26930.432  226 1386 -26440.231 -27369.447  3.51%  30.9  250s
 63776 60106 -27133.394  120 1715 -26440.231 -27366.793  3.50%  30.6  256s
 66327 63037 -26778.555  194 1483 -26440.231 -27364.272  3.49%  30.2  260s
 69199 65058 -27320.460   30 2091 -26440.231 -27363.514  3.49%  29.9  265s
 71071 67304 -26935.469  215 1386 -26440.231 -27363.514  3.49%  29.9  270s
 76284 72088 -27315.561   35 2079 -26440.231 -27363.244  3.49%  28.6  275s
 78166 74578 -26863.241  256 1253 -26440.231 -27362.142  3.49%  28.6  280s
 82119 77638 -26713.802  153 1595 -26440.231 -27362.082  3.49%  28.2  285s
 84908 80389 -27140.146  118 1771 -26440.231 -27362.082  3.49%  28.1  290s
 88835 84121 -26511.115  568  577 -26440.231 -27359.584  3.48%  27.7  295s
 91742 86937 -26969.675  195 1558 -26440.231 -27359.584  3.48%  27.6  300s
 93588 88875 -26835.347  257 1289 -26440.231 -27358.893  3.47%  27.6  305s
 96169 90853 -26881.559  264 1402 -26440.231 -27358.893  3.47%  27.3  310s
 99271 93935 -27231.594   62 1920 -26440.231 -27356.795  3.47%  27.1  315s
 101374 96455 -27236.401   69 1915 -26440.231 -27356.795  3.47%  27.0  320s
 105173 99498 -27254.274   37 2025 -26440.231 -27356.795  3.47%  26.7  325s
 107943 102158 -26452.258  336 1148 -26440.231 -27356.795  3.47%  26.6  330s
 109208 103885 -26959.822  198 1485 -26440.231 -27356.795  3.47%  26.6  335s
 111899 106474 -26791.133  269 1408 -26440.231 -27356.795  3.47%  26.6  341s
 114582 108417 -27339.772   26 2080 -26440.231 -27352.708  3.45%  26.5  345s
 116351 110498 -27271.154   26 2080 -26440.231 -27352.708  3.45%  26.5  350s
 118549 112327 -27146.560   65 1909 -26440.231 -27352.708  3.45%  26.3  355s
 120880 114732 -27122.104   80 1863 -26440.231 -27352.708  3.45%  26.3  360s
 123421 116962 -26695.054  318 1193 -26440.231 -27352.177  3.45%  26.2  365s
 126295 119525 -27305.947   41 2024 -26440.231 -27352.177  3.45%  26.2  370s
 128148 122083 -26895.003  251 1356 -26440.231 -27352.177  3.45%  26.3  376s
 130645 124156 -26574.143  478  737 -26440.231 -27350.940  3.44%  26.0  380s
 132486 125488 -27306.057   34 2076 -26440.231 -27350.940  3.44%  25.8  386s
 133502 126406 -26893.038  225 1350 -26440.231 -27350.940  3.44%  25.8  390s
 137372 130656 -26918.962  250 1391 -26440.231 -27350.481  3.44%  25.7  395s
 140415 133438 -26503.473  600  556 -26440.231 -27350.481  3.44%  25.5  400s
 143103 136030 -26552.833  444  879 -26440.231 -27349.668  3.44%  25.3  406s
 144899 137277 -26806.249  171 1549 -26440.231 -27349.668  3.44%  25.3  410s
 147317 139875 -27094.873  145 1711 -26440.231 -27348.410  3.43%  25.3  415s
 149381 142178 -27208.953   32 2062 -26440.231 -27348.383  3.43%  25.3  422s
 150781 143098 -27273.943   27 2081 -26440.231 -27348.383  3.43%  25.3  426s
 151580 144176 -27139.089   97 1821 -26440.231 -27348.383  3.43%  25.2  431s
 153058 145380 -27297.845   43 2014 -26440.231 -27348.383  3.43%  25.2  435s
 155812 147780 -27224.619   80 1901 -26440.231 -27348.383  3.43%  25.1  440s
 157672 149399 -27198.554   86 1838 -26440.231 -27347.556  3.43%  25.1  445s
 159789 152828 -26783.877  332 1100 -26440.231 -27347.556  3.43%  25.0  450s
 162448 154200 -26544.816  556  566 -26440.231 -27347.556  3.43%  24.8  455s
 164917 156496 -26757.287  199 1451 -26440.231 -27347.385  3.43%  24.7  460s
 166952 158450 -26672.427  353  907 -26440.231 -27347.147  3.43%  24.7  465s
 168716 159953 -27281.163   27 2108 -26440.231 -27346.766  3.43%  24.7  470s
 170897 161866 -27179.187   78 1883 -26440.231 -27346.464  3.43%  24.7  476s
 172407 163218 -26819.965   54 1831 -26440.231 -27345.972  3.43%  24.7  481s
 173170 164211 -26982.484  118 1716 -26440.231 -27345.790  3.42%  24.8  486s
 174209 165045 -27214.438   85 1889 -26440.231 -27345.790  3.42%  24.8  490s
 177477 167971 -27303.107   35 2067 -26440.231 -27345.790  3.42%  24.8  495s
 179154 169908 -26738.040  123 1634 -26440.231 -27345.333  3.42%  24.8  500s
 181911 172545 -27270.384   49 1972 -26440.231 -27344.716  3.42%  24.7  505s
 184124 174125 -27137.787   74 1893 -26440.231 -27344.716  3.42%  24.7  510s
 186654 176992 -26701.719  367 1119 -26440.231 -27344.192  3.42%  24.7  515s
 189808 179721 -27193.457   88 1840 -26440.231 -27344.059  3.42%  24.6  520s
 191847 181454 -26953.041   43 1846 -26440.231 -27344.059  3.42%  24.6  525s
 192730 183092 -26759.390  197 1497 -26440.231 -27344.059  3.42%  24.6  530s
 194595 184890 -27117.805  133 1735 -26440.231 -27343.332  3.42%  24.6  535s
 197987 187469 -27045.262  167 1525 -26440.231 -27343.120  3.41%  24.5  540s
 199278 188855 -26708.581  352 1059 -26440.231 -27343.091  3.41%  24.5  545s
 200809 190156 -27214.856   47 1998 -26440.231 -27343.091  3.41%  24.4  550s
 202240 191768 -27257.475   61 1934 -26440.231 -27343.091  3.41%  24.4  555s
 208681 198187 -26620.396  483  724 -26440.231 -27342.492  3.41%  24.3  560s
 212025 200857 -26832.246  146 1598 -26440.231 -27342.438  3.41%  24.1  565s
 214592 203539 -27322.416   28 2125 -26440.231 -27342.438  3.41%  24.1  570s
 217300 205934 -26811.242   59 1804 -26440.231 -27342.438  3.41%  24.0  575s
 218606 207465 -26916.985  119 1757 -26440.231 -27342.438  3.41%  24.0  580s
 219710 208259 -27124.828   82 1843 -26440.231 -27342.438  3.41%  24.0  585s
 220730 209025 -26941.609  182 1509 -26440.231 -27342.438  3.41%  24.0  590s
 222669 211655 -26680.689  356 1119 -26440.231 -27342.438  3.41%  23.9  595s
 225374 213606 -27062.526  136 1753 -26440.231 -27342.438  3.41%  23.8  600s
 226712 214929 -27065.575  148 1635 -26440.231 -27341.316  3.41%  23.9  605s
 229301 217165 -26440.407  318 1203 -26440.231 -27341.135  3.41%  23.8  610s
 232341 220244 -27109.768   75 1927 -26440.231 -27341.135  3.41%  23.8  615s
 232949 224427 -26705.622  238 1454 -26440.231 -27340.974  3.41%  23.8  623s
 237309 225229 -27276.470   43 2004 -26440.231 -27340.601  3.41%  23.7  625s
 239785 227740 -26939.866  131 1726 -26440.231 -27340.601  3.41%  23.6  630s
 242344 229651 -26785.244  327 1284 -26440.231 -27340.272  3.40%  23.6  635s
 244005 231864 -27202.287   88 1852 -26440.231 -27340.272  3.40%  23.5  640s
 245651 232809 -27283.380   28 2106 -26440.231 -27339.914  3.40%  23.5  646s
 246297 234026 -26905.542  213 1422 -26440.231 -27339.914  3.40%  23.5  652s
 248384 235687 -27245.441   64 1951 -26440.231 -27339.778  3.40%  23.4  655s
 251046 238161 -27176.378   94 1802 -26440.231 -27339.778  3.40%  23.3  661s
 253458 240258 -26922.845  218 1531 -26440.231 -27339.778  3.40%  23.3  665s
 255684 243014 -27247.869   57 1947 -26440.231 -27339.264  3.40%  23.3  670s
 257349 243831 -27130.804  122 1779 -26440.231 -27339.151  3.40%  23.2  675s
 258222 244753 -27026.304  179 1549 -26440.231 -27339.151  3.40%  23.2  681s
 258795 245781 -26920.889  243 1387 -26440.231 -27339.151  3.40%  23.2  686s
 260604 247310 -26507.602  539  647 -26440.231 -27339.151  3.40%  23.2  690s
 263447 250003 -27198.366   43 1989 -26440.231 -27339.151  3.40%  23.1  695s
 264952 251942 -27221.560   47 1964 -26440.231 -27338.748  3.40%  23.1  700s
 266088 252341 -27006.981  172 1625 -26440.231 -27338.748  3.40%  23.1  705s
 266814 252809 -27303.477   36 2073 -26440.231 -27338.748  3.40%  23.1  710s
 268720 255280 -27219.394   82 1881 -26440.231 -27338.748  3.40%  23.1  715s
 270451 256889 -26720.465  388 1104 -26440.231 -27338.748  3.40%  23.1  720s
 271475 257494 -27086.248  127 1798 -26440.231 -27338.748  3.40%  23.1  725s
 272078 258265 -26582.611  419 1008 -26440.231 -27338.355  3.40%  23.1  732s
 272488 258455 -27301.265   37 2063 -26440.231 -27338.355  3.40%  23.1  735s
 273393 259542 -26905.634  234 1454 -26440.231 -27338.355  3.40%  23.1  742s
 274447 260391 -27259.447   26 2080 -26440.231 -27338.355  3.40%  23.1  747s
 274708 261091 -27143.716   53 1899 -26440.231 -27338.355  3.40%  23.1  750s
 275481 263494 -26945.645  116 1764 -26440.231 -27338.110  3.40%  23.1  756s
 278826 264675 -27303.640   41 2056 -26440.231 -27337.848  3.39%  23.0  761s
 280546 266398 -26731.578  341 1259 -26440.231 -27337.848  3.39%  23.0  765s
 282296 268137 -27027.721  150 1682 -26440.231 -27337.848  3.39%  23.0  771s
 283766 269677 -27275.097   44 2042 -26440.231 -27337.848  3.39%  22.9  775s
 285416 271382 -26990.251  204 1553 -26440.231 -27337.848  3.39%  22.9  780s
 287261 272944 -26701.256  395 1003 -26440.231 -27337.355  3.39%  22.9  787s
 287775 273464 -26651.168  443  936 -26440.231 -27337.355  3.39%  22.9  790s
 289838 275064 -27329.632   31 2106 -26440.231 -27337.355  3.39%  22.8  795s
 290263 275545 -27256.337   58 1942 -26440.231 -27337.355  3.39%  22.8  801s
 290905 276357 -27169.264   92 1835 -26440.231 -27337.355  3.39%  22.8  805s
 292125 277090 -27003.267  170 1575 -26440.231 -27337.338  3.39%  22.8  811s
 292310 277624 -26955.800  196 1524 -26440.231 -27337.338  3.39%  22.8  816s
 293125 278512 -26758.587  321 1098 -26440.231 -27337.338  3.39%  22.8  820s
 293591 278959 -26641.522  396  921 -26440.231 -27337.338  3.39%  22.8  825s
 294738 279922 -27292.636   40 2052 -26440.231 -27337.338  3.39%  22.7  830s
 295241 280355 -27118.208   84 1890 -26440.231 -27337.338  3.39%  22.7  837s
 295878 281225 -26780.759  205 1546 -26440.231 -27337.338  3.39%  22.7  842s
 296420 282105 -26446.749  371 1140 -26440.231 -27337.338  3.39%  22.7  845s
 297517 282477 -27137.531  125 1789 -26440.231 -27337.338  3.39%  22.7  851s
 299459 284321 -27223.273   75 1911 -26440.231 -27337.338  3.39%  22.7  855s
 301131 286086 -26929.580  234 1374 -26440.231 -27336.602  3.39%  22.6  860s
 302665 287723 -26614.895  443  848 -26440.231 -27336.602  3.39%  22.6  865s
 304343 289344 -27068.789  135 1756 -26440.231 -27336.602  3.39%  22.6  870s
 305897 290432 -27147.941   95 1836 -26440.231 -27336.602  3.39%  22.6  875s
 307734 292452 -27233.951   49 1980 -26440.231 -27336.602  3.39%  22.6  880s
 310509 294828 -26802.397  289 1140 -26440.231 -27336.113  3.39%  22.6  885s
 312342 296443 -27098.570  113 1738 -26440.231 -27336.113  3.39%  22.5  891s
 313020 297155 -26887.931  235 1373 -26440.231 -27336.113  3.39%  22.6  896s
 313980 298385 -26775.882  300 1211 -26440.231 -27336.113  3.39%  22.5  901s
 314491 298702 -26756.306  328 1159 -26440.231 -27336.113  3.39%  22.5  905s
 315932 300252 -26515.126  548  578 -26440.231 -27336.113  3.39%  22.5  911s
 317138 304750 -27256.211   31 2127 -26440.231 -27335.958  3.39%  22.5  926s
 321768 305589 -26641.095   76 1792 -26440.231 -27335.840  3.39%  22.5  949s
 322100 305950 -26553.531   85 1745 -26440.231 -27335.840  3.39%  22.5  950s
 323528 307142 -27237.953   50 1988 -26440.231 -27335.605  3.39%  22.5  956s
 324232 308110 -27075.635  123 1707 -26440.231 -27335.497  3.39%  22.6  961s
 326400 310244 -26554.426  432  897 -26440.231 -27335.400  3.39%  22.6  965s
 327727 311447 -27080.856  162 1637 -26440.231 -27335.400  3.39%  22.6  970s
 329460 312902 -27158.120  110 1808 -26440.231 -27335.400  3.39%  22.6  975s
 331011 314314 -27329.652   29 2113 -26440.231 -27335.400  3.39%  22.5  981s
 331724 314722 -27152.836  114 1801 -26440.231 -27335.400  3.39%  22.5  986s
 332172 315976 -27033.975  191 1605 -26440.231 -27335.400  3.39%  22.5  990s
 334336 317834 -27275.755   47 1977 -26440.231 -27335.400  3.39%  22.5  995s
 336222 319203 -26458.779  577  299 -26440.231 -27335.400  3.39%  22.4 1001s
 336691 319919 -27220.183   85 1854 -26440.231 -27335.400  3.39%  22.4 1006s
 337593 320587 -26948.923  229 1471 -26440.231 -27334.992  3.38%  22.4 1010s
 339451 322685 -27049.564  160 1587 -26440.231 -27334.992  3.38%  22.4 1016s
 340509 323620 -27294.884   41 2022 -26440.231 -27334.992  3.38%  22.4 1020s
 341743 324502 -27241.556   42 2001 -26440.231 -27334.992  3.38%  22.4 1027s
 342052 325124 -27095.567   88 1839 -26440.231 -27334.992  3.38%  22.4 1031s
 343070 325671 -27313.090   31 2085 -26440.231 -27334.992  3.38%  22.4 1038s
 343296 326139 -27259.142   58 1935 -26440.231 -27334.992  3.38%  22.4 1042s
 344618 327226 -27016.334  203 1540 -26440.231 -27334.992  3.38%  22.4 1047s
 345533 328043 -27294.934   33 2097 -26440.231 -27334.992  3.38%  22.4 1051s
 346676 328970 -26727.383   85 1768 -26440.231 -27334.422  3.38%  22.4 1058s
 347770 330825 -26451.865  126 1597 -26440.231 -27334.422  3.38%  22.4 1060s
 349181 331473 -27007.934  104 1794 -26440.231 -27334.422  3.38%  22.4 1068s
 349397 332460 -26822.438  177 1541 -26440.231 -27334.422  3.38%  22.4 1072s
 350408 332704 -27223.776   64 1932 -26440.231 -27334.422  3.38%  22.4 1075s
 351606 333996 -26765.690  217 1462 -26440.231 -27334.422  3.38%  22.4 1081s
 352627 335098 -26996.984   77 1855 -26440.231 -27334.422  3.38%  22.4 1086s
 353907 336295 -27067.675   48 1950 -26440.231 -27334.422  3.38%  22.4 1090s
 355075 337059 -26665.696   83 1762 -26440.231 -27334.422  3.38%  22.4 1097s
 355496 337441 -27251.781   64 1950 -26440.231 -27334.422  3.38%  22.4 1101s
 355729 337657 -27155.307   99 1857 -26440.231 -27334.422  3.38%  22.4 1105s
 357340 339703 -26826.144  293 1303 -26440.231 -27333.783  3.38%  22.4 1110s
 359571 342559 -26532.410  522  707 -26440.231 -27333.783  3.38%  22.3 1115s
 363137 344694 -27275.408   48 1961 -26440.231 -27333.653  3.38%  22.3 1122s
 365458 346892 -27252.349   61 1965 -26440.231 -27333.495  3.38%  22.2 1125s
 366010 347780 -26958.385  225 1565 -26440.231 -27333.495  3.38%  22.3 1130s
 367694 348905 -27259.636   52 1982 -26440.231 -27333.495  3.38%  22.2 1135s
 368111 349640 -27018.377  173 1569 -26440.231 -27333.495  3.38%  22.2 1141s
 369381 350734 -27241.629   67 1947 -26440.231 -27333.495  3.38%  22.2 1145s
 370210 351861 -27065.264  160 1627 -26440.231 -27333.495  3.38%  22.2 1150s
 372853 354048 -26724.651  392 1030 -26440.231 -27333.206  3.38%  22.2 1155s
 374348 356246 -26553.943  536  642 -26440.231 -27333.206  3.38%  22.1 1160s
 376320 357338 -27008.371   46 1925 -26440.231 -27333.206  3.38%  22.1 1167s
 376450 357444 -26665.952   57 1754 -26440.231 -27333.206  3.38%  22.1 1170s
 376837 357955 -27176.687   85 1844 -26440.231 -27333.206  3.38%  22.1 1176s
 377488 358707 -26936.403  212 1427 -26440.231 -27333.206  3.38%  22.1 1182s
 378240 359127 -27316.942   30 2107 -26440.231 -27333.206  3.38%  22.1 1186s
 378802 359785 -27133.225  131 1754 -26440.231 -27333.206  3.38%  22.1 1191s
 379038 360198 -27035.482  190 1592 -26440.231 -27333.206  3.38%  22.1 1196s
 379471 360647 -26831.916  340 1160 -26440.231 -27333.206  3.38%  22.1 1200s
 381011 362159 -27043.057  104 1829 -26440.231 -27332.935  3.38%  22.1 1207s
 381486 362738 -26935.900  174 1616 -26440.231 -27332.935  3.38%  22.1 1210s
 382065 363320 -26748.374  291 1333 -26440.231 -27332.935  3.38%  22.0 1215s
 382960 363792 -27244.925   39 1996 -26440.231 -27332.867  3.38%  22.0 1220s
 383377 364097 -27056.330  115 1772 -26440.231 -27332.867  3.38%  22.0 1228s
 383723 364447 -26815.473  248 1301 -26440.231 -27332.867  3.38%  22.0 1233s
 383872 365135 -26750.122  292 1134 -26440.231 -27332.867  3.38%  22.0 1235s
 384582 365279 -27322.132   35 2108 -26440.231 -27332.867  3.38%  22.0 1244s
 384743 365391 -27315.682   36 2108 -26440.231 -27332.867  3.38%  22.0 1245s
 386064 367000 -27299.330   38 2069 -26440.231 -27332.820  3.38%  22.0 1250s
 387585 368900 -26850.499  268 1280 -26440.231 -27332.820  3.38%  22.0 1255s
 388620 369442 -27316.312   34 2113 -26440.231 -27332.820  3.38%  22.0 1260s
 390905 373235 -26563.014   94 1699 -26440.231 -27332.820  3.38%  22.0 1266s
 393498 373884 -27241.288   55 1981 -26440.231 -27332.350  3.37%  22.0 1270s
 394516 375229 -26974.502  168 1610 -26440.231 -27332.350  3.37%  22.0 1278s
 395293 375333 -26940.969  208 1541 -26440.231 -27332.350  3.37%  22.0 1281s
 395913 376246 -26791.459  312 1256 -26440.231 -27332.200  3.37%  22.0 1286s
 397472 377714 -26490.695  524  788 -26440.231 -27332.200  3.37%  22.0 1290s
 399860 379842 -27156.800   74 1873 -26440.231 -27332.123  3.37%  22.0 1295s
 402010 381683 -27304.535   36 2093 -26440.231 -27331.968  3.37%  22.0 1301s
 403609 383421 -27199.997   83 1876 -26440.231 -27331.968  3.37%  22.0 1305s
 405442 385004 -27281.314   48 2034 -26440.231 -27331.968  3.37%  21.9 1312s
 405926 385495 -27040.402  153 1712 -26440.231 -27331.968  3.37%  21.9 1317s
 406218 386168 -26912.147  241 1511 -26440.231 -27331.968  3.37%  21.9 1322s
 406891 386520 -26612.461  455  972 -26440.231 -27331.968  3.37%  21.9 1325s
 407796 387100 -27200.208   78 1871 -26440.231 -27331.968  3.37%  21.9 1331s
 407943 387259 -27158.944   97 1823 -26440.231 -27331.968  3.37%  21.9 1335s
 408441 388444 -26887.740  250 1345 -26440.231 -27331.821  3.37%  21.9 1340s
 409915 389034 -27298.260   33 2061 -26440.231 -27331.821  3.37%  21.9 1349s
 410028 389226 -27251.934   57 1938 -26440.231 -27331.821  3.37%  21.9 1350s
 410512 390161 -27056.137  166 1590 -26440.231 -27331.821  3.37%  21.9 1358s
 411155 391092 -26820.460  314 1211 -26440.231 -27331.378  3.37%  21.9 1360s
 412183 391184 -27313.707   30 2113 -26440.231 -27331.378  3.37%  21.9 1365s
 412811 392112 -27171.727   98 1865 -26440.231 -27331.306  3.37%  21.9 1372s
 413235 394025 -27165.249  107 1832 -26440.231 -27331.290  3.37%  21.9 1375s
 416181 395774 -26659.439  416  960 -26440.231 -27331.290  3.37%  21.9 1380s
 417554 396533 -27296.150   33 2048 -26440.231 -27331.290  3.37%  21.9 1385s
 417853 396803 -27176.848   79 1864 -26440.231 -27331.290  3.37%  21.9 1390s
 419803 398619 -27043.128  137 1756 -26440.231 -27331.290  3.37%  21.9 1395s
 420960 400025 -27305.405   39 2061 -26440.231 -27331.290  3.37%  21.9 1401s
 421901 400749 -27075.895  124 1769 -26440.231 -27331.290  3.37%  21.9 1409s
 422223 401016 -26969.732  183 1604 -26440.231 -27331.290  3.37%  21.9 1413s
 422490 401389 -26735.914  331 1207 -26440.231 -27331.290  3.37%  21.9 1417s
 422888 401879 -27302.174   36 2107 -26440.231 -27331.290  3.37%  21.9 1424s
 423428 402285 -26724.791   57 1799 -26440.231 -27331.290  3.37%  21.9 1428s
 423878 402654 -27276.735   31 2068 -26440.231 -27331.290  3.37%  21.9 1433s
 424247 403038 -27151.908   85 1851 -26440.231 -27331.290  3.37%  21.9 1437s
 424631 403391 -27018.385  159 1584 -26440.231 -27331.290  3.37%  21.9 1442s
 425002 403840 -26866.100  252 1293 -26440.231 -27331.290  3.37%  21.9 1446s
 426262 404706     cutoff   29      -26440.231 -27330.984  3.37%  21.8 1457s
 426706 405064 -26980.551   74 1859 -26440.231 -27330.984  3.37%  21.9 1460s
 429425 408119 -26788.263  304 1287 -26440.231 -27330.984  3.37%  21.8 1467s
 430524 408650 -27302.966   34 2080 -26440.231 -27330.841  3.37%  21.9 1471s
 431006 409494 -26815.462  149 1589 -26440.231 -27330.841  3.37%  21.9 1477s
 431691 409756 -27150.970   79 1864 -26440.231 -27330.781  3.37%  21.9 1480s
 432830 411284 -27308.832   34 2102 -26440.231 -27330.736  3.37%  21.9 1485s
 436115 414067 -27168.997   35 2012 -26440.231 -27330.736  3.37%  21.9 1491s
 437175 415190 -26514.872   91 1714 -26440.231 -27330.736  3.37%  21.9 1495s
 438399 416284 -26658.325  172 1560 -26440.231 -27330.721  3.37%  21.9 1500s
 439822 417876 -27061.816  131 1771 -26440.231 -27330.721  3.37%  21.8 1507s
 441315 419211 -27292.426   34 2104 -26440.231 -27330.721  3.37%  21.8 1510s
 442588 420741 -26831.333  256 1229 -26440.231 -27330.721  3.37%  21.8 1515s
 443672 421868 -27206.896   77 1915 -26440.231 -27330.572  3.37%  21.8 1520s
 445137 423117 -26864.985  279 1286 -26440.231 -27330.572  3.37%  21.8 1525s
 447264 425001 -26505.691  580  492 -26440.231 -27330.572  3.37%  21.8 1530s
 450192 427775 -27104.696  125 1791 -26440.231 -27330.572  3.37%  21.8 1535s
 451767 428977 -27294.840   37 2079 -26440.231 -27330.236  3.37%  21.7 1541s
 452468 430122 -27032.096  182 1605 -26440.231 -27330.236  3.37%  21.8 1547s
 454888 432228 -27181.535   98 1845 -26440.231 -27330.164  3.37%  21.7 1550s
 456926 434216 -26619.821  495  859 -26440.231 -27330.164  3.37%  21.7 1555s
 458246 435683 -26652.074  224 1492 -26440.231 -27330.077  3.37%  21.7 1560s
 460237 437807 -26920.969  260 1426 -26440.231 -27330.077  3.37%  21.7 1567s
 461195 437887 -26599.090  496  870 -26440.231 -27330.077  3.37%  21.6 1571s
 461819 438661 -26911.875  128 1693 -26440.231 -27330.077  3.37%  21.7 1575s
 463085 440126 -26920.876  148 1638 -26440.231 -27330.007  3.37%  21.7 1580s
 464671 441994 -27114.754   69 1882 -26440.231 -27330.007  3.37%  21.7 1589s
 465628 442279 -26525.694  312 1206 -26440.231 -27330.007  3.37%  21.7 1594s
 465954 442446 -27272.551   52 1982 -26440.231 -27330.007  3.37%  21.7 1595s
 467512 444479 -26896.759  239 1408 -26440.231 -27330.007  3.37%  21.7 1601s
 468933 445163 -27182.172   67 1890 -26440.231 -27330.007  3.37%  21.7 1606s
 469291 445851 -27082.711  116 1731 -26440.231 -27330.007  3.37%  21.7 1610s
 470138 446475 -27293.751   35 2072 -26440.231 -27330.007  3.37%  21.7 1620s
 470371 446983 -27198.849   77 1857 -26440.231 -27330.007  3.37%  21.7 1625s
 470902 447254 -27075.142  151 1654 -26440.231 -27330.007  3.37%  21.7 1631s
 472148 448468 -26509.230  565  660 -26440.231 -27330.007  3.37%  21.7 1636s
 473783 450040 -27314.836   36 2096 -26440.231 -27329.693  3.36%  21.6 1640s
 474413 450689 -26792.292   68 1785 -26440.231 -27329.693  3.36%  21.7 1646s
 475460 451406     cutoff  135      -26440.231 -27329.693  3.36%  21.7 1650s
 476950 452633 -27276.238   44 2030 -26440.231 -27329.595  3.36%  21.7 1657s
 476962 452925 -27270.291   47 2011 -26440.231 -27329.595  3.36%  21.7 1662s
 478127 454762 -27014.267  185 1542 -26440.231 -27329.595  3.36%  21.7 1667s
 479613 455613 -27309.259   32 2094 -26440.231 -27329.595  3.36%  21.7 1670s
 480857 456602 -26449.323   90 1663 -26440.231 -27329.485  3.36%  21.7 1676s
 482052 458125 -26828.705  181 1579 -26440.231 -27329.485  3.36%  21.7 1681s
 483734 459173 -26978.577  106 1786 -26440.231 -27329.485  3.36%  21.7 1686s
 485223 461032 -27164.494   90 1838 -26440.231 -27329.485  3.36%  21.7 1695s
 486765 462550 -27203.667   85 1881 -26440.231 -27329.485  3.36%  21.7 1702s
 487333 462796 -27098.253  140 1682 -26440.231 -27329.485  3.36%  21.7 1707s
 487601 463173 -27029.649  178 1583 -26440.231 -27329.485  3.36%  21.7 1716s
 487978 463606 -27005.178  192 1541 -26440.231 -27329.485  3.36%  21.7 1720s
 488818 464702 -26902.008  249 1354 -26440.231 -27329.485  3.36%  21.7 1729s
 489527 464908 -26822.423  306 1149 -26440.231 -27329.485  3.36%  21.7 1740s
 490211 465958 -26735.928  374  983 -26440.231 -27329.265  3.36%  21.7 1750s
 491344 466721 -26520.835  546  604 -26440.231 -27329.265  3.36%  21.7 1755s
 491661 467074 -26479.465  576  560 -26440.231 -27329.265  3.36%  21.7 1762s
 492055 467609 -27276.575   36 2054 -26440.231 -27329.265  3.36%  21.6 1766s
 492616 468018 -27127.404   69 1877 -26440.231 -27329.265  3.36%  21.6 1770s
 493300 468676 -26742.854  216 1445 -26440.231 -27329.265  3.36%  21.7 1777s
 493805 468767 -27305.356   38 2102 -26440.231 -27329.265  3.36%  21.7 1780s
 494127 469478 -27223.347   72 1907 -26440.231 -27329.265  3.36%  21.7 1786s
 495076 470334 -27045.971  172 1622 -26440.231 -27329.265  3.36%  21.7 1794s
 495555 470769 -27018.272  193 1541 -26440.231 -27329.190  3.36%  21.7 1796s
 496635 471427 -26790.966  330 1180 -26440.231 -27329.190  3.36%  21.7 1800s

Cutting planes:
  Learned: 3
  Gomory: 65
  Lift-and-project: 2
  Cover: 498
  Projected implied bound: 21
  Clique: 1659
  MIR: 1643
  StrongCG: 479
  Flow cover: 453
  GUB cover: 5
  Inf proof: 11
  Zero half: 211
  RLT: 5
  Relax-and-lift: 874
  BQP: 1

Explored 496706 nodes (10791305 simplex iterations) in 1800.06 seconds (1822.04 work units)
Thread count was 4 (of 24 available processors)

Solution count 10: -26440.2 -26440.2 -26440.2 ... -26415.1

Time limit reached
Best objective -2.644023072915e+04, best bound -2.732918989801e+04, gap 3.3621%

User-callback calls 1497560, time in user-callback 2.43 sec
