
Gurobi 13.0.1 (win64) logging started Wed Oct  7 02:17:31 2026

Set parameter LogFile to value "results/source_summaries/3d/R09/gurobi_extensive.log"
Gurobi Optimizer version 13.0.1 build v13.0.1rc0 (win64 - Windows 11+.0 (26200.2))

CPU model: Intel(R) Core(TM) i7-14650HX, instruction set [SSE2|AVX|AVX2]
Thread count: 16 physical cores, 24 logical processors, using up to 4 threads

Non-default parameters:
TimeLimit  1800
IntFeasTol  1e-06
MIPGap  0.0005
Heuristics  0.2
Cuts  2
Presolve  2
Seed  1
Threads  4

Optimize a model with 5170 rows, 9129 columns and 20060 nonzeros (Min)
Model fingerprint: 0x4fea4802
Model has 3964 linear objective coefficients
Variable types: 5163 continuous, 3966 integer (3963 binary)
Coefficient statistics:
  Matrix range     [1e-01, 4e+01]
  Objective range  [3e+00, 5e+01]
  Bounds range     [1e-01, 3e+01]
  RHS range        [1e+00, 8e+01]

Found heuristic solution: objective 0.0000000
Presolve removed 178 rows and 4948 columns
Presolve time: 0.18s
Presolved: 4992 rows, 4181 columns, 14743 nonzeros
Variable types: 117 continuous, 4064 integer (3829 binary)
Root relaxation presolve removed 1 rows and 1 columns
Root relaxation presolved: 4991 rows, 4180 columns, 14740 nonzeros


Root relaxation: objective -2.802575e+04, 2182 iterations, 0.07 seconds (0.14 work units)

    Nodes    |    Current Node    |     Objective Bounds      |     Work
 Expl Unexpl |  Obj  Depth IntInf | Incumbent    BestBd   Gap | It/Node Time

     0     0 -28025.752    0  573    0.00000 -28025.752      -     -    0s
H    0     0                    -19685.75503 -28025.752  42.4%     -    0s
H    0     0                    -21789.40859 -28025.752  28.6%     -    0s
H    0     0                    -21805.55869 -28025.752  28.5%     -    0s
H    0     0                    -21818.27641 -28025.752  28.5%     -    0s
H    0     0                    -22479.20330 -28025.752  24.7%     -    0s
H    0     0                    -22566.07939 -28025.752  24.2%     -    0s
H    0     0                    -22606.30519 -28025.752  24.0%     -    0s
H    0     0                    -22631.00371 -28025.752  23.8%     -    0s
H    0     0                    -22634.80374 -27582.956  21.9%     -    0s
H    0     0                    -22718.49127 -27582.956  21.4%     -    0s
H    0     0                    -22789.86213 -27582.956  21.0%     -    0s
H    0     0                    -22790.80327 -27582.956  21.0%     -    0s
H    0     0                    -23221.06834 -27582.956  18.8%     -    0s
H    0     0                    -23223.12285 -27582.956  18.8%     -    0s
     0     0 -27565.161    0 1110 -23223.123 -27565.161  18.7%     -    0s
H    0     0                    -23815.97311 -27565.161  15.7%     -    0s
H    0     0                    -23882.30828 -27565.161  15.4%     -    0s
H    0     0                    -24004.62849 -27565.161  14.8%     -    0s
H    0     0                    -24049.77155 -27565.161  14.6%     -    0s
H    0     0                    -24081.21988 -27565.161  14.5%     -    0s
H    0     0                    -24091.74811 -27565.161  14.4%     -    0s
H    0     0                    -24418.26439 -27354.858  12.0%     -    0s
H    0     0                    -24423.01442 -27354.858  12.0%     -    0s
H    0     0                    -24527.38757 -27354.858  11.5%     -    0s
H    0     0                    -24538.78764 -27354.858  11.5%     -    0s
H    0     0                    -24539.73765 -27354.858  11.5%     -    0s
H    0     0                    -24608.75724 -27354.858  11.2%     -    0s
     0     0 -27341.849    0 1434 -24608.757 -27341.849  11.1%     -    0s
H    0     0                    -24629.72207 -27197.144  10.4%     -    0s
H    0     0                    -24642.13685 -27197.144  10.4%     -    0s
H    0     0                    -24661.20664 -27197.144  10.3%     -    0s
H    0     0                    -24730.04450 -27197.144  10.0%     -    0s
H    0     0                    -24760.44773 -27197.144  9.84%     -    0s
     0     0 -26929.377    0 1548 -24760.448 -26929.377  8.76%     -    0s
H    0     0                    -24798.69312 -26929.377  8.59%     -    0s
H    0     0                    -24805.94126 -26929.377  8.56%     -    0s
H    0     0                    -24847.28523 -26929.377  8.38%     -    0s
     0     0 -26827.816    0 1567 -24847.285 -26827.816  7.97%     -    0s
     0     0 -26827.816    0 1563 -24847.285 -26827.816  7.97%     -    0s
     0     0 -26825.528    0 1566 -24847.285 -26825.528  7.96%     -    0s
H    0     0                    -24917.45598 -26825.528  7.66%     -    1s
H    0     0                    -24923.02674 -26825.528  7.63%     -    1s
H    0     0                    -24929.52596 -26825.528  7.61%     -    1s
H    0     0                    -24990.16434 -26787.427  7.19%     -    1s
H    0     0                    -24991.11932 -26787.427  7.19%     -    1s
H    0     0                    -24993.02929 -26787.427  7.18%     -    1s
H    0     0                    -24998.58730 -26787.427  7.16%     -    1s
H    0     0                    -25004.14532 -26787.427  7.13%     -    1s
     0     0 -26777.873    0 1768 -25004.145 -26777.873  7.09%     -    1s
H    0     0                    -25010.59717 -26777.873  7.07%     -    1s
H    0     0                    -25022.51654 -26777.873  7.02%     -    1s
     0     0 -26777.378    0 1768 -25022.517 -26777.378  7.01%     -    1s
     0     0 -26777.378    0 1754 -25022.517 -26777.378  7.01%     -    1s
H    0     0                    -25031.11901 -26777.378  6.98%     -    1s
H    0     0                    -25032.10177 -26777.378  6.97%     -    1s
H    0     0                    -25036.23628 -26777.378  6.95%     -    1s
H    0     0                    -25041.31141 -26777.378  6.93%     -    1s
H    0     2                    -25042.29150 -26777.378  6.93%     -    1s
H    0     2                    -25044.51558 -26777.378  6.92%     -    1s
     0     2 -26777.378    0 1754 -25044.516 -26777.378  6.92%     -    1s
H    3     8                    -25045.49567 -26777.378  6.91%   614    1s
H    9    12                    -25053.99370 -26777.378  6.88%   669    2s
H   10    12                    -25058.97055 -26777.378  6.86%   694    2s
H   29    29                    -25060.87057 -26777.378  6.85%   373    2s
H   29    29                    -25066.04804 -26777.378  6.83%   373    2s
H   46    41                    -25070.70517 -26777.378  6.81%   357    2s
H  113   107                    -25072.60518 -26777.378  6.80%   151    2s
H  120   126                    -25075.40539 -26777.378  6.79%   143    2s
H  174   169                    -25076.33385 -26777.378  6.78%   101    2s
H  182   187                    -25077.33525 -26777.378  6.78%  96.7    2s
  1539  1627 -25253.279  255  380 -25077.335 -26777.378  6.78%  19.0    5s
  1875  1827 -25956.805   37 2247 -25077.335 -26290.598  4.84%  19.1   10s
H 1878  1737                    -25077.33526 -26204.423  4.49%  19.0   11s
  1882  1740 -25537.145  215 2413 -25077.335 -26167.612  4.35%  19.0   15s
  1886  1743 -25808.208   83 2391 -25077.335 -26098.956  4.07%  18.9   21s
  1888  1744 -25541.598  212 2461 -25077.335 -26087.652  4.03%  18.9   25s
  1892  1747 -25415.808  228 2473 -25077.335 -26040.863  3.84%  18.9   31s
  1895  1749 -25802.036   96 2432 -25077.335 -26007.047  3.71%  18.9   36s
  1899  1751 -25986.793   20 2453 -25077.335 -25995.608  3.66%  18.8   40s
  1901  1756 -25995.608   12 2397 -25077.335 -25995.608  3.66%  50.1   45s
  1937  1781 -25909.999   16 2208 -25077.335 -25995.608  3.66%  72.2   50s
  2836  2419 -25522.689  116  639 -25077.335 -25818.423  2.96%  68.7   55s
  4954  3847 -25537.566   93  717 -25077.335 -25817.948  2.95%  45.5   60s
  8872  7362 -25464.680  121  627 -25077.335 -25817.026  2.95%  31.1   65s
 14159 11881 -25734.836   34  924 -25077.335 -25813.646  2.94%  24.9   70s
 17848 15596 -25277.429  124  606 -25077.335 -25804.959  2.90%  23.9   75s
 24362 21522 -25489.910  107  634 -25077.335 -25798.349  2.88%  22.0   80s
 31523 28365 -25773.955   25 1094 -25077.335 -25793.088  2.85%  20.2   85s
 39247 35154 -25140.349  239  400 -25077.335 -25791.510  2.85%  18.9   90s
 44925 40749 infeasible  274      -25077.335 -25790.190  2.84%  18.2   95s
 52282 47456 -25216.619  218  365 -25077.335 -25788.427  2.84%  17.5  100s
 56851 51684 -25534.926   46  856 -25077.335 -25787.467  2.83%  17.4  105s
 63985 58294 -25657.591   47  980 -25077.335 -25786.340  2.83%  17.1  110s
 70702 64176 -25171.835  223  464 -25077.335 -25785.399  2.82%  16.8  115s
 78858 71858 infeasible  261      -25077.335 -25784.674  2.82%  16.4  120s
 85576 78152 -25239.353  196  422 -25077.335 -25783.641  2.82%  16.4  125s
 92753 84392 -25735.814   34 1088 -25077.335 -25783.068  2.81%  16.2  130s
 99361 91171 -25629.187   58  885 -25077.335 -25782.309  2.81%  16.0  135s
 107995 98999 -25671.154   42 1013 -25077.335 -25781.675  2.81%  15.8  140s
 111840 102241 -25236.265  192  430 -25077.335 -25781.227  2.81%  15.8  145s
 113207 103644 -25682.154   50  969 -25077.335 -25781.140  2.81%  15.7  150s
 115828 106822 -25295.106  158  528 -25077.335 -25781.098  2.81%  15.7  155s
 119945 110541 -25182.143  206  380 -25077.335 -25780.797  2.81%  15.5  160s
 123696 113530 -25599.061   57  873 -25077.335 -25780.408  2.80%  15.5  165s
 125796 116416 -25677.735   45  959 -25077.335 -25779.915  2.80%  15.5  170s
 132736 121667 -25617.942   62  895 -25077.335 -25779.153  2.80%  15.4  175s
 138993 127362 -25118.276  200  515 -25077.335 -25778.296  2.80%  15.4  180s
 144868 133033 -25419.181  126  618 -25077.335 -25777.986  2.79%  15.3  185s
 151373 139210 -25281.891  175  525 -25077.335 -25777.325  2.79%  15.2  190s
 157171 144530 -25088.192  151  469 -25077.335 -25777.021  2.79%  15.1  195s
 163008 150013 -25424.808  117  690 -25077.335 -25776.779  2.79%  15.1  200s
 167382 153771 -25309.792   93  682 -25077.335 -25776.691  2.79%  15.0  205s
 175581 161648 -25765.378   28 1139 -25077.335 -25776.271  2.79%  14.9  210s
 183745 169295 -25707.479   38 1009 -25077.335 -25775.802  2.79%  14.8  215s
 188885 173853 -25666.851   51  856 -25077.335 -25775.400  2.78%  14.8  220s
 193199 177964 -25292.877  157  513 -25077.335 -25775.331  2.78%  14.8  225s
 202406 186492 -25703.020   44 1038 -25077.335 -25774.872  2.78%  14.7  231s
 208314 192126 -25286.211  164  475 -25077.335 -25774.694  2.78%  14.6  235s
 213290 196597 -25511.434   78  685 -25077.335 -25774.502  2.78%  14.6  240s
 216023 199216 -25161.950  151  533 -25077.335 -25774.477  2.78%  14.6  245s
 218624 201516 -25616.298   62  942 -25077.335 -25774.364  2.78%  14.6  250s
 222127 204494 -25756.008   29 1055 -25077.335 -25774.198  2.78%  14.6  255s
 228570 210478 -25761.908   24 1120 -25077.335 -25773.643  2.78%  14.6  260s
 232392 213972 -25643.527   57  909 -25077.335 -25773.425  2.78%  14.6  265s
 237888 218986 -25087.506  253  163 -25077.335 -25773.320  2.78%  14.6  270s
 240508 221606 -25760.072   30 1101 -25077.335 -25773.186  2.77%  14.6  275s
 244398 225129 -25477.026  102  680 -25077.335 -25773.068  2.77%  14.6  280s
 252259 231928 -25526.976   76  799 -25077.335 -25772.863  2.77%  14.5  285s
 259214 238584 -25668.898   44 1017 -25077.335 -25772.417  2.77%  14.5  290s
 261785 241048 -25763.776   25 1094 -25077.335 -25772.366  2.77%  14.5  295s
 264752 243931 -25295.965  152  562 -25077.335 -25772.349  2.77%  14.5  300s
 267206 246086 -25433.469  105  722 -25077.335 -25772.272  2.77%  14.4  305s
 269411 248405 -25234.109  109  620 -25077.335 -25772.069  2.77%  14.5  310s
 274833 253201 -25709.218   38 1019 -25077.335 -25771.900  2.77%  14.4  315s
 280464 258191 -25294.487  136  576 -25077.335 -25771.856  2.77%  14.4  320s
 286358 264133 -25270.078  162  527 -25077.335 -25771.671  2.77%  14.4  325s
 291218 268224 -25639.874   60  879 -25077.335 -25771.507  2.77%  14.4  330s
 296440 273436 -25414.064  121  683 -25077.335 -25771.328  2.77%  14.4  335s
 301200 277783 -25612.976   64  915 -25077.335 -25771.077  2.77%  14.3  340s
 304448 280953 -25181.707  202  468 -25077.335 -25770.987  2.77%  14.3  345s
 308821 284587 -25088.896  218  513 -25077.335 -25770.832  2.77%  14.3  350s
 311035 286564 -25467.998  117  679 -25077.335 -25770.798  2.77%  14.3  356s
 313070 288624 -25760.067   27 1098 -25077.335 -25770.694  2.76%  14.3  360s
 315965 291069 -25489.316  107  637 -25077.335 -25770.508  2.76%  14.2  365s
 319768 294669 -25290.652  138  538 -25077.335 -25770.408  2.76%  14.3  370s
 322847 297512 -25203.788  194  440 -25077.335 -25770.299  2.76%  14.3  376s
 324080 298674 -25498.897  117  578 -25077.335 -25770.235  2.76%  14.3  380s
 325875 300402 -25195.945  206  502 -25077.335 -25770.235  2.76%  14.2  385s
 328171 302588 -25556.999   79  735 -25077.335 -25770.187  2.76%  14.2  390s
 330817 304985 -25478.970  113  567 -25077.335 -25770.145  2.76%  14.2  395s
 333012 307157 -25333.369  182  468 -25077.335 -25770.138  2.76%  14.2  401s
 334918 308648 -25142.944  264  312 -25077.335 -25770.132  2.76%  14.2  405s
 336688 310524 -25730.208   32 1030 -25077.335 -25770.064  2.76%  14.2  410s
 338188 311907 -25635.749   66  775 -25077.335 -25769.989  2.76%  14.2  415s
 342705 316041 -25106.501  195  549 -25077.335 -25769.932  2.76%  14.2  420s
 346875 319880 -25333.483  127  682 -25077.335 -25769.771  2.76%  14.2  425s
 353068 325531 -25486.590   74  860 -25077.335 -25769.636  2.76%  14.1  431s
 355131 327792 -25708.950   38 1047 -25077.335 -25769.571  2.76%  14.1  435s
 358014 329984 -25228.238  151  608 -25077.335 -25769.519  2.76%  14.1  440s
 360608 332418 -25692.102   44 1016 -25077.335 -25769.448  2.76%  14.1  445s
 364271 335926 -25210.562  179  503 -25077.335 -25769.396  2.76%  14.2  450s
 365998 337352 -25472.478   98  713 -25077.335 -25769.346  2.76%  14.2  455s
 367981 339109 -25680.745   42  997 -25077.335 -25769.231  2.76%  14.2  460s
 371683 342420 -25763.546   27 1039 -25077.335 -25769.125  2.76%  14.1  465s
 375821 346217 -25657.537   50 1012 -25077.335 -25769.013  2.76%  14.1  470s
 378619 348355 -25754.114   28 1125 -25077.335 -25768.917  2.76%  14.1  475s
 382920 352431 -25102.508  204  536 -25077.335 -25768.861  2.76%  14.1  480s
 387446 356787     cutoff  157      -25077.335 -25768.757  2.76%  14.1  485s
 392924 361809 -25425.196   88  667 -25077.335 -25768.649  2.76%  14.1  490s
 396542 365451 -25607.081   74  761 -25077.335 -25768.393  2.76%  14.2  495s
 399486 368117 -25370.466  146  524 -25077.335 -25768.393  2.76%  14.1  500s
 405228 373399 -25097.222  151  491 -25077.335 -25768.312  2.76%  14.1  505s
 407913 375846 -25633.363   61  903 -25077.335 -25768.255  2.76%  14.1  510s
 410161 377773 -25485.790   94  761 -25077.335 -25768.185  2.75%  14.1  515s
 414229 381463 -25093.009  173  578 -25077.335 -25768.063  2.75%  14.1  520s
 419287 386344 -25369.421  146  493 -25077.335 -25767.956  2.75%  14.1  525s
 421373 388140 -25741.941   33 1058 -25077.335 -25767.923  2.75%  14.0  532s
 422836 389635 -25473.649   97  598 -25077.335 -25767.874  2.75%  14.0  536s
 425997 392390 -25112.770  183  473 -25077.335 -25767.801  2.75%  14.0  542s
 429523 395974 -25344.921  164  526 -25077.335 -25767.722  2.75%  14.0  545s
 431970 398144 -25334.591  131  559 -25077.335 -25767.694  2.75%  14.0  550s
 435518 401486 -25478.700   96  779 -25077.335 -25767.649  2.75%  14.0  555s
 437417 403181 -25228.320  177  557 -25077.335 -25767.608  2.75%  14.0  560s
 440033 405745 -25515.468   87  664 -25077.335 -25767.541  2.75%  14.0  565s
 444840 409996 -25222.793  225  438 -25077.335 -25767.430  2.75%  14.0  570s
 449140 414045 -25283.971  167  563 -25077.335 -25767.355  2.75%  14.0  575s
 451050 415421 -25751.659   28 1083 -25077.335 -25767.305  2.75%  14.0  580s
 453511 417906 -25752.038   26 1136 -25077.335 -25767.276  2.75%  13.9  585s
 456749 420999 -25265.973  179  497 -25077.335 -25767.187  2.75%  13.9  590s
 458401 422433 -25531.318   87  796 -25077.335 -25767.137  2.75%  13.9  596s
 460107 423935 -25656.146   47  987 -25077.335 -25767.121  2.75%  13.9  600s
 463633 427382 -25472.771   95  679 -25077.335 -25767.118  2.75%  13.9  606s
 464862 428269 -25718.803   36 1029 -25077.335 -25767.118  2.75%  13.9  610s
 467712 431219 -25109.210  235  366 -25077.335 -25767.046  2.75%  13.9  615s
 468902 432110 -25750.108   30 1099 -25077.335 -25767.020  2.75%  13.9  620s
 471360 434632 -25688.508   43 1016 -25077.335 -25767.008  2.75%  13.9  625s
 473022 435916 -25754.753   33 1145 -25077.335 -25766.926  2.75%  13.9  631s
 474678 437475 -25284.062  164  587 -25077.335 -25766.926  2.75%  13.9  635s
 477639 440547 -25573.377   71  834 -25077.335 -25766.926  2.75%  13.9  640s
 479366 441966 -25476.480   95  639 -25077.335 -25766.926  2.75%  13.9  645s
 482133 444602 -25478.145   75  750 -25077.335 -25766.720  2.75%  13.9  650s
 484782 446548 -25189.775  226  478 -25077.335 -25766.674  2.75%  13.9  658s
 485476 447374 -25291.468  163  501 -25077.335 -25766.658  2.75%  13.9  661s
 487345 449030 -25738.551   35 1103 -25077.335 -25766.637  2.75%  13.9  668s
 487650 449468 -25596.874   69  848 -25077.335 -25766.606  2.75%  13.9  670s
 489411 451097 -25085.364  259  198 -25077.335 -25766.582  2.75%  13.9  675s
 490906 452225 -25152.896  224  522 -25077.335 -25766.582  2.75%  13.9  680s
 493226 454578 -25314.995  134  597 -25077.335 -25766.504  2.75%  13.9  686s
 495538 456608 -25281.523  129  561 -25077.335 -25766.465  2.75%  13.9  692s
 496824 458016 -25656.912   50  999 -25077.335 -25766.427  2.75%  13.9  695s
 498273 458996 -25747.533   26 1134 -25077.335 -25766.383  2.75%  13.9  700s
 499758 460660 -25523.314   98  607 -25077.335 -25766.383  2.75%  13.9  706s
 501285 461903 -25292.114  178  473 -25077.335 -25766.334  2.75%  13.9  711s
 502587 463019 infeasible  246      -25077.335 -25766.318  2.75%  13.9  715s
 503665 464115 -25457.423  107  582 -25077.335 -25766.278  2.75%  13.9  721s
 505317 465873 -25295.150  184  417 -25077.335 -25766.277  2.75%  13.9  725s
 507516 467501 -25447.040  114  667 -25077.335 -25766.251  2.75%  13.8  731s
 509212 469357 -25209.591  188  403 -25077.335 -25766.191  2.75%  13.9  735s
 511547 471449 -25088.278  209  502 -25077.335 -25766.172  2.75%  13.8  740s
 514169 473719     cutoff  116      -25077.335 -25766.096  2.75%  13.9  745s
 519177 478225 -25303.551  107  620 -25077.335 -25766.002  2.75%  13.8  752s
 521830 480890 -25423.349  125  482 -25077.335 -25765.991  2.75%  13.9  755s
 524774 483463 -25739.472   30 1105 -25077.335 -25765.925  2.75%  13.8  760s
 528919 486940 -25329.718  124  669 -25077.335 -25765.852  2.75%  13.8  765s
 530590 489039 -25579.741   81  905 -25077.335 -25765.843  2.75%  13.8  770s
 534067 492153 -25491.756   96  636 -25077.335 -25765.814  2.75%  13.8  775s
 537117 495005 -25101.794  233  541 -25077.335 -25765.814  2.75%  13.8  781s
 540567 498010 -25312.144  129  648 -25077.335 -25765.691  2.74%  13.8  787s
 542391 499731 -25093.920  206  504 -25077.335 -25765.629  2.74%  13.8  790s
 545223 502484 -25559.899   77  741 -25077.335 -25765.548  2.74%  13.8  795s
 546630 503649 -25308.559  105  646 -25077.335 -25765.537  2.74%  13.8  800s
 547572 504562 -25694.269   43 1029 -25077.335 -25765.537  2.74%  13.8  806s
 549203 506138 -25288.343  170  530 -25077.335 -25765.504  2.74%  13.8  810s
 552036 508846 -25388.573  148  531 -25077.335 -25765.496  2.74%  13.8  816s
 553586 510317 -25137.836  241  358 -25077.335 -25765.472  2.74%  13.8  820s
 554845 511358 -25710.584   34 1037 -25077.335 -25765.472  2.74%  13.8  826s
 556587 513106 -25654.884   55  961 -25077.335 -25765.394  2.74%  13.8  830s
 560264 516198 -25606.820   67  748 -25077.335 -25765.344  2.74%  13.8  835s
 563745 519401 -25536.897   89  725 -25077.335 -25765.337  2.74%  13.8  841s
 566579 522440 -25255.266  206  449 -25077.335 -25765.271  2.74%  13.8  845s
 569850 525351 -25276.096  136  678 -25077.335 -25765.253  2.74%  13.8  850s
 574032 529137 -25646.422   48  944 -25077.335 -25765.194  2.74%  13.8  858s
 575959 530541 -25595.682   72  835 -25077.335 -25765.193  2.74%  13.8  860s
 579446 533705 -25233.751  176  582 -25077.335 -25765.120  2.74%  13.8  865s
 583803 537960 -25271.090  169  585 -25077.335 -25765.064  2.74%  13.8  870s
 587763 541384 -25168.934  134  571 -25077.335 -25764.976  2.74%  13.8  875s
 588520 541975 -25751.654   29 1138 -25077.335 -25764.976  2.74%  13.8  880s
 592986 546327 -25544.336   76  791 -25077.335 -25764.881  2.74%  13.8  885s
 595663 548643 -25189.190  190  470 -25077.335 -25764.820  2.74%  13.8  890s
 598190 550689 -25725.224   40  958 -25077.335 -25764.805  2.74%  13.8  895s
 601545 554183 -25095.510  261  280 -25077.335 -25764.779  2.74%  13.8  900s
 605991 558537 -25529.785   77  741 -25077.335 -25764.754  2.74%  13.7  905s
 609348 561395     cutoff  240      -25077.335 -25764.703  2.74%  13.7  912s
 610383 562324 -25537.723   88  663 -25077.335 -25764.684  2.74%  13.7  916s
 611917 563897 -25383.728  149  540 -25077.335 -25764.666  2.74%  13.7  922s
 612970 564825 -25296.972  186  443 -25077.335 -25764.657  2.74%  13.7  928s
 614243 566025 infeasible  240      -25077.335 -25764.647  2.74%  13.7  933s
 615470 567162 -25381.559  125  651 -25077.335 -25764.642  2.74%  13.7  937s
 617919 569781 infeasible  253      -25077.335 -25764.604  2.74%  13.7  940s
 620570 572075 -25659.307   49 1007 -25077.335 -25764.582  2.74%  13.7  945s
 622972 574257 -25252.574  181  510 -25077.335 -25764.545  2.74%  13.7  951s
 624355 575670 -25596.534   63  831 -25077.335 -25764.537  2.74%  13.7  956s
 626583 577203 -25630.113   49  979 -25077.335 -25764.495  2.74%  13.7  960s
 626680 577720 -25598.661   54  964 -25077.335 -25764.495  2.74%  13.7  965s
 630290 581163 -25298.235  148  665 -25077.335 -25764.446  2.74%  13.7  970s
 633861 584527 -25303.429  156  530 -25077.335 -25764.421  2.74%  13.7  975s
 637965 588253 -25736.958   28 1080 -25077.335 -25764.363  2.74%  13.7  980s
 641067 590786 -25487.003  102  757 -25077.335 -25764.331  2.74%  13.7  985s
 644819 594357 -25728.019   35 1006 -25077.335 -25764.262  2.74%  13.7  990s
 648412 598048 -25602.394   80  790 -25077.335 -25764.236  2.74%  13.7  995s
 649957 599222 -25116.253  191  549 -25077.335 -25764.190  2.74%  13.7 1000s
 651579 600833 -25634.747   64  825 -25077.335 -25764.177  2.74%  13.7 1005s
 656006 604697 -25261.532  139  525 -25077.335 -25764.130  2.74%  13.7 1010s
 659935 608555 -25576.696   69  863 -25077.335 -25764.088  2.74%  13.7 1015s
 663133 611565 -25597.520   75  872 -25077.335 -25764.043  2.74%  13.7 1020s
 666974 614700 -25175.889  122  498 -25077.335 -25763.976  2.74%  13.7 1025s
 669712 617523 -25342.524  150  561 -25077.335 -25763.956  2.74%  13.7 1030s
 672660 620419 -25195.353  187  566 -25077.335 -25763.940  2.74%  13.7 1035s
 676730 624083 -25725.539   33 1010 -25077.335 -25763.875  2.74%  13.7 1040s
 678092 627382 -25623.134   67  911 -25077.335 -25763.875  2.74%  13.7 1045s
 683573 630457 -25660.957   53  926 -25077.335 -25763.802  2.74%  13.7 1050s
 687093 633616 -25527.820   63  814 -25077.335 -25763.770  2.74%  13.7 1057s
 689132 635457 -25722.119   37 1054 -25077.335 -25763.763  2.74%  13.7 1062s
 691074 637067 -25645.775   48  937 -25077.335 -25763.759  2.74%  13.7 1065s
 693657 639769 -25721.491   38 1028 -25077.335 -25763.709  2.74%  13.7 1071s
 694721 640437 -25652.995   51  918 -25077.335 -25763.703  2.74%  13.7 1076s
 698108 643894 -25754.734   27 1135 -25077.335 -25763.701  2.74%  13.6 1080s
 700627 646192 -25438.082  131  537 -25077.335 -25763.668  2.74%  13.6 1087s
 701867 647363 -25245.214  211  515 -25077.335 -25763.663  2.74%  13.6 1093s
 702100 647794 -25223.290  222  499 -25077.335 -25763.663  2.74%  13.6 1098s
 702999 648144 -25587.203   63  839 -25077.335 -25763.653  2.74%  13.6 1100s
 704609 649920 -25261.738  152  610 -25077.335 -25763.605  2.74%  13.6 1105s
 705867 650654 -25575.418   63  840 -25077.335 -25763.591  2.74%  13.6 1112s
 706477 651453 -25728.563   32 1026 -25077.335 -25763.583  2.74%  13.6 1115s
 709786 654616     cutoff  237      -25077.335 -25763.583  2.74%  13.6 1120s
 712788 657269 -25740.058   30 1102 -25077.335 -25763.527  2.74%  13.6 1125s
 714912 659627 -25174.042  204  382 -25077.335 -25763.527  2.74%  13.6 1130s
 718550 662755 -25168.399  128  590 -25077.335 -25763.434  2.74%  13.6 1135s
 720972 664995 -25237.907  199  412 -25077.335 -25763.425  2.74%  13.6 1142s
 722023 665743 -25667.071   47  984 -25077.335 -25763.425  2.74%  13.6 1145s
 722542 666198 -25369.223   97  617 -25077.335 -25763.425  2.74%  13.6 1150s
 724935 668563 -25096.708  206  463 -25077.335 -25763.379  2.74%  13.6 1157s
 725773 669213 -25747.013   31 1088 -25077.335 -25763.379  2.74%  13.6 1162s
 727636 671129 -25555.006   75  799 -25077.335 -25763.379  2.74%  13.6 1168s
 728540 671964 -25340.943  139  631 -25077.335 -25763.379  2.74%  13.6 1172s
 729426 672662 -25457.104   95  724 -25077.335 -25763.379  2.74%  13.6 1176s
 730720 673923 -25159.766  206  401 -25077.335 -25763.298  2.74%  13.6 1181s
 731587 674592 -25157.382  214  560 -25077.335 -25763.298  2.74%  13.6 1185s
 733512 676454 -25591.192   71  856 -25077.335 -25763.266  2.74%  13.6 1190s
 733843 676560 -25108.995  211  503 -25077.335 -25763.266  2.74%  13.6 1195s
 734230 677300 -25637.456   57  885 -25077.335 -25763.266  2.74%  13.6 1200s
 735515 678260 -25355.405  144  532 -25077.335 -25763.230  2.74%  13.6 1208s
 736163 679236 -25205.382  210  443 -25077.335 -25763.230  2.74%  13.6 1210s
 739625 682301 -25175.425  232  400 -25077.335 -25763.193  2.73%  13.6 1215s
 741265 683735 -25508.385   82  670 -25077.335 -25763.139  2.73%  13.6 1220s
 742556 685165 -25263.073  161  530 -25077.335 -25763.139  2.73%  13.6 1228s
 743848 686272 -25092.413  220  382 -25077.335 -25763.139  2.73%  13.6 1230s
 745887 688128 -25667.667   45  928 -25077.335 -25763.101  2.73%  13.6 1235s
 748406 690224 -25581.775   67  912 -25077.335 -25763.080  2.73%  13.6 1241s
 750336 692183 -25394.348  132  629 -25077.335 -25763.027  2.73%  13.6 1248s
 751968 693585 -25476.139  104  645 -25077.335 -25762.970  2.73%  13.6 1254s
 752941 694479 -25292.469  140  559 -25077.335 -25762.966  2.73%  13.6 1255s
 753398 694961 -25571.648   76  830 -25077.335 -25762.966  2.73%  13.6 1260s
 754831 695908 -25740.917   26 1061 -25077.335 -25762.947  2.73%  13.6 1266s
 756367 697329 -25741.737   34 1107 -25077.335 -25762.911  2.73%  13.6 1270s
 756654 697353 -25531.547   60  903 -25077.335 -25762.911  2.73%  13.6 1275s
 756658 697448 -25524.385   61  900 -25077.335 -25762.911  2.73%  13.6 1280s
 756753 697758 -25473.589   69  840 -25077.335 -25762.911  2.73%  13.6 1285s
 757063 698092 -25289.559   97  692 -25077.335 -25762.911  2.73%  13.6 1290s
 757902 698614 -25631.034   61  911 -25077.335 -25762.911  2.73%  13.6 1295s
 760603 701498 infeasible  225      -25077.335 -25762.873  2.73%  13.6 1303s
 762054 702659 -25136.087  220  327 -25077.335 -25762.845  2.73%  13.6 1305s
 763408 704231 -25565.096   89  733 -25077.335 -25762.841  2.73%  13.6 1310s
 764540 705223 -25455.739  119  566 -25077.335 -25762.841  2.73%  13.6 1315s
 765926 706659 -25394.618  149  553 -25077.335 -25762.841  2.73%  13.6 1321s
 766967 707696 -25306.863  180  472 -25077.335 -25762.841  2.73%  13.6 1326s
 768685 708823     cutoff  245      -25077.335 -25762.821  2.73%  13.5 1332s
 770136 710677 -25607.505   64  825 -25077.335 -25762.821  2.73%  13.5 1335s
 771780 712089 -25251.076  181  495 -25077.335 -25762.805  2.73%  13.5 1340s
 772625 712682 -25111.791  215  458 -25077.335 -25762.802  2.73%  13.5 1345s
 773737 713586 -25638.583   46 1023 -25077.335 -25762.776  2.73%  13.5 1351s
 775873 715836 -25299.117  160  660 -25077.335 -25762.760  2.73%  13.5 1355s
 777706 717635 -25349.242  167  439 -25077.335 -25762.726  2.73%  13.5 1360s
 781170 720630 -25379.960  123  592 -25077.335 -25762.681  2.73%  13.5 1365s
 783875 723294 -25295.707  179  462 -25077.335 -25762.675  2.73%  13.5 1373s
 784393 723778 -25226.880  210  410 -25077.335 -25762.675  2.73%  13.5 1376s
 784877 724193 -25157.210  233  384 -25077.335 -25762.675  2.73%  13.5 1381s
 786202 725198 -25262.043  168  621 -25077.335 -25762.675  2.73%  13.5 1386s
 787427 726321 -25675.810   44 1019 -25077.335 -25762.665  2.73%  13.5 1390s
 788111 727119 -25567.953   71  883 -25077.335 -25762.665  2.73%  13.5 1395s
 791719 730636 -25301.808  193  448 -25077.335 -25762.620  2.73%  13.5 1400s
 794341 732752 -25731.680   35 1089 -25077.335 -25762.587  2.73%  13.5 1406s
 796325 734668 -25699.186   40  983 -25077.335 -25762.575  2.73%  13.5 1410s
 799267 737427 -25731.791   31 1133 -25077.335 -25762.541  2.73%  13.5 1415s
 801908 739599 infeasible  151      -25077.335 -25762.541  2.73%  13.5 1423s
 803009 741023 -25298.235  152  555 -25077.335 -25762.468  2.73%  13.5 1425s
 806394 744048 -25255.279  175  581 -25077.335 -25762.459  2.73%  13.5 1430s
 808142 745341 -25722.755   36 1107 -25077.335 -25762.405  2.73%  13.5 1437s
 809278 746670 -25357.577  131  531 -25077.335 -25762.370  2.73%  13.5 1440s
 811398 748652 -25445.259  104  596 -25077.335 -25762.362  2.73%  13.5 1445s
 814699 751505 -25700.588   37 1054 -25077.335 -25762.341  2.73%  13.5 1450s
 818106 754741 -25518.881   94  569 -25077.335 -25762.297  2.73%  13.5 1455s
 820742 757102 -25697.004   42 1068 -25077.335 -25762.277  2.73%  13.5 1460s
 823834 760056 -25722.865   36 1074 -25077.335 -25762.263  2.73%  13.5 1465s
 825198 760898 -25540.544   81  784 -25077.335 -25762.256  2.73%  13.5 1471s
 827159 763108 -25437.263   92  649 -25077.335 -25762.215  2.73%  13.5 1475s
 829850 765733 -25113.357  234  302 -25077.335 -25762.206  2.73%  13.5 1480s
 833005 768566 -25684.583   47 1052 -25077.335 -25762.175  2.73%  13.5 1485s
 833796 769072 -25625.192   58  893 -25077.335 -25762.159  2.73%  13.5 1491s
 835560 770792 -25313.972  131  634 -25077.335 -25762.159  2.73%  13.5 1495s
 838627 773483 -25713.265   38  942 -25077.335 -25762.096  2.73%  13.5 1500s
 841439 776085 -25425.888  117  530 -25077.335 -25762.059  2.73%  13.5 1505s
 842210 776956 -25393.071  137  524 -25077.335 -25762.058  2.73%  13.5 1510s
 844100 778882 -25241.015  211  402 -25077.335 -25762.057  2.73%  13.5 1517s
 845082 779633 -25118.680  245  361 -25077.335 -25762.057  2.73%  13.5 1522s
 846266 780785 -25082.958  238  250 -25077.335 -25762.042  2.73%  13.5 1525s
 849370 783312 -25732.820   32 1072 -25077.335 -25762.004  2.73%  13.5 1530s
 851203 785618 -25118.964  199  446 -25077.335 -25761.972  2.73%  13.5 1535s
 852387 786433 -25404.841   90  697 -25077.335 -25761.964  2.73%  13.5 1540s
 855183 789097 -25703.273   40 1031 -25077.335 -25761.924  2.73%  13.5 1545s
 857158 790616 -25253.056  168  570 -25077.335 -25761.910  2.73%  13.5 1550s
 860189 793988 -25277.259  177  493 -25077.335 -25761.890  2.73%  13.5 1555s
 862511 796085 -25719.296   39 1008 -25077.335 -25761.871  2.73%  13.5 1560s
 863545 796661 -25667.516   43  970 -25077.335 -25761.871  2.73%  13.5 1566s
 865640 798770 -25381.652  107  626 -25077.335 -25761.841  2.73%  13.5 1574s
 866386 799189 -25655.657   47  978 -25077.335 -25761.841  2.73%  13.5 1575s
 866507 799682 -25635.325   56  905 -25077.335 -25761.841  2.73%  13.5 1580s
 867622 800757 -25446.134  102  652 -25077.335 -25761.841  2.73%  13.5 1585s
 868761 801781 -25223.424  188  466 -25077.335 -25761.799  2.73%  13.5 1593s
 869671 802393 -25094.405  249  354 -25077.335 -25761.790  2.73%  13.5 1598s
 869916 802422 -25725.192   35 1035 -25077.335 -25761.790  2.73%  13.5 1602s
 869945 802696 -25725.168   35 1036 -25077.335 -25761.790  2.73%  13.5 1607s
 870235 803166 -25644.483   59  875 -25077.335 -25761.776  2.73%  13.5 1615s
 871827 804728 -25249.688  174  495 -25077.335 -25761.774  2.73%  13.5 1622s
 872840 805459 infeasible  222      -25077.335 -25761.770  2.73%  13.5 1628s
 873172 805872 -25673.105   41 1042 -25077.335 -25761.770  2.73%  13.5 1632s
 873587 806387 -25345.462   90  606 -25077.335 -25761.753  2.73%  13.5 1636s
 874138 806611 -25755.353   31 1147 -25077.335 -25761.743  2.73%  13.5 1640s
 874860 807569 -25569.241   66  810 -25077.335 -25761.743  2.73%  13.5 1645s
 875908 811792 -25385.871  137  650 -25077.335 -25761.743  2.73%  13.5 1652s
 879908 812226 -25500.876  105  545 -25077.335 -25761.685  2.73%  13.5 1658s
 880402 812425 -25742.939   31 1099 -25077.335 -25761.685  2.73%  13.5 1662s
 881543 813619 -25266.969  157  552 -25077.335 -25761.679  2.73%  13.5 1667s
 881893 814005 -25117.294  216  465 -25077.335 -25761.675  2.73%  13.5 1670s
 882633 814670 -25297.074  156  626 -25077.335 -25761.670  2.73%  13.5 1675s
 884231 815815 -25080.672  244  266 -25077.335 -25761.629  2.73%  13.5 1680s
 884292 815860 -25743.649   26 1026 -25077.335 -25761.629  2.73%  13.5 1685s
 886189 818082 -25336.537  137  625 -25077.335 -25761.621  2.73%  13.5 1690s
 888022 819576 -25217.220  177  486 -25077.335 -25761.614  2.73%  13.5 1696s
 888251 819858 -25119.123  222  409 -25077.335 -25761.614  2.73%  13.5 1701s
 889045 820639 -25739.439   25 1096 -25077.335 -25761.599  2.73%  13.5 1706s
 890390 821887 -25143.017  122  511 -25077.335 -25761.599  2.73%  13.5 1715s
 892077 823540 -25725.950   37 1078 -25077.335 -25761.581  2.73%  13.5 1720s
 892582 823715 -25083.938  188  557 -25077.335 -25761.581  2.73%  13.5 1726s
 894783 825964 -25236.056  173  563 -25077.335 -25761.574  2.73%  13.5 1730s
 896699 827687 -25640.280   56  983 -25077.335 -25761.529  2.73%  13.5 1735s
 897541 828446 -25623.171   54  971 -25077.335 -25761.529  2.73%  13.5 1740s
 900037 830626 -25300.882  151  576 -25077.335 -25761.501  2.73%  13.5 1745s
 900736 831422 -25420.878  104  715 -25077.335 -25761.501  2.73%  13.5 1750s
 901267 831514 -25737.089   33 1000 -25077.335 -25761.501  2.73%  13.5 1755s
 901715 832097 -25376.610   95  592 -25077.335 -25761.501  2.73%  13.5 1760s
 902880 833294 -25516.613   92  789 -25077.335 -25761.449  2.73%  13.5 1768s
 903937 834068 -25282.663  137  644 -25077.335 -25761.433  2.73%  13.5 1774s
 904293 834466 -25707.745   32 1092 -25077.335 -25761.429  2.73%  13.5 1775s
 904713 834878 -25313.513  147  519 -25077.335 -25761.429  2.73%  13.5 1780s
 905635 835651 -25194.811  166  601 -25077.335 -25761.429  2.73%  13.5 1791s
 906557 836476 -25284.920  150  483 -25077.335 -25761.429  2.73%  13.5 1798s
 907498 837043 -25099.028  231  467 -25077.335 -25761.429  2.73%  13.5 1800s

Cutting planes:
  Gomory: 15
  Cover: 112
  Projected implied bound: 41
  Dual implied bound: 10
  Clique: 1122
  MIR: 1541
  StrongCG: 376
  Flow cover: 376
  GUB cover: 1
  Inf proof: 18
  Zero half: 465
  Relax-and-lift: 685
  BQP: 6

Explored 907571 nodes (12277601 simplex iterations) in 1800.06 seconds (1224.84 work units)
Thread count was 4 (of 24 available processors)

Solution count 10: -25077.3 -25077.3 -25077.3 ... -25059

Time limit reached
Best objective -2.507733525572e+04, best bound -2.576142854075e+04, gap 2.7279%

User-callback calls 2161589, time in user-callback 3.33 sec
