
Gurobi 13.0.1 (win64) logging started Tue Oct  6 15:53:27 2026

Set parameter LogFile to value "results/source_summaries/2d/B1440/gurobi_extensive.log"
Gurobi Optimizer version 13.0.1 build v13.0.1rc0 (win64 - Windows 11+.0 (26200.2))

CPU model: Intel(R) Core(TM) i7-14700, instruction set [SSE2|AVX|AVX2]
Thread count: 20 physical cores, 28 logical processors, using up to 4 threads

Non-default parameters:
TimeLimit  3600
IntFeasTol  1e-06
MIPGap  0.0005
Heuristics  0.2
Cuts  2
Presolve  2
Seed  1
Threads  4

Optimize a model with 46087 rows, 77766 columns and 167056 nonzeros (Min)
Model fingerprint: 0x06eb78f7
Model has 31684 linear objective coefficients
Variable types: 46082 continuous, 31684 integer (31682 binary)
Coefficient statistics:
  Matrix range     [1e-01, 3e+01]
  Objective range  [2e+00, 5e+01]
  Bounds range     [1e-01, 2e+01]
  RHS range        [1e+00, 8e+01]

Found heuristic solution: objective 0.0000000
Presolve removed 0 rows and 43200 columns (presolve time = 5s)...
Presolve removed 0 rows and 43200 columns
Presolve time: 5.01s
Presolved: 46087 rows, 34566 columns, 123859 nonzeros
Variable types: 2882 continuous, 31684 integer (31682 binary)
Root relaxation presolved: 46087 rows, 34566 columns, 123859 nonzeros

Deterministic concurrent LP optimizer: primal and dual simplex
Showing primal log only...


Root simplex log...

Iteration    Objective       Primal Inf.    Dual Inf.      Time
       0    0.0000000e+00   0.000000e+00   2.038452e+05      5s
Concurrent spin time: 0.00s

Solved with dual simplex

Root simplex log...

Iteration    Objective       Primal Inf.    Dual Inf.      Time
   13223   -3.8319656e+05   0.000000e+00   0.000000e+00      6s

Root relaxation: objective -3.831966e+05, 13223 iterations, 0.73 seconds (1.20 work units)

    Nodes    |    Current Node    |     Objective Bounds      |     Work
 Expl Unexpl |  Obj  Depth IntInf | Incumbent    BestBd   Gap | It/Node Time

     0     0 -383196.56    0 3264    0.00000 -383196.56      -     -    6s
H    0     0                    -346468.3207 -383196.56  10.6%     -    6s
H    0     0                    -349267.5898 -383196.56  9.71%     -    6s
H    0     0                    -349725.0790 -383196.56  9.57%     -    6s
H    0     0                    -349804.7909 -383196.56  9.55%     -    6s
H    0     0                    -349821.6716 -383194.88  9.54%     -    7s
H    0     0                    -349837.5375 -378949.02  8.32%     -    8s
H    0     0                    -350034.5833 -378949.02  8.26%     -    8s
H    0     0                    -350189.5702 -378949.02  8.21%     -    8s
     0     0 -377997.09    0 4534 -350189.57 -377997.09  7.94%     -    8s
H    0     0                    -350199.8025 -377997.09  7.94%     -    8s
H    0     0                    -350236.3264 -376761.36  7.57%     -    9s
     0     0 -376761.36    0 5530 -350236.33 -376761.36  7.57%     -    9s
     0     0 -376761.34    0 5523 -350236.33 -376761.34  7.57%     -    9s
H    0     0                    -350295.3486 -376427.83  7.46%     -   10s
H    0     0                    -350297.2371 -376427.83  7.46%     -   10s
     0     0 -376427.83    0 5799 -350297.24 -376427.83  7.46%     -   10s
H    0     0                    -350325.5238 -376024.16  7.34%     -   11s
H    0     0                    -350339.8855 -376024.16  7.33%     -   11s
H    0     0                    -350391.7002 -376024.16  7.32%     -   11s
H    0     0                    -350396.6855 -376024.16  7.31%     -   11s
H    0     0                    -350399.8403 -376024.16  7.31%     -   11s
     0     0 -376024.16    0 6266 -350399.84 -376024.16  7.31%     -   11s
     0     0 -376001.51    0 6287 -350399.84 -376001.51  7.31%     -   11s
H    0     0                    -350543.7931 -375788.07  7.20%     -   12s
H    0     0                    -350633.5112 -375788.07  7.17%     -   12s
     0     0 -375788.07    0 6836 -350633.51 -375788.07  7.17%     -   12s
     0     0 -375788.04    0 6825 -350633.51 -375788.04  7.17%     -   12s
H    0     0                    -350685.1668 -375755.30  7.15%     -   12s
H    0     0                    -350688.2832 -375755.30  7.15%     -   12s
     0     0 -375755.30    0 7149 -350688.28 -375755.30  7.15%     -   12s
H    0     0                    -350691.5203 -375755.30  7.15%     -   13s
H    0     0                    -350695.8258 -375755.30  7.15%     -   13s
H    0     0                    -350749.6824 -375755.30  7.13%     -   13s
H    0     0                    -350754.7279 -375755.30  7.13%     -   13s
H    0     0                    -350784.2747 -374888.48  6.87%     -   15s
H    0     0                    -350806.5771 -374888.48  6.86%     -   15s
H    0     0                    -350837.5971 -374888.48  6.86%     -   15s
H    0     0                    -350839.7222 -374888.48  6.85%     -   15s
     0     0 -374847.20    0 6342 -350839.72 -374847.20  6.84%     -   15s
H    0     0                    -350848.1893 -374847.20  6.84%     -   16s
H    0     0                    -350871.8532 -374805.11  6.82%     -   16s
H    0     0                    -350873.9901 -374805.11  6.82%     -   16s
     0     0 -374705.41    0 6348 -350873.99 -374705.41  6.79%     -   16s
H    0     0                    -350886.0458 -374183.38  6.64%     -   17s
H    0     0                    -350901.2916 -374183.38  6.63%     -   17s
     0     0 -374016.59    0 7257 -350901.29 -374016.59  6.59%     -   17s
H    0     0                    -350957.7407 -373781.39  6.50%     -   18s
     0     0 -373781.39    0 7283 -350957.74 -373781.39  6.50%     -   19s
H    0     0                    -350997.8300 -373529.48  6.42%     -   19s
     0     0 -373489.31    0 7664 -350997.83 -373489.31  6.41%     -   19s
     0     0 -373326.79    0 7853 -350997.83 -373326.79  6.36%     -   20s
H    0     0                    -351016.9466 -373251.25  6.33%     -   21s
     0     0 -373251.25    0 8021 -351016.95 -373251.25  6.33%     -   21s
     0     0 -373250.08    0 8054 -351016.95 -373250.08  6.33%     -   21s
H    0     0                    -351025.2141 -373250.08  6.33%     -   23s
     0     0 -372900.67    0 8014 -351025.21 -372900.67  6.23%     -   25s
     0     0 -372711.25    0 7744 -351025.21 -372711.25  6.18%     -   26s
     0     0 -372568.00    0 8204 -351025.21 -372568.00  6.14%     -   26s
     0     0 -372516.24    0 8311 -351025.21 -372516.24  6.12%     -   27s
     0     0 -372400.70    0 8374 -351025.21 -372400.70  6.09%     -   27s
     0     0 -372395.21    0 8412 -351025.21 -372395.21  6.09%     -   27s
H    0     0                    -351035.4749 -372395.21  6.08%     -   30s
     0     0 -372288.30    0 8382 -351035.47 -372288.30  6.05%     -   30s
     0     0 -371692.67    0 8344 -351035.47 -371692.67  5.88%     -   33s
     0     0 -371692.67    0 8338 -351035.47 -371692.67  5.88%     -   33s
H    0     0                    -351047.1033 -371407.15  5.80%     -   35s
     0     0 -371407.15    0 8069 -351047.10 -371407.15  5.80%     -   35s
     0     0 -371155.23    0 8424 -351047.10 -371155.23  5.73%     -   37s
     0     0 -371149.74    0 8462 -351047.10 -371149.74  5.73%     -   37s
     0     0 -371126.14    0 8453 -351047.10 -371126.14  5.72%     -   41s
H    0     0                    -351048.1198 -371056.91  5.70%     -   42s
     0     0 -371056.91    0 8541 -351048.12 -371056.91  5.70%     -   42s
     0     0 -371056.91    0 8527 -351048.12 -371056.91  5.70%     -   42s
     0     0 -370981.59    0 8252 -351048.12 -370981.59  5.68%     -   43s
     0     0 -370957.51    0 8855 -351048.12 -370957.51  5.67%     -   44s
     0     0 -370954.88    0 8879 -351048.12 -370954.88  5.67%     -   44s
H    0     0                    -351048.3212 -370954.88  5.67%     -   50s
H    0     0                    -351053.0909 -370733.88  5.61%     -   53s
     0     0 -370733.88    0 8849 -351053.09 -370733.88  5.61%     -   53s
     0     0 -370711.34    0 8840 -351053.09 -370711.34  5.60%     -   53s
     0     0 -370427.00    0 8607 -351053.09 -370427.00  5.52%     -   54s
     0     0 -370380.50    0 8701 -351053.09 -370380.50  5.51%     -   56s
     0     0 -370378.23    0 8723 -351053.09 -370378.23  5.50%     -   56s
     0     0 -370064.74    0 9614 -351053.09 -370064.74  5.42%     -   70s
     0     0 -370053.50    0 9656 -351053.09 -370053.50  5.41%     -   71s
     0     0 -369978.21    0 9711 -351053.09 -369978.21  5.39%     -   75s
     0     0 -369978.13    0 9708 -351053.09 -369978.13  5.39%     -   75s
     0     0 -369978.13    0 9708 -351053.09 -369978.13  5.39%     -   75s
     0     2 -369974.86    0 9708 -351053.09 -369974.86  5.39%     -   83s
     1     4 -369782.81    1 9347 -351053.09 -369974.86  5.39%  2094   87s
    11    32 -366561.25    4 8241 -351053.09 -367431.86  4.67%  2644   90s
   236   241 -366548.19   53 8162 -351053.09 -367431.86  4.67%   130   95s
   347   356 -366539.12   74 8119 -351053.09 -367431.86  4.67%  90.9  100s
   466   479 -366532.74   91 8097 -351053.09 -367431.86  4.67%  69.9  105s
   632   647 -366526.82  102 8079 -351053.09 -367431.86  4.67%  53.2  110s
   711   741 -366518.72  104 8071 -351053.09 -367431.86  4.67%  47.9  115s
   858   890 -366505.53  119 8064 -351053.09 -367431.86  4.67%  40.6  120s
  1023  1104 -366503.55  127 8056 -351053.09 -367431.86  4.67%  35.0  125s
  1674  1781 -366358.58  233 7996 -351053.09 -367431.86  4.67%  24.0  130s
  2049  2147 -366212.25  288 7954 -351053.09 -367431.86  4.67%  20.7  136s
  2351  2458 -366088.87  339 7914 -351053.09 -367431.86  4.67%  19.0  140s
  2889  3039 -365903.64  425 7854 -351053.09 -367431.86  4.67%  16.6  145s
  3594  3774 -365707.45  530 7791 -351053.09 -367431.86  4.67%  14.3  150s
  4125  4360 -365558.39  605 7742 -351053.09 -367431.86  4.67%  13.0  155s
  4603  4828 -365440.60  684 7624 -351053.09 -367431.86  4.67%  12.2  160s
  5179  5158 -366060.84  351 9708 -351053.09 -367431.86  4.67%  11.4  184s
  5181  5159 -358255.34  592 3172 -351053.09 -367431.86  4.67%  11.4  186s
  5185  5162 -358439.29  503 6245 -351053.09 -367431.86  4.67%  11.4  190s
  5191  5166 -358030.45  695 8880 -351053.09 -367431.86  4.67%  11.4  195s
  5195  5169 -358505.88  240 9433 -351053.09 -367431.86  4.67%  11.4  204s
  5197  5170 -358239.96  219 8221 -351053.09 -367431.86  4.67%  11.4  205s
  5200  5172 -366488.47  141 8344 -351053.09 -367431.86  4.67%  11.4  210s
  5201  5173 -356279.80 1251 8380 -351053.09 -367431.86  4.67%  11.3  216s
  5203  5174 -365727.82  521 8535 -351053.09 -367431.86  4.67%  11.3  222s
  5204  5175 -358284.54  573 8615 -351053.09 -367431.86  4.67%  11.3  228s
  5207  5177 -358669.88   78 9015 -351053.09 -367431.86  4.67%  11.3  237s
  5208  5177 -356924.57  968 9044 -351053.09 -367431.86  4.67%  11.3  244s
  5209  5178 -356904.47  982 9053 -351053.09 -367431.86  4.67%  11.3  249s
  5210  5179 -358441.41  327 8953 -351053.09 -367431.86  4.67%  11.3  251s
  5211  5179 -358645.54  108 8956 -351053.09 -367431.86  4.67%  11.3  260s
  5212  5180 -357787.91  524 8957 -351053.09 -367431.86  4.67%  11.3  268s
  5213  5181 -358500.69   67 9094 -351053.09 -367431.86  4.67%  11.3  273s
  5215  5182 -359159.08  168 9198 -351053.09 -367431.86  4.67%  11.3  276s
  5217  5183 -358013.04  347 9353 -351053.09 -367431.86  4.67%  11.3  289s
  5218  5184 -357999.18  364 9224 -351053.09 -367431.86  4.67%  11.3  299s
  5219  5185 -366368.85  215 9226 -351053.09 -367431.86  4.67%  11.3  305s
  5221  5186 -366238.63  280 9341 -351053.09 -367431.86  4.67%  11.3  310s
  5222  5187 -358495.91  267 9385 -351053.09 -367431.86  4.67%  11.3  319s
  5223  5187 -365623.17  575 9426 -351053.09 -367431.86  4.67%  11.3  327s
  5224  5188 -366518.55  117 9553 -351053.09 -367431.86  4.67%  11.3  346s
  5225  5189 -357881.63  763 9588 -351053.09 -367431.86  4.67%  11.3  351s
  5226  5189 -357633.81  866 9695 -351053.09 -367431.86  4.67%  11.3  373s
  5227  5190 -359162.63  166 9650 -351053.09 -367431.86  4.67%  11.3  385s
  5228  5191 -358627.68   27 9697 -351053.09 -367431.86  4.67%  11.3  394s
  5229  5191 -358531.40  215 9777 -351053.09 -367431.86  4.67%  11.3  396s
  5230  5192 -366294.56  259 9839 -351053.09 -367431.86  4.67%  11.3  400s
  5231  5193 -357397.74  944 9929 -351053.09 -367431.86  4.67%  11.3  411s
  5232  5193 -358303.08  555 9991 -351053.09 -367431.86  4.67%  11.3  423s
  5233  5194 -358742.34   22 10044 -351053.09 -367431.86  4.67%  11.3  442s
  5234  5195 -366557.40   19 10038 -351053.09 -367431.86  4.67%  11.3  452s
  5235  5195 -358402.23  518 10056 -351053.09 -367431.86  4.67%  11.3  459s
  5236  5196 -357840.72  790 10098 -351053.09 -367431.86  4.67%  11.3  466s
  5237  5197 -358551.22  456 10076 -351053.09 -367431.86  4.67%  11.3  474s
  5238  5197 -365545.48  616 10070 -351053.09 -367431.86  4.67%  11.3  477s
  5239  5198 -359197.88  151 10070 -351053.09 -367431.86  4.67%  11.3  491s
  5240  5202 -367431.86   13 10963 -351053.09 -367431.86  4.67%  30.5  500s
  5250  5226 -365409.42   16 9354 -351053.09 -366617.31  4.43%  37.7  505s
  5403  5316 -365399.97   31 9347 -351053.09 -366617.31  4.43%  37.7  510s
  5545  5427 -365382.64   42 9319 -351053.09 -366617.31  4.43%  37.1  515s
  5687  5502 -365379.36   54 9323 -351053.09 -366617.31  4.43%  36.5  520s
  5763  5560 -365361.90   60 9309 -351053.09 -366617.31  4.43%  36.2  525s
  5775  5579 -365351.40   64 9303 -351053.09 -366617.31  4.43%  36.2  530s
  5853  5652 -365337.38   73 9295 -351053.09 -366617.31  4.43%  35.9  536s
  6041  5740 -365321.06   94 9240 -351053.09 -366617.31  4.43%  35.2  541s
  6047  5784 -365306.66   95 9254 -351053.09 -366617.31  4.43%  35.1  546s
  6203  5859 -365241.77  113 9242 -351053.09 -366617.31  4.43%  34.5  552s
  6319  5978 -365215.19  127 9237 -351053.09 -366617.31  4.43%  34.1  555s
  6471  6024 -365187.33  144 9213 -351053.09 -366617.31  4.43%  33.7  560s
  6475  6048 -365187.06  145 9212 -351053.09 -366617.31  4.43%  33.7  566s
  6500  6106 -365171.29  152 9204 -351053.09 -366617.31  4.43%  33.7  575s
  6647  6272 -365105.17  167 9183 -351053.09 -366617.31  4.43%  34.5  580s
  7214  6662 -364983.94  210 9083 -351053.09 -366617.31  4.43%  32.8  585s
  7850  7115 -364904.29  252 9031 -351053.09 -366617.31  4.43%  31.3  590s
  8383  7487 -364722.84  295 8956 -351053.09 -366617.31  4.43%  30.2  595s
  9055  7990 -364649.76  351 8839 -351053.09 -366617.31  4.43%  28.7  600s
  9775  8462 -364434.28  407 8743 -351053.09 -366617.31  4.43%  27.5  606s
 10295  8841 -364343.21  454 8679 -351053.09 -366617.31  4.43%  26.7  610s
 11067  9279 -364228.23  519 8544 -351053.09 -366617.31  4.43%  25.7  616s
 11744  9808 -364094.78  580 8431 -351053.09 -366617.31  4.43%  24.9  621s
 12323 10171 -363988.70  630 8370 -351053.09 -366617.31  4.43%  24.3  625s
 12936 10305 -363855.98  686 8301 -351053.09 -366617.31  4.43%  23.7  631s
 12943 10318 -363862.20  687 8300 -351053.09 -366617.31  4.43%  23.7  641s
 13100 10655 -363798.39  706 8302 -351053.09 -366617.31  4.43%  23.6  648s
 13349 10906 -363758.21  734 8258 -351053.09 -366617.31  4.43%  23.3  651s
 14077 11422 -363562.54  807 8172 -351053.09 -366617.31  4.43%  22.6  657s
 14460 11742 -363493.11  840 8103 -351053.09 -366617.31  4.43%  22.2  660s
 14910 11868 -363461.03  883 8027 -351053.09 -366617.31  4.43%  21.9  665s
 15606 12497 -363303.06  949 7932 -351053.09 -366617.31  4.43%  21.4  671s
 16478 13075 -363045.31 1031 7795 -351053.09 -366617.31  4.43%  20.8  677s
 16930 13280 -362888.79 1081 7703 -351053.09 -366617.31  4.43%  20.4  680s
 17781 13909 -362606.64 1169 7619 -351053.09 -366617.31  4.43%  19.8  687s
 18221 14195 -362460.11 1214 7561 -351053.09 -366617.31  4.43%  19.6  690s
 19131 14811 -362252.59 1309 7423 -351053.09 -366617.31  4.43%  19.0  700s
 19882 15184 -361969.11 1396 7413 -351053.09 -366291.64  4.34%  19.6  707s
 20218 15503 -361889.47 1429 7375 -351053.09 -366289.83  4.34%  19.5  710s
 21118 16380 -361700.21 1527 7199 -351053.09 -366289.83  4.34%  19.1  718s
 21741 16701 -361470.09 1594 7072 -351053.09 -366289.83  4.34%  18.7  721s
 22530 17527 -361146.11 1682 6982 -351053.09 -366289.83  4.34%  18.4  728s
 22896 17876 -361015.02 1724 6916 -351053.09 -366289.83  4.34%  18.2  731s
 23671 18701 -360691.62 1809 6808 -351053.09 -366289.83  4.34%  17.9  737s
 24082 19186 -360546.27 1855 6746 -351053.09 -366289.83  4.34%  17.7  740s
 24583 19375 -360371.77 1909 6708 -351053.09 -366289.83  4.34%  17.5  746s
 24774 19703 -360227.69 1948 6631 -351053.09 -366289.83  4.34%  17.4  750s
 25110 19765 -360055.40 1995 6536 -351053.09 -366289.83  4.34%  17.3  760s
 25233 19810 -360033.48 1996 6611 -351053.09 -366289.83  4.34%  17.3  766s
 25282 19964 -360021.98 1996 6610 -351053.09 -366289.83  4.34%  17.5  773s
 25438 20181 -360028.80 1997 6603 -351053.09 -366289.83  4.34%  17.6  780s
 26076 20628 -359839.35 2061 6521 -351053.09 -366289.83  4.34%  17.4  796s
 26126 20903 infeasible 2084      -351053.09 -366289.83  4.34%  17.4  809s
 26407 21320 -359569.63 2136 6399 -351053.09 -366289.83  4.34%  17.3  812s
 26832 21708 -359362.53 2195 6277 -351053.09 -366289.83  4.34%  17.3  816s
 27703 22700 -359038.48 2308 6203 -351053.09 -366289.83  4.34%  17.0  822s
 28238 23133 -358931.70 2377 6074 -351053.09 -366289.83  4.34%  16.9  825s
 29163 24082 -358562.88 2498 5864 -351053.09 -366289.83  4.34%  16.7  831s
 29656 24271 -358258.95 2561 5778 -351053.09 -366289.83  4.34%  16.6  836s
 30231 25108 -357906.82 2648 5695 -351053.09 -366289.83  4.34%  16.4  842s
 30708 25635 -357724.70 2709 5635 -351053.09 -366289.83  4.34%  16.3  845s
 31730 26695 -357252.36 2838 5491 -351053.09 -366289.83  4.34%  16.0  852s
 32679 27455 -356923.37 2954 5347 -351053.09 -366289.83  4.34%  15.8  857s
 33506 28208 -356533.85 3057 5133 -351053.09 -366289.83  4.34%  15.7  862s
 33906 28537 -356367.31 3115 5088 -351053.09 -366289.83  4.34%  15.7  865s
 34639 29344 -356036.01 3219 4912 -351053.09 -366289.83  4.34%  15.7  870s
 35459 30165 -355590.97 3332 4804 -351053.09 -366289.83  4.34%  15.5  875s
 36296 30944 -355244.24 3449 4689 -351053.09 -366289.83  4.34%  15.4  880s
 37122 31654 -354848.99 3565 4502 -351053.09 -366289.83  4.34%  15.3  890s
 37928 32461 -354468.37 3679 4375 -351053.09 -366289.83  4.34%  15.2  895s
 38711 32854 -354153.99 3789 4244 -351053.09 -366289.83  4.34%  15.1  915s
 38715 32856 -354151.06 3790 4241 -351053.09 -366289.83  4.34%  15.1  932s
 38721 32860 -354133.66 3790 4241 -351053.09 -366289.83  4.34%  15.1  965s
 38725 32877 -354129.63 3791 4241 -351053.09 -366289.83  4.34%  15.1  999s
 38744 32910 -354137.17 3791 4247 -351053.09 -366289.83  4.34%  15.1 1016s
 38777 33064 -354133.89 3792 4248 -351053.09 -366289.83  4.34%  15.1 1028s
 38937 33119 -353930.49 3818 4198 -351053.09 -366289.83  4.34%  15.0 1034s
 38994 33253 -353914.15 3819 4200 -351053.09 -366289.83  4.34%  15.0 1039s
 39130 33595 -353803.19 3850 4139 -351053.09 -366289.83  4.34%  15.0 1044s
 39478 33998 -353574.86 3912 4093 -351053.09 -366289.83  4.34%  15.0 1048s
 39905 34425 -353406.06 3973 4029 -351053.09 -366289.83  4.34%  14.9 1051s
 40338 34845 -353189.13 4034 3944 -351053.09 -366289.83  4.34%  14.9 1055s
 41192 35687 -352800.82 4154 3785 -351053.09 -366289.83  4.34%  14.8 1063s
 41634 36114 -352622.60 4217 3718 -351053.09 -366289.83  4.34%  14.7 1066s
 42073 36721 -352406.94 4277 3640 -351053.09 -366289.83  4.34%  14.7 1071s
 42706 37153 -352111.42 4371 3494 -351053.09 -366289.83  4.34%  14.6 1075s
 43580 37979 -351688.35 4497 3354 -351053.09 -366289.83  4.34%  14.5 1082s
 44004 38366 -351435.53 4559 3278 -351053.09 -366289.83  4.34%  14.4 1085s
 44872 39012 -351086.38 4630 3220 -351053.09 -366289.82  4.34%  14.3 1091s
 45616 39774 -366055.30   81 10541 -351053.09 -366289.82  4.34%  14.3 1097s
 46010 40132 -365858.37  123 10462 -351053.09 -366289.82  4.34%  14.2 1101s
 46787 40841 -365567.62  206 10273 -351053.09 -366289.82  4.34%  14.2 1107s
 47113 40845 -365370.93  242 10233 -351053.09 -366289.82  4.34%  14.1 1114s
 47117 40948 -365370.61  243 10233 -351053.09 -366289.82  4.34%  14.1 1120s
 47226 41279 -365214.85  274 10212 -351053.09 -366289.82  4.34%  14.1 1125s
 48004 42106 -364782.67  362 10120 -351053.09 -366289.82  4.34%  14.0 1132s
 48410 42535 -364551.98  408 10055 -351053.09 -366289.82  4.34%  14.0 1136s
 49204 43184 -364184.76  486 9936 -351053.09 -366289.82  4.34%  13.9 1143s
 49582 43589 -364017.28  533 9897 -351053.09 -366285.12  4.34%  14.0 1147s
 50001 43980 -363817.26  578 9799 -351053.09 -366285.12  4.34%  13.9 1150s
 50825 44651 -363401.48  675 9628 -351053.09 -366285.12  4.34%  13.9 1157s
 51093 45052 -363260.96  702 9561 -351053.09 -366285.12  4.34%  13.9 1161s
 51500 45469 -362960.65  748 9506 -351053.09 -366285.12  4.34%  13.8 1165s
 52370 46471 -362541.46  848 9401 -351053.09 -366285.12  4.34%  13.7 1173s
 52961 46878 -362163.65  914 9311 -351053.09 -366285.12  4.34%  13.6 1177s
 53378 47215 -361949.61  963 9242 -351053.09 -366285.12  4.34%  13.6 1181s
 53807 47440 -361789.05 1012 9203 -351053.09 -366285.12  4.34%  13.6 1185s
 54447 48209 -361454.82 1079 9097 -351053.09 -366285.12  4.34%  13.6 1193s
 54817 48436 -361202.70 1129 8999 -351053.09 -366285.12  4.34%  13.6 1197s
 55048 48852 -361081.01 1157 8938 -351053.09 -366285.12  4.34%  13.6 1201s
 55478 49288 -360808.07 1211 8877 -351053.09 -366285.12  4.34%  13.5 1205s
 56405 50425 -360247.34 1322 8750 -351053.09 -366285.12  4.34%  13.5 1213s
 57107 50963 -359868.02 1404 8587 -351053.09 -366284.12  4.34%  13.5 1217s
 57651 51664 -359356.30 1476 8451 -351053.09 -366284.12  4.34%  13.6 1221s
 58358 51816 -358949.54 1566 8341 -351053.09 -366284.12  4.34%  13.5 1228s
 58510 52157 -358860.68 1588 8304 -351053.09 -366284.12  4.34%  13.5 1235s
 59671 53429 -358005.82 1759 8031 -351053.09 -366284.12  4.34%  13.4 1242s
 60165 54043 -357682.20 1835 7893 -351053.09 -366284.12  4.34%  13.5 1245s
 61184 54910 -356852.41 1982 7632 -351053.09 -366284.12  4.34%  13.4 1251s
 61656 55517 -356460.67 2055 7486 -351053.09 -366284.12  4.34%  13.4 1255s
 62875 57071 -365827.78  110 10403 -351053.09 -366284.12  4.34%  13.4 1263s
 63905 57364 -365437.80  177 10306 -351053.09 -366284.12  4.34%  13.4 1265s
 65069 58524 -365124.90  238 10224 -351053.09 -366284.12  4.34%  13.3 1274s
 65362 58976 -365020.20  251 10201 -351053.09 -366284.12  4.34%  13.3 1276s
 66175 59865 -364816.73  298 10154 -351053.09 -366284.12  4.34%  13.3 1280s
 67394 60922 -364533.68  353 10078 -351053.09 -366284.12  4.34%  13.2 1286s
 67961 61636 -364452.20  373 10010 -351053.09 -366284.12  4.34%  13.1 1290s
 68883 62602 -364270.65  411 9968 -351053.09 -366284.12  4.34%  13.1 1295s
 70288 63917 -364011.00  450 9928 -351053.09 -366284.12  4.34%  13.0 1301s
 70903 64029 -366127.09   31 10680 -351053.09 -366282.95  4.34%  13.0 1311s
 70907 64231 -366125.06   32 10676 -351053.09 -366282.95  4.34%  13.0 1316s
 71476 65120 -365940.97   85 10422 -351053.09 -366282.95  4.34%  13.0 1320s
 72338 65830 -365536.88  169 10338 -351053.09 -366282.95  4.34%  13.0 1325s
 73472 67386 -365229.05  234 10215 -351053.09 -366282.95  4.34%  13.0 1334s
 74274 67854 -364951.30  275 10175 -351053.09 -366282.95  4.34%  12.9 1336s
 74966 68617 -364732.06  310 10104 -351053.09 -366282.95  4.34%  12.9 1341s
 75509 68851 -364604.50  335 10039 -351053.09 -366282.95  4.34%  12.9 1346s
 76171 69665 -365969.01   79 10484 -351053.09 -366282.95  4.34%  13.0 1351s
 76999 70404 -365549.56  165 10349 -351053.09 -366282.95  4.34%  13.0 1356s
 77917 71272 -365131.26  241 10224 -351053.09 -366282.95  4.34%  13.0 1361s
 78637 72143 -364954.14  275 10186 -351053.09 -366282.95  4.34%  13.1 1366s
 79548 73002 -364694.54  324 10090 -351053.09 -366282.95  4.34%  13.0 1370s
 80555 73770 -364439.67  373 10016 -351053.09 -366282.95  4.34%  13.0 1383s
 80776 74166 -364312.93  390 9972 -351053.09 -366282.95  4.34%  13.0 1385s
 81709 74935 -364123.65  428 9921 -351053.09 -366282.95  4.34%  12.9 1390s
 82321 75852 -363952.61  445 9843 -351053.09 -366282.95  4.34%  12.9 1395s
 83723 76864 -363627.34  503 9756 -351053.09 -366282.95  4.34%  12.9 1412s
 83930 78373 -363607.95  509 9762 -351053.09 -366282.95  4.34%  12.9 1421s
 85455 78976 -363207.09  596 9587 -351053.09 -366282.95  4.34%  12.8 1425s
 86058 79381 -363094.53  611 9557 -351053.09 -366282.95  4.34%  12.8 1430s
 86913 80421 -362906.84  655 9500 -351053.09 -366282.95  4.34%  12.8 1435s
 88059 81233 -362724.05  694 9421 -351053.09 -366282.95  4.34%  12.7 1440s
 88817 82096 -362629.89  712 9406 -351053.09 -366282.95  4.34%  12.7 1446s
 89732 82668 -362537.82  734 9359 -351053.09 -366280.67  4.34%  12.8 1451s
 90282 83737 -362478.55  746 9353 -351053.09 -366280.67  4.34%  12.7 1456s
 90915 84059 -362400.59  770 9322 -351053.09 -366280.67  4.34%  12.7 1466s
 91789 84948 -362251.22  807 9271 -351053.09 -366280.39  4.34%  12.7 1471s
 92628 85795 -362122.29  835 9250 -351053.09 -366280.39  4.34%  12.7 1476s
 93353 86293 -362007.05  848 9234 -351053.09 -366280.39  4.34%  12.6 1491s
 93981 87598 -361932.83  865 9205 -351053.09 -366280.39  4.34%  12.6 1498s
 94830 87762 -361810.16  898 9154 -351053.09 -366280.39  4.34%  12.6 1500s
 95456 88808 -361649.68  928 9104 -351053.09 -366279.96  4.34%  12.7 1505s
 96554 89575 -361510.11  961 9047 -351053.09 -366279.96  4.34%  12.7 1515s
 97487 90326 infeasible  990      -351053.09 -366279.61  4.34%  12.7 1520s
 98085 91080 -365766.49  116 10360 -351053.09 -366279.61  4.34%  12.8 1525s
 99493 92576 -363467.36  559 9675 -351053.09 -366279.61  4.34%  12.7 1531s
 100032 92737 infeasible  757      -351053.09 -366279.51  4.34%  12.7 1539s
 100211 92986 -366119.66   31 10689 -351053.09 -366279.51  4.34%  12.7 1543s
 100460 93378 -366117.04   32 10688 -351053.09 -366279.51  4.34%  12.7 1546s
 101222 94252 -365302.56  177 10304 -351053.09 -366274.85  4.34%  12.7 1551s
 102106 95024 -366000.45   62 10591 -351053.09 -366274.85  4.34%  12.7 1555s
 102920 95775 -365520.82  133 10383 -351053.09 -366274.85  4.34%  12.7 1560s
 104052 96882 -365372.02  177 10277 -351053.09 -366273.01  4.34%  12.7 1566s
 104436 97652 -366120.54   27 10694 -351053.09 -366273.01  4.34%  12.8 1571s
 105210 97747 -364671.41  274 10200 -351053.09 -366273.01  4.34%  12.7 1583s
 105305 98322 -364405.23  304 10143 -351053.09 -366273.01  4.34%  12.7 1586s
 106274 99288 -361939.50  667 9450 -351053.09 -366273.01  4.34%  12.7 1591s
 107216 100181 -359730.84 1015 8847 -351053.09 -366273.01  4.34%  12.7 1596s
 108225 101210 -357086.07 1415 8195 -351053.09 -366273.01  4.34%  12.7 1600s
 109591 102087 -353217.69 1994 7109 -351053.09 -366273.01  4.34%  12.6 1613s
 109653 102244 -353189.92 1999 7105 -351053.09 -366273.01  4.34%  12.6 1615s
 110247 103042 -351382.89 2275 6608 -351053.09 -366272.60  4.34%  12.6 1620s
 111431 104143 -366120.73   30 10688 -351053.09 -366268.96  4.33%  12.6 1627s
 112417 105239 -364624.80  345 10012 -351053.09 -366268.96  4.33%  12.6 1631s
 113475 106046 infeasible  699      -351053.09 -366266.76  4.33%  12.5 1635s
 113735 106247 -366061.24   49 10622 -351053.09 -366266.76  4.33%  12.6 1647s
 113936 106463 -365842.59   95 10487 -351053.09 -366266.76  4.33%  12.6 1653s
 114160 106849 -365483.78  156 10304 -351053.09 -366266.76  4.33%  12.6 1656s
 114965 107843 infeasible  398      -351053.09 -366265.24  4.33%  12.6 1663s
 115570 108187 -365757.50  119 10394 -351053.09 -366265.24  4.33%  12.6 1666s
 116666 109222 infeasible  462      -351053.09 -366264.96  4.33%  12.5 1671s
 117468 110013 -365638.27  135 10361 -351053.09 -366264.96  4.33%  12.5 1680s
 118280 110921 -365306.54  188 10270 -351053.09 -366264.96  4.33%  12.5 1685s
 118678 111256 -365160.28  214 10233 -351053.09 -366264.96  4.33%  12.5 1695s
 119349 112079 -364993.05  242 10209 -351053.09 -366264.96  4.33%  12.5 1702s
 120234 112943 -364705.18  309 10096 -351053.09 -366264.96  4.33%  12.4 1707s
 121130 113803 -364466.63  351 10053 -351053.09 -366264.96  4.33%  12.4 1712s
 121582 113953 -364399.67  368 10020 -351053.09 -366264.96  4.33%  12.4 1725s
 122098 114779 -364323.03  385 9985 -351053.09 -366264.96  4.33%  12.4 1730s
 122852 115589 -364174.37  413 9946 -351053.09 -366264.96  4.33%  12.4 1735s
 123798 116398 -364019.80  457 9871 -351053.09 -366264.96  4.33%  12.3 1740s
 124191 116565 -363969.95  464 9856 -351053.09 -366264.96  4.33%  12.3 1751s
 124811 117406 -363807.63  500 9736 -351053.09 -366264.96  4.33%  12.3 1756s
 125201 118129 -363761.40  516 9730 -351053.09 -366264.96  4.33%  12.3 1760s
 126397 118930 -363574.21  548 9677 -351053.09 -366264.96  4.33%  12.3 1765s
 127624 120159 -363317.89  591 9623 -351053.09 -366264.96  4.33%  12.2 1772s
 127956 120174 -363227.59  610 9596 -351053.09 -366264.96  4.33%  12.2 1782s
 128329 121016 -363151.97  625 9583 -351053.09 -366264.96  4.33%  12.2 1787s
 129330 121998 -363023.36  652 9557 -351053.09 -366264.96  4.33%  12.2 1791s
 130105 122328 -366050.73   50 10618 -351053.09 -366264.86  4.33%  12.2 1812s
 130187 122501 -366045.86   51 10619 -351053.09 -366264.86  4.33%  12.2 1820s
 130761 123324 -365785.61  105 10457 -351053.09 -366264.86  4.33%  12.1 1826s
 131694 124394 -364151.00  419 9897 -351053.09 -366264.86  4.33%  12.1 1831s
 132504 124990 -366052.82   60 10621 -351053.09 -366263.93  4.33%  12.1 1836s
 133414 125972 -364393.83  331 10093 -351053.09 -366263.93  4.33%  12.1 1840s
 134279 126386 -362360.18  614 9526 -351053.09 -366263.93  4.33%  12.1 1867s
 134283 126772 -362331.22  615 9524 -351053.09 -366263.93  4.33%  12.1 1874s
 134669 127270 -361414.21  752 9261 -351053.09 -366263.93  4.33%  12.1 1876s
 135670 128557 -358963.65 1151 8619 -351053.09 -366263.93  4.33%  12.1 1883s
 136490 128922 -356794.42 1484 7982 -351053.09 -366263.93  4.33%  12.0 1886s
 137404 129964 -354614.53 1814 7381 -351053.09 -366263.93  4.33%  12.0 1890s
 137897 130474 -353282.85 1997 7062 -351053.09 -366263.93  4.33%  12.0 1896s
 138734 131135 -351206.64 2286 6631 -351053.09 -366263.33  4.33%  11.9 1901s
 139539 131729 -365684.93  131 10362 -351053.09 -366263.33  4.33%  11.9 1906s
 140243 132450 infeasible  368      -351053.09 -366261.43  4.33%  11.9 1910s
 141310 133658 -364690.32  296 10102 -351053.09 -366260.73  4.33%  11.9 1916s
 142069 134326 -366040.58   77 10573 -351053.09 -366260.73  4.33%  11.9 1920s
 142794 135142 -365752.72  151 10412 -351053.09 -366260.73  4.33%  11.9 1925s
 143487 135660 -365398.81  216 10270 -351053.09 -366260.73  4.33%  11.9 1941s
 143717 135966 -365254.63  237 10245 -351053.09 -366260.73  4.33%  11.9 1948s
 144031 136276 -365063.50  254 10214 -351053.09 -366260.73  4.33%  11.9 1950s
 144795 137059 infeasible  338      -351053.09 -366260.73  4.33%  11.8 1955s
 145988 138476 -364064.01  461 9882 -351053.09 -366260.73  4.33%  11.8 1963s
 146555 138637 -363754.12  525 9783 -351053.09 -366260.73  4.33%  11.8 1966s
 146718 138902 -363725.42  531 9777 -351053.09 -366260.73  4.33%  11.8 1990s
 147699 140068 -363292.92  624 9634 -351053.09 -366260.73  4.33%  11.8 1997s
 148183 140532 -362958.18  681 9550 -351053.09 -366260.73  4.33%  11.8 2002s
 148671 140993 -362660.06  735 9486 -351053.09 -366260.73  4.33%  11.7 2005s
 149739 142148 -361999.58  861 9328 -351053.09 -366260.73  4.33%  11.7 2011s
 150659 143050 -361337.19  966 9165 -351053.09 -366260.73  4.33%  11.7 2017s
 151563 143837 -366067.38   49 10651 -351053.09 -366258.03  4.33%  11.7 2022s
 152042 143910 -365841.28   87 10476 -351053.09 -366258.03  4.33%  11.7 2049s
 152115 144368 -365831.36   90 10471 -351053.09 -366258.03  4.33%  11.7 2052s
 153091 145404 -365472.89  143 10356 -351053.09 -366258.03  4.33%  11.7 2057s
 153633 145725 infeasible  173      -351053.09 -366257.47  4.33%  11.6 2060s
 154537 146501 infeasible  236      -351053.09 -366256.12  4.33%  11.7 2065s
 155182 147507 -365252.20  180 10242 -351053.09 -366256.12  4.33%  11.7 2071s
 156134 148298 -365996.90   85 10561 -351053.09 -366255.62  4.33%  11.7 2077s
 156599 149161 -366096.12   37 10659 -351053.09 -366255.62  4.33%  11.7 2081s
 157462 149227 -364583.26  288 10106 -351053.09 -366255.62  4.33%  11.7 2101s
 157530 149437 -364150.17  352 10015 -351053.09 -366255.62  4.33%  11.7 2106s
 157742 149605 -363641.54  427 9883 -351053.09 -366255.62  4.33%  11.7 2127s
 158385 150550 -361905.01  700 9521 -351053.09 -366255.62  4.33%  11.7 2133s
 158873 150920 -361065.15  841 9290 -351053.09 -366255.62  4.33%  11.7 2138s
 159251 151460 -360400.79  954 9106 -351053.09 -366255.62  4.33%  11.7 2141s
 160334 152370 -358275.49 1293 8646 -351053.09 -366255.58  4.33%  11.6 2148s
 160797 152777 -366102.83   40 10675 -351053.09 -366255.58  4.33%  11.6 2150s
 161669 153714 -365303.40  189 10268 -351053.09 -366255.58  4.33%  11.6 2156s
 162145 154025 -365115.20  216 10233 -351053.09 -366255.58  4.33%  11.6 2166s
 162456 154263 -364982.53  247 10192 -351053.09 -366255.58  4.33%  11.6 2173s
 162694 154710 -364911.02  266 10156 -351053.09 -366255.58  4.33%  11.6 2176s
 163518 155574 -364705.41  311 10084 -351053.09 -366255.58  4.33%  11.6 2181s
 164442 156272 -364477.05  361 9995 -351053.09 -366255.58  4.33%  11.6 2186s
 164715 156475 -364413.38  366 9988 -351053.09 -366255.58  4.33%  11.6 2204s
 164918 156990 -364381.51  371 9991 -351053.09 -366255.58  4.33%  11.6 2207s
 165433 157282 -364273.47  396 9953 -351053.09 -366255.58  4.33%  11.5 2210s
 166277 158248 -364111.52  442 9881 -351053.09 -366255.58  4.33%  11.5 2215s
 167101 159407 -363913.62  470 9829 -351053.09 -366255.58  4.33%  11.5 2222s
 167850 159679 -363751.57  496 9773 -351053.09 -366255.58  4.33%  11.5 2227s
 168122 160189 -363726.86  506 9754 -351053.09 -366255.58  4.33%  11.5 2230s
 168632 160417 -363639.52  524 9736 -351053.09 -366255.58  4.33%  11.5 2244s
 168860 160880 -363598.30  529 9736 -351053.09 -366255.58  4.33%  11.5 2246s
 169325 161161 -363520.15  550 9708 -351053.09 -366255.58  4.33%  11.5 2251s
 170116 162046 -363363.88  580 9679 -351053.09 -366255.58  4.33%  11.4 2256s
 170491 162116 -363324.04  592 9658 -351053.09 -366255.58  4.33%  11.4 2273s
 170561 162462 -363312.22  594 9647 -351053.09 -366255.58  4.33%  11.4 2282s
 170911 163002 -363250.01  604 9633 -351053.09 -366255.58  4.33%  11.4 2285s
 171692 163727 -363148.21  634 9592 -351053.09 -366255.58  4.33%  11.4 2291s
 172613 164654 -362925.15  667 9564 -351053.09 -366255.58  4.33%  11.4 2297s
 173320 165076 -355076.08 2312 7054 -351053.09 -366255.58  4.33%  11.4 2300s
 174070 165797 -362742.23  706 9492 -351053.09 -366255.58  4.33%  11.3 2325s
 174272 165890 -362714.11  710 9490 -351053.09 -366255.58  4.33%  11.3 2343s
 174365 166273 -362677.59  711 9492 -351053.09 -366255.58  4.33%  11.3 2346s
 175316 167178 -362515.13  755 9427 -351053.09 -366255.58  4.33%  11.3 2351s
 176117 168153 -362392.26  783 9349 -351053.09 -366255.58  4.33%  11.3 2357s
 176634 168522 -362275.71  801 9342 -351053.09 -366255.58  4.33%  11.3 2360s
 177474 169682 -362184.02  823 9317 -351053.09 -366255.58  4.33%  11.3 2367s
 178551 170557 -362024.78  850 9271 -351053.09 -366255.58  4.33%  11.2 2372s
 179042 171005 -361918.63  865 9257 -351053.09 -366255.58  4.33%  11.2 2375s
 179780 171604 -361759.97  874 9230 -351053.09 -366255.58  4.33%  11.2 2382s
 180095 172089 -361708.42  884 9227 -351053.09 -366255.58  4.33%  11.2 2385s
 180949 172764 -361619.07  899 9207 -351053.09 -366255.58  4.33%  11.2 2390s
 181658 173514 -361515.01  917 9185 -351053.09 -366255.36  4.33%  11.2 2396s
 182675 174398 -361422.12  932 9166 -351053.09 -366255.36  4.33%  11.2 2418s
 183026 174919 -361425.32  933 9167 -351053.09 -366255.36  4.33%  11.2 2421s
 183845 175707 -361320.82  945 9136 -351053.09 -366254.51  4.33%  11.2 2426s
 184355 175792 -361243.01  959 9117 -351053.09 -366254.51  4.33%  11.2 2455s
 184442 175922 -361243.88  960 9109 -351053.09 -366254.51  4.33%  11.2 2462s
 185011 176939 -361159.02  982 9067 -351053.09 -366254.51  4.33%  11.2 2467s
 185599 177351 -361087.90  993 9050 -351053.09 -366254.51  4.33%  11.1 2470s
 186552 177995 -360969.79 1013 9023 -351053.09 -366252.63  4.33%  11.2 2492s
 186717 178264 -360966.68 1015 9021 -351053.09 -366252.63  4.33%  11.2 2498s
 186986 178646 -360907.42 1030 8999 -351053.09 -366252.63  4.33%  11.1 2504s
 187368 178914 -360844.13 1038 8980 -351053.09 -366252.63  4.33%  11.1 2507s
 188150 180084 -360732.50 1054 8954 -351053.09 -366252.63  4.33%  11.1 2514s
 188812 180545 -360634.84 1074 8932 -351053.09 -366252.63  4.33%  11.1 2517s
 189273 180662 -360585.25 1086 8921 -351053.09 -366252.63  4.33%  11.1 2546s
 189390 180861 -360560.47 1087 8920 -351053.09 -366252.63  4.33%  11.1 2550s
 190057 181792 -360449.62 1116 8887 -351053.09 -366252.63  4.33%  11.1 2560s
 191066 182814 -360305.05 1144 8855 -351053.09 -366252.29  4.33%  11.1 2566s
 192019 183818 -360195.20 1167 8824 -351053.09 -366252.29  4.33%  11.1 2572s
 192584 184219 -360081.99 1189 8800 -351053.09 -366252.29  4.33%  11.1 2575s
 193555 185193 -359887.38 1221 8742 -351053.09 -366252.29  4.33%  11.1 2581s
 194564 185877 -359782.69 1254 8700 -351053.09 -366252.29  4.33%  11.1 2613s
 194659 186268 -359721.48 1272 8684 -351053.09 -366252.29  4.33%  11.1 2619s
 195060 186832 -359676.38 1279 8674 -351053.09 -366252.29  4.33%  11.1 2622s
 195624 187409 -359596.96 1295 8660 -351053.09 -366252.29  4.33%  11.1 2625s
 196631 188252 -359479.12 1309 8604 -351053.09 -366252.29  4.33%  11.0 2632s
 197070 188739 -359428.12 1318 8576 -351053.09 -366252.29  4.33%  11.0 2635s
 197911 189370 -359358.78 1332 8566 -351053.09 -366252.12  4.33%  11.0 2640s
 198756 190489 -359265.10 1345 8548 -351053.09 -366252.12  4.33%  11.0 2647s
 199421 190968 -359214.08 1353 8548 -351053.09 -366252.12  4.33%  11.0 2650s
 199908 191131 -359179.57 1359 8531 -351053.09 -366252.12  4.33%  11.0 2670s
 200073 191557 -359167.05 1361 8534 -351053.09 -366252.12  4.33%  11.0 2677s
 200511 191980 -359118.50 1375 8500 -351053.09 -366252.12  4.33%  11.0 2684s
 200938 192396 -359091.95 1376 8493 -351053.09 -366252.12  4.33%  11.0 2687s
 201356 192666 -359077.62 1384 8486 -351053.09 -366252.12  4.33%  11.0 2690s
 202145 193766 -358991.65 1394 8473 -351053.09 -366252.12  4.33%  10.9 2697s
 202760 194164 -358966.59 1397 8472 -351053.09 -366252.10  4.33%  11.0 2700s
 203615 195097 -358866.70 1417 8449 -351053.09 -366252.10  4.33%  10.9 2706s
 204487 195932 -358712.32 1442 8413 -351053.09 -366252.03  4.33%  10.9 2711s
 204976 196250 -358613.85 1449 8384 -351053.09 -366252.03  4.33%  10.9 2715s
 205630 196980 -358596.24 1455 8385 -351053.09 -366252.03  4.33%  10.9 2721s
 206032 197370 -358577.69 1458 8379 -351053.09 -366252.03  4.33%  10.9 2738s
 206424 197581 -358534.20 1465 8369 -351053.09 -366252.03  4.33%  10.9 2757s
 206637 198059 -358493.99 1475 8348 -351053.09 -366252.03  4.33%  10.9 2760s
 207445 198742 -358416.91 1494 8323 -351053.09 -366252.03  4.33%  10.9 2767s
 207812 198972 -358394.27 1496 8324 -351053.09 -366252.03  4.33%  10.9 2799s
 208046 199292 -358359.50 1509 8302 -351053.09 -366252.03  4.33%  10.9 2802s
 208390 199650 -358301.27 1515 8290 -351053.09 -366252.03  4.33%  10.9 2805s
 208750 200051 -358251.93 1520 8284 -351053.09 -366252.03  4.33%  10.9 2828s
 209157 200602 -358198.33 1529 8277 -351053.09 -366252.03  4.33%  10.9 2841s
 209855 201243 -351792.31 2889 6318 -351053.09 -366252.03  4.33%  10.9 2845s
 210648 201776 -358047.86 1557 8245 -351053.09 -366248.89  4.33%  10.9 2850s
 211033 202091 -357995.64 1571 8228 -351053.09 -366248.89  4.33%  10.9 2866s
 211348 202221 -357965.55 1572 8223 -351053.09 -366248.89  4.33%  10.9 2870s
 211478 202557 -357958.53 1571 8224 -351053.09 -366248.89  4.33%  10.9 2880s
 212389 203684 -357835.80 1600 8181 -351053.09 -366248.89  4.33%  10.9 2888s
 212943 204120 -357799.79 1612 8163 -351053.09 -366248.89  4.33%  10.9 2892s
 213387 204694 -357743.72 1618 8146 -351053.09 -366248.89  4.33%  10.9 2895s
 214293 205316 -357653.77 1650 8074 -351053.09 -366247.38  4.33%  10.9 2902s
 214605 205706 -357580.20 1655 8067 -351053.09 -366247.38  4.33%  10.9 2905s
 215595 206890 -357506.80 1674 8041 -351053.09 -366247.38  4.33%  10.9 2912s
 216197 207307 -357430.57 1695 8028 -351053.09 -366247.38  4.33%  10.9 2916s
 216614 207930 -357406.41 1698 8029 -351053.09 -366247.38  4.33%  10.9 2920s
 217648 208751 infeasible 1721      -351053.09 -366247.38  4.33%  10.9 2927s
 218078 208982 -357266.77 1729 7975 -351053.09 -366247.38  4.33%  10.9 2957s
 218309 209184 -357220.05 1737 7969 -351053.09 -366247.38  4.33%  10.9 2962s
 218565 209706 -357182.38 1742 7958 -351053.09 -366247.38  4.33%  10.9 2965s
 219543 211022 -357130.08 1756 7936 -351053.09 -366247.38  4.33%  10.9 2975s
 220657 211471 -356991.07 1783 7885 -351053.09 -366247.38  4.33%  10.8 2980s
 221297 211882 -356909.61 1796 7867 -351053.09 -366247.16  4.33%  10.8 2997s
 221461 212052 -356929.05 1799 7858 -351053.09 -366247.16  4.33%  10.8 3017s
 221631 212450 -356909.42 1800 7860 -351053.09 -366247.16  4.33%  10.8 3021s
 222562 213531 -356847.52 1817 7838 -351053.09 -366247.16  4.33%  10.8 3028s
 223116 213928 -356778.94 1831 7808 -351053.09 -366247.16  4.33%  10.8 3031s
 223515 214430 -356726.57 1839 7801 -351053.09 -366247.16  4.33%  10.8 3035s
 224580 215225 -356674.05 1856 7778 -351053.09 -366247.16  4.33%  10.8 3041s
 225285 215836 -356575.94 1873 7747 -351053.09 -366244.81  4.33%  10.8 3047s
 225455 216224 -356582.97 1872 7751 -351053.09 -366244.81  4.33%  10.8 3050s
 225843 216427 -356554.32 1878 7749 -351053.09 -366244.81  4.33%  10.8 3083s
 226046 216975 -356515.73 1886 7738 -351053.09 -366244.81  4.33%  10.8 3086s
 226911 217766 -356432.09 1901 7720 -351053.09 -366243.68  4.33%  10.8 3092s
 227409 218110 -356367.95 1917 7681 -351053.09 -366243.68  4.33%  10.8 3095s
 228286 218761 -356248.48 1944 7629 -351053.09 -366243.68  4.33%  10.8 3102s
 228450 219087 -356260.70 1948 7625 -351053.09 -366243.23  4.33%  10.8 3105s
 228776 219091 -356219.67 1958 7610 -351053.09 -366243.23  4.33%  10.8 3146s
 228780 219586 -356220.28 1955 7624 -351053.09 -366243.23  4.33%  10.8 3151s
 229429 220111 -356172.12 1965 7601 -351053.09 -366243.23  4.33%  10.8 3158s
 229822 221067 -356145.73 1980 7573 -351053.09 -366243.23  4.33%  10.8 3163s
 230786 221171 -356101.56 1987 7568 -351053.09 -366243.23  4.33%  10.8 3166s
 231162 221835 -356043.62 1999 7536 -351053.09 -366237.83  4.33%  10.9 3171s
 232085 222431 -355960.62 2016 7513 -351053.09 -366237.83  4.33%  10.9 3180s
 232218 222582 -355940.06 2022 7501 -351053.09 -366228.95  4.32%  10.9 3196s
 232369 222756 -355897.04 2030 7488 -351053.09 -366228.95  4.32%  10.9 3201s
 232543 222976 -355880.58 2037 7489 -351053.09 -366228.95  4.32%  10.9 3211s
 232763 223265 -355832.62 2045 7476 -351053.09 -366228.95  4.32%  10.9 3219s
 233052 223727 -355792.30 2054 7471 -351053.09 -366228.95  4.32%  10.9 3222s
 233514 224072 -355733.27 2069 7446 -351053.09 -366228.95  4.32%  10.9 3226s
 234316 224894 -355656.32 2087 7413 -351053.09 -366228.95  4.32%  10.9 3233s
 234687 225343 -355611.29 2098 7401 -351053.09 -366228.95  4.32%  10.9 3237s
 235140 225811 -355566.71 2106 7375 -351053.09 -366228.95  4.32%  10.9 3240s
 235930 226408 -355519.19 2117 7387 -351053.09 -366228.95  4.32%  10.9 3247s
 236301 226776 -366062.67   49 10636 -351053.09 -366228.95  4.32%  10.9 3251s
 236669 227035 -365391.75  152 10324 -351053.09 -366228.95  4.32%  10.9 3294s
 236930 227416 -364527.21  314 10023 -351053.09 -366225.08  4.32%  10.9 3305s
 237681 228103 -365263.22  189 10293 -351053.09 -366225.08  4.32%  10.9 3313s
 238082 228745 -364491.07  317 10069 -351053.09 -366225.08  4.32%  10.9 3317s
 238726 229346 -363356.46  519 9769 -351053.09 -366225.08  4.32%  10.9 3322s
 239361 229562 infeasible  762      -351053.09 -366225.08  4.32%  10.9 3325s
 240015 230584 -365361.24  175 10280 -351053.09 -366225.08  4.32%  11.0 3333s
 240671 231372 -364397.92  347 10018 -351053.09 -366212.78  4.32%  11.0 3339s
 241489 231519 -365685.00  123 10382 -351053.09 -366212.78  4.32%  11.0 3341s
 241988 232412 -364696.48  311 10089 -351053.09 -366212.78  4.32%  11.0 3348s
 242567 232878 -363317.06  487 9827 -351053.09 -366212.78  4.32%  11.0 3357s
 243037 233374 -362344.94  632 9611 -351053.09 -366201.58  4.32%  11.0 3361s
 243725 233843 -366006.78   85 10557 -351053.09 -366201.58  4.32%  11.1 3366s
 244078 234269 -365909.82  114 10417 -351053.09 -366201.58  4.32%  11.1 3370s
 244841 234959 -365633.86  184 10311 -351053.09 -366201.58  4.32%  11.1 3376s
 245449 235416 -365389.19  257 10152 -351053.09 -366201.58  4.32%  11.1 3383s
 245679 235705 -365169.45  285 10100 -351053.09 -366201.58  4.32%  11.1 3386s
 246424 236441 -364612.38  365 10001 -351053.09 -366201.58  4.32%  11.1 3393s
 246718 236828 -364380.84  399 9948 -351053.09 -366201.58  4.32%  11.1 3396s
 247107 237182 -364056.68  448 9893 -351053.09 -366201.58  4.32%  11.1 3400s
 247847 237845 -363528.01  528 9756 -351053.09 -366201.58  4.32%  11.1 3407s
 248188 238116 -363360.98  568 9685 -351053.09 -366201.58  4.32%  11.1 3411s
 248461 238534 -363040.12  602 9645 -351053.09 -366201.58  4.32%  11.1 3415s
 249282 239305 -362717.37  698 9509 -351053.09 -366201.58  4.32%  11.1 3422s
 249752 239794 -362504.07  749 9419 -351053.09 -366201.58  4.32%  11.1 3426s
 250255 240329 -362196.75  805 9344 -351053.09 -366201.58  4.32%  11.1 3430s
 250796 241024 -361990.28  851 9250 -351053.09 -366201.58  4.32%  11.1 3435s
 251497 241122 -361660.64  912 9181 -351053.09 -366201.58  4.32%  11.1 3489s
 251613 242352 -361647.32  914 9185 -351053.09 -366201.58  4.32%  11.1 3569s
 252877 243209 -360941.55 1052 8970 -351053.09 -366201.58  4.32%  11.1 3579s
 253734 243612 infeasible 1147      -351053.09 -366201.58  4.32%  11.1 3584s
 254181 243858 -365873.13  122 10487 -351053.09 -366201.58  4.32%  11.1 3588s
 254427 244377 -365564.93  183 10323 -351053.09 -366201.58  4.32%  11.1 3594s
 254962 245154 -364778.55  328 10070 -351053.09 -366201.58  4.32%  11.1 3600s

Cutting planes:
  Gomory: 523
  Lift-and-project: 46
  Cover: 2513
  MIR: 6188
  Mixing: 2
  StrongCG: 2398
  Flow cover: 1029
  GUB cover: 173
  Zero half: 437
  RLT: 57
  Relax-and-lift: 313

Explored 255747 nodes (2934479 simplex iterations) in 3600.71 seconds (2558.76 work units)
Thread count was 4 (of 28 available processors)

Solution count 10: -351053 -351048 -351048 ... -350901

Time limit reached
Best objective -3.510530908729e+05, best bound -3.662015751287e+05, gap 4.3152%

User-callback calls 922903, time in user-callback 3.65 sec
