
Gurobi 13.0.1 (win64) logging started Wed Oct  7 09:11:46 2026

Set parameter LogFile to value "results/source_summaries/2d/B0900/gurobi_extensive.log"
Gurobi Optimizer version 13.0.1 build v13.0.1rc0 (win64 - Windows 11+.0 (26200.2))

CPU model: Intel(R) Core(TM) i7-14700, instruction set [SSE2|AVX|AVX2]
Thread count: 20 physical cores, 28 logical processors, using up to 4 threads

Non-default parameters:
TimeLimit  3000
IntFeasTol  1e-06
MIPGap  0.0005
Heuristics  0.2
Cuts  2
Presolve  2
Seed  1
Threads  4

Optimize a model with 28807 rows, 48606 columns and 104416 nonzeros (Min)
Model fingerprint: 0xd118866b
Model has 19804 linear objective coefficients
Variable types: 28802 continuous, 19804 integer (19802 binary)
Coefficient statistics:
  Matrix range     [1e-01, 3e+01]
  Objective range  [2e+00, 5e+01]
  Bounds range     [1e-01, 2e+01]
  RHS range        [1e+00, 8e+01]

Found heuristic solution: objective 0.0000000
Presolve removed 0 rows and 27000 columns
Presolve time: 2.39s
Presolved: 28807 rows, 21606 columns, 77419 nonzeros
Variable types: 1802 continuous, 19804 integer (19802 binary)
Root relaxation presolved: 28807 rows, 21606 columns, 77419 nonzeros


Root relaxation: objective -2.395440e+05, 7972 iterations, 0.46 seconds (0.61 work units)

    Nodes    |    Current Node    |     Objective Bounds      |     Work
 Expl Unexpl |  Obj  Depth IntInf | Incumbent    BestBd   Gap | It/Node Time

     0     0 -239544.03    0 2032    0.00000 -239544.03      -     -    3s
H    0     0                    -216862.4268 -239544.03  10.5%     -    3s
H    0     0                    -218821.8691 -239544.03  9.47%     -    3s
H    0     0                    -219095.3376 -239544.03  9.33%     -    3s
H    0     0                    -219102.7324 -239544.03  9.33%     -    3s
H    0     0                    -219132.7788 -239544.03  9.31%     -    3s
H    0     0                    -219138.9128 -236070.33  7.73%     -    4s
H    0     0                    -219186.3250 -236070.33  7.70%     -    4s
H    0     0                    -219196.7967 -236070.33  7.70%     -    4s
     0     0 -235904.37    0 2922 -219196.80 -235904.37  7.62%     -    4s
H    0     0                    -219201.7120 -235332.25  7.36%     -    4s
     0     0 -235332.25    0 3603 -219201.71 -235332.25  7.36%     -    4s
H    0     0                    -219217.8448 -235010.51  7.20%     -    5s
H    0     0                    -219222.0215 -235010.51  7.20%     -    5s
H    0     0                    -219224.0865 -235010.51  7.20%     -    5s
     0     0 -235010.51    0 3988 -219224.09 -235010.51  7.20%     -    5s
     0     0 -234982.51    0 4004 -219224.09 -234982.51  7.19%     -    5s
     0     0 -234982.49    0 4002 -219224.09 -234982.49  7.19%     -    5s
H    0     0                    -219230.2732 -234889.10  7.14%     -    5s
H    0     0                    -219234.2617 -234889.10  7.14%     -    5s
     0     0 -234889.10    0 4468 -219234.26 -234889.10  7.14%     -    5s
     0     0 -234889.09    0 4464 -219234.26 -234889.09  7.14%     -    5s
     0     0 -234888.90    0 4467 -219234.26 -234888.90  7.14%     -    5s
H    0     0                    -219257.9206 -234888.90  7.13%     -    6s
H    0     0                    -219265.9538 -234888.90  7.13%     -    6s
H    0     0                    -219299.6023 -234888.90  7.11%     -    6s
H    0     0                    -219303.7603 -234888.90  7.11%     -    6s
H    0     0                    -219306.9479 -234888.90  7.11%     -    6s
H    0     0                    -219325.3002 -234288.43  6.82%     -    8s
H    0     0                    -219326.3298 -234288.43  6.82%     -    8s
H    0     0                    -219335.9773 -234288.43  6.82%     -    8s
H    0     0                    -219340.9581 -234288.43  6.81%     -    8s
     0     0 -234288.43    0 3993 -219340.96 -234288.43  6.81%     -    8s
H    0     0                    -219346.0693 -234288.33  6.81%     -    8s
H    0     0                    -219350.5381 -233776.15  6.58%     -    8s
     0     0 -233776.15    0 4518 -219350.54 -233776.15  6.58%     -    8s
H    0     0                    -219354.6101 -233457.49  6.43%     -    9s
H    0     0                    -219377.8564 -233457.49  6.42%     -    9s
     0     0 -233433.78    0 4488 -219377.86 -233433.78  6.41%     -    9s
     0     0 -233222.61    0 4680 -219377.86 -233222.61  6.31%     -   10s
     0     0 -233136.21    0 4897 -219377.86 -233136.21  6.27%     -   10s
H    0     0                    -219392.6378 -233127.28  6.26%     -   10s
     0     0 -233127.28    0 4938 -219392.64 -233127.28  6.26%     -   10s
     0     0 -233126.89    0 4948 -219392.64 -233126.89  6.26%     -   10s
H    0     0                    -219400.7804 -233126.89  6.26%     -   11s
     0     0 -232958.14    0 4968 -219400.78 -232958.14  6.18%     -   12s
     0     0 -232933.67    0 5011 -219400.78 -232933.67  6.17%     -   12s
     0     0 -232545.73    0 4907 -219400.78 -232545.73  5.99%     -   13s
H    0     0                    -219411.8320 -232323.02  5.88%     -   14s
     0     0 -232323.02    0 4938 -219411.83 -232323.02  5.88%     -   14s
     0     0 -232181.27    0 5031 -219411.83 -232181.27  5.82%     -   15s
     0     0 -232039.29    0 5164 -219411.83 -232039.29  5.76%     -   15s
     0     0 -231977.10    0 5274 -219411.83 -231977.10  5.73%     -   16s
     0     0 -231946.95    0 5388 -219411.83 -231946.95  5.71%     -   16s
     0     0 -231946.89    0 5386 -219411.83 -231946.89  5.71%     -   16s
     0     0 -231944.88    0 5399 -219411.83 -231944.88  5.71%     -   16s
H    0     0                    -219420.9689 -231944.88  5.71%     -   18s
     0     0 -231912.88    0 5353 -219420.97 -231912.88  5.69%     -   18s
H    0     0                    -219421.9793 -231912.02  5.69%     -   19s
     0     0 -231901.88    0 5348 -219421.98 -231901.88  5.69%     -   19s
     0     0 -231895.45    0 5444 -219421.98 -231895.45  5.68%     -   19s
H    0     0                    -219437.6583 -231856.12  5.66%     -   22s
     0     0 -231856.12    0 5204 -219437.66 -231856.12  5.66%     -   22s
     0     0 -231856.00    0 5204 -219437.66 -231856.00  5.66%     -   22s
     0     0 -231856.00    0 5152 -219437.66 -231856.00  5.66%     -   22s
     0     2 -231852.81    0 5151 -219437.66 -231852.81  5.66%     -   24s
H    3     8                    -219440.7877 -231668.16  5.57%  2458   25s
H    4     8                    -219445.8188 -231668.16  5.57%  1940   25s
H    6     8                    -219452.8453 -229979.29  4.80%  1875   25s
H   69    71                    -219454.9582 -229979.29  4.80%   228   26s
H  126   131                    -219459.9771 -229979.29  4.79%   127   26s
   444   449 -229591.03   72 4713 -219459.98 -229979.29  4.79%  40.4   30s
   909   944 -229522.79  142 4648 -219459.98 -229979.29  4.79%  22.0   35s
  1917  2005 -229260.07  335 4532 -219459.98 -229979.29  4.79%  13.1   40s
  2781  2986 -228919.95  457 4462 -219459.98 -229979.29  4.79%  10.4   45s
  3889  4044 -228454.36  646 4305 -219459.98 -229979.29  4.79%   8.7   50s
  4344  4368 -228118.87  761 4237 -219459.98 -229979.29  4.79%   8.2   55s
  4383  4545 -228110.55  762 4239 -219459.98 -229979.29  4.79%   8.2   60s
  4562  4760 -228093.88  762 4234 -219459.98 -229979.29  4.79%   8.1   73s
  4777  4911 -228093.70  763 4236 -219459.98 -229979.29  4.79%   7.8   75s
  5448  5429 -228304.40  715 5152 -219459.98 -229979.29  4.79%   7.4   87s
  5456  5434 -224161.11  360 4838 -219459.98 -229979.29  4.79%   7.4   90s
  5465  5440 -224196.41  112 5653 -219459.98 -229979.29  4.79%   7.4   96s
  5470  5444 -223152.66  817 5211 -219459.98 -229979.29  4.79%   7.4  101s
  5472  5445 -223744.04  548 5287 -219459.98 -229979.29  4.79%   7.4  106s
  5474  5446 -223080.98  786 5381 -219459.98 -229979.29  4.79%   7.4  110s
  5477  5448 -228289.06  720 5437 -219459.98 -229979.29  4.79%   7.4  115s
  5479  5450 -224374.29  313 5586 -219459.98 -229979.29  4.79%   7.4  121s
  5481  5451 -224470.54  270 5690 -219459.98 -229979.29  4.79%   7.4  127s
  5482  5452 -224132.35  407 5718 -219459.98 -229979.29  4.79%   7.4  131s
  5483  5452 -223378.41  671 5689 -219459.98 -229979.29  4.79%   7.4  135s
  5486  5454 -224180.93  326 5931 -219459.98 -229979.29  4.79%   7.4  140s
  5487  5455 -222221.00 1253 6732 -219459.98 -229979.29  4.79%   7.4  145s
  5488  5456 -223173.05  755 6720 -219459.98 -229979.29  4.79%   7.4  151s
  5489  5456 -222370.30 1167 6058 -219459.98 -229979.29  4.79%   7.4  160s
  5490  5457 -227817.20  839 6106 -219459.98 -229776.16  4.70%   7.4  169s
  5491  5458 -223561.11  611 6182 -219459.98 -229746.65  4.69%   7.4  174s
  5492  5458 -228118.77  762 6155 -219459.98 -229741.11  4.68%   7.4  176s
  5494  5460 -222330.06 1192 6252 -219459.98 -229739.12  4.68%   7.4  180s
  5496  5461 -228222.73  744 6326 -219459.98 -229738.34  4.68%   7.4  187s
  5497  5462 -227692.40  902 6293 -219459.98 -229738.12  4.68%   7.4  192s
  5498  5462 -222506.07 1098 6398 -219459.98 -229736.31  4.68%   7.4  198s
  5499  5463 -222951.27  921 6392 -219459.98 -229735.53  4.68%   7.4  203s
  5500  5464 -224128.89  408 6433 -219459.98 -229734.96  4.68%   7.4  207s
  5502  5465 -224046.84  538 6533 -219459.98 -229734.96  4.68%   7.4  211s
  5503  5466 -223368.73  677 6616 -219459.98 -229734.96  4.68%   7.4  217s
  5504  5466 -222545.37 1076 6611 -219459.98 -229734.96  4.68%   7.4  223s
  5505  5467 -222323.61 1043 6604 -219459.98 -229734.96  4.68%   7.4  227s
  5506  5468 -228700.62  537 6604 -219459.98 -229734.96  4.68%   7.4  231s
  5507  5471 -229727.08   11 7108 -219459.98 -229734.96  4.68%  23.3  235s
  5513  5477 -227939.35   13 6039 -219459.98 -228882.21  4.29%  27.8  240s
  5810  5675 -227923.29   36 6034 -219459.98 -228882.21  4.29%  28.9  245s
  6062  5846 -227884.43   55 6038 -219459.98 -228882.21  4.29%  28.6  250s
  6290  5995 -227811.12   72 6003 -219459.98 -228882.21  4.29%  28.5  255s
  6512  6206 -227808.02   78 5995 -219459.98 -228882.21  4.29%  28.2  260s
  6901  6487 -227745.89  100 5945 -219459.98 -228882.21  4.29%  27.8  265s
  7337  6748 -227616.74  143 5860 -219459.98 -228882.21  4.29%  27.2  270s
  7512  6819 -227593.35  166 5836 -219459.98 -228882.21  4.29%  28.0  275s
  7690  6980 -227552.46  187 5794 -219459.98 -228882.21  4.29%  28.2  280s
  7999  7211 -227481.52  217 5745 -219459.98 -228882.21  4.29%  28.1  285s
  8357  7570 -227394.21  250 5694 -219459.98 -228882.21  4.29%  28.1  291s
  9095  8081 -227326.48  279 5644 -219459.98 -228882.21  4.29%  27.3  296s
  9618  8216 -227262.28  299 5601 -219459.98 -228882.21  4.29%  26.8  301s
 10161  8922 -227201.74  322 5579 -219459.98 -228882.21  4.29%  26.2  306s
 10885  9288 -227078.16  352 5523 -219459.98 -228882.21  4.29%  25.5  311s
 11532  9841 -226976.46  399 5454 -219459.98 -228882.21  4.29%  24.9  315s
 12440 10301 -226816.52  452 5386 -219459.98 -228882.21  4.29%  24.2  321s
 12992 10441 -226640.59  520 5282 -219459.98 -228882.21  4.29%  23.6  328s
 13012 10452 -226632.37  523 5274 -219459.98 -228882.21  4.29%  23.6  333s
 13029 10841 -226618.13  525 5279 -219459.98 -228882.21  4.29%  23.6  335s
 13837 11255 -226418.68  595 5230 -219459.98 -228672.34  4.20%  23.3  340s
 14663 11870 -226230.18  664 5141 -219459.98 -228623.19  4.18%  23.1  345s
 16139 12993 -225992.71  787 4958 -219459.98 -228623.19  4.18%  22.2  352s
 17152 13495 -225816.17  867 4881 -219459.98 -228623.19  4.18%  21.8  357s
 18012 13995 -225472.40  959 4761 -219459.98 -228623.19  4.18%  21.5  361s
 18859 14549 -225178.17 1046 4607 -219459.98 -228623.19  4.18%  21.2  366s
 19700 15191 -224909.34 1136 4482 -219459.98 -228623.19  4.18%  20.8  370s
 21168 16126 -224253.77 1310 4257 -219459.98 -228623.19  4.18%  20.4  377s
 21708 16413 -223942.82 1383 4176 -219459.98 -228623.19  4.18%  20.3  380s
 23002 17514 -223372.61 1544 3930 -219459.98 -228623.19  4.18%  20.1  386s
 23830 18337 -223026.18 1655 3746 -219459.98 -228623.19  4.18%  20.0  391s
 24673 19228 -222724.97 1764 3592 -219459.98 -228623.19  4.18%  19.7  395s
 25610 19700 -222298.28 1885 3455 -219459.98 -228623.19  4.18%  19.4  401s
 25893 20230 -222209.84 1914 3412 -219459.98 -228623.19  4.18%  19.3  405s
 26638 21134 -221847.49 2030 3197 -219459.98 -228623.19  4.18%  19.2  410s
 28205 22667 -221136.33 2238 2959 -219459.98 -228623.19  4.18%  18.8  416s
 29210 23629 -220745.11 2367 2701 -219459.98 -228623.19  4.18%  18.5  420s
 30684 24962 -219969.08 2565 2432 -219459.98 -228623.19  4.18%  18.1  426s
 31563 25831 -219569.49 2700 2172 -219459.98 -228623.19  4.18%  18.0  431s
 32466 26668 -228435.62   60 6548 -219459.98 -228623.19  4.18%  18.0  435s
 33728 27724 -228060.95  163 6310 -219459.98 -228622.82  4.18%  17.8  441s
 34548 28647 -227869.40  210 6244 -219459.98 -228622.82  4.18%  17.8  445s
 35732 29793 -227583.93  275 6149 -219459.98 -228622.82  4.18%  17.6  451s
 36614 30591 -227399.91  316 6113 -219459.98 -228622.82  4.18%  17.5  455s
 37843 31483 -227160.62  357 6005 -219459.98 -228622.82  4.18%  17.6  462s
 38387 32373 -227045.94  370 5983 -219459.98 -228620.07  4.17%  17.7  466s
 39475 33656 -226572.39  446 5872 -219459.98 -228620.07  4.17%  17.7  470s
 41600 35489 -225789.99  557 5672 -219459.98 -228620.07  4.17%  17.5  475s
 42450 36607 -225265.13  641 5568 -219459.98 -228620.07  4.17%  17.4  482s
 43882 37672 -224849.20  692 5470 -219459.98 -228620.07  4.17%  17.4  485s
 45409 39387 -224477.15  765 5357 -219459.98 -228620.07  4.17%  17.4  490s
 47086 40831 -224030.54  834 5234 -219459.98 -228620.07  4.17%  17.3  496s
 48482 42018 -223697.34  897 5128 -219459.98 -228620.07  4.17%  17.1  502s
 49743 43496 -223377.56  949 5036 -219459.98 -228620.07  4.17%  16.9  506s
 51293 45037 -222920.80 1013 4958 -219459.98 -228620.07  4.17%  16.7  511s
 51841 45430 -222729.96 1041 4922 -219459.98 -228620.07  4.17%  16.6  515s
 52767 46368 -222441.36 1090 4845 -219459.98 -228620.07  4.17%  16.5  521s
 54036 48036 -222095.37 1134 4751 -219459.98 -228620.07  4.17%  16.4  526s
 55779 49385 -221737.14 1220 4638 -219459.98 -228620.07  4.17%  16.1  530s
 56864 50621 -221469.03 1262 4569 -219459.98 -228620.07  4.17%  16.0  535s
 58717 52382 -221196.55 1318 4479 -219459.98 -228620.07  4.17%  15.9  540s
 59655 53101 -221041.12 1351 4431 -219459.98 -228620.07  4.17%  15.9  546s
 60938 54731 -220852.19 1386 4391 -219459.98 -228620.07  4.17%  15.7  550s
 62757 56026 -228156.01  126 6378 -219459.98 -228620.07  4.17%  15.6  557s
 63160 56887 -228137.92  127 6374 -219459.98 -228620.07  4.17%  15.6  562s
 63722 57150 -228117.37  132 6372 -219459.98 -228620.07  4.17%  15.6  566s
 64456 58303 -228104.92  133 6372 -219459.98 -228620.07  4.17%  15.5  570s
 66265 59853 -227714.40  219 6240 -219459.98 -228620.07  4.17%  15.4  575s
 66698 59857 -227611.92  240 6181 -219459.98 -228620.07  4.17%  15.4  584s
 66702 59861 -227605.90  240 6178 -219459.98 -228620.07  4.17%  15.4  600s
 66706 59865 -227597.24  239 6184 -219459.98 -228620.07  4.17%  15.4  616s
 66710 59869 -227601.04  241 6181 -219459.98 -228620.07  4.17%  15.4  633s
 66714 59873 -227596.96  239 6184 -219459.98 -228620.07  4.17%  15.4  648s
 66718 59878 -227603.62  241 6180 -219459.98 -228620.07  4.17%  15.4  661s
 66723 59885 -227593.61  241 6179 -219459.98 -228620.07  4.17%  15.4  673s
 66730 59975 -227590.61  243 6179 -219459.98 -228620.07  4.17%  15.4  679s
 66820 60244 -227456.17  251 6170 -219459.98 -228620.07  4.17%  15.4  683s
 67091 60409 -227422.33  257 6163 -219459.98 -228620.07  4.17%  15.3  689s
 67256 60771 -227401.30  267 6131 -219459.98 -228620.07  4.17%  15.3  692s
 67620 61156 -227289.84  295 6092 -219459.98 -228620.07  4.17%  15.3  696s
 68402 61932 -227062.60  331 6022 -219459.98 -228620.07  4.17%  15.2  703s
 68801 62330 -226984.46  344 5998 -219459.98 -228620.07  4.17%  15.2  706s
 69565 63034 -226865.52  369 5966 -219459.98 -228620.07  4.17%  15.1  712s
 69907 63370 -226771.22  392 5929 -219459.98 -228620.07  4.17%  15.1  716s
 70609 64071 -226661.06  411 5910 -219459.98 -228620.07  4.17%  15.1  722s
 70956 64448 -226582.31  427 5873 -219459.98 -228620.07  4.17%  15.0  726s
 71700 65156 -226430.90  449 5859 -219459.98 -228620.07  4.17%  15.0  732s
 72043 65319 -226350.65  464 5839 -219459.98 -228620.07  4.17%  15.0  735s
 72676 66183 -226256.81  482 5802 -219459.98 -228620.07  4.17%  14.9  743s
 73072 66549 -226180.71  493 5777 -219459.98 -228620.07  4.17%  14.9  748s
 73442 67314 -226130.87  506 5755 -219459.98 -228620.07  4.17%  14.9  754s
 74211 67586 -225979.58  540 5697 -219459.98 -228620.07  4.17%  14.8  758s
 74520 67844 -225905.14  556 5666 -219459.98 -228619.15  4.17%  14.8  762s
 74778 68126 -225832.41  568 5659 -219459.98 -228619.15  4.17%  14.8  766s
 75559 69152 -225690.86  598 5640 -219459.98 -228619.15  4.17%  14.8  770s
 77118 70673 -225476.11  647 5537 -219459.98 -228619.15  4.17%  14.7  775s
 78035 71620 -225359.80  681 5477 -219459.98 -228619.15  4.17%  14.7  780s
 79520 72912 -225150.09  717 5379 -219459.98 -228619.15  4.17%  14.6  787s
 80393 73913 -224974.79  757 5319 -219459.98 -228619.15  4.17%  14.6  791s
 80871 74244 -224913.54  771 5299 -219459.98 -228619.15  4.17%  14.5  795s
 82039 75531 -224766.41  802 5255 -219459.98 -228619.15  4.17%  14.5  800s
 82812 76326 -224659.29  821 5244 -219459.98 -228619.15  4.17%  14.5  806s
 83843 77738 -224507.02  848 5205 -219459.98 -228619.15  4.17%  14.4  810s
 84850 78321 -224352.20  892 5163 -219459.98 -228619.15  4.17%  14.4  816s
 85523 79050 -224263.33  902 5122 -219459.98 -228619.15  4.17%  14.4  821s
 86044 79346 -224184.47  918 5123 -219459.98 -228619.15  4.17%  14.3  826s
 87261 80713 -224039.62  956 5100 -219459.98 -228619.15  4.17%  14.3  830s
 87998 81142 -223950.01  971 5063 -219459.98 -228619.15  4.17%  14.3  839s
 88200 81497 -223920.52  983 5042 -219459.98 -228619.15  4.17%  14.3  849s
 88559 81895 -223873.57  992 5027 -219459.98 -228619.15  4.17%  14.3  859s
 88957 82358 -223808.85 1000 4998 -219459.98 -228619.15  4.17%  14.3  865s
 90497 83879 -223556.33 1054 4908 -219459.98 -228619.15  4.17%  14.3  871s
 91656 84849 -223267.36 1120 4794 -219459.98 -228619.07  4.17%  14.4  875s
 91983 85192 -223267.73 1130 4784 -219459.98 -228619.07  4.17%  14.4  883s
 92326 85469 -223216.17 1139 4778 -219459.98 -228619.07  4.17%  14.4  887s
 92990 86344 -223085.31 1162 4751 -219459.98 -228616.90  4.17%  14.4  891s
 94205 88020 -222908.40 1213 4692 -219459.98 -228616.90  4.17%  14.4  896s
 95801 89072 -222686.53 1268 4631 -219459.98 -228616.90  4.17%  14.4  900s
 97541 90694 -222493.08 1311 4573 -219459.98 -228616.90  4.17%  14.3  905s
 98796 91991 -222365.98 1334 4519 -219459.98 -228616.90  4.17%  14.3  910s
 100287 93609 -222229.17 1360 4490 -219459.98 -228616.90  4.17%  14.3  915s
 101906 95067 -222075.45 1389 4465 -219459.98 -228616.90  4.17%  14.2  921s
 103345 96367 -221917.35 1429 4370 -219459.98 -228616.90  4.17%  14.2  925s
 104944 98568 -221732.93 1486 4225 -219459.98 -228616.05  4.17%  14.2  932s
 106698 99903 -221517.28 1534 4157 -219459.98 -228610.00  4.17%  14.1  935s
 108419 101705 -221323.20 1590 4044 -219459.98 -228610.00  4.17%  14.1  941s
 109791 102805 -221162.16 1619 4034 -219459.98 -228610.00  4.17%  14.0  945s
 111311 104272 -220900.66 1663 3958 -219459.98 -228609.48  4.17%  14.0  950s
 112778 105862 -220719.14 1702 3912 -219459.98 -228609.48  4.17%  14.0  955s
 113880 107001 -220598.64 1718 3894 -219459.98 -228609.48  4.17%  13.9  960s
 115453 108923 -220408.68 1753 3842 -219459.98 -228609.48  4.17%  13.9  967s
 116616 109495 -220237.49 1787 3795 -219459.98 -228609.48  4.17%  13.9  970s
 117781 110832 -220052.34 1829 3729 -219459.98 -228609.48  4.17%  13.9  975s
 119538 112530 -219832.69 1869 3683 -219459.98 -228609.48  4.17%  13.8  981s
 120938 114075 -219703.23 1896 3656 -219459.98 -228609.48  4.17%  13.8  986s
 122438 115575 -219566.73 1922 3630 -219459.98 -228609.48  4.17%  13.7  990s
 124094 117109 -227971.47  102 6381 -219459.98 -228608.96  4.17%  13.6  996s
 125306 118268 -228186.66   78 6453 -219459.98 -228608.63  4.17%  13.6 1000s
 126712 119643 -225859.89  500 5656 -219459.98 -228608.30  4.17%  13.6 1005s
 127505 120242 -228207.30   69 6464 -219459.98 -228608.30  4.17%  13.6 1010s
 129006 121841 -228413.96   54 6565 -219459.98 -228607.86  4.17%  13.6 1016s
 130243 122974 infeasible  138      -219459.98 -228607.86  4.17%  13.6 1020s
 131345 124114 -227015.79  198 6116 -219459.98 -228607.86  4.17%  13.5 1025s
 132764 125499 -228127.00  102 6429 -219459.98 -228605.74  4.17%  13.6 1031s
 134118 126585 -226779.21  314 6072 -219459.98 -228604.64  4.17%  13.5 1035s
 135590 127864 -228531.50   27 6710 -219459.98 -228604.31  4.17%  13.6 1041s
 136043 128692 -228139.29   80 6471 -219459.98 -228604.31  4.17%  13.6 1046s
 137857 130012 -224773.97  679 5478 -219459.98 -228604.31  4.17%  13.6 1054s
 138087 130323 -228534.38   31 6703 -219459.98 -228604.31  4.17%  13.6 1055s
 139257 131566 -226845.59  295 5930 -219459.98 -228604.31  4.17%  13.6 1060s
 140724 133230 -223827.70  764 5165 -219459.98 -228604.31  4.17%  13.6 1065s
 142219 134356 -219771.98 1364 4143 -219459.98 -228602.10  4.17%  13.6 1070s
 143004 135135 -228388.17   74 6533 -219459.98 -228602.10  4.17%  13.6 1075s
 144446 136628 -227764.89  221 6189 -219459.98 -228602.10  4.17%  13.6 1081s
 145655 137918 -227140.86  345 5999 -219459.98 -228602.10  4.17%  13.6 1086s
 146470 138667 -226660.17  437 5858 -219459.98 -228601.50  4.17%  13.6 1090s
 147832 139948 -225925.85  580 5643 -219459.98 -228601.50  4.17%  13.6 1095s
 148225 140208 -225659.46  629 5564 -219459.98 -228600.46  4.16%  13.6 1101s
 148741 140634 infeasible  700      -219459.98 -228600.46  4.16%  13.6 1108s
 148951 140968 -228519.76   39 6689 -219459.98 -228600.46  4.16%  13.6 1111s
 149757 142145 -227443.08  212 6141 -219459.98 -228600.46  4.16%  13.6 1116s
 150790 142981 -225377.75  496 5564 -219459.98 -228594.83  4.16%  13.6 1120s
 152030 144159 -222580.07  928 4845 -219459.98 -228594.83  4.16%  13.6 1125s
 153306 145260 -228511.22   38 6682 -219459.98 -228594.68  4.16%  13.6 1131s
 154256 146082 -226837.14  292 6086 -219459.98 -228588.99  4.16%  13.6 1135s
 155492 147215 -227199.87  251 6130 -219459.98 -228588.99  4.16%  13.6 1141s
 156376 147992 -225624.44  527 5670 -219459.98 -228588.99  4.16%  13.7 1161s
 157041 149525 -224715.87  712 5370 -219459.98 -228588.99  4.16%  13.7 1166s
 158628 150214 -221806.70 1295 4549 -219459.98 -228582.37  4.16%  13.6 1172s
 159299 151046 -220466.93 1594 4184 -219459.98 -228582.37  4.16%  13.6 1175s
 160432 152107 -228037.73  110 6404 -219459.98 -228582.37  4.16%  13.6 1181s
 161372 153131 -226483.75  356 5941 -219459.98 -228582.03  4.16%  13.6 1185s
 162649 154523 -227552.87  189 6242 -219459.98 -228582.03  4.16%  13.6 1190s
 163243 154580 -226346.65  362 5962 -219459.98 -228582.03  4.16%  13.6 1207s
 163300 154725 -226330.58  363 5955 -219459.98 -228582.03  4.16%  13.6 1213s
 163487 154831 -226327.95  364 5954 -219459.98 -228580.16  4.16%  13.6 1215s
 164234 155766 -224964.38  565 5624 -219459.98 -228580.16  4.16%  13.6 1220s
 165377 156811 infeasible  185      -219459.98 -228571.81  4.15%  13.6 1225s
 166476 157834 -226995.43  268 6143 -219459.98 -228569.54  4.15%  13.7 1230s
 167445 159074 -225311.83  560 5630 -219459.98 -228569.54  4.15%  13.7 1237s
 167916 159744 -224793.17  662 5474 -219459.98 -228569.54  4.15%  13.7 1240s
 169331 160891 -222467.68 1125 4762 -219459.98 -228569.54  4.15%  13.6 1248s
 169745 161529 -221896.17 1243 4621 -219459.98 -228569.54  4.15%  13.6 1250s
 170385 161590 -220861.68 1467 4352 -219459.98 -228569.54  4.15%  13.6 1265s
 170446 161756 -220845.86 1468 4353 -219459.98 -228569.54  4.15%  13.6 1270s
 171057 162756 -219952.36 1655 4089 -219459.98 -228569.54  4.15%  13.6 1275s
 172313 163612 -228370.98   81 6552 -219459.98 -228569.54  4.15%  13.6 1281s
 173463 164564 -227961.60  180 6321 -219459.98 -228569.54  4.15%  13.6 1286s
 174557 165887 -227497.19  271 6111 -219459.98 -228569.54  4.15%  13.6 1291s
 175483 166916 infeasible  351      -219459.98 -228569.54  4.15%  13.6 1295s
 176951 168187 -226380.83  468 5746 -219459.98 -228569.54  4.15%  13.5 1300s
 177623 168773 -228485.37   42 6672 -219459.98 -228565.97  4.15%  13.6 1305s
 179042 170185 -226213.96  398 5882 -219459.98 -228559.98  4.15%  13.6 1310s
 179668 171066 -225164.95  592 5627 -219459.98 -228559.98  4.15%  13.5 1315s
 180982 172328 -223177.23 1016 4986 -219459.98 -228558.29  4.15%  13.5 1321s
 182134 173555 -221114.98 1445 4400 -219459.98 -228558.29  4.15%  13.5 1325s
 183228 174265 -228358.32   72 6531 -219459.98 -228557.03  4.15%  13.5 1330s
 184387 175318 infeasible  341      -219459.98 -228556.45  4.14%  13.5 1336s
 185475 176624 -228143.65   96 6449 -219459.98 -228556.45  4.14%  13.5 1341s
 186387 177393 -227865.99  131 6343 -219459.98 -228556.45  4.14%  13.5 1345s
 187352 178228 -228187.92  103 6410 -219459.98 -228556.24  4.14%  13.5 1351s
 188057 179021 -227841.06  191 6245 -219459.98 -228556.24  4.14%  13.5 1355s
 189013 179671 -227602.65  226 6200 -219459.98 -228556.24  4.14%  13.5 1371s
 189084 179944 -227618.07  227 6190 -219459.98 -228556.24  4.14%  13.5 1394s
 189359 180139 -227515.00  247 6148 -219459.98 -228556.24  4.14%  13.5 1411s
 189554 180883 -227439.80  257 6122 -219459.98 -228556.24  4.14%  13.5 1429s
 190298 181503 -227113.11  298 6050 -219459.98 -228556.24  4.14%  13.5 1438s
 190920 182112 -226914.74  329 5981 -219459.98 -228556.24  4.14%  13.5 1456s
 191529 183171 -226780.86  353 5932 -219459.98 -228556.24  4.14%  13.4 1466s
 192600 184162 -226473.25  390 5853 -219459.98 -228556.24  4.14%  13.4 1472s
 193599 185526 -226312.22  419 5822 -219459.98 -228556.24  4.14%  13.4 1477s
 194971 186289 -225956.33  479 5723 -219459.98 -228556.24  4.14%  13.4 1481s
 195738 187065 -225854.75  502 5683 -219459.98 -228556.24  4.14%  13.4 1485s
 196628 187260 -225739.41  530 5656 -219459.98 -228556.24  4.14%  13.4 1504s
 196866 187610 -225666.00  546 5625 -219459.98 -228556.24  4.14%  13.4 1520s
 197224 188065 -225580.95  561 5629 -219459.98 -228556.24  4.14%  13.4 1534s
 197679 188514 -225485.59  577 5613 -219459.98 -228556.24  4.14%  13.4 1539s
 198128 189176 -225393.09  596 5571 -219459.98 -228556.24  4.14%  13.4 1542s
 198790 190228 -225297.25  619 5544 -219459.98 -228556.24  4.14%  13.4 1547s
 200313 191033 -225078.14  651 5486 -219459.98 -228556.24  4.14%  13.3 1550s
 201116 191751 -224988.75  676 5434 -219459.98 -228554.76  4.14%  13.3 1555s
 202008 192634 -224812.39  707 5385 -219459.98 -228554.43  4.14%  13.3 1560s
 202890 193679 -224724.27  728 5359 -219459.98 -228554.43  4.14%  13.3 1566s
 203760 194350 -224635.78  748 5319 -219459.98 -228554.43  4.14%  13.3 1571s
 204539 195070 -224513.70  778 5278 -219459.98 -228554.43  4.14%  13.3 1575s
 205594 196186 -224325.84  813 5237 -219459.98 -228554.15  4.14%  13.3 1580s
 206641 197178 -224161.79  854 5190 -219459.98 -228554.15  4.14%  13.4 1586s
 207407 197920 -224001.64  872 5140 -219459.98 -228554.15  4.14%  13.4 1590s
 208700 199174 -223738.96  927 5037 -219459.98 -228554.15  4.14%  13.3 1596s
 209455 199820 -220072.35 1770 3889 -219459.98 -228554.15  4.14%  13.4 1600s
 210577 201230 -223484.33  974 4995 -219459.98 -228554.15  4.14%  13.3 1606s
 211368 201677 -223380.89  995 4976 -219459.98 -228553.97  4.14%  13.3 1610s
 211994 202559 -223299.53 1020 4922 -219459.98 -228553.97  4.14%  13.3 1615s
 213287 203713 -223086.43 1066 4842 -219459.98 -228553.97  4.14%  13.3 1622s
 213983 204423 -222990.52 1084 4828 -219459.98 -228553.97  4.14%  13.3 1627s
 214696 205176 -222860.95 1113 4793 -219459.98 -228553.89  4.14%  13.3 1631s
 215597 206182 -222692.28 1149 4740 -219459.98 -228553.89  4.14%  13.3 1636s
 216486 206797 -222578.28 1172 4704 -219459.98 -228553.43  4.14%  13.3 1641s
 217440 207834 -222439.78 1208 4656 -219459.98 -228553.43  4.14%  13.3 1646s
 218322 208448 -222312.75 1237 4600 -219459.98 -228553.43  4.14%  13.3 1650s
 219088 209349 -222217.40 1258 4569 -219459.98 -228553.16  4.14%  13.3 1656s
 219507 210188 -222178.13 1274 4570 -219459.98 -228553.16  4.14%  13.3 1660s
 220713 211104 -222050.71 1302 4522 -219459.98 -228553.16  4.14%  13.3 1665s
 221782 212095 -221966.15 1325 4500 -219459.98 -228553.06  4.14%  13.3 1670s
 222492 212593 -221887.78 1345 4486 -219459.98 -228553.06  4.14%  13.3 1675s
 223523 213756 -221773.74 1363 4453 -219459.98 -228553.04  4.14%  13.3 1682s
 224035 214039 -221719.18 1378 4424 -219459.98 -228553.04  4.14%  13.3 1686s
 224474 214759 -221672.06 1386 4424 -219459.98 -228553.04  4.14%  13.3 1690s
 225393 215465 -221589.69 1399 4394 -219459.98 -228553.04  4.14%  13.3 1695s
 226186 216171 -221523.25 1419 4364 -219459.98 -228553.04  4.14%  13.3 1700s
 227079 217179 -221424.54 1460 4295 -219459.98 -228553.04  4.14%  13.2 1705s
 228351 218336 -221321.60 1481 4277 -219459.98 -228552.87  4.14%  13.2 1712s
 229082 219222 -221281.42 1492 4259 -219459.98 -228552.87  4.14%  13.2 1716s
 230131 220200 -221213.88 1506 4259 -219459.98 -228552.87  4.14%  13.2 1723s
 230615 220750 -221163.82 1513 4249 -219459.98 -228552.78  4.14%  13.2 1726s
 231722 221784 -221051.46 1540 4218 -219459.98 -228552.78  4.14%  13.2 1731s
 232604 222803 -220933.97 1564 4157 -219459.98 -228552.78  4.14%  13.2 1737s
 233226 223102 -220895.63 1575 4139 -219459.98 -228552.78  4.14%  13.2 1740s
 234171 224143 -220821.02 1591 4126 -219459.98 -228552.78  4.14%  13.2 1745s
 234576 224623 -220763.45 1596 4124 -219459.98 -228552.78  4.14%  13.2 1754s
 235076 224927 -220715.12 1614 4106 -219459.98 -228552.78  4.14%  13.2 1757s
 235784 225672 -220627.31 1637 4083 -219459.98 -228552.68  4.14%  13.2 1762s
 236153 226193 -220573.03 1648 4074 -219459.98 -228552.68  4.14%  13.2 1765s
 237235 226972 -220494.24 1671 4045 -219459.98 -228552.68  4.14%  13.1 1770s
 237906 227861 -220458.35 1681 4029 -219459.98 -228552.59  4.14%  13.1 1776s
 238858 228701 -220372.97 1701 4019 -219459.98 -228552.50  4.14%  13.1 1782s
 239534 229385 -220301.53 1718 3997 -219459.98 -228552.50  4.14%  13.1 1787s
 240506 230818 -220205.94 1736 3989 -219459.98 -228552.50  4.14%  13.1 1794s
 241395 231062 -220145.88 1757 3973 -219459.98 -228552.33  4.14%  13.1 1796s
 242043 231743 -220056.67 1772 3943 -219459.98 -228552.33  4.14%  13.1 1801s
 242757 232465 -219981.23 1788 3934 -219459.98 -228552.24  4.14%  13.1 1806s
 243515 233397 -219900.51 1800 3922 -219459.98 -228552.24  4.14%  13.0 1810s
 244306 234140 -219850.37 1815 3891 -219459.98 -228552.18  4.14%  13.0 1815s
 245207 234664 -228511.89   30 6714 -219459.98 -228552.18  4.14%  13.0 1829s
 245379 234919 -228510.23   31 6712 -219459.98 -228552.18  4.14%  13.0 1832s
 245634 235360 -228505.55   32 6703 -219459.98 -228552.18  4.14%  13.0 1838s
 246075 235756 -228505.22   33 6700 -219459.98 -228552.18  4.14%  13.0 1843s
 246471 236207 -228464.34   42 6594 -219459.98 -228552.18  4.14%  13.0 1845s
 247404 237240 -227978.24  135 6312 -219459.98 -228552.18  4.14%  13.0 1851s
 248388 237972 -227591.01  224 6138 -219459.98 -228552.18  4.14%  13.0 1857s
 249170 238630 -227345.36  254 6093 -219459.98 -228552.18  4.14%  13.0 1862s
 249411 238944 -227234.08  276 6059 -219459.98 -228552.02  4.14%  13.0 1865s
 250209 239615 -226971.34  316 5963 -219459.98 -228552.02  4.14%  13.0 1870s
 250806 240549 -226852.18  340 5921 -219459.98 -228551.94  4.14%  13.0 1876s
 251342 241181 -226673.49  366 5884 -219459.98 -228551.94  4.14%  13.0 1880s
 252877 242309 -226325.69  417 5788 -219459.98 -228551.94  4.14%  13.0 1887s
 253134 242653 -226307.86  422 5781 -219459.98 -228551.91  4.14%  13.0 1890s
 253889 243480 -226164.67  446 5714 -219459.98 -228551.91  4.14%  13.0 1895s
 254866 244302 -225989.86  475 5667 -219459.98 -228551.91  4.14%  13.0 1901s
 255480 244826 -225850.32  497 5644 -219459.98 -228551.91  4.14%  13.0 1916s
 255699 245174 -225811.70  501 5648 -219459.98 -228551.85  4.14%  13.0 1921s
 256047 245575 -225677.79  525 5602 -219459.98 -228551.85  4.14%  13.0 1927s
 256448 245901 -225508.08  550 5570 -219459.98 -228551.85  4.14%  13.0 1930s
 257302 246858 -225309.23  585 5532 -219459.98 -228551.85  4.14%  13.0 1936s
 258303 247954 -225056.96  624 5504 -219459.98 -228551.85  4.14%  13.0 1943s
 258877 248359 -228549.66   24 6734 -219459.98 -228551.85  4.14%  13.0 1946s
 259282 248960 -228339.31   86 6477 -219459.98 -228551.85  4.14%  13.0 1950s
 260557 250122 -226416.72  380 5920 -219459.98 -228551.85  4.14%  12.9 1957s
 261101 250749 -225601.99  507 5721 -219459.98 -228551.85  4.14%  12.9 1962s
 261732 251127 infeasible  688      -219459.98 -228551.61  4.14%  12.9 1967s
 262126 251558 -228323.73   75 6494 -219459.98 -228551.61  4.14%  12.9 1970s
 263201 252372 -226906.67  317 6039 -219459.98 -228551.61  4.14%  12.9 1977s
 263385 252842 -226850.99  328 6011 -219459.98 -228551.61  4.14%  12.9 1981s
 264558 254204 -224443.55  696 5474 -219459.98 -228551.61  4.14%  12.9 1988s
 265255 254485 infeasible  885      -219459.98 -228551.61  4.14%  12.9 1991s
 265925 255103 -228176.63  107 6387 -219459.98 -228551.46  4.14%  12.9 2005s
 266637 255911 -227552.49  230 6119 -219459.98 -228551.46  4.14%  12.9 2011s
 267448 256736 -227195.25  298 6016 -219459.98 -228551.46  4.14%  12.9 2017s
 267915 257263 -227015.64  331 5951 -219459.98 -228551.46  4.14%  12.9 2020s
 268720 257924 -226888.21  353 5906 -219459.98 -228551.45  4.14%  12.9 2026s
 269376 258585 -226662.81  387 5878 -219459.98 -228551.43  4.14%  12.9 2032s
 269937 258931 -227856.68  146 6302 -219459.98 -228551.43  4.14%  12.9 2035s
 270376 259471 -226406.07  427 5789 -219459.98 -228551.43  4.14%  12.9 2041s
 271075 260294 -226268.33  457 5735 -219459.98 -228551.38  4.14%  12.9 2047s
 271521 260877 -226153.93  480 5703 -219459.98 -228551.38  4.14%  12.9 2052s
 272118 261121 -226004.84  500 5654 -219459.98 -228551.38  4.14%  12.9 2056s
 272856 261963 -225837.01  532 5616 -219459.98 -228551.38  4.14%  12.9 2062s
 273218 262468 -225761.51  546 5583 -219459.98 -228551.36  4.14%  12.9 2066s
 273723 262878 -225592.65  570 5570 -219459.98 -228551.36  4.14%  12.9 2070s
 274419 263759 -225439.13  603 5548 -219459.98 -228551.36  4.14%  12.9 2077s
 275014 264107 -225336.72  622 5533 -219459.98 -228551.36  4.14%  12.9 2081s
 275903 264903 infeasible  651      -219459.98 -228551.33  4.14%  12.9 2089s
 276232 264907 -228402.86   54 6544 -219459.98 -228551.28  4.14%  12.9 2126s
 276236 265006 -228401.22   55 6539 -219459.98 -228551.28  4.14%  12.9 2145s
 276335 265215 -228371.52   60 6528 -219459.98 -228551.28  4.14%  12.9 2173s
 276544 265586 -227911.35  119 6359 -219459.98 -228551.28  4.14%  12.9 2177s
 276915 266263 -227441.33  213 6170 -219459.98 -228551.28  4.14%  12.9 2180s
 277592 266866 -226112.21  428 5852 -219459.98 -228551.26  4.14%  12.9 2186s
 278571 267773 -228235.59   89 6449 -219459.98 -228551.26  4.14%  12.9 2192s
 279136 267952 -227309.94  245 6138 -219459.98 -228551.26  4.14%  12.9 2195s
 279770 269063 -226254.66  404 5893 -219459.98 -228551.26  4.14%  12.9 2202s
 280426 269512 infeasible  595      -219459.98 -228551.24  4.14%  12.9 2207s
 280893 270157 -228201.72   94 6440 -219459.98 -228551.24  4.14%  12.9 2210s
 281540 270451 -227394.91  229 6153 -219459.98 -228551.24  4.14%  12.9 2215s
 281848 271260 -226861.18  323 5998 -219459.98 -228551.24  4.14%  12.9 2220s
 282921 271908 -228490.58   50 6662 -219459.98 -228551.24  4.14%  12.9 2227s
 283351 272244 -228108.86  135 6437 -219459.98 -228551.24  4.14%  12.9 2230s
 284184 273084 -226689.35  340 5936 -219459.98 -228551.24  4.14%  12.9 2237s
 284533 273556 -225974.58  422 5743 -219459.98 -228551.24  4.14%  12.9 2240s
 285490 274273 -224145.00  682 5294 -219459.98 -228551.24  4.14%  12.9 2248s
 285812 274784 -223374.70  811 5102 -219459.98 -228551.20  4.14%  12.9 2251s
 286323 275118 -222078.41  992 4778 -219459.98 -228551.20  4.14%  12.9 2255s
 286667 275534 -221269.50 1127 4496 -219459.98 -228551.16  4.14%  12.9 2270s
 287083 275697 -220072.24 1318 4185 -219459.98 -228551.16  4.14%  12.9 2276s
 287260 275909 -219622.27 1395 4079 -219459.98 -228551.16  4.14%  12.8 2283s
 287561 276093 -228430.30   42 6609 -219459.98 -228551.15  4.14%  12.8 2287s
 288180 276832 -227822.92  152 6296 -219459.98 -228551.15  4.14%  12.9 2293s
 288494 277267 -227540.55  218 6179 -219459.98 -228551.15  4.14%  12.9 2296s
 289332 278176 -227055.52  312 6043 -219459.98 -228551.15  4.14%  12.9 2303s
 289838 278686 -226906.55  334 5995 -219459.98 -228551.15  4.14%  12.9 2306s
 290348 278937 -226695.24  363 5963 -219459.98 -228551.15  4.14%  12.9 2310s
 291089 279560 -226470.98  403 5836 -219459.98 -228551.06  4.14%  12.9 2316s
 291256 279845 -226415.98  410 5837 -219459.98 -228551.06  4.14%  12.9 2320s
 291933 280766 -226250.92  438 5784 -219459.98 -228551.03  4.14%  12.9 2326s
 292466 281195 -226068.36  464 5743 -219459.98 -228551.03  4.14%  12.9 2332s
 292947 281732 -226012.36  477 5712 -219459.98 -228551.03  4.14%  12.9 2336s
 293504 282134 -225871.57  503 5694 -219459.98 -228551.02  4.14%  12.9 2340s
 293914 282723 -225778.81  518 5653 -219459.98 -228551.02  4.14%  12.9 2346s
 294515 283002 -225595.80  541 5631 -219459.98 -228551.02  4.14%  12.9 2350s
 295348 284044 -225411.90  573 5581 -219459.98 -228551.02  4.14%  12.9 2358s
 295888 284416 -225332.87  586 5551 -219459.98 -228550.88  4.14%  12.9 2362s
 296264 284519 -225262.64  600 5547 -219459.98 -228550.88  4.14%  12.9 2400s
 296373 284744 -225245.47  606 5547 -219459.98 -228550.88  4.14%  12.9 2418s
 296600 285094 -225148.91  626 5506 -219459.98 -228550.88  4.14%  12.9 2427s
 296952 285501 -225032.80  641 5483 -219459.98 -228550.88  4.14%  12.9 2432s
 297409 285883 -224974.44  653 5470 -219459.98 -228550.88  4.14%  12.9 2453s
 297791 286360 -224852.63  674 5441 -219459.98 -228550.88  4.14%  12.9 2458s
 298268 286733 -224772.74  690 5402 -219459.98 -228550.88  4.14%  12.9 2466s
 298641 287177 -224703.78  702 5371 -219459.98 -228550.88  4.14%  12.8 2473s
 299091 287535 -224622.77  728 5321 -219459.98 -228550.88  4.14%  12.8 2477s
 299449 288184 -224581.64  732 5318 -219459.98 -228550.88  4.14%  12.8 2482s
 300129 288517 -224493.98  750 5296 -219459.98 -228550.88  4.14%  12.8 2487s
 300498 288895 -224446.85  759 5267 -219459.98 -228550.84  4.14%  12.8 2491s
 300876 289486 -224375.12  766 5266 -219459.98 -228550.84  4.14%  12.8 2497s
 301495 289976 -224268.34  785 5240 -219459.98 -228550.84  4.14%  12.8 2501s
 301985 290270 -224137.99  806 5196 -219459.98 -228550.84  4.14%  12.8 2505s
 302729 291521 -224002.84  831 5156 -219459.98 -228550.77  4.14%  12.8 2515s
 303879 292069 -223857.88  859 5107 -219459.98 -228550.77  4.14%  12.8 2521s
 304106 292494 -223841.05  863 5109 -219459.98 -228550.77  4.14%  12.8 2525s
 304962 293184 -223713.44  889 5083 -219459.98 -228550.77  4.14%  12.8 2532s
 305239 293588 -223691.15  894 5078 -219459.98 -228550.66  4.14%  12.8 2535s
 305991 294297 -223541.84  922 5014 -219459.98 -228550.66  4.14%  12.8 2542s
 306356 294749 -223505.50  931 4999 -219459.98 -228550.66  4.14%  12.8 2547s
 306808 295266 -223451.48  947 4978 -219459.98 -228550.66  4.14%  12.8 2551s
 307610 295912 -223341.99  973 4961 -219459.98 -228550.65  4.14%  12.8 2558s
 307989 296125 -223252.82  992 4917 -219459.98 -228550.65  4.14%  12.8 2580s
 308212 296483 -223245.46  994 4913 -219459.98 -228550.61  4.14%  12.8 2585s
 308570 296781 -223154.40 1022 4876 -219459.98 -228550.61  4.14%  12.8 2595s
 308868 297114 -223084.09 1033 4856 -219459.98 -228550.61  4.14%  12.8 2601s
 309201 297595 -223033.98 1043 4846 -219459.98 -228550.61  4.14%  12.8 2605s
 310009 298055 -227951.00  129 6348 -219459.98 -228550.61  4.14%  12.8 2610s
 310591 298921 -222826.11 1084 4802 -219459.98 -228550.61  4.14%  12.8 2618s
 311012 299144 -222789.86 1095 4781 -219459.98 -228550.61  4.14%  12.8 2622s
 311249 299623 -222747.60 1103 4778 -219459.98 -228550.59  4.14%  12.8 2626s
 311728 299938 -222679.73 1116 4747 -219459.98 -228550.59  4.14%  12.8 2631s
 312053 300153 -222635.40 1124 4743 -219459.98 -228550.58  4.14%  12.8 2635s
 312636 301100 -222595.14 1139 4735 -219459.98 -228550.58  4.14%  12.8 2643s
 313217 301695 -222497.86 1157 4698 -219459.98 -228550.58  4.14%  12.8 2650s
 313812 302291 -222413.92 1173 4684 -219459.98 -228550.58  4.14%  12.8 2655s
 314711 302954 -222307.92 1198 4641 -219459.98 -228550.55  4.14%  12.8 2663s
 315089 303451 -222279.09 1204 4627 -219459.98 -228550.55  4.14%  12.8 2666s
 315586 303723 -222115.83 1222 4594 -219459.98 -228550.55  4.14%  12.8 2671s
 315858 304110 -222062.20 1225 4588 -219459.98 -228550.55  4.14%  12.8 2676s
 316655 304812 -221966.33 1248 4551 -219459.98 -228550.49  4.14%  12.8 2684s
 316973 305089 -221933.96 1259 4540 -219459.98 -228550.48  4.14%  12.8 2688s
 317266 305478 -221871.20 1273 4506 -219459.98 -228550.47  4.14%  12.8 2693s
 317655 305973 -221799.16 1293 4481 -219459.98 -228550.47  4.14%  12.8 2696s
 318150 306494 -221766.30 1301 4471 -219459.98 -228550.47  4.14%  12.8 2700s
 318673 306594 infeasible 1315      -219459.98 -228550.47  4.14%  12.7 2710s
 318843 306876 -228547.40   26 6715 -219459.98 -228550.47  4.14%  12.7 2724s
 319125 307170 -228545.75   27 6713 -219459.98 -228550.47  4.14%  12.7 2729s
 319419 307604 -228544.89   28 6707 -219459.98 -228550.47  4.14%  12.7 2733s
 319853 308126 -228082.79  113 6380 -219459.98 -228550.47  4.14%  12.7 2737s
 320377 308543 -227203.68  234 6107 -219459.98 -228550.47  4.14%  12.7 2742s
 320800 309133 -226556.10  344 5923 -219459.98 -228550.47  4.14%  12.7 2747s
 321420 309572 -228548.91   27 6726 -219459.98 -228550.47  4.14%  12.7 2751s
 321867 309885 -228513.75   44 6667 -219459.98 -228550.47  4.14%  12.7 2756s
 322686 310708 -228214.69   89 6486 -219459.98 -228550.47  4.14%  12.7 2764s
 323005 310966 -228154.99  105 6395 -219459.98 -228550.47  4.14%  12.7 2768s
 323273 311309 -228117.20  115 6412 -219459.98 -228550.47  4.14%  12.7 2773s
 323626 311766 -228037.10  125 6368 -219459.98 -228550.47  4.14%  12.7 2779s
 324200 312101 -227706.40  161 6265 -219459.98 -228550.47  4.14%  12.7 2784s
 324535 312558 -227600.99  178 6236 -219459.98 -228550.47  4.14%  12.7 2788s
 325004 312634 -227433.83  197 6198 -219459.98 -228550.47  4.14%  12.7 2793s
 325164 313011 -227398.07  199 6193 -219459.98 -228550.43  4.14%  12.7 2798s
 325543 313514 -227259.01  216 6165 -219459.98 -228550.43  4.14%  12.7 2802s
 326050 314073 -227076.64  235 6135 -219459.98 -228550.43  4.14%  12.7 2808s
 326613 314547 -226822.11  256 6086 -219459.98 -228550.43  4.14%  12.7 2814s
 327103 315020 -226575.11  282 6031 -219459.98 -228550.43  4.14%  12.7 2818s
 327576 315484 -226386.68  301 5974 -219459.98 -228550.43  4.14%  12.7 2825s
 328614 316323 -226004.23  341 5891 -219459.98 -228550.43  4.14%  12.7 2835s
 328923 316542 -225893.87  347 5879 -219459.98 -228550.32  4.14%  12.7 2850s
 329142 317028 -225837.71  351 5867 -219459.98 -228550.32  4.14%  12.7 2855s
 329628 317586 -225753.59  360 5859 -219459.98 -228550.32  4.14%  12.7 2861s
 330192 318177 -225554.55  381 5841 -219459.98 -228550.32  4.14%  12.7 2867s
 330791 318729 -225321.68  398 5834 -219459.98 -228550.32  4.14%  12.7 2872s
 331375 319376 -225042.12  415 5818 -219459.98 -228550.32  4.14%  12.7 2879s
 331470 319376 -224724.32  671 5484 -219459.98 -228550.32  4.14%  12.7 2880s
 332048 319691 -228522.85   37 6667 -219459.98 -228550.32  4.14%  12.7 2885s
 332442 320240 -228214.87  105 6418 -219459.98 -228550.32  4.14%  12.7 2890s
 333203 320790 infeasible  251      -219459.98 -228550.32  4.14%  12.7 2900s
 333561 321323 -228364.14   63 6541 -219459.98 -228550.32  4.14%  12.7 2906s
 334094 321865 -228180.27  114 6428 -219459.98 -228550.32  4.14%  12.7 2914s
 334708 322384 -227678.61  210 6201 -219459.98 -228550.32  4.14%  12.7 2919s
 335227 322441 -227256.53  294 6042 -219459.98 -228550.32  4.14%  12.7 2979s
 335284 322795 -227222.45  299 6030 -219459.98 -228550.32  4.14%  12.7 2988s
 335648 323322 -227005.61  337 5979 -219459.98 -228550.32  4.14%  12.7 2993s
 336175 323937 -226822.66  364 5934 -219459.98 -228550.32  4.14%  12.7 2999s
 336574 323937 -222750.51 1049 5001 -219459.98 -228550.32  4.14%  12.7 3000s

Cutting planes:
  Gomory: 573
  Lift-and-project: 29
  Cover: 1601
  MIR: 3970
  Mixing: 3
  StrongCG: 1356
  Flow cover: 513
  GUB cover: 65
  Zero half: 281
  Mod-K: 1
  Relax-and-lift: 504

Explored 336794 nodes (4318507 simplex iterations) in 3000.67 seconds (2138.39 work units)
Thread count was 4 (of 28 available processors)

Solution count 10: -219460 -219455 -219453 ... -219401

Time limit reached
Best objective -2.194599770630e+05, best bound -2.285503183888e+05, gap 4.1421%

User-callback calls 924102, time in user-callback 3.66 sec
