
Gurobi 13.0.1 (win64) logging started Wed Oct  7 08:29:59 2026

Set parameter LogFile to value "results/source_summaries/3d/R15/gurobi_extensive.log"
Gurobi Optimizer version 13.0.1 build v13.0.1rc0 (win64 - Windows 11+.0 (26200.2))

CPU model: Intel(R) Core(TM) i7-14650HX, instruction set [SSE2|AVX|AVX2]
Thread count: 16 physical cores, 24 logical processors, using up to 4 threads

Non-default parameters:
TimeLimit  1800
IntFeasTol  1e-06
MIPGap  0.0005
Heuristics  0.2
Cuts  2
Presolve  2
Seed  1
Threads  4

Optimize a model with 5170 rows, 9129 columns and 20060 nonzeros (Min)
Model fingerprint: 0x66d412b7
Model has 3964 linear objective coefficients
Variable types: 5163 continuous, 3966 integer (3963 binary)
Coefficient statistics:
  Matrix range     [1e-01, 3e+01]
  Objective range  [3e+00, 5e+01]
  Bounds range     [1e-01, 3e+01]
  RHS range        [1e+00, 9e+01]

Found heuristic solution: objective 0.0000000
Presolve removed 135 rows and 4912 columns
Presolve time: 0.10s
Presolved: 5035 rows, 4217 columns, 14870 nonzeros
Variable types: 118 continuous, 4099 integer (3862 binary)
Root relaxation presolve removed 1 rows and 1 columns
Root relaxation presolved: 5034 rows, 4216 columns, 14867 nonzeros


Root relaxation: objective -3.387049e+04, 936 iterations, 0.02 seconds (0.03 work units)

    Nodes    |    Current Node    |     Objective Bounds      |     Work
 Expl Unexpl |  Obj  Depth IntInf | Incumbent    BestBd   Gap | It/Node Time

     0     0 -33870.495    0  410    0.00000 -33870.495      -     -    0s
H    0     0                    -26060.26944 -33870.495  30.0%     -    0s
H    0     0                    -26074.22661 -33870.495  29.9%     -    0s
H    0     0                    -28484.14452 -33870.495  18.9%     -    0s
H    0     0                    -28494.61379 -33870.495  18.9%     -    0s
H    0     0                    -28528.54234 -33870.495  18.7%     -    0s
H    0     0                    -28997.35227 -33870.495  16.8%     -    0s
H    0     0                    -29087.43592 -33870.495  16.4%     -    0s
H    0     0                    -29104.77761 -33870.495  16.4%     -    0s
H    0     0                    -29140.72105 -33870.495  16.2%     -    0s
H    0     0                    -29176.97035 -33620.612  15.2%     -    0s
H    0     0                    -29180.37338 -33037.047  13.2%     -    0s
H    0     0                    -29191.59263 -33037.047  13.2%     -    0s
     0     0 -33037.047    0  814 -29191.593 -33037.047  13.2%     -    0s
H    0     0                    -29198.13720 -33036.099  13.1%     -    0s
H    0     0                    -29200.00833 -33036.099  13.1%     -    0s
H    0     0                    -29207.99851 -32516.917  11.3%     -    0s
H    0     0                    -29258.51850 -32516.917  11.1%     -    0s
H    0     0                    -29265.29641 -32516.917  11.1%     -    0s
H    0     0                    -29266.26468 -32516.917  11.1%     -    0s
H    0     0                    -29287.19800 -32516.917  11.0%     -    0s
H    0     0                    -29290.43773 -32516.917  11.0%     -    0s
     0     0 -32508.632    0 1180 -29290.438 -32508.632  11.0%     -    0s
     0     0 -32476.797    0 1207 -29290.438 -32476.797  10.9%     -    0s
H    0     0                    -29319.45581 -32476.797  10.8%     -    0s
H    0     0                    -29326.21875 -32476.797  10.7%     -    0s
     0     0 -32472.786    0 1204 -29326.219 -32472.786  10.7%     -    0s
     0     0 -32472.596    0 1204 -29326.219 -32472.596  10.7%     -    0s
     0     0 -32472.596    0 1204 -29326.219 -32472.596  10.7%     -    0s
H    0     0                    -29362.27925 -32472.596  10.6%     -    0s
H    0     0                    -29386.29779 -32472.596  10.5%     -    0s
     0     0 -32252.275    0 1414 -29386.298 -32252.275  9.75%     -    0s
     0     0 -32155.318    0 1521 -29386.298 -32155.318  9.42%     -    0s
H    0     0                    -29396.88158 -32144.374  9.35%     -    0s
     0     0 -32144.374    0 1572 -29396.882 -32144.374  9.35%     -    0s
     0     0 -32143.408    0 1578 -29396.882 -32143.408  9.34%     -    0s
H    0     0                    -29420.93995 -32143.408  9.25%     -    1s
H    0     0                    -29423.86576 -32035.572  8.88%     -    1s
     0     0 -32035.572    0 1716 -29423.866 -32035.572  8.88%     -    1s
H    0     0                    -29425.73689 -32035.378  8.87%     -    1s
H    0     0                    -29446.91894 -32009.125  8.70%     -    1s
H    0     0                    -29453.64110 -32009.125  8.68%     -    1s
     0     0 -32009.125    0 1750 -29453.641 -32009.125  8.68%     -    1s
     0     0 -32004.128    0 1771 -29453.641 -32004.128  8.66%     -    1s
     0     0 -32003.516    0 1781 -29453.641 -32003.516  8.66%     -    1s
H    0     0                    -29457.49480 -32003.516  8.64%     -    2s
H    0     0                    -29470.98278 -31934.225  8.36%     -    2s
     0     0 -31934.225    0 1790 -29470.983 -31934.225  8.36%     -    2s
H    0     0                    -29473.86371 -31933.573  8.35%     -    2s
     0     0 -31927.746    0 1807 -29473.864 -31927.746  8.33%     -    2s
     0     0 -31924.937    0 1840 -29473.864 -31924.937  8.32%     -    2s
H    0     0                    -29476.77118 -31924.937  8.31%     -    2s
H    0     0                    -29500.88414 -31924.937  8.22%     -    2s
H    0     0                    -29610.88556 -31924.937  7.81%     -    2s
H    0     0                    -29612.95031 -31924.937  7.81%     -    2s
H    0     0                    -29613.98268 -31924.937  7.80%     -    2s
H    0     0                    -29638.81775 -31924.937  7.71%     -    2s
H    0     0                    -29686.99330 -31924.937  7.54%     -    2s
H    0     0                    -29690.69599 -31924.937  7.53%     -    2s
H    0     0                    -29746.00496 -31924.937  7.33%     -    2s
     0     0 -31879.550    0 1868 -29746.005 -31879.550  7.17%     -    2s
H    0     0                    -29768.67205 -31879.530  7.09%     -    2s
H    0     0                    -29830.40462 -31822.946  6.68%     -    3s
H    0     0                    -29837.45441 -31822.946  6.65%     -    3s
H    0     0                    -29841.65958 -31822.946  6.64%     -    3s
H    0     0                    -29852.09086 -31822.946  6.60%     -    3s
H    0     0                    -29856.09527 -31822.946  6.59%     -    3s
H    0     0                    -29859.01194 -31822.946  6.58%     -    3s
H    0     0                    -29863.11651 -31822.946  6.56%     -    3s
H    0     0                    -29872.97318 -31822.946  6.53%     -    3s
H    0     0                    -29874.90545 -31822.946  6.52%     -    3s
H    0     0                    -29889.27146 -31822.946  6.47%     -    3s
H    0     0                    -29898.73189 -31822.946  6.44%     -    3s
H    0     0                    -29937.58051 -31822.946  6.30%     -    3s
     0     0 -31822.946    0 1926 -29937.581 -31822.946  6.30%     -    3s
H    0     0                    -29945.83951 -31815.093  6.24%     -    3s
H    0     0                    -29948.64485 -31815.093  6.23%     -    3s
     0     0 -31815.093    0 1970 -29948.645 -31815.093  6.23%     -    3s
H    0     0                    -29977.39586 -31812.969  6.12%     -    3s
     0     0 -31812.969    0 1983 -29977.396 -31812.969  6.12%     -    3s
H    0     0                    -29997.37842 -31812.969  6.05%     -    4s
H    0     0                    -30012.86759 -31812.969  6.00%     -    4s
H    0     0                    -30036.61031 -31812.969  5.91%     -    4s
H    0     0                    -30039.71835 -31812.969  5.90%     -    4s
H    0     0                    -30054.39049 -31812.969  5.85%     -    4s
H    0     0                    -30055.42650 -31812.969  5.85%     -    4s
H    0     0                    -30060.59615 -31747.072  5.61%     -    4s
H    0     0                    -30074.78086 -31747.072  5.56%     -    4s
H    0     0                    -30075.88129 -31747.072  5.56%     -    4s
     0     0 -31747.072    0 1948 -30075.881 -31747.072  5.56%     -    4s
H    0     0                    -30090.51031 -31738.209  5.48%     -    5s
     0     0 -31738.209    0 1857 -30090.510 -31738.209  5.48%     -    5s
     0     0 -31735.191    0 1887 -30090.510 -31735.191  5.47%     -    5s
H    0     0                    -30091.44823 -31694.702  5.33%     -    6s
     0     0 -31694.702    0 1938 -30091.448 -31694.702  5.33%     -    6s
     0     0 -31681.666    0 1966 -30091.448 -31681.666  5.28%     -    6s
     0     0 -31679.061    0 1972 -30091.448 -31679.061  5.28%     -    6s
     0     0 -31582.655    0 1970 -30091.448 -31582.655  4.96%     -    7s
     0     0 -31582.655    0 1970 -30091.448 -31582.655  4.96%     -    7s
     0     0 -31582.655    0 1965 -30091.448 -31582.655  4.96%     -    7s
     0     2 -31582.655    0 1959 -30091.448 -31582.655  4.96%     -    8s
H   10    12                    -30093.62339 -31582.655  4.95%  1129    9s
    52    65 -30480.537   11 1676 -30093.623 -31582.655  4.95%   339   10s
H  209   218                    -30102.25048 -31582.655  4.92%  97.6   10s
H  524   536                    -30108.77595 -31582.655  4.90%  47.8   11s
H  884   931                    -30118.10008 -31582.655  4.86%  33.0   12s
H 1071  1124                    -30125.71313 -31582.655  4.84%  29.1   12s
H 1348  1315                    -30139.43682 -31318.506  3.91%  33.0   13s
  1349  1316 -30892.288   78 1965 -30139.437 -31318.506  3.91%  32.9   15s
  1363  1325 -30289.472  106 2039 -30139.437 -31318.506  3.91%  32.6   20s
  1370  1330 -30542.797   14 2180 -30139.437 -31318.506  3.91%  32.4   25s
H 1370  1263                    -30148.76094 -31318.506  3.88%  32.4   26s
  1374  1266 -30428.937   77 2335 -30148.761 -31318.506  3.88%  32.3   30s
H 1377  1204                    -30150.73251 -31297.934  3.80%  32.3   35s
  1381  1209 -31237.433   15 2132 -30150.733 -31237.433  3.60%  59.6   40s
  1804  1521 -30914.076   43 1622 -30150.733 -31237.433  3.60%  69.2   45s
  2832  2154 -30663.199   92 1503 -30150.733 -31237.433  3.60%  57.8   50s
  3840  2784 -30378.735  203  976 -30150.733 -31016.165  2.87%  51.8   55s
  6334  5105 -30514.596  174  878 -30150.733 -30997.924  2.81%  40.5   60s
  8809  7498 -30694.818   94 1369 -30150.733 -30994.865  2.80%  36.0   65s
 11673 10466 -30546.185  151 1012 -30150.733 -30981.904  2.76%  33.9   70s
 14621 12487 -30909.891   24 1836 -30150.733 -30981.904  2.76%  32.6   75s
 17768 15775 -30445.556  143 1114 -30150.733 -30981.904  2.76%  31.1   80s
 22120 20385 -30575.985  115 1184 -30150.733 -30981.904  2.76%  31.1   85s
 26463 23967 -30908.767   28 1823 -30150.733 -30943.908  2.63%  30.2   90s
 30716 27799 -30786.053   58 1578 -30150.733 -30943.908  2.63%  29.6   95s
 34263 31230 -30702.673   81 1353 -30150.733 -30937.063  2.61%  29.0  100s
H34496 31230                    -30150.73251 -30937.063  2.61%  28.9  100s
 37110 33776 -30891.882   32 1821 -30150.733 -30937.063  2.61%  28.5  105s
 40618 36955 -30910.946   28 1838 -30150.733 -30937.063  2.61%  28.4  110s
 45844 41887 -30251.981  318  516 -30150.733 -30932.283  2.59%  27.7  115s
 51217 47488 -30237.801  324  457 -30150.733 -30930.099  2.58%  26.8  120s
 55430 51098 -30710.105   80 1476 -30150.733 -30929.675  2.58%  26.5  125s
 59908 55034 -30906.142   28 1826 -30150.733 -30927.433  2.58%  26.2  130s
 63482 58214 -30861.240   35 1783 -30150.733 -30926.289  2.57%  26.0  135s
 66875 61908 -30609.291  113 1257 -30150.733 -30926.248  2.57%  26.1  140s
 70133 64750 -30489.386  147 1128 -30150.733 -30926.248  2.57%  25.8  145s
 72279 67155 -30414.612  166 1052 -30150.733 -30926.248  2.57%  25.9  150s
 77466 71802 -30860.676   31 1782 -30150.733 -30924.431  2.57%  25.7  155s
 81289 74982 -30172.762  172  876 -30150.733 -30924.005  2.56%  25.8  160s
 84456 78493 -30594.763  136 1219 -30150.733 -30922.517  2.56%  25.8  165s
 89230 82849 -30248.621  311  499 -30150.733 -30922.517  2.56%  25.5  170s
 92886 86130 -30906.761   32 1810 -30150.733 -30921.855  2.56%  25.4  175s
 97652 90360 -30589.750  141 1270 -30150.733 -30921.855  2.56%  25.3  180s
 101753 94784 -30280.607  246  888 -30150.733 -30920.376  2.55%  25.2  185s
 105999 98377 -30255.249  299  649 -30150.733 -30920.376  2.55%  25.0  190s
 109140 101393 -30865.923   41 1697 -30150.733 -30919.684  2.55%  24.9  195s
 112597 104431 -30820.674   51 1698 -30150.733 -30919.489  2.55%  24.8  200s
 116525 107970 -30190.680  260  782 -30150.733 -30918.757  2.55%  24.8  206s
 119508 110867 -30809.378   48 1720 -30150.733 -30918.339  2.55%  24.7  210s
 121559 112989 -30880.540   33 1745 -30150.733 -30918.339  2.55%  24.7  215s
 123907 114948 -30179.475  373  282 -30150.733 -30918.230  2.55%  24.7  220s
 127279 118319 -30196.664  317  274 -30150.733 -30918.230  2.55%  24.7  225s
 129011 120018 -30755.684   69 1491 -30150.733 -30918.230  2.55%  24.8  230s
 131460 122112 -30652.232   92 1443 -30150.733 -30917.301  2.54%  24.7  235s
 133035 123776 -30533.076   94 1299 -30150.733 -30917.046  2.54%  24.8  240s
 135308 125381 -30910.380   34 1859 -30150.733 -30916.833  2.54%  24.7  245s
 138275 128258 -30808.245   45 1731 -30150.733 -30916.833  2.54%  24.7  250s
 141146 131262 -30598.850  126 1212 -30150.733 -30916.805  2.54%  24.8  255s
 144050 134107 -30606.784  103 1289 -30150.733 -30916.468  2.54%  24.6  260s
 145308 134768 -30463.201  178 1127 -30150.733 -30916.461  2.54%  24.6  265s
 149655 139411 -30662.363  106 1341 -30150.733 -30915.997  2.54%  24.6  270s
 153100 141993 -30888.372   30 1840 -30150.733 -30915.604  2.54%  24.6  275s
 156166 145109 -30159.828  239  810 -30150.733 -30915.524  2.54%  24.6  281s
 158873 147520 -30889.517   29 1806 -30150.733 -30915.347  2.54%  24.5  285s
 162560 151222 -30756.767   65 1590 -30150.733 -30915.347  2.54%  24.5  290s
 164963 153574 -30232.680  135 1078 -30150.733 -30914.798  2.53%  24.4  295s
 167836 156121 -30859.340   40 1693 -30150.733 -30914.798  2.53%  24.4  300s
 169414 157422 -30869.772   34 1757 -30150.733 -30914.798  2.53%  24.4  305s
 171318 159002 -30815.645   53 1699 -30150.733 -30914.170  2.53%  24.4  310s
 174813 162237 -30893.221   32 1842 -30150.733 -30913.891  2.53%  24.4  315s
 176399 163918 -30547.932  145 1172 -30150.733 -30913.891  2.53%  24.4  320s
 178271 165491 -30805.146   46 1645 -30150.733 -30913.891  2.53%  24.4  325s
 179990 167285 -30197.775  353  209 -30150.733 -30913.891  2.53%  24.4  330s
 183653 170672 -30813.645   55 1634 -30150.733 -30913.463  2.53%  24.3  336s
 185879 172684 -30708.800   91 1434 -30150.733 -30913.417  2.53%  24.3  340s
 186954 173580 -30738.726   70 1538 -30150.733 -30913.320  2.53%  24.3  345s
 189034 175528 -30877.593   26 1817 -30150.733 -30913.320  2.53%  24.3  352s
 189699 176281 -30392.109  166 1071 -30150.733 -30913.320  2.53%  24.3  355s
 191614 178241 -30613.965  110 1234 -30150.733 -30913.044  2.53%  24.3  360s
 192989 179398 -30532.447  135 1288 -30150.733 -30912.922  2.53%  24.3  366s
 195078 181237 -30894.535   34 1737 -30150.733 -30912.874  2.53%  24.3  370s
 196471 182538 -30703.687   77 1453 -30150.733 -30912.811  2.53%  24.3  375s
 198674 184694 -30432.058  150  999 -30150.733 -30912.702  2.53%  24.2  380s
 200327 185805 -30791.497   51 1652 -30150.733 -30912.688  2.53%  24.2  385s
 203306 188657 -30827.174   44 1732 -30150.733 -30912.688  2.53%  24.2  391s
 204608 190492 -30603.818   96 1473 -30150.733 -30912.455  2.53%  24.2  395s
 206743 192293 -30805.793   52 1630 -30150.733 -30912.313  2.53%  24.2  400s
 208211 193483 -30566.929   93 1413 -30150.733 -30912.313  2.53%  24.2  405s
 209996 195195 -30768.041   63 1525 -30150.733 -30912.052  2.53%  24.2  410s
 213029 197875 -30163.225  318  383 -30150.733 -30911.929  2.52%  24.2  415s
 213851 198776 -30620.543  106 1296 -30150.733 -30911.890  2.52%  24.3  420s
 215877 200552 -30679.996   75 1534 -30150.733 -30911.890  2.52%  24.3  425s
 217571 202529 -30407.575   98 1307 -30150.733 -30911.890  2.52%  24.3  430s
 219640 203995 -30713.592   75 1495 -30150.733 -30911.660  2.52%  24.3  436s
 219964 204630 -30637.594  108 1356 -30150.733 -30911.660  2.52%  24.3  440s
 224375 208486 -30634.990   96 1371 -30150.733 -30911.644  2.52%  24.2  446s
 226747 210422 -30378.665  223 1030 -30150.733 -30911.644  2.52%  24.1  450s
 229670 213378 -30757.293   63 1516 -30150.733 -30911.235  2.52%  24.1  455s
 231269 214578 -30542.390  136 1178 -30150.733 -30911.209  2.52%  24.1  460s
 233186 216571     cutoff  260      -30150.733 -30911.009  2.52%  24.0  467s
 234594 217545 -30885.785   32 1785 -30150.733 -30910.912  2.52%  24.0  471s
 237628 220640 -30321.840  210  891 -30150.733 -30910.852  2.52%  24.0  475s
 239484 222901 -30538.419  146 1155 -30150.733 -30910.742  2.52%  24.1  481s
 240526 223050 -30555.585  115 1276 -30150.733 -30910.742  2.52%  24.1  486s
 243226 225547 -30221.000  286  604 -30150.733 -30910.742  2.52%  24.0  492s
 244709 227194 -30828.988   44 1653 -30150.733 -30910.742  2.52%  24.1  495s
 246665 229332 -30229.321  266  466 -30150.733 -30910.742  2.52%  24.1  500s
 248831 230966 -30883.201   30 1807 -30150.733 -30910.742  2.52%  24.0  505s
 250734 232988 -30588.589  111 1334 -30150.733 -30910.742  2.52%  24.0  511s
 251702 233905 -30680.554   80 1434 -30150.733 -30910.742  2.52%  24.0  515s
 253238 234875 -30315.071  113 1122 -30150.733 -30910.135  2.52%  24.1  521s
 253789 235789 -30878.465   30 1846 -30150.733 -30910.135  2.52%  24.1  525s
 255318 237096 -30778.467   64 1577 -30150.733 -30910.135  2.52%  24.0  531s
 256533 238246 -30614.350  104 1361 -30150.733 -30910.076  2.52%  24.0  536s
 257844 239361 -30495.278  160 1131 -30150.733 -30910.076  2.52%  24.0  540s
 259636 241416 -30392.639  194  719 -30150.733 -30909.821  2.52%  24.0  546s
 261703 242843 -30833.434   46 1644 -30150.733 -30909.694  2.52%  24.0  552s
 261913 243432 -30513.144  143 1016 -30150.733 -30909.694  2.52%  24.0  555s
 263268 244579 -30156.168  305  309 -30150.733 -30909.693  2.52%  24.0  561s
 265152 246140 -30781.765   49 1657 -30150.733 -30909.579  2.52%  24.0  565s
 268356 249479 -30640.951  109 1229 -30150.733 -30909.506  2.52%  24.1  570s
 271540 251869 -30894.040   29 1854 -30150.733 -30909.462  2.52%  23.9  575s
 272821 253301 -30850.143   40 1724 -30150.733 -30909.428  2.52%  23.9  580s
 274282 254582 -30742.102   72 1551 -30150.733 -30909.428  2.52%  23.9  585s
 278412 258635 -30468.870  147 1181 -30150.733 -30909.220  2.52%  23.9  590s
 280235 260147 -30887.520   31 1797 -30150.733 -30909.220  2.52%  23.9  595s
 284717 264575 -30206.133  320  341 -30150.733 -30909.001  2.51%  23.8  600s
 286587 266270 -30686.626   81 1415 -30150.733 -30908.964  2.51%  23.8  605s
 290161 269365 -30898.464   28 1848 -30150.733 -30908.875  2.51%  23.8  610s
 292832 271899 -30307.156  237  887 -30150.733 -30908.875  2.51%  23.8  615s
 294083 273017 -30897.595   30 1800 -30150.733 -30908.875  2.51%  23.8  620s
 294950 273834 -30887.405   26 1839 -30150.733 -30908.875  2.51%  23.8  625s
 297145 275985 -30296.980  196 1105 -30150.733 -30908.506  2.51%  23.8  630s
 298945 277898 -30355.219  186 1045 -30150.733 -30908.506  2.51%  23.8  636s
 299739 278451 -30705.040   75 1438 -30150.733 -30908.506  2.51%  23.8  643s
 300341 279104 -30889.210   31 1800 -30150.733 -30908.506  2.51%  23.8  645s
 301116 279741 -30343.642  214  997 -30150.733 -30908.506  2.51%  23.8  650s
 303228 281604 -30823.346   42 1712 -30150.733 -30908.178  2.51%  23.8  656s
 304666 282955 -30788.653   47 1650 -30150.733 -30908.178  2.51%  23.8  661s
 305515 283865 -30749.717   66 1518 -30150.733 -30908.178  2.51%  23.8  665s
 306224 284484 -30176.811  305  718 -30150.733 -30908.178  2.51%  23.8  671s
 307801 286009 -30875.120   35 1755 -30150.733 -30907.967  2.51%  23.7  676s
 308548 286398 -30544.008  132 1278 -30150.733 -30907.967  2.51%  23.7  680s
 311195 289228 -30815.742   51 1685 -30150.733 -30907.955  2.51%  23.7  685s
 313156 290935 -30678.350  102 1372 -30150.733 -30907.955  2.51%  23.7  690s
 316912 294629 -30456.772  177  876 -30150.733 -30907.802  2.51%  23.7  695s
 319259 296622     cutoff  326      -30150.733 -30907.738  2.51%  23.7  700s
 322023 298968 -30895.036   28 1830 -30150.733 -30907.738  2.51%  23.7  705s
 324244 301660 -30362.901  222  875 -30150.733 -30907.592  2.51%  23.7  710s
 325820 302673 -30799.285   45 1670 -30150.733 -30907.592  2.51%  23.7  715s
 327847 305006 -30665.084   93 1444 -30150.733 -30907.592  2.51%  23.7  720s
 329668 306115 -30855.000   36 1728 -30150.733 -30907.592  2.51%  23.7  727s
 330770 307205 -30860.550   33 1813 -30150.733 -30907.309  2.51%  23.7  731s
 331155 307755 -30530.595  111 1328 -30150.733 -30907.309  2.51%  23.7  736s
 332482 308722 -30288.901  254  710 -30150.733 -30907.275  2.51%  23.7  740s
 333533 309908 -30845.787   40 1714 -30150.733 -30907.275  2.51%  23.7  746s
 334680 311263 -30741.763   71 1525 -30150.733 -30907.275  2.51%  23.8  750s
 336646 312443 -30492.478  175  991 -30150.733 -30907.148  2.51%  23.8  756s
 338099 314319 -30205.999  346  304 -30150.733 -30907.148  2.51%  23.7  760s
 340170 316424 -30546.439  142 1142 -30150.733 -30907.148  2.51%  23.7  766s
 341521 317444 -30541.713   87 1380 -30150.733 -30907.148  2.51%  23.7  770s
 343099 319112 -30459.746  148 1182 -30150.733 -30906.918  2.51%  23.8  775s
 346488 322149 -30163.485  360  292 -30150.733 -30906.854  2.51%  23.7  780s
 347610 323207 -30555.712   83 1375 -30150.733 -30906.830  2.51%  23.7  786s
 348734 324090 -30866.031   39 1780 -30150.733 -30906.830  2.51%  23.7  790s
 349345 324640 -30715.408   85 1393 -30150.733 -30906.830  2.51%  23.7  795s
 351150 326580 -30249.348  298  406 -30150.733 -30906.830  2.51%  23.7  800s
 352420 327464 -30705.238   75 1518 -30150.733 -30906.660  2.51%  23.7  805s
 353536 328514 -30711.698   70 1510 -30150.733 -30906.660  2.51%  23.7  810s
 354834 329551 -30769.184   63 1496 -30150.733 -30906.596  2.51%  23.7  817s
 356008 330606 -30794.539   54 1618 -30150.733 -30906.596  2.51%  23.7  820s
 357348 332231 -30702.244   82 1447 -30150.733 -30906.541  2.51%  23.7  825s
 359532 334054 -30185.966  388  179 -30150.733 -30906.523  2.51%  23.6  830s
 361099 335458 -30886.734   29 1830 -30150.733 -30906.471  2.51%  23.7  836s
 362652 336805 -30418.689  199  862 -30150.733 -30906.471  2.51%  23.7  840s
 366105 340389 -30696.679   86 1450 -30150.733 -30906.453  2.51%  23.6  845s
 366754 340776 -30788.013   51 1650 -30150.733 -30906.327  2.51%  23.6  850s
 368240 342555 -30850.370   34 1788 -30150.733 -30906.327  2.51%  23.6  856s
 369543 343552 -30173.926  292  656 -30150.733 -30906.327  2.51%  23.6  860s
 370275 344155 -30604.732  113 1304 -30150.733 -30906.327  2.51%  23.6  867s
 370927 344634 -30861.395   36 1747 -30150.733 -30906.327  2.51%  23.6  870s
 372963 346828 -30601.850   90 1206 -30150.733 -30906.082  2.51%  23.6  876s
 373335 346840 -30334.704  139 1046 -30150.733 -30906.082  2.51%  23.6  880s
 374250 348112 -30700.524   79 1517 -30150.733 -30906.022  2.51%  23.7  885s
 376023 349569 -30898.586   30 1805 -30150.733 -30906.022  2.51%  23.6  891s
 376895 350641 -30429.324   98 1292 -30150.733 -30905.979  2.50%  23.7  898s
 377451 350977 -30284.305  137 1049 -30150.733 -30905.979  2.50%  23.7  900s
 378264 352269 -30643.687   95 1481 -30150.733 -30905.886  2.50%  23.7  906s
 379240 352431 -30887.079   31 1833 -30150.733 -30905.874  2.50%  23.6  912s
 380587 353694 -30682.482   70 1452 -30150.733 -30905.870  2.50%  23.7  915s
 381359 355084 -30380.865  133 1124 -30150.733 -30905.870  2.50%  23.7  920s
 382976 356407 -30392.235  206  827 -30150.733 -30905.870  2.50%  23.7  926s
 383911 356981 -30712.058   73 1522 -30150.733 -30905.870  2.50%  23.7  930s
 384932 357798 -30722.934   80 1511 -30150.733 -30905.870  2.50%  23.7  935s
 385980 359469 -30674.012   88 1434 -30150.733 -30905.723  2.50%  23.7  940s
 388894 361526 -30641.242  119 1216 -30150.733 -30905.678  2.50%  23.7  947s
 389240 362310 -30487.644  176  934 -30150.733 -30905.678  2.50%  23.7  950s
 391959 364680 -30772.378   49 1602 -30150.733 -30905.678  2.50%  23.7  956s
 392905 365295 -30880.624   37 1818 -30150.733 -30905.678  2.50%  23.7  961s
 393901 366084 -30351.301  210  891 -30150.733 -30905.678  2.50%  23.7  965s
 395532 367609 -30763.287   66 1598 -30150.733 -30905.512  2.50%  23.7  970s
 398544 370620 -30384.075  228 1000 -30150.733 -30905.452  2.50%  23.6  975s
 399796 371489     cutoff  250      -30150.733 -30905.417  2.50%  23.6  980s
 402416 373902 -30368.116  240  843 -30150.733 -30905.366  2.50%  23.6  985s
 402841 374916 -30285.384  271  644 -30150.733 -30905.366  2.50%  23.6  991s
 404056 375654 -30870.635   32 1770 -30150.733 -30905.366  2.50%  23.6  997s
 404838 376453 -30335.464  172 1042 -30150.733 -30905.366  2.50%  23.6 1000s
 407929 379346 -30729.701   65 1537 -30150.733 -30905.283  2.50%  23.6 1006s
 408876 380256 -30817.450   38 1791 -30150.733 -30905.283  2.50%  23.6 1011s
 409892 380904 -30376.784  110 1199 -30150.733 -30905.271  2.50%  23.6 1016s
 412321 383601 -30860.017   35 1729 -30150.733 -30905.271  2.50%  23.6 1020s
 415801 386744 -30812.013   54 1633 -30150.733 -30905.085  2.50%  23.6 1025s
 419641 390351 -30361.835  202  967 -30150.733 -30904.917  2.50%  23.6 1031s
 421636 392163 -30678.378   90 1433 -30150.733 -30904.917  2.50%  23.6 1035s
 422956 393495 -30309.466  179  928 -30150.733 -30904.917  2.50%  23.6 1042s
 424153 394648 -30227.185  218  804 -30150.733 -30904.917  2.50%  23.6 1046s
 425199 395663 -30518.240  124 1215 -30150.733 -30904.917  2.50%  23.6 1051s
 426377 396481 infeasible  223      -30150.733 -30904.761  2.50%  23.6 1055s
 427930 398332 -30820.151   43 1702 -30150.733 -30904.761  2.50%  23.6 1060s
 429589 399484 -30602.824  103 1313 -30150.733 -30904.761  2.50%  23.5 1067s
 430053 400216 -30870.861   33 1803 -30150.733 -30904.761  2.50%  23.5 1070s
 430608 400334 -30714.604   73 1548 -30150.733 -30904.761  2.50%  23.5 1075s
 431800 401532 -30606.819  111 1279 -30150.733 -30904.761  2.50%  23.5 1081s
 432636 402340 -30856.328   44 1704 -30150.733 -30904.608  2.50%  23.5 1085s
 434209 404027 -30774.591   54 1645 -30150.733 -30904.590  2.50%  23.5 1094s
 434637 404181 -30629.037   92 1359 -30150.733 -30904.590  2.50%  23.5 1095s
 437714 407363 -30328.724  216  960 -30150.733 -30904.486  2.50%  23.5 1104s
 438189 407956 -30864.984   37 1757 -30150.733 -30904.473  2.50%  23.5 1105s
 439424 408749 -30883.822   33 1801 -30150.733 -30904.473  2.50%  23.5 1110s
 440228 409795 -30334.964  249  631 -30150.733 -30904.473  2.50%  23.5 1115s
 440816 410030 -30871.193   30 1852 -30150.733 -30904.473  2.50%  23.5 1120s
 441624 410743 -30548.769  129 1264 -30150.733 -30904.473  2.50%  23.5 1129s
 441800 411182 -30459.713  158 1009 -30150.733 -30904.473  2.50%  23.5 1131s
 442261 411720 -30355.633  223  763 -30150.733 -30904.419  2.50%  23.5 1135s
 443321 412658 -30163.392  332  522 -30150.733 -30904.419  2.50%  23.5 1140s
 444135 413461 -30568.885  109 1264 -30150.733 -30904.355  2.50%  23.5 1145s
 444951 413679 -30720.936   85 1475 -30150.733 -30904.355  2.50%  23.5 1150s
 444959 413968 -30715.444   87 1475 -30150.733 -30904.355  2.50%  23.5 1156s
 446515 415622 -30327.668  230  961 -30150.733 -30904.355  2.50%  23.5 1161s
 447494 416837 -30693.262   76 1475 -30150.733 -30904.355  2.50%  23.5 1166s
 448448 418039 -30787.002   53 1678 -30150.733 -30904.228  2.50%  23.5 1173s
 449571 418259 -30873.581   32 1809 -30150.733 -30904.181  2.50%  23.4 1176s
 450797 419264 -30850.379   39 1653 -30150.733 -30904.181  2.50%  23.5 1181s
 452971 421439 -30787.351   57 1584 -30150.733 -30904.081  2.50%  23.5 1185s
 453739 422718 -30575.904  134 1160 -30150.733 -30904.081  2.50%  23.5 1190s
 456055 424496 -30224.591  325  452 -30150.733 -30904.081  2.50%  23.4 1196s
 456561 424852 -30854.336   37 1787 -30150.733 -30904.081  2.50%  23.4 1202s
 457199 425400 -30684.450   63 1460 -30150.733 -30904.081  2.50%  23.4 1205s
 458394 426485 -30893.844   31 1843 -30150.733 -30904.008  2.50%  23.4 1211s
 458729 427712 -30712.843   80 1450 -30150.733 -30904.008  2.50%  23.4 1218s
 459728 428503 -30460.750  190  920 -30150.733 -30904.008  2.50%  23.4 1221s
 460989 429534 -30307.831  286  665 -30150.733 -30904.008  2.50%  23.4 1225s
 461834 429757 -30166.220  392  317 -30150.733 -30904.008  2.50%  23.4 1233s
 462358 430683 -30620.713  106 1394 -30150.733 -30904.008  2.50%  23.4 1235s
 463224 431146 -30812.839   47 1659 -30150.733 -30903.964  2.50%  23.4 1240s
 466056 433873 -30900.817   32 1841 -30150.733 -30903.953  2.50%  23.4 1245s
 467773 435534 -30768.446   68 1493 -30150.733 -30903.953  2.50%  23.4 1253s
 468524 436106 -30889.138   28 1836 -30150.733 -30903.953  2.50%  23.4 1256s
 469779 437587 -30846.272   38 1708 -30150.733 -30903.890  2.50%  23.4 1261s
 471979 439346 -30875.749   39 1735 -30150.733 -30903.789  2.50%  23.3 1267s
 473418 440789 -30666.648   89 1377 -30150.733 -30903.789  2.50%  23.3 1271s
 474249 441375 -30830.933   55 1673 -30150.733 -30903.789  2.50%  23.3 1276s
 475143 442307 -30496.882  150 1090 -30150.733 -30903.789  2.50%  23.3 1280s
 476305 443619 -30871.007   35 1759 -30150.733 -30903.789  2.50%  23.3 1285s
 478504 445403 -30237.691  309  450 -30150.733 -30903.681  2.50%  23.3 1292s
 478971 446420 -30683.246   75 1455 -30150.733 -30903.681  2.50%  23.3 1297s
 479788 446476 -30155.320  260  549 -30150.733 -30903.640  2.50%  23.3 1300s
 480923 447582 -30875.236   35 1753 -30150.733 -30903.591  2.50%  23.3 1306s
 481125 447822 -30769.984   57 1626 -30150.733 -30903.591  2.50%  23.3 1315s
 481541 448232 -30642.489   85 1424 -30150.733 -30903.591  2.50%  23.4 1321s
 481660 448631 -30614.400   89 1399 -30150.733 -30903.591  2.50%  23.4 1326s
 482101 448990 -30406.588  123 1246 -30150.733 -30903.587  2.50%  23.4 1330s
 483268 450135 -30631.085  100 1389 -30150.733 -30903.587  2.50%  23.4 1339s
 483746 450488     cutoff  297      -30150.733 -30903.587  2.50%  23.4 1342s
 484111 450496 -30770.709   56 1648 -30150.733 -30903.587  2.50%  23.4 1346s
 484119 450766 -30760.725   58 1630 -30150.733 -30903.587  2.50%  23.4 1354s
 484851 451584 -30262.184  261  505 -30150.733 -30903.587  2.50%  23.4 1355s
 486671 453342 -30802.138   51 1642 -30150.733 -30903.436  2.50%  23.4 1362s
 488730 455061 -30718.403   74 1474 -30150.733 -30903.436  2.50%  23.4 1368s
 489507 455862 -30839.919   52 1666 -30150.733 -30903.436  2.50%  23.4 1370s
 491086 457303 -30769.148   66 1473 -30150.733 -30903.436  2.50%  23.4 1378s
 491387 457570 -30390.859  165 1071 -30150.733 -30903.436  2.50%  23.4 1380s
 493269 459600 -30657.291   93 1432 -30150.733 -30903.325  2.50%  23.3 1385s
 494673 460972 -30619.352  103 1438 -30150.733 -30903.325  2.50%  23.4 1392s
 495284 461602 -30316.647  220  963 -30150.733 -30903.242  2.50%  23.3 1395s
 496398 462335 -30803.068   47 1595 -30150.733 -30903.235  2.50%  23.3 1400s
 497198 463510 -30580.853  121 1129 -30150.733 -30903.235  2.50%  23.3 1405s
 498827 464392 -30768.487   47 1646 -30150.733 -30903.235  2.50%  23.3 1410s
 501969 467597 -30407.388  207  760 -30150.733 -30903.107  2.50%  23.3 1415s
 503060 468592 -30538.264  135 1201 -30150.733 -30903.083  2.50%  23.3 1421s
 504895 470071 -30842.360   44 1675 -30150.733 -30903.012  2.50%  23.3 1425s
 507025 472302 -30558.516  123 1347 -30150.733 -30902.930  2.49%  23.3 1430s
 508928 473800 -30770.292   48 1635 -30150.733 -30902.930  2.49%  23.3 1436s
 509620 474839 -30520.425  124 1157 -30150.733 -30902.930  2.49%  23.3 1440s
 510705 475549 -30165.004  316  513 -30150.733 -30902.908  2.49%  23.3 1446s
 512426 477262 -30887.878   37 1789 -30150.733 -30902.774  2.49%  23.3 1450s
 514650 479242 -30776.307   53 1639 -30150.733 -30902.774  2.49%  23.3 1456s
 515099 479832 -30556.691   88 1381 -30150.733 -30902.774  2.49%  23.3 1462s
 515510 480254 -30403.290  111 1254 -30150.733 -30902.705  2.49%  23.3 1465s
 516833 481676 -30756.130   78 1554 -30150.733 -30902.705  2.49%  23.3 1471s
 517802 482315 -30322.378  259  900 -30150.733 -30902.705  2.49%  23.3 1475s
 518110 482576 -30162.877  343  639 -30150.733 -30902.680  2.49%  23.3 1482s
 519283 484041 -30557.734  126 1177 -30150.733 -30902.680  2.49%  23.3 1485s
 520801 485640 -30740.742   68 1488 -30150.733 -30902.633  2.49%  23.3 1492s
 521656 485772 -30868.191   37 1744 -30150.733 -30902.616  2.49%  23.3 1502s
 521788 486345 -30748.643   63 1578 -30150.733 -30902.616  2.49%  23.3 1506s
 522681 486991 -30872.384   31 1840 -30150.733 -30902.591  2.49%  23.3 1512s
 523147 487016 -30685.089   84 1435 -30150.733 -30902.591  2.49%  23.3 1515s
 523589 487629 -30875.569   33 1830 -30150.733 -30902.591  2.49%  23.3 1521s
 524528 488693 -30890.216   34 1829 -30150.733 -30902.577  2.49%  23.3 1528s
 525665 489816 -30469.260  163 1013 -30150.733 -30902.577  2.49%  23.3 1530s
 527594 491501 -30769.099   65 1566 -30150.733 -30902.554  2.49%  23.3 1535s
 528901 492931 -30482.963  158 1131 -30150.733 -30902.519  2.49%  23.3 1544s
 529357 493605 -30389.893  201  947 -30150.733 -30902.519  2.49%  23.3 1545s
 531644 495575 -30877.159   31 1791 -30150.733 -30902.519  2.49%  23.3 1551s
 532498 496260 -30291.924  244  793 -30150.733 -30902.519  2.49%  23.3 1557s
 532950 496522 -30783.993   72 1574 -30150.733 -30902.519  2.49%  23.3 1565s
 533596 497134 -30244.164  274  750 -30150.733 -30902.519  2.49%  23.3 1572s
 533896 497898 -30767.715   52 1627 -30150.733 -30902.519  2.49%  23.3 1575s
 535145 498488 -30867.132   40 1733 -30150.733 -30902.519  2.49%  23.3 1581s
 535753 499156 -30718.610   78 1507 -30150.733 -30902.519  2.49%  23.3 1587s
 536090 499793 -30587.353  126 1183 -30150.733 -30902.519  2.49%  23.3 1592s
 537159 500837 -30291.061  271  495 -30150.733 -30902.519  2.49%  23.3 1595s
 537843 500906     cutoff  374      -30150.733 -30902.311  2.49%  23.3 1603s
 538603 501802 -30627.220   76 1457 -30150.733 -30902.285  2.49%  23.3 1606s
 539443 502541 -30229.954  155 1049 -30150.733 -30902.285  2.49%  23.3 1611s
 540096 503268 -30707.795   69 1488 -30150.733 -30902.268  2.49%  23.3 1617s
 540511 503573 -30369.130  176 1048 -30150.733 -30902.268  2.49%  23.3 1622s
 541201 504437 -30663.034   87 1475 -30150.733 -30902.268  2.49%  23.3 1625s
 542338 505099 -30765.532   58 1641 -30150.733 -30902.268  2.49%  23.3 1636s
 543955 507165 -30283.565  254  571 -30150.733 -30902.164  2.49%  23.3 1642s
 544596 507339 -30181.563  309  488 -30150.733 -30902.164  2.49%  23.3 1647s
 545101 508153 -30501.381  161 1063 -30150.733 -30902.164  2.49%  23.3 1651s
 546015 508633 -30709.907   69 1537 -30150.733 -30902.164  2.49%  23.3 1661s
 546175 509109 -30608.716  106 1324 -30150.733 -30902.164  2.49%  23.3 1665s
 547513 510460 -30617.416   69 1387 -30150.733 -30902.164  2.49%  23.3 1670s
 549346 511646 -30506.350  136 1139 -30150.733 -30902.164  2.49%  23.3 1675s
 549908 512330 -30851.511   40 1735 -30150.733 -30902.164  2.49%  23.3 1681s
 550201 512630 -30688.111   92 1452 -30150.733 -30902.164  2.49%  23.3 1686s
 550523 513098 -30403.138  211  938 -30150.733 -30902.164  2.49%  23.3 1690s
 551301 513529 -30792.140   49 1573 -30150.733 -30902.164  2.49%  23.3 1699s
 551463 513962 -30737.690   64 1463 -30150.733 -30902.164  2.49%  23.3 1702s
 553251 515474 -30194.991  312  522 -30150.733 -30902.164  2.49%  23.3 1707s
 553538 515717 -30847.181   38 1757 -30150.733 -30902.164  2.49%  23.3 1712s
 553813 516076 -30725.581   68 1545 -30150.733 -30902.164  2.49%  23.3 1715s
 554506 516657 -30880.056   34 1799 -30150.733 -30902.164  2.49%  23.3 1720s
 555018 517115 -30732.506   73 1463 -30150.733 -30902.164  2.49%  23.3 1729s
 555333 517550 -30653.724  109 1355 -30150.733 -30902.164  2.49%  23.3 1730s
 557374 519206 infeasible  368      -30150.733 -30901.962  2.49%  23.3 1735s
 557538 519382 -30763.176   61 1587 -30150.733 -30901.962  2.49%  23.3 1742s
 558378 520410     cutoff  351      -30150.733 -30901.951  2.49%  23.3 1746s
 558796 520484 -30794.505   63 1552 -30150.733 -30901.917  2.49%  23.3 1756s
 559231 521133 -30379.199  238  878 -30150.733 -30901.917  2.49%  23.3 1766s
 560179 522165 -30672.817   85 1449 -30150.733 -30901.917  2.49%  23.3 1770s
 563014 524563 -30309.916  217  963 -30150.733 -30901.886  2.49%  23.3 1775s
 563366 525658 -30715.604   65 1523 -30150.733 -30901.858  2.49%  23.3 1784s
 564426 526449 -30721.212   63 1559 -30150.733 -30901.858  2.49%  23.3 1788s
 565217 526657 -30297.400  197  971 -30150.733 -30901.858  2.49%  23.3 1790s
 566569 528150 -30563.055  108 1235 -30150.733 -30901.858  2.49%  23.3 1799s
 567103 528192 -30163.953  302  468 -30150.733 -30901.858  2.49%  23.3 1800s

Cutting planes:
  Learned: 2
  Gomory: 17
  Cover: 329
  Implied bound: 2
  Projected implied bound: 324
  Clique: 1192
  MIR: 1606
  StrongCG: 422
  Flow cover: 321
  GUB cover: 1
  Inf proof: 29
  Zero half: 288
  Relax-and-lift: 1146
  BQP: 29

Explored 567172 nodes (13217617 simplex iterations) in 1800.04 seconds (1505.96 work units)
Thread count was 4 (of 24 available processors)

Solution count 10: -30150.7 -30150.7 -30150.7 ... -30093.6

Time limit reached
Best objective -3.015073251474e+04, best bound -3.090185820972e+04, gap 2.4912%

User-callback calls 1671255, time in user-callback 2.56 sec
