
Gurobi 13.0.1 (win64) logging started Tue Oct  6 17:57:44 2026

Set parameter LogFile to value "results/source_summaries/2d/B1380/gurobi_extensive.log"
Gurobi Optimizer version 13.0.1 build v13.0.1rc0 (win64 - Windows 11+.0 (26200.2))

CPU model: Intel(R) Core(TM) i7-14700, instruction set [SSE2|AVX|AVX2]
Thread count: 20 physical cores, 28 logical processors, using up to 4 threads

Non-default parameters:
TimeLimit  3600
IntFeasTol  1e-06
MIPGap  0.0005
Heuristics  0.2
Cuts  2
Presolve  2
Seed  1
Threads  4

Optimize a model with 44167 rows, 74526 columns and 160096 nonzeros (Min)
Model fingerprint: 0xfe1d9741
Model has 30364 linear objective coefficients
Variable types: 44162 continuous, 30364 integer (30362 binary)
Coefficient statistics:
  Matrix range     [1e-01, 3e+01]
  Objective range  [2e+00, 5e+01]
  Bounds range     [1e-01, 2e+01]
  RHS range        [1e+00, 8e+01]

Found heuristic solution: objective 0.0000000
Presolve removed 0 rows and 41400 columns (presolve time = 5s)...
Presolve removed 0 rows and 41400 columns
Presolve time: 5.51s
Presolved: 44167 rows, 33126 columns, 118699 nonzeros
Variable types: 2762 continuous, 30364 integer (30362 binary)
Root relaxation presolved: 44167 rows, 33126 columns, 118699 nonzeros

Deterministic concurrent LP optimizer: primal and dual simplex
Showing primal log only...


Root simplex log...

Iteration    Objective       Primal Inf.    Dual Inf.      Time
       0    0.0000000e+00   0.000000e+00   1.953465e+05      6s
Concurrent spin time: 0.00s

Solved with dual simplex

Root simplex log...

Iteration    Objective       Primal Inf.    Dual Inf.      Time
   12725   -3.6723839e+05   0.000000e+00   0.000000e+00      6s

Root relaxation: objective -3.672384e+05, 12725 iterations, 0.82 seconds (1.15 work units)

    Nodes    |    Current Node    |     Objective Bounds      |     Work
 Expl Unexpl |  Obj  Depth IntInf | Incumbent    BestBd   Gap | It/Node Time

     0     0 -367238.39    0 3131    0.00000 -367238.39      -     -    6s
H    0     0                    -332233.1503 -367238.39  10.5%     -    6s
H    0     0                    -334995.4842 -367238.39  9.62%     -    7s
H    0     0                    -335353.1912 -367238.39  9.51%     -    7s
H    0     0                    -335402.8439 -367238.39  9.49%     -    7s
H    0     0                    -335487.9658 -367238.39  9.46%     -    7s
H    0     0                    -335525.8832 -367236.36  9.45%     -    7s
H    0     0                    -335602.8846 -363925.39  8.44%     -    8s
H    0     0                    -335660.9487 -363925.39  8.42%     -    8s
     0     0 -362470.24    0 4035 -335660.95 -362470.24  7.99%     -    8s
H    0     0                    -335663.8452 -362470.24  7.99%     -    9s
H    0     0                    -335665.7762 -362470.24  7.99%     -    9s
H    0     0                    -335703.2431 -361345.86  7.64%     -    9s
     0     0 -361345.86    0 5120 -335703.24 -361345.86  7.64%     -   10s
     0     0 -360779.26    0 5513 -335703.24 -360779.26  7.47%     -   10s
H    0     0                    -335729.9794 -360353.51  7.33%     -   11s
H    0     0                    -335743.4347 -360353.51  7.33%     -   11s
H    0     0                    -335751.9922 -360353.51  7.33%     -   11s
H    0     0                    -335816.3423 -360353.51  7.31%     -   11s
H    0     0                    -335825.3294 -360353.51  7.30%     -   11s
H    0     0                    -335826.3591 -360353.51  7.30%     -   11s
     0     0 -360353.51    0 6029 -335826.36 -360353.51  7.30%     -   11s
     0     0 -360328.33    0 6028 -335826.36 -360328.33  7.30%     -   12s
H    0     0                    -335917.6770 -360131.69  7.21%     -   13s
H    0     0                    -335988.5926 -360131.69  7.19%     -   13s
H    0     0                    -335998.0471 -360131.69  7.18%     -   13s
H    0     0                    -336005.1390 -360131.69  7.18%     -   13s
     0     0 -360131.69    0 6602 -336005.14 -360131.69  7.18%     -   13s
     0     0 -360131.66    0 6591 -336005.14 -360131.66  7.18%     -   13s
H    0     0                    -336031.6442 -360108.27  7.16%     -   13s
H    0     0                    -336033.7091 -360108.27  7.16%     -   13s
     0     0 -360108.27    0 6846 -336033.71 -360108.27  7.16%     -   13s
     0     0 -360108.18    0 6846 -336033.71 -360108.18  7.16%     -   13s
H    0     0                    -336112.3389 -360108.18  7.14%     -   15s
H    0     0                    -336114.4773 -360108.18  7.14%     -   15s
H    0     0                    -336116.6157 -360108.18  7.14%     -   15s
H    0     0                    -336151.7478 -360108.18  7.13%     -   15s
H    0     0                    -336172.2269 -360108.18  7.12%     -   15s
H    0     0                    -336219.1071 -359238.90  6.85%     -   17s
H    0     0                    -336222.9728 -359238.90  6.85%     -   17s
H    0     0                    -336224.9056 -359238.90  6.84%     -   17s
H    0     0                    -336282.1178 -359238.90  6.83%     -   17s
H    0     0                    -336285.2362 -359238.90  6.83%     -   17s
     0     0 -359238.90    0 6102 -336285.24 -359238.90  6.83%     -   17s
H    0     0                    -336290.3774 -359238.72  6.82%     -   17s
     0     0 -358887.46    0 6116 -336290.38 -358887.46  6.72%     -   17s
H    0     0                    -336327.2070 -358504.81  6.59%     -   19s
     0     0 -358336.09    0 6935 -336327.21 -358336.09  6.54%     -   19s
H    0     0                    -336342.7788 -358185.15  6.49%     -   20s
H    0     0                    -336344.8917 -358185.15  6.49%     -   20s
     0     0 -358019.00    0 7010 -336344.89 -358019.00  6.44%     -   21s
H    0     0                    -336372.3695 -357857.06  6.39%     -   22s
     0     0 -357838.53    0 7200 -336372.37 -357838.53  6.38%     -   22s
     0     0 -357700.96    0 7481 -336372.37 -357700.96  6.34%     -   23s
     0     0 -357651.09    0 7660 -336372.37 -357651.09  6.33%     -   23s
     0     0 -357649.84    0 7696 -336372.37 -357649.84  6.33%     -   23s
H    0     0                    -336389.5791 -357649.84  6.32%     -   26s
     0     0 -357407.50    0 7726 -336389.58 -357407.50  6.25%     -   28s
     0     0 -356647.42    0 7791 -336389.58 -356647.42  6.02%     -   30s
H    0     0                    -336417.1014 -356391.17  5.94%     -   32s
     0     0 -356391.17    0 7718 -336417.10 -356391.17  5.94%     -   32s
     0     0 -356164.85    0 7578 -336417.10 -356164.85  5.87%     -   33s
     0     0 -356164.84    0 7572 -336417.10 -356164.84  5.87%     -   33s
     0     0 -355999.24    0 7682 -336417.10 -355999.24  5.82%     -   34s
     0     0 -355878.42    0 7837 -336417.10 -355878.42  5.78%     -   35s
H    0     0                    -336423.1461 -355774.07  5.75%     -   37s
     0     0 -355774.07    0 7989 -336423.15 -355774.07  5.75%     -   37s
     0     0 -355731.91    0 8111 -336423.15 -355731.91  5.74%     -   38s
     0     0 -355706.84    0 8095 -336423.15 -355706.84  5.73%     -   39s
     0     0 -355705.59    0 8123 -336423.15 -355705.59  5.73%     -   39s
     0     0 -355539.38    0 7834 -336423.15 -355539.38  5.68%     -   43s
H    0     0                    -336424.1720 -355332.96  5.62%     -   46s
     0     0 -355332.96    0 7936 -336424.17 -355332.96  5.62%     -   47s
     0     0 -355325.02    0 7981 -336424.17 -355325.02  5.62%     -   48s
     0     0 -355120.87    0 8000 -336424.17 -355120.87  5.56%     -   54s
     0     0 -355070.01    0 7999 -336424.17 -355070.01  5.54%     -   55s
H    0     0                    -336427.1348 -355046.46  5.53%     -   55s
     0     0 -355046.46    0 8584 -336427.13 -355046.46  5.53%     -   56s
     0     0 -355027.14    0 8587 -336427.13 -355027.14  5.53%     -   56s
     0     0 -354965.92    0 8561 -336427.13 -354965.92  5.51%     -   58s
     0     0 -354960.85    0 8582 -336427.13 -354960.85  5.51%     -   58s
H    0     0                    -336429.1997 -354960.85  5.51%     -   70s
     0     0 -354634.73    0 9077 -336429.20 -354634.73  5.41%     -   76s
     0     0 -354614.05    0 9149 -336429.20 -354614.05  5.41%     -   77s
     0     0 -354613.03    0 9162 -336429.20 -354613.03  5.40%     -   77s
     0     0 -354516.83    0 9231 -336429.20 -354516.83  5.38%     -   91s
     0     0 -354516.67    0 9231 -336429.20 -354516.67  5.38%     -   91s
     0     0 -354516.67    0 9231 -336429.20 -354516.67  5.38%     -   91s
     0     2 -354512.30    0 9231 -336429.20 -354512.30  5.38%     -   97s
     1     4 -354351.00    1 8920 -336429.20 -354512.30  5.38%  1728  100s
    81    86 -351227.60   13 7647 -336429.20 -352153.59  4.67%   360  105s
   309   314 -351174.99   48 7572 -336429.20 -352153.59  4.67%   102  110s
   446   453 -351139.85   72 7529 -336429.20 -352153.59  4.67%  73.8  116s
   464   484 -351132.83   78 7528 -336429.20 -352153.59  4.67%  71.8  121s
   628   645 -351122.51  109 7522 -336429.20 -352153.59  4.67%  54.7  129s
   646   668 -351106.52  118 7507 -336429.20 -352153.59  4.67%  53.3  131s
   785   845 -351056.44  147 7477 -336429.20 -352153.59  4.67%  45.1  135s
  1377  1474 -350812.01  224 7472 -336429.20 -352153.59  4.67%  28.9  140s
  1918  1999 -350744.93  315 7373 -336429.20 -352153.59  4.67%  22.4  145s
  2348  2452 -350601.84  397 7330 -336429.20 -352153.59  4.67%  19.6  151s
  2832  2983 -350382.99  476 7238 -336429.20 -352153.59  4.67%  17.5  155s
  3423  3607 -350130.51  565 7163 -336429.20 -352153.59  4.67%  15.4  160s
  4041  4270 -349950.93  659 7098 -336429.20 -352153.59  4.67%  13.9  165s
  4513  4760 -349792.65  724 7052 -336429.20 -352153.59  4.67%  12.9  170s
  5138  5119 -349680.02  790 9231 -336429.20 -352153.59  4.67%  12.0  190s
  5144  5123 -343125.59  693 5884 -336429.20 -352153.59  4.67%  12.0  195s
  5152  5128 -343591.41  457 8635 -336429.20 -352153.59  4.67%  11.9  200s
  5155  5130 -343872.80  336 8984 -336429.20 -352153.59  4.67%  11.9  206s
  5160  5134 -343040.63  414 7640 -336429.20 -352153.59  4.67%  11.9  213s
  5161  5134 -343471.66  453 7848 -336429.20 -352153.59  4.67%  11.9  218s
  5163  5136 -350498.40  434 8130 -336429.20 -352153.59  4.67%  11.9  220s
  5165  5137 -341991.15 1065 8297 -336429.20 -352153.59  4.67%  11.9  225s
  5166  5138 -343392.11  152 8237 -336429.20 -352153.59  4.67%  11.9  231s
  5167  5138 -343570.34  315 8327 -336429.20 -352153.59  4.67%  11.9  237s
  5168  5139 -342516.82  780 8345 -336429.20 -352153.59  4.67%  11.9  244s
  5169  5140 -343083.34  393 8377 -336429.20 -352153.59  4.67%  11.9  251s
  5171  5141 -342830.86  581 8419 -336429.20 -352153.59  4.67%  11.9  256s
  5174  5143 -342959.34  511 8582 -336429.20 -352153.59  4.67%  11.9  269s
  5175  5144 -343240.81  630 8523 -336429.20 -352153.59  4.67%  11.9  276s
  5176  5144 -342974.52  482 8507 -336429.20 -352153.59  4.67%  11.9  288s
  5177  5145 -343375.89  579 8624 -336429.20 -352153.59  4.67%  11.9  296s
  5178  5146 -350796.90  234 8700 -336429.20 -352153.59  4.67%  11.9  300s
  5181  5148 -343563.99  318 9077 -336429.20 -352153.59  4.67%  11.9  310s
  5182  5148 -350308.34  508 9037 -336429.20 -352153.59  4.67%  11.9  317s
  5185  5150 -349753.86  744 9157 -336429.20 -352153.59  4.67%  11.9  326s
  5186  5151 -343075.06  398 9137 -336429.20 -352153.59  4.67%  11.9  333s
  5187  5152 -343668.37  192 9361 -336429.20 -352153.59  4.67%  11.9  339s
  5188  5152 -343634.80  238 9447 -336429.20 -352153.59  4.67%  11.9  350s
  5189  5153 -344130.20  208 9430 -336429.20 -352153.59  4.67%  11.8  357s
  5190  5154 -350319.87  499 9423 -336429.20 -352153.59  4.67%  11.8  364s
  5191  5154 -344214.34  166 9463 -336429.20 -352153.59  4.67%  11.8  378s
  5192  5155 -349734.70  762 9449 -336429.20 -352153.59  4.67%  11.8  382s
  5193  5156 -343523.37   59 9449 -336429.20 -352153.59  4.67%  11.8  389s
  5194  5159 -352153.59   10 10257 -336429.20 -352153.59  4.67%  30.2  393s
  5196  5163 -350110.75   11 8623 -336429.20 -352153.59  4.67%  33.4  397s
  5284  5230 -350054.90   21 8781 -336429.20 -351332.54  4.43%  38.3  400s
  5458  5356 -350044.72   35 8766 -336429.20 -351332.54  4.43%  37.8  405s
  5622  5455 -350032.52   50 8762 -336429.20 -351332.54  4.43%  37.0  410s
  5750  5536 -349972.08   69 8740 -336429.20 -351332.54  4.43%  36.6  415s
  5889  5671 -349941.73   81 8724 -336429.20 -351332.54  4.43%  36.0  420s
  6062  5801 -349894.91   98 8728 -336429.20 -351332.54  4.43%  35.4  425s
  6184  5841 -349857.37  104 8704 -336429.20 -351332.54  4.43%  34.9  430s
  6359  5972 -349844.80  115 8701 -336429.20 -351332.54  4.43%  34.2  435s
  6565  6125 -349777.42  136 8659 -336429.20 -351332.54  4.43%  33.6  440s
  6826  6247 -349680.66  158 8633 -336429.20 -351332.54  4.43%  34.0  447s
  6853  6360 -349671.82  159 8650 -336429.20 -351332.54  4.43%  33.9  450s
  6960  6337 -349652.16  167 8552 -336429.20 -351332.54  4.43%  33.7  455s
  7254  6695 -349567.17  192 8509 -336429.20 -351332.54  4.43%  32.9  460s
  7957  7101 -349425.49  254 8439 -336429.20 -351332.54  4.43%  31.0  465s
  8705  7706 -349279.80  316 8379 -336429.20 -351332.54  4.43%  29.4  470s
  9652  8386 -349071.27  397 8274 -336429.20 -351332.54  4.43%  27.7  476s
 10407  9040 infeasible  466      -336429.20 -351332.54  4.43%  26.6  482s
 11083  9305 -348745.33  528 8076 -336429.20 -351332.54  4.43%  25.6  485s
 12141 10027 -348361.30  636 7941 -336429.20 -351332.54  4.43%  24.3  490s
 12694 10142 -348256.43  691 7913 -336429.20 -351332.54  4.43%  23.6  501s
 12712 10150 -348245.59  694 7910 -336429.20 -351332.54  4.43%  23.6  509s
 12726 10334 -348244.87  697 7902 -336429.20 -351332.54  4.43%  23.6  511s
 13162 10801 -348125.65  753 7827 -336429.20 -351332.54  4.43%  23.1  515s
 13531 10682 -347970.18  788 7784 -336429.20 -351332.54  4.43%  22.8  524s
 13535 10816 -347958.78  788 7789 -336429.20 -351332.54  4.43%  22.8  541s
 13672 10929 -347842.65  812 7774 -336429.20 -351332.54  4.43%  22.6  569s
 13833 11154 -347777.48  845 7767 -336429.20 -351332.54  4.43%  22.4  593s
 14121 11115 -347695.09  880 7734 -336429.20 -351332.54  4.43%  22.2  615s
 14178 11241 -347687.49  881 7733 -336429.20 -351332.54  4.43%  22.1  630s
 14323 11497 -347689.37  881 7733 -336429.20 -351332.54  4.43%  22.0  645s
 14628 11936 -347688.52  882 7733 -336429.20 -351332.54  4.43%  21.7  661s
 15172 11823 -347685.04  882 7733 -336429.20 -351332.54  4.43%  21.2  682s
 15241 12405 -347680.42  883 7736 -336429.20 -351332.54  4.43%  21.1  698s
 15846 12824 -347677.19  883 7734 -336429.20 -351332.54  4.43%  20.6  705s
 16470 13324 -347668.73  884 7724 -336429.20 -351332.54  4.43%  20.1  710s
 17186 13922 -347657.23  884 7730 -336429.20 -351332.54  4.43%  19.6  716s
 18041 14350 -347415.71  967 7627 -336429.20 -351332.54  4.43%  19.1  721s
 18780 14696 -347232.49 1040 7537 -336429.20 -351332.54  4.43%  18.9  725s
 19374 15099 -347005.01 1109 7440 -336429.20 -351332.54  4.43%  19.0  731s
 20027 15353 -350044.49   18 9178 -336429.20 -351332.54  4.43%  18.9  735s
 20499 15725 -349965.61   44 9123 -336429.20 -351332.54  4.43%  18.9  740s
 21028 16450 -349847.61   78 9069 -336429.20 -351332.54  4.43%  19.2  747s
 21809 16866 -349657.35  133 8891 -336429.20 -351332.54  4.43%  20.2  750s
 22674 17521 -349438.39  195 8794 -336429.20 -351332.54  4.43%  20.6  758s
 23000 17827 -349329.05  234 8804 -336429.20 -351055.92  4.35%  21.1  761s
 23306 18268 -349258.50  268 8739 -336429.20 -351049.84  4.35%  21.8  765s
 24258 19274 -349068.13  363 8533 -336429.20 -351049.84  4.35%  22.0  773s
 24755 19698 -348910.21  417 8525 -336429.20 -351049.84  4.35%  22.2  776s
 25181 20207 -348815.72  462 8429 -336429.20 -351049.84  4.35%  22.5  780s
 26093 21080 -348606.03  570 8276 -336429.20 -351049.84  4.35%  23.4  787s
 26577 21656 -348530.91  619 8200 -336429.20 -351049.84  4.35%  23.2  791s
 27155 22216 -348420.69  676 8093 -336429.20 -351049.84  4.35%  23.0  795s
 28218 23226 -348158.94  787 7946 -336429.20 -351049.84  4.35%  22.5  801s
 28735 23698 -348008.79  841 7874 -336429.20 -351049.84  4.35%  22.3  805s
 29763 24496 -347684.85  949 7702 -336429.20 -351049.84  4.35%  21.9  812s
 30125 24909 -347524.53  997 7646 -336429.20 -351049.84  4.35%  22.3  815s
 31003 25789 -347151.13 1093 7388 -336429.20 -351049.84  4.35%  22.3  821s
 31452 26657 -346957.31 1147 7327 -336429.20 -351049.84  4.35%  22.1  829s
 32340 26970 -346650.54 1247 7154 -336429.20 -351049.84  4.35%  21.7  831s
 33035 27332 -346422.94 1331 7023 -336429.20 -351049.84  4.35%  21.5  838s
 33039 27362 -346422.42 1332 7022 -336429.20 -351049.84  4.35%  21.5  842s
 33069 27742 -346384.40 1337 7016 -336429.20 -351049.84  4.35%  21.5  846s
 33856 28411 -346132.88 1435 6858 -336429.20 -351049.84  4.35%  21.2  851s
 34682 29363 -345896.77 1530 6710 -336429.20 -351049.84  4.35%  20.9  857s
 35122 29853 -345729.26 1582 6657 -336429.20 -351049.84  4.35%  20.7  860s
 36059 30716 -345430.91 1695 6506 -336429.20 -351049.84  4.35%  20.4  866s
 36915 31524 -345089.21 1804 6371 -336429.20 -351049.84  4.35%  20.1  872s
 37345 31968 -344913.56 1854 6298 -336429.20 -351049.84  4.35%  20.0  875s
 38139 32677 -344560.56 1947 6191 -336429.20 -351049.84  4.35%  19.7  881s
 38954 33470 -344246.01 2044 6038 -336429.20 -351049.84  4.35%  19.5  887s
 39367 33880 -344117.53 2095 5961 -336429.20 -351049.84  4.35%  19.4  890s
 40209 34632 -343853.23 2197 5857 -336429.20 -351049.84  4.35%  19.1  895s
 40960 35320 -343510.35 2299 5732 -336429.20 -351007.98  4.33%  19.1  901s
 41777 36276 -343147.69 2408 5564 -336429.20 -351007.98  4.33%  18.9  910s
 42924 37300 -342609.68 2569 5370 -336429.20 -351007.98  4.33%  18.7  917s
 43363 37767 -342442.92 2627 5323 -336429.20 -351007.98  4.33%  18.6  920s
 44107 38520 -342105.14 2737 5216 -336429.20 -351007.98  4.33%  18.4  926s
 44982 39331 -341792.72 2854 5056 -336429.20 -351007.98  4.33%  18.3  932s
 45418 39727 -341593.21 2916 4977 -336429.20 -351007.98  4.33%  18.2  935s
 46163 40434 -341229.45 3036 4890 -336429.20 -351007.98  4.33%  18.1  941s
 46967 41320 -340780.71 3150 4751 -336429.20 -351007.98  4.33%  18.0  947s
 47453 41771 -340620.17 3214 4648 -336429.20 -351007.98  4.33%  17.9  950s
 48307 42554 -340187.81 3332 4543 -336429.20 -351007.98  4.33%  17.8  956s
 49186 43393 -339812.02 3449 4370 -336429.20 -351007.98  4.33%  17.6  961s
 49596 43881 -339648.75 3506 4258 -336429.20 -351007.98  4.33%  17.5  965s
 50478 44664 -339185.03 3630 4091 -336429.20 -351007.98  4.33%  17.3  970s
 51373 45503 -338735.11 3756 3986 -336429.20 -351007.98  4.33%  17.2  976s
 51776 45872 -338572.38 3812 3911 -336429.20 -351007.98  4.33%  17.1  980s
 52779 46830 -338099.90 3959 3747 -336429.20 -351007.98  4.33%  16.9  988s
 53172 47268 -337808.30 4023 3696 -336429.20 -351007.98  4.33%  16.9  991s
 54041 48142 -337389.73 4147 3540 -336429.20 -351007.98  4.33%  16.8  997s
 54526 48541 -337250.08 4214 3447 -336429.20 -351003.91  4.33%  16.7 1000s
 55433 49429 -336741.21 4334 3289 -336429.20 -351003.91  4.33%  16.6 1006s
 56487 50533 -350957.42   28 10829 -336429.20 -351003.91  4.33%  16.5 1012s
 57049 50963 -350872.42   59 10711 -336429.20 -351003.91  4.33%  16.5 1015s
 58045 51743 -340916.94   84 7302 -336429.20 -351003.91  4.33%  16.8 1020s
 58861 52754 -350245.25  140 9782 -336429.20 -351003.91  4.33%  16.7 1025s
 60043 54003 -349869.71  217 9680 -336429.20 -351003.91  4.33%  16.6 1030s
 61065 54922 -349543.23  268 9620 -336429.20 -351003.91  4.33%  16.5 1035s
 62186 55847 -349128.99  341 9451 -336429.20 -351003.91  4.33%  16.4 1040s
 63397 57324 -348711.19  419 9349 -336429.20 -351003.91  4.33%  16.4 1046s
 64606 58294 -348421.96  471 9283 -336429.20 -351003.91  4.33%  16.2 1050s
 66094 59313 -348137.85  536 9182 -336429.20 -351003.61  4.33%  16.1 1056s
 66570 60170 -347996.71  567 9153 -336429.20 -351003.61  4.33%  16.2 1060s
 67790 60871 -347766.28  626 9069 -336429.20 -350997.80  4.33%  16.1 1065s
 68663 62118 -347616.91  663 9016 -336429.20 -350997.80  4.33%  16.1 1071s
 69952 63081 -346377.23  757 8722 -336429.20 -350997.80  4.33%  16.0 1075s
 70902 64434 -347336.06  732 8886 -336429.20 -350997.80  4.33%  15.9 1080s
 72478 65849 -347108.32  792 8798 -336429.20 -350997.80  4.33%  15.8 1085s
 73923 67167 -346824.57  853 8713 -336429.20 -350997.08  4.33%  15.6 1091s
 74684 67958 -346710.28  877 8676 -336429.20 -350997.08  4.33%  15.6 1095s
 75974 69339 -346476.43  928 8598 -336429.20 -350996.78  4.33%  15.5 1100s
 77181 70237 -347711.02  606 9190 -336429.20 -350996.61  4.33%  15.4 1105s
 78363 71300 infeasible 1015      -336429.20 -350996.51  4.33%  15.4 1111s
 78812 71970 -350384.28  116 9843 -336429.20 -350996.51  4.33%  15.6 1115s
 79948 73029 -350964.84   29 10078 -336429.20 -350996.38  4.33%  15.5 1120s
 81311 74021 -347565.06  535 9125 -336429.20 -350996.38  4.33%  15.4 1139s
 81315 74057 -347563.57  536 9124 -336429.20 -350996.38  4.33%  15.4 1158s
 81351 74137 -347552.27  537 9120 -336429.20 -350996.38  4.33%  15.4 1182s
 81435 74225 -347550.76  538 9121 -336429.20 -350996.38  4.33%  15.4 1210s
 81525 74328 -347525.18  539 9116 -336429.20 -350996.38  4.33%  15.4 1237s
 81628 74424 -347524.43  540 9114 -336429.20 -350996.38  4.33%  15.4 1251s
 81971 75071 -347199.95  596 9066 -336429.20 -350996.38  4.33%  15.3 1256s
 82843 75969 -345575.23  875 8610 -336429.20 -350996.38  4.33%  15.2 1261s
 83281 76751 -344655.45 1018 8398 -336429.20 -350996.38  4.33%  15.2 1266s
 84491 77651 -342075.37 1428 7728 -336429.20 -350996.38  4.33%  15.1 1272s
 85467 78643 -339966.32 1751 7209 -336429.20 -350996.38  4.33%  15.0 1276s
 86447 79615 -337647.56 2093 6667 -336429.20 -350996.38  4.33%  14.9 1281s
 87321 80337 -350959.47   25 10094 -336429.20 -350994.38  4.33%  14.8 1285s
 88608 81608 -348258.64  408 9406 -336429.20 -350994.38  4.33%  14.7 1291s
 89414 82391 -346655.47  663 9041 -336429.20 -350994.38  4.33%  14.7 1295s
 90832 84120 -344027.13 1118 8374 -336429.20 -350994.38  4.33%  14.6 1301s
 92148 85099 -341838.47 1506 7849 -336429.20 -350993.41  4.33%  14.5 1305s
 93679 86895 -338831.96 1976 7212 -336429.20 -350993.41  4.33%  14.4 1314s
 94521 87296 -350870.14   59 10004 -336429.20 -350991.25  4.33%  14.4 1316s
 95544 88369 -350956.97   34 10098 -336429.20 -350989.66  4.33%  14.3 1320s
 96657 89254 -348959.71  350 9510 -336429.20 -350989.66  4.33%  14.3 1325s
 97946 90846 -350444.66  137 9891 -336429.20 -350989.64  4.33%  14.2 1331s
 99091 91947 -348053.01  460 9261 -336429.20 -350989.64  4.33%  14.1 1335s
 100282 93209 -345976.24  777 8755 -336429.20 -350989.64  4.33%  14.1 1340s
 101921 94538 -342370.26 1371 7780 -336429.20 -350989.64  4.33%  14.0 1346s
 103331 96063 -338790.85 1916 6911 -336429.20 -350988.93  4.33%  13.9 1351s
 104220 97148 -336690.62 2240 6412 -336429.20 -350988.93  4.33%  13.9 1357s
 105286 97936 -350750.72   77 9953 -336429.20 -350987.54  4.33%  14.0 1362s
 106388 99094 -349993.58  209 9699 -336429.20 -350987.54  4.33%  13.9 1367s
 107499 100002 -349324.98  345 9481 -336429.20 -350987.54  4.33%  13.9 1371s
 108391 100905 -348754.93  453 9365 -336429.20 -350987.54  4.33%  13.8 1376s
 109209 101770 -348240.09  550 9221 -336429.20 -350987.54  4.33%  13.8 1380s
 110252 102881 -347686.53  658 9038 -336429.20 -350987.54  4.33%  13.8 1386s
 111324 103895 -347152.29  788 8837 -336429.20 -350987.54  4.33%  13.7 1390s
 112160 104739 -346656.04  892 8732 -336429.20 -350987.54  4.33%  13.7 1395s
 113204 105720 -350405.13  134 9787 -336429.20 -350987.44  4.33%  13.7 1401s
 114377 107044 -347926.22  500 9298 -336429.20 -350987.44  4.33%  13.6 1405s
 115030 108012 -346787.86  708 8967 -336429.20 -350987.44  4.33%  13.6 1410s
 116892 109160 infeasible   98      -336429.20 -350987.04  4.33%  13.5 1416s
 117600 109758 -347742.84   35 9063 -336429.20 -350987.04  4.33%  13.5 1421s
 118629 110699 infeasible  328      -336429.20 -350986.88  4.33%  13.5 1425s
 119908 112130 -350242.82  167 9742 -336429.20 -350986.88  4.33%  13.5 1431s
 120734 112824 -350085.32  190 9728 -336429.20 -350986.88  4.33%  13.4 1436s
 121615 113455 -349683.81  250 9651 -336429.20 -350986.46  4.33%  13.4 1440s
 122580 114506 -349359.18  312 9550 -336429.20 -350986.00  4.33%  13.4 1446s
 123235 115414 -349151.42  342 9534 -336429.20 -350986.00  4.33%  13.4 1450s
 124792 116691 -348783.74  400 9448 -336429.20 -350986.00  4.33%  13.3 1456s
 125384 117808 -348646.40  424 9427 -336429.20 -350981.20  4.33%  13.3 1462s
 126177 118154 -348454.06  459 9357 -336429.20 -350981.20  4.33%  13.3 1465s
 127347 119499 -348160.98  518 9292 -336429.20 -350980.34  4.33%  13.2 1471s
 128328 120476 -348036.80  543 9261 -336429.20 -350980.34  4.33%  13.2 1476s
 129297 121401 -347872.36  567 9246 -336429.20 -350980.34  4.33%  13.2 1480s
 130591 122415 -347656.21  607 9183 -336429.20 -350979.73  4.32%  13.1 1486s
 131259 123097 -347475.72  632 9150 -336429.20 -350979.73  4.32%  13.1 1490s
 131832 123807 -347397.03  643 9122 -336429.20 -350979.73  4.32%  13.1 1495s
 133351 125289 -347255.48  672 9053 -336429.20 -350979.73  4.32%  13.0 1501s
 134390 126365 -347149.13  693 9006 -336429.20 -350979.73  4.32%  13.0 1506s
 135360 127292 -346989.50  729 8930 -336429.20 -350979.73  4.32%  12.9 1510s
 136805 128278 infeasible  771      -336429.20 -350978.87  4.32%  12.9 1521s
 137207 128844 -350562.26  118 9847 -336429.20 -350978.87  4.32%  12.9 1529s
 137510 129141 -349760.56  229 9684 -336429.20 -350978.87  4.32%  12.9 1534s
 137807 129639 -349075.94  312 9601 -336429.20 -350978.87  4.32%  12.9 1536s
 138738 130693 -350573.24   78 9816 -336429.20 -350978.87  4.32%  12.8 1541s
 139947 131723 -350067.02  154 9692 -336429.20 -350978.87  4.32%  12.8 1546s
 140843 132702 -349589.95  201 9591 -336429.20 -350978.87  4.32%  12.8 1551s
 141919 133557 infeasible  251      -336429.20 -350978.87  4.32%  12.7 1555s
 142778 134642 -350252.96  145 9830 -336429.20 -350978.87  4.32%  12.7 1560s
 143943 135693 -347886.16  484 9385 -336429.20 -350978.87  4.32%  12.7 1565s
 145049 136730 -350644.86  117 9935 -336429.20 -350976.66  4.32%  12.7 1571s
 145829 137402 -348682.82  361 9413 -336429.20 -350976.66  4.32%  12.6 1575s
 146248 138172 -347646.57  519 9173 -336429.20 -350976.66  4.32%  12.6 1580s
 147018 138503 -345796.07  771 8686 -336429.20 -350976.66  4.32%  12.6 1587s
 147351 139102 -345360.87  835 8573 -336429.20 -350976.66  4.32%  12.6 1590s
 148438 140043 -343142.28 1218 7975 -336429.20 -350976.66  4.32%  12.5 1595s
 149856 141520 -340154.35 1693 7183 -336429.20 -350976.66  4.32%  12.5 1601s
 150828 142336 -337692.34 2071 6574 -336429.20 -350976.66  4.32%  12.5 1606s
 151635 142799 -336467.29 2255 6287 -336429.20 -350976.51  4.32%  12.4 1610s
 152401 143780 -350819.76   81 10005 -336429.20 -350976.51  4.32%  12.5 1616s
 153165 144400 -350380.92  173 9765 -336429.20 -350976.51  4.32%  12.5 1621s
 153799 145115 -349850.87  256 9669 -336429.20 -350976.51  4.32%  12.5 1625s
 154680 145916 -350941.47   38 10848 -336429.20 -350975.69  4.32%  12.5 1632s
 155691 147170 -349043.42  325 9599 -336429.20 -350975.69  4.32%  12.5 1637s
 156919 148453 -350390.09  139 9755 -336429.20 -350975.62  4.32%  12.5 1644s
 157703 148700 -350938.19   39 10857 -336429.20 -350975.62  4.32%  12.5 1652s
 157954 149062 -350906.34   40 10850 -336429.20 -350975.62  4.32%  12.5 1655s
 158328 149546 -350905.03   41 10085 -336429.20 -350975.62  4.32%  12.4 1662s
 158838 149752 -350903.68   42 10073 -336429.20 -350975.62  4.32%  12.4 1667s
 159068 150187 -350844.11   52 10057 -336429.20 -350975.62  4.32%  12.4 1670s
 159813 151272 -349775.12  227 9706 -336429.20 -350975.62  4.32%  12.4 1675s
 161299 152365 -346620.19  713 9002 -336429.20 -350975.62  4.32%  12.4 1681s
 162122 153472 -345298.35  972 8564 -336429.20 -350975.62  4.32%  12.4 1686s
 162806 154041 -344171.67 1189 8285 -336429.20 -350975.39  4.32%  12.3 1690s
 163841 154959 -350383.08  144 9781 -336429.20 -350975.39  4.32%  12.3 1695s
 164905 156045 -348400.74  436 9410 -336429.20 -350975.39  4.32%  12.3 1700s
 165805 156858 -347011.98  667 9083 -336429.20 -350975.39  4.32%  12.3 1705s
 167140 158442 -344493.43 1156 8384 -336429.20 -350975.39  4.32%  12.2 1714s
 167937 158884 -343311.85 1428 8033 -336429.20 -350975.39  4.32%  12.2 1721s
 168794 159692 -342103.45 1712 7632 -336429.20 -350975.39  4.32%  12.2 1727s
 169594 160548 -340523.53 2046 7184 -336429.20 -350974.98  4.32%  12.2 1732s
 170457 161085 -350080.07  173 9740 -336429.20 -350974.98  4.32%  12.2 1736s
 171220 162030 -348198.87  414 9454 -336429.20 -350974.98  4.32%  12.1 1742s
 172142 162914 -346116.67  728 8985 -336429.20 -350974.41  4.32%  12.1 1748s
 172509 163152 -341572.49   23 7159 -336429.20 -350974.41  4.32%  12.2 1750s
 173098 163970     cutoff   81      -336429.20 -350974.04  4.32%  12.2 1755s
 174151 164742 infeasible  361      -336429.20 -350973.93  4.32%  12.2 1760s
 174739 165722 -342231.70  117 8406 -336429.20 -350973.93  4.32%  12.2 1766s
 175880 166685 -339723.18  579 7832 -336429.20 -350973.93  4.32%  12.1 1771s
 176826 167531 -337384.31  966 7217 -336429.20 -350973.93  4.32%  12.1 1777s
 177684 168624 -350951.96   21 10874 -336429.20 -350973.91  4.32%  12.1 1784s
 178341 169104 -349578.87  257 9594 -336429.20 -350973.91  4.32%  12.1 1787s
 178827 169433 -348629.00  384 9404 -336429.20 -350973.91  4.32%  12.1 1792s
 179158 169925 -347941.73  502 9267 -336429.20 -350973.91  4.32%  12.1 1795s
 180106 170710 -345911.50  841 8776 -336429.20 -350973.91  4.32%  12.1 1801s
 181142 171521 -344022.32 1215 8234 -336429.20 -350973.91  4.32%  12.0 1806s
 182178 172629 -342398.85 1548 7828 -336429.20 -350973.91  4.32%  12.0 1812s
 183313 173786 -340621.80 1914 7333 -336429.20 -350973.91  4.32%  12.0 1817s
 183813 174223 -339969.34 2053 7151 -336429.20 -350973.91  4.32%  12.0 1820s
 184615 175120 -338501.85 2350 6803 -336429.20 -350973.51  4.32%  12.0 1825s
 185747 175984 -336698.98 2746 6342 -336429.20 -350973.51  4.32%  12.0 1830s
 186128 175988 -336476.66 2800 6277 -336429.20 -350973.51  4.32%  12.0 1902s
 186132 175992 -336457.20 2801 6273 -336429.20 -350973.51  4.32%  12.0 1918s
 186136 175993     cutoff 2802      -336429.20 -350973.32  4.32%  12.0 1929s
 186143 176026 -350966.69   25 10845 -336429.20 -350973.32  4.32%  12.0 1939s
 186176 176195 -350961.28   26 10844 -336429.20 -350973.32  4.32%  12.0 1950s
 186345 176374 -350960.43   27 10840 -336429.20 -350973.32  4.32%  12.0 1963s
 186526 176622 -350957.74   28 10824 -336429.20 -350973.32  4.32%  12.0 1974s
 186776 176948 -350947.40   34 10050 -336429.20 -350973.32  4.32%  12.0 1977s
 187657 177980 -350347.81  162 9729 -336429.20 -350973.32  4.32%  11.9 1982s
 188180 178495 -350013.98  204 9645 -336429.20 -350973.32  4.32%  11.9 1986s
 188695 179127 -349860.67  232 9602 -336429.20 -350973.32  4.32%  12.0 1991s
 189381 179307 -349600.54  262 9558 -336429.20 -350973.32  4.32%  12.0 1995s
 189953 180258 -349258.55  303 9512 -336429.20 -350973.29  4.32%  12.0 2002s
 190583 180853 -349104.96  334 9467 -336429.20 -350973.29  4.32%  12.0 2006s
 191867 181829 -348746.51  378 9425 -336429.20 -350973.29  4.32%  12.0 2012s
 192261 182368 -348628.08  386 9414 -336429.20 -350972.82  4.32%  12.0 2015s
 193243 183304 -348409.82  439 9348 -336429.20 -350972.82  4.32%  12.0 2021s
 194447 184416 -348205.99  467 9313 -336429.20 -350972.82  4.32%  11.9 2027s
 194892 185054 -348155.17  480 9277 -336429.20 -350972.82  4.32%  11.9 2031s
 196187 186123 -347886.87  526 9204 -336429.20 -350972.82  4.32%  11.9 2036s
 197145 187248 -347779.23  549 9170 -336429.20 -350972.82  4.32%  11.9 2042s
 197800 187934 -347678.96  561 9159 -336429.20 -350972.82  4.32%  11.9 2045s
 198488 189242 -347607.93  580 9119 -336429.20 -350972.82  4.32%  11.8 2051s
 200114 189911 -347359.83  637 9038 -336429.20 -350972.54  4.32%  11.8 2056s
 201001 190507 -347257.67  655 9004 -336429.20 -350972.54  4.32%  11.8 2062s
 201201 190723 -347218.68  661 8993 -336429.20 -350972.54  4.32%  11.9 2065s
 201966 191750 -347126.57  675 8976 -336429.20 -350971.91  4.32%  11.9 2070s
 202799 192390 -350727.25   73 9840 -336429.20 -350971.81  4.32%  11.9 2075s
 204091 193886 -346862.77  719 8892 -336429.20 -350971.81  4.32%  11.9 2082s
 204672 194077 -346808.37  731 8880 -336429.20 -350971.81  4.32%  11.9 2085s
 205416 194635 -346635.04  758 8849 -336429.20 -350971.62  4.32%  11.9 2103s
 205469 194943 -346613.27  761 8841 -336429.20 -350971.62  4.32%  11.9 2105s
 206283 195744 -346546.81  778 8788 -336429.20 -350971.37  4.32%  11.9 2111s
 207167 196686 -346429.77  798 8778 -336429.20 -350971.37  4.32%  11.8 2116s
 208028 197384 -346306.51  827 8717 -336429.20 -350971.25  4.32%  11.8 2121s
 208475 197861 -346289.37  834 8710 -336429.20 -350971.14  4.32%  11.8 2126s
 208839 198893 -346206.90  845 8684 -336429.20 -350971.14  4.32%  11.8 2131s
 210292 199518 -346025.61  872 8632 -336429.20 -350971.14  4.32%  11.8 2135s
 210930 200374 -345968.11  885 8616 -336429.20 -350971.07  4.32%  11.8 2140s
 211664 201194 -345886.27  900 8592 -336429.20 -350971.07  4.32%  11.8 2145s
 212680 201943 -345824.65  913 8577 -336429.20 -350971.07  4.32%  11.8 2151s
 213412 202615 -345714.25  936 8563 -336429.20 -350970.99  4.32%  11.8 2155s
 214089 203470 -345681.44  946 8554 -336429.20 -350970.99  4.32%  11.8 2161s
 214853 203891 -345647.18  954 8537 -336429.20 -350970.98  4.32%  11.8 2165s
 215313 204327 -345571.61  966 8531 -336429.20 -350970.98  4.32%  11.8 2170s
 215778 204886 -345471.40  974 8522 -336429.20 -350970.98  4.32%  11.8 2184s
 216039 205267 -345383.24  981 8516 -336429.20 -350970.98  4.32%  11.8 2187s
 216430 205530 -345292.92  988 8505 -336429.20 -350970.98  4.32%  11.8 2190s
 217001 205999 -341570.59   20 7160 -336429.20 -350970.96  4.32%  11.9 2195s
 217638 206944 -341175.76  119 7072 -336429.20 -350970.96  4.32%  11.9 2201s
 218418 207209 infeasible  213      -336429.20 -350970.96  4.32%  11.9 2205s
 219146 208551 -337252.68  681 6887 -336429.20 -350970.96  4.32%  11.9 2213s
 219916 209181 -350764.34   91 9847 -336429.20 -350970.96  4.32%  11.9 2217s
 220550 209588 -350338.66  169 9735 -336429.20 -350970.96  4.32%  11.9 2222s
 221017 209858 -350058.48  217 9636 -336429.20 -350970.96  4.32%  11.9 2225s
 221568 210547 -349839.46  257 9603 -336429.20 -350970.96  4.32%  12.0 2231s
 222006 211200 -349655.56  286 9560 -336429.20 -350970.96  4.32%  12.0 2235s
 223205 212082 -349265.06  337 9524 -336429.20 -350970.96  4.32%  11.9 2241s
 223979 213038 -349014.43  367 9457 -336429.20 -350970.96  4.32%  11.9 2247s
 224591 213591 -348770.00  397 9425 -336429.20 -350970.96  4.32%  11.9 2251s
 225342 214144 -346899.05  633 9186 -336429.20 -350970.96  4.32%  11.9 2255s
 225979 214711 -348491.15  453 9363 -336429.20 -350970.67  4.32%  11.9 2260s
 226288 214875 -348432.31  467 9347 -336429.20 -350970.67  4.32%  11.9 2272s
 226452 215305 -348398.51  472 9324 -336429.20 -350970.67  4.32%  11.9 2276s
 227259 216013 -348226.20  493 9304 -336429.20 -350970.67  4.32%  11.9 2282s
 227594 216346 -348015.37  512 9279 -336429.20 -350970.67  4.32%  11.9 2288s
 228025 216580 -347895.08  533 9234 -336429.20 -350970.62  4.32%  11.9 2291s
 228499 217368 -347771.37  553 9210 -336429.20 -350970.62  4.32%  12.0 2297s
 229067 217724 -347658.65  582 9170 -336429.20 -350970.62  4.32%  12.0 2300s
 229427 218392 -347601.53  591 9158 -336429.20 -350970.62  4.32%  12.0 2306s
 230492 219183 -347365.45  635 9078 -336429.20 -350970.57  4.32%  11.9 2312s
 230978 219668 -347283.30  643 9084 -336429.20 -350970.57  4.32%  11.9 2315s
 231770 220238 -347136.03  666 9060 -336429.20 -350970.49  4.32%  11.9 2321s
 232477 221058 -347032.21  676 9042 -336429.20 -350970.47  4.32%  11.9 2326s
 233122 221392 -350347.95  153 9714 -336429.20 -350970.47  4.32%  11.9 2330s
 233482 221993 -346923.88  698 8990 -336429.20 -350970.47  4.32%  11.9 2336s
 233852 222544 -346896.82  709 8967 -336429.20 -350970.47  4.32%  11.9 2340s
 234877 223318 -346694.51  744 8928 -336429.20 -350970.47  4.32%  11.9 2347s
 235205 223677 infeasible  751      -336429.20 -350970.40  4.32%  11.9 2350s
 235941 224554 -346520.23  770 8892 -336429.20 -350970.40  4.32%  11.9 2357s
 236469 224777 -346414.27  789 8873 -336429.20 -350970.40  4.32%  11.9 2372s
 236696 225255 -346358.18  795 8871 -336429.20 -350970.40  4.32%  11.9 2378s
 237174 225608 -346308.61  806 8844 -336429.20 -350970.40  4.32%  11.9 2382s
 237539 226139 -346277.19  815 8820 -336429.20 -350970.40  4.32%  11.9 2385s
 238086 226670 -346162.30  840 8762 -336429.20 -350970.40  4.32%  11.9 2390s
 238964 227507 -346089.30  865 8739 -336429.20 -350970.38  4.32%  11.9 2396s
 239512 228001 -346006.75  890 8692 -336429.20 -350970.38  4.32%  11.9 2400s
 240006 228529 -345929.89  906 8657 -336429.20 -350970.38  4.32%  11.9 2405s
 241065 229567 -345771.43  940 8611 -336429.20 -350970.38  4.32%  11.8 2412s
 241586 229902 -345708.62  954 8598 -336429.20 -350970.38  4.32%  11.8 2415s
 242406 230781 -345603.02  981 8569 -336429.20 -350970.38  4.32%  11.8 2422s
 242808 231093 -345554.24  987 8569 -336429.20 -350970.38  4.32%  11.8 2425s
 243530 231952 -345465.40 1005 8560 -336429.20 -350970.38  4.32%  11.8 2432s
 243985 232287 -345422.45 1016 8532 -336429.20 -350970.38  4.32%  11.8 2435s
 244769 233061 -345303.55 1038 8499 -336429.20 -350970.38  4.32%  11.8 2442s
 245098 233543 -345260.83 1045 8493 -336429.20 -350970.38  4.32%  11.8 2445s
 246046 234357 -345121.39 1074 8455 -336429.20 -350970.38  4.32%  11.8 2452s
 246394 234746 -345109.45 1082 8453 -336429.20 -350970.38  4.32%  11.8 2455s
 246783 235078 -345062.85 1093 8435 -336429.20 -350970.38  4.32%  11.8 2468s
 247119 235460 -345028.25 1102 8421 -336429.20 -350970.38  4.32%  11.8 2473s
 247501 235945 -344963.19 1117 8417 -336429.20 -350970.38  4.32%  11.8 2476s
 247986 236277 -344856.53 1134 8397 -336429.20 -350970.38  4.32%  11.8 2480s
 248776 237185 -344737.34 1160 8347 -336429.20 -350970.38  4.32%  11.7 2487s
 249226 237343 -344682.79 1170 8324 -336429.20 -350970.38  4.32%  11.7 2490s
 249725 238156 -344615.87 1184 8301 -336429.20 -350970.38  4.32%  11.7 2497s
 250203 238379 -344520.89 1203 8270 -336429.20 -350970.38  4.32%  11.7 2501s
 250430 238845 -344496.50 1209 8262 -336429.20 -350970.38  4.32%  11.7 2505s
 250908 239393 -344448.10 1221 8243 -336429.20 -350970.38  4.32%  11.7 2511s
 251950 239879 -344262.02 1260 8218 -336429.20 -350970.38  4.32%  11.7 2553s
 251954 239879 -344178.21 1260 8211 -336429.20 -350970.38  4.32%  11.7 2573s
 252008 240150 -344165.75 1257 8212 -336429.20 -350970.38  4.32%  11.7 2584s
 252279 240596 -344167.93 1262 8200 -336429.20 -350970.38  4.32%  11.7 2588s
 252727 241280 -344125.07 1272 8189 -336429.20 -350970.38  4.32%  11.7 2593s
 253421 241804 -344037.26 1294 8144 -336429.20 -350970.38  4.32%  11.7 2597s
 253951 242321 -344015.17 1300 8152 -336429.20 -350970.38  4.32%  11.7 2601s
 254488 242637 -343970.58 1307 8125 -336429.20 -350970.30  4.32%  11.7 2605s
 255345 243687 -343889.81 1322 8107 -336429.20 -350970.30  4.32%  11.7 2612s
 255866 244074 -343857.50 1331 8094 -336429.20 -350970.30  4.32%  11.7 2616s
 256259 244572 -343833.92 1336 8094 -336429.20 -350970.30  4.32%  11.7 2620s
 257138 245290 -343732.35 1357 8030 -336429.20 -350970.30  4.32%  11.7 2647s
 257487 245729 -343696.04 1364 8019 -336429.20 -350970.30  4.32%  11.6 2655s
 258397 246730 -343634.50 1377 7986 -336429.20 -350970.30  4.32%  11.6 2663s
 258939 247112 -343585.67 1386 7967 -336429.20 -350970.30  4.32%  11.6 2667s
 259337 247686 -343547.13 1394 7935 -336429.20 -350970.30  4.32%  11.6 2671s
 259911 248080 -343509.72 1407 7911 -336429.20 -350970.30  4.32%  11.6 2675s
 260853 249509 -343397.61 1422 7889 -336429.20 -350970.30  4.32%  11.6 2685s
 262017 250152 -343344.63 1445 7866 -336429.20 -350970.30  4.32%  11.6 2692s
 262435 250501 -343323.65 1452 7843 -336429.20 -350970.28  4.32%  11.6 2695s
 263115 251203 -343284.87 1461 7837 -336429.20 -350970.28  4.32%  11.6 2702s
 263494 251496 infeasible 1471      -336429.20 -350970.28  4.32%  11.5 2705s
 264303 252303 infeasible 1484      -336429.20 -350970.28  4.32%  11.5 2713s
 264622 252779 -343099.11 1498 7795 -336429.20 -350970.16  4.32%  11.5 2716s
 265098 253154 -343062.56 1512 7786 -336429.20 -350970.16  4.32%  11.5 2720s
 265793 253989 -342993.54 1526 7755 -336429.20 -350970.16  4.32%  11.5 2727s
 266318 254424 -342963.14 1535 7748 -336429.20 -350970.16  4.32%  11.5 2731s
 266763 254854 -342916.22 1544 7731 -336429.20 -350970.16  4.32%  11.5 2735s
 267476 255514 -342854.77 1554 7716 -336429.20 -350970.16  4.32%  11.5 2743s
 267855 255954 -342813.23 1563 7701 -336429.20 -350970.16  4.32%  11.5 2758s
 268295 256335 -342757.50 1576 7686 -336429.20 -350970.16  4.32%  11.5 2762s
 268676 256867 -342726.61 1580 7688 -336429.20 -350970.16  4.32%  11.5 2766s
 269208 257414 -342696.00 1591 7619 -336429.20 -350970.16  4.32%  11.5 2770s
 269983 257813 -338377.48 1963 6789 -336429.20 -350970.16  4.32%  11.4 2775s
 270468 258441 -342619.65 1610 7587 -336429.20 -350970.16  4.32%  11.4 2782s
 270852 258829 -342589.90 1614 7585 -336429.20 -350970.10  4.32%  11.4 2786s
 271240 258906 -342539.84 1629 7560 -336429.20 -350970.10  4.32%  11.4 2854s
 271317 261524 -342505.57 1630 7562 -336429.20 -350970.10  4.32%  11.4 2872s
 273981 262054 -342334.65 1671 7512 -336429.20 -350970.09  4.32%  11.4 2878s
 274511 262578 -342301.62 1678 7506 -336429.20 -350970.09  4.32%  11.4 2883s
 275039 262932 -342271.76 1683 7500 -336429.20 -350970.09  4.32%  11.4 2887s
 275407 263406 -342212.26 1691 7500 -336429.20 -350970.07  4.32%  11.4 2890s
 275885 263799 -342182.72 1696 7482 -336429.20 -350970.07  4.32%  11.4 2895s
 276656 264417 -342149.33 1706 7472 -336429.20 -350970.06  4.32%  11.4 2903s
 276930 264887 -342120.69 1711 7465 -336429.20 -350970.06  4.32%  11.4 2907s
 277400 265376 -342076.77 1726 7434 -336429.20 -350970.06  4.32%  11.4 2911s
 277891 265740 -342033.51 1736 7421 -336429.20 -350970.06  4.32%  11.4 2915s
 278271 266017 -341979.81 1748 7398 -336429.20 -350969.99  4.32%  11.4 2924s
 278552 266512 -341973.10 1750 7400 -336429.20 -350969.99  4.32%  11.4 2928s
 279049 266879 -341904.31 1768 7372 -336429.20 -350969.99  4.32%  11.4 2933s
 279428 267418 -341860.01 1778 7411 -336429.20 -350969.99  4.32%  11.4 2937s
 279987 267815 -341729.82 1794 7394 -336429.20 -350969.99  4.32%  11.4 2942s
 280456 268183 -350875.73   68 9983 -336429.20 -350969.98  4.32%  11.4 2946s
 280855 268729 -350371.45  161 9747 -336429.20 -350969.98  4.32%  11.4 2951s
 281419 269289 -349913.61  239 9598 -336429.20 -350969.98  4.32%  11.4 2956s
 281979 269451 -349574.64  301 9467 -336429.20 -350969.98  4.32%  11.4 3014s
 282141 270629 -349518.65  314 9436 -336429.20 -350969.98  4.32%  11.4 3027s
 283357 271329 -348977.91  373 9389 -336429.20 -350969.96  4.32%  11.4 3034s
 284073 271581 -348638.20  402 9286 -336429.20 -350969.96  4.32%  11.4 3039s
 284345 272017 -348601.22  409 9292 -336429.20 -350969.80  4.32%  11.4 3044s
 284783 272662 -348422.65  433 9256 -336429.20 -350969.80  4.32%  11.4 3049s
 285430 273278 -348222.14  465 9201 -336429.20 -350969.80  4.32%  11.4 3054s
 286048 273504 -348046.03  494 9165 -336429.20 -350969.80  4.32%  11.4 3059s
 286290 273788 -347928.46  506 9164 -336429.20 -350969.75  4.32%  11.4 3063s
 286574 274174 -347844.06  524 9133 -336429.20 -350969.75  4.32%  11.4 3101s
 286964 274677 -347779.81  530 9127 -336429.20 -350969.75  4.32%  11.4 3106s
 287473 275287 -347563.74  566 9071 -336429.20 -350969.75  4.32%  11.4 3113s
 288099 275581 -347474.70  578 9053 -336429.20 -350969.75  4.32%  11.4 3118s
 288411 276058 -347433.87  584 9052 -336429.20 -350969.74  4.32%  11.4 3122s
 288896 276386 -347358.67  597 9033 -336429.20 -350969.74  4.32%  11.4 3132s
 289230 276781 -347256.60  613 8990 -336429.20 -350969.74  4.32%  11.4 3137s
 289625 277349 -347161.43  625 8968 -336429.20 -350969.74  4.32%  11.4 3142s
 290209 277808 -347025.74  648 8925 -336429.20 -350969.74  4.32%  11.4 3147s
 290686 278161 -346981.33  656 8935 -336429.20 -350969.66  4.32%  11.4 3152s
 291041 278513 -346891.23  666 8918 -336429.20 -350969.66  4.32%  11.4 3156s
 291399 279062 -346848.05  675 8909 -336429.20 -350969.66  4.32%  11.4 3161s
 291952 279434 -346775.70  683 8904 -336429.20 -350969.66  4.32%  11.4 3166s
 292338 280144 -346727.66  697 8882 -336429.20 -350969.64  4.32%  11.4 3173s
 293052 280322 -346641.45  705 8873 -336429.20 -350969.64  4.32%  11.3 3207s
 293230 280654 -346623.77  709 8852 -336429.20 -350969.64  4.32%  11.3 3217s
 293562 281183 -346580.58  718 8838 -336429.20 -350969.64  4.32%  11.3 3222s
 294091 281383 -346510.42  730 8828 -336429.20 -350969.64  4.32%  11.3 3226s
 294291 281828 -346492.27  737 8807 -336429.20 -350969.64  4.32%  11.3 3230s
 294736 282443 -346426.95  749 8782 -336429.20 -350969.64  4.32%  11.3 3236s
 295351 282999 -346337.00  774 8743 -336429.20 -350969.64  4.32%  11.3 3241s
 295907 283383 -346265.37  782 8739 -336429.20 -350969.64  4.32%  11.3 3245s
 296291 283937 -346206.88  798 8712 -336429.20 -350969.64  4.32%  11.3 3251s
 296845 284142 -346130.80  812 8707 -336429.20 -350969.64  4.32%  11.3 3288s
 297050 284392 -346119.24  813 8706 -336429.20 -350969.64  4.32%  11.3 3294s
 297300 284847 -346052.96  829 8678 -336429.20 -350969.64  4.32%  11.3 3299s
 297755 285328 -345990.28  842 8672 -336429.20 -350969.64  4.32%  11.3 3303s
 298281 285725 -345959.89  846 8662 -336429.20 -350969.64  4.32%  11.3 3308s
 298700 286073 -345877.31  862 8638 -336429.20 -350969.63  4.32%  11.3 3313s
 299048 286319 -345825.31  876 8624 -336429.20 -350969.63  4.32%  11.3 3317s
 299294 286696 -345776.41  879 8607 -336429.20 -350969.63  4.32%  11.3 3346s
 299671 287181 -345738.95  888 8606 -336429.20 -350969.63  4.32%  11.3 3352s
 300156 287562 -345710.25  903 8583 -336429.20 -350969.63  4.32%  11.3 3356s
 300551 287992 -345633.94  916 8558 -336429.20 -350969.62  4.32%  11.3 3360s
 300981 288430 -345576.38  928 8544 -336429.20 -350969.62  4.32%  11.3 3365s
 301757 289234 -345456.68  955 8497 -336429.20 -350969.62  4.32%  11.2 3374s
 302225 289635 -345376.41  977 8467 -336429.20 -350969.62  4.32%  11.2 3406s
 302626 289987 -345335.64  986 8467 -336429.20 -350969.62  4.32%  11.2 3419s
 302982 290447 -345295.19  991 8452 -336429.20 -350969.62  4.32%  11.2 3426s
 303446 291117 -345221.08 1005 8428 -336429.20 -350969.62  4.32%  11.2 3433s
 304116 291565 -345107.29 1020 8406 -336429.20 -350969.62  4.32%  11.2 3438s
 304566 292078 -345066.97 1031 8386 -336429.20 -350969.62  4.32%  11.2 3443s
 305079 292169 -344974.00 1054 8361 -336429.20 -350969.62  4.32%  11.2 3482s
 305170 292583 -344991.63 1052 8364 -336429.20 -350969.62  4.32%  11.2 3487s
 305590 293143 -344923.42 1059 8316 -336429.20 -350969.62  4.32%  11.2 3492s
 306154 293689 -344795.25 1083 8315 -336429.20 -350969.62  4.32%  11.2 3498s
 306700 294116 -344751.80 1103 8272 -336429.20 -350969.62  4.32%  11.2 3503s
 307129 294471 -344678.30 1113 8263 -336429.20 -350969.62  4.32%  11.2 3536s
 307484 294827 -344637.42 1119 8257 -336429.20 -350969.62  4.32%  11.2 3544s
 307842 295371 -344596.40 1129 8237 -336429.20 -350969.62  4.32%  11.2 3549s
 308388 295766 -344482.42 1144 8223 -336429.20 -350969.62  4.32%  11.2 3553s
 308783 296301 -344473.75 1150 8215 -336429.20 -350969.62  4.32%  11.2 3560s
 309767 296972 -344288.57 1185 8175 -336429.20 -350969.62  4.32%  11.2 3601s

Cutting planes:
  Gomory: 652
  Lift-and-project: 2
  Cover: 2371
  MIR: 6247
  Mixing: 4
  StrongCG: 2423
  Flow cover: 1054
  GUB cover: 121
  Zero half: 148
  RLT: 13
  Relax-and-lift: 315

Explored 309989 nodes (3546895 simplex iterations) in 3602.22 seconds (3004.56 work units)
Thread count was 4 (of 28 available processors)

Solution count 10: -336429 -336427 -336424 ... -336327

Time limit reached
Best objective -3.364291997025e+05, best bound -3.509696169512e+05, gap 4.3220%

User-callback calls 907502, time in user-callback 3.70 sec
