
Gurobi 13.0.1 (win64) logging started Wed Oct  7 12:17:31 2026

Set parameter LogFile to value "results/source_summaries/2d/B0780/gurobi_extensive.log"
Gurobi Optimizer version 13.0.1 build v13.0.1rc0 (win64 - Windows 11+.0 (26200.2))

CPU model: Intel(R) Core(TM) i7-14700, instruction set [SSE2|AVX|AVX2]
Thread count: 20 physical cores, 28 logical processors, using up to 4 threads

Non-default parameters:
TimeLimit  2400
IntFeasTol  1e-06
MIPGap  0.0005
Heuristics  0.2
Cuts  2
Presolve  2
Seed  1
Threads  4

Optimize a model with 24967 rows, 42126 columns and 90496 nonzeros (Min)
Model fingerprint: 0x884b452b
Model has 17164 linear objective coefficients
Variable types: 24962 continuous, 17164 integer (17162 binary)
Coefficient statistics:
  Matrix range     [1e-01, 3e+01]
  Objective range  [2e+00, 5e+01]
  Bounds range     [1e-01, 2e+01]
  RHS range        [1e+00, 8e+01]

Found heuristic solution: objective 0.0000000
Presolve removed 0 rows and 23400 columns
Presolve time: 1.93s
Presolved: 24967 rows, 18726 columns, 67099 nonzeros
Variable types: 1562 continuous, 17164 integer (17162 binary)
Root relaxation presolved: 24967 rows, 18726 columns, 67099 nonzeros


Root relaxation: objective -2.076350e+05, 7135 iterations, 0.41 seconds (0.51 work units)

    Nodes    |    Current Node    |     Objective Bounds      |     Work
 Expl Unexpl |  Obj  Depth IntInf | Incumbent    BestBd   Gap | It/Node Time

     0     0 -207634.99    0 1768    0.00000 -207634.99      -     -    2s
H    0     0                    -187621.5447 -207634.99  10.7%     -    2s
H    0     0                    -189089.7751 -207634.99  9.81%     -    2s
H    0     0                    -189348.7259 -207634.99  9.66%     -    2s
H    0     0                    -189406.7801 -207634.99  9.62%     -    2s
H    0     0                    -189409.5938 -204628.57  8.03%     -    3s
H    0     0                    -189516.4237 -204628.57  7.97%     -    3s
H    0     0                    -189597.9419 -204628.57  7.93%     -    3s
H    0     0                    -189617.5621 -204628.57  7.92%     -    3s
     0     0 -204478.80    0 2687 -189617.56 -204478.80  7.84%     -    3s
     0     0 -204478.80    0 2681 -189617.56 -204478.80  7.84%     -    3s
     0     0 -203953.14    0 3209 -189617.56 -203953.14  7.56%     -    4s
H    0     0                    -189646.5146 -203675.82  7.40%     -    4s
H    0     0                    -189664.2087 -203675.82  7.39%     -    4s
H    0     0                    -189677.0334 -203675.82  7.38%     -    4s
H    0     0                    -189684.8009 -203675.82  7.38%     -    4s
H    0     0                    -189698.6209 -203675.82  7.37%     -    4s
H    0     0                    -189700.6858 -203675.82  7.37%     -    4s
     0     0 -203650.14    0 3538 -189700.69 -203650.14  7.35%     -    5s
H    0     0                    -189720.3635 -203597.88  7.31%     -    5s
H    0     0                    -189724.4543 -203597.88  7.31%     -    5s
     0     0 -203597.88    0 3858 -189724.45 -203597.88  7.31%     -    5s
     0     0 -203597.69    0 3862 -189724.45 -203597.69  7.31%     -    5s
H    0     0                    -189852.3999 -203597.69  7.24%     -    6s
H    0     0                    -189924.2005 -203597.69  7.20%     -    6s
H    0     0                    -189928.0113 -203597.69  7.20%     -    6s
H    0     0                    -189930.8694 -203597.69  7.20%     -    6s
H    0     0                    -189957.8969 -203597.69  7.18%     -    6s
H    0     0                    -189961.0152 -203597.69  7.18%     -    6s
H    0     0                    -189975.6609 -203153.07  6.94%     -    6s
H    0     0                    -189989.5595 -203153.07  6.93%     -    6s
H    0     0                    -190007.4010 -203153.07  6.92%     -    6s
H    0     0                    -190012.3391 -203153.07  6.92%     -    6s
H    0     0                    -190016.2998 -203153.07  6.91%     -    6s
H    0     0                    -190021.3033 -203153.07  6.91%     -    6s
     0     0 -202978.35    0 3896 -190021.30 -202978.35  6.82%     -    6s
H    0     0                    -190026.6014 -202978.35  6.82%     -    6s
H    0     0                    -190029.7744 -202978.35  6.81%     -    6s
H    0     0                    -190065.5196 -202978.35  6.79%     -    7s
H    0     0                    -190095.1321 -202978.35  6.78%     -    7s
     0     0 -202498.78    0 3465 -190095.13 -202498.78  6.52%     -    7s
H    0     0                    -190119.9105 -202498.78  6.51%     -    8s
H    0     0                    -190144.4611 -202498.78  6.50%     -    8s
     0     0 -202260.67    0 3837 -190144.46 -202260.67  6.37%     -    8s
H    0     0                    -190146.3666 -202260.67  6.37%     -    8s
H    0     0                    -190149.2247 -202260.67  6.37%     -    8s
     0     0 -202199.07    0 3835 -190149.22 -202199.07  6.34%     -    8s
     0     0 -202086.78    0 4034 -190149.22 -202086.78  6.28%     -    9s
H    0     0                    -190165.7807 -202011.53  6.23%     -    9s
     0     0 -202011.53    0 4220 -190165.78 -202011.53  6.23%     -    9s
     0     0 -202006.02    0 4248 -190165.78 -202006.02  6.23%     -    9s
     0     0 -202005.43    0 4259 -190165.78 -202005.43  6.23%     -    9s
H    0     0                    -190175.8944 -202005.43  6.22%     -   10s
     0     0 -201783.35    0 4304 -190175.89 -201783.35  6.10%     -   11s
     0     0 -201612.88    0 4265 -190175.89 -201612.88  6.01%     -   11s
     0     0 -201516.33    0 4430 -190175.89 -201516.33  5.96%     -   12s
     0     0 -201357.80    0 4633 -190175.89 -201357.80  5.88%     -   12s
H    0     0                    -190184.0444 -201345.33  5.87%     -   12s
     0     0 -201345.33    0 4671 -190184.04 -201345.33  5.87%     -   12s
     0     0 -201344.83    0 4679 -190184.04 -201344.83  5.87%     -   12s
     0     0 -201304.26    0 4694 -190184.04 -201304.26  5.85%     -   14s
H    0     0                    -190186.0547 -201304.06  5.85%     -   14s
     0     0 -200952.90    0 4830 -190186.05 -200952.90  5.66%     -   15s
     0     0 -200861.55    0 4743 -190186.05 -200861.55  5.61%     -   15s
H    0     0                    -190209.2050 -200803.44  5.57%     -   16s
     0     0 -200803.44    0 4828 -190209.21 -200803.44  5.57%     -   16s
     0     0 -200803.44    0 4823 -190209.21 -200803.44  5.57%     -   16s
     0     0 -200751.79    0 4818 -190209.21 -200751.79  5.54%     -   16s
     0     0 -200733.43    0 4879 -190209.21 -200733.43  5.53%     -   17s
     0     0 -200731.25    0 4909 -190209.21 -200731.25  5.53%     -   17s
H    0     0                    -190216.1180 -200699.47  5.51%     -   18s
     0     0 -200699.47    0 4724 -190216.12 -200699.47  5.51%     -   18s
     0     0 -200686.06    0 4784 -190216.12 -200686.06  5.50%     -   18s
     0     0 -200685.32    0 4797 -190216.12 -200685.32  5.50%     -   19s
H    0     0                    -190217.1353 -200685.32  5.50%     -   23s
H    0     0                    -190221.1639 -200478.18  5.39%     -   25s
     0     0 -200478.18    0 5074 -190221.16 -200478.18  5.39%     -   25s
     0     0 -200468.28    0 5474 -190221.16 -200468.28  5.39%     -   26s
     0     0 -200467.08    0 5488 -190221.16 -200467.08  5.39%     -   26s
     0     0 -200393.92    0 5523 -190221.16 -200393.92  5.35%     -   30s
     0     0 -200393.91    0 5523 -190221.16 -200393.91  5.35%     -   30s
     0     0 -200393.91    0 5468 -190221.16 -200393.91  5.35%     -   30s
     0     2 -200391.08    0 5466 -190221.16 -200391.08  5.35%     -   33s
     3     8 -198568.40    2 4466 -190221.16 -200286.45  5.29%  2605   35s
   391   411 -198502.81   79 4390 -190221.16 -199055.67  4.64%  44.6   40s
   790   801 -198459.85  192 4212 -190221.16 -199055.67  4.64%  25.1   45s
  1494  1584 -198364.07  322 4067 -190221.16 -199055.67  4.64%  15.7   50s
  1976  2036 -198206.66  373 4046 -190221.16 -199055.67  4.64%  13.3   56s
  3017  3324 -197867.80  494 3910 -190221.16 -199055.67  4.64%  10.8   60s
  5110  5089 -193977.33  332 5468 -190221.16 -198998.66  4.61%   9.3   68s
  5114  5092 -192242.51  934 2750 -190221.16 -198998.66  4.61%   9.3   70s
  5123  5098 -197345.22  736 5466 -190221.16 -198998.66  4.61%   9.3   75s
  5127  5100 -197543.18  648 4775 -190221.16 -198998.66  4.61%   9.3   80s
  5131  5103 -197964.00  466 4969 -190221.16 -198998.66  4.61%   9.3   85s
  5136  5106 -198546.31   34 5192 -190221.16 -198998.66  4.61%   9.3   92s
  5137  5107 -194274.83   84 5159 -190221.16 -198998.66  4.61%   9.3   95s
  5138  5108 -198449.36  213 5212 -190221.16 -198998.66  4.61%   9.3  100s
  5139  5108 -193812.41  157 5316 -190221.16 -198998.66  4.61%   9.3  105s
  5142  5110 -192452.67  844 5458 -190221.16 -198998.66  4.61%   9.3  110s
  5144  5112 -192385.59  874 5943 -190221.16 -198998.66  4.61%   9.3  117s
  5145  5112 -197164.27  797 5873 -190221.16 -198998.66  4.61%   9.3  120s
  5147  5114 -193140.43  590 6220 -190221.16 -198998.66  4.61%   9.3  127s
  5150  5116 -193331.69  870 5963 -190221.16 -198998.66  4.61%   9.3  130s
  5152  5117 -192783.97  679 5734 -190221.16 -198998.66  4.61%   9.3  135s
  5154  5118 -194267.43  112 6069 -190221.16 -198998.66  4.61%   9.3  143s
  5155  5119 -193636.01  464 6105 -190221.16 -198998.66  4.61%   9.3  147s
  5157  5120 -198456.95  195 5790 -190221.16 -198998.66  4.61%   9.3  150s
  5159  5122 -192344.27  892 5900 -190221.16 -198998.66  4.61%   9.3  157s
  5160  5122 -192398.42  861 5905 -190221.16 -198998.66  4.61%   9.3  162s
  5161  5123 -193695.16  235 5987 -190221.16 -198998.66  4.61%   9.3  169s
  5162  5124 -193409.20  760 5988 -190221.16 -198998.66  4.61%   9.2  172s
  5163  5124 -192936.67  637 6051 -190221.16 -198998.66  4.61%   9.2  177s
  5165  5126 -197964.00  466 6143 -190221.16 -198998.66  4.61%   9.2  183s
  5166  5126 -193744.41  198 6350 -190221.16 -198998.66  4.61%   9.2  190s
  5168  5128 -193441.14  722 6349 -190221.16 -198998.66  4.61%   9.2  197s
  5169  5131 -198998.66   14 6592 -190221.16 -198998.66  4.61%  25.1  200s
  5179  5156 -197652.90   17 5655 -190221.16 -198528.14  4.37%  30.1  205s
  5523  5388 -197625.95   45 5607 -190221.16 -198528.14  4.37%  29.8  210s
  5808  5560 -197584.72   60 5571 -190221.16 -198528.14  4.37%  29.6  215s
  5997  5699 -197528.15   74 5487 -190221.16 -198528.14  4.37%  29.6  220s
  6216  5870 -197481.03   86 5499 -190221.16 -198528.14  4.37%  29.3  225s
  6649  6126 -197423.58  118 5467 -190221.16 -198528.14  4.37%  28.7  230s
  6818  6324 -197395.47  131 5447 -190221.16 -198528.14  4.37%  28.5  235s
  7066  6476 -197296.29  156 5401 -190221.16 -198528.14  4.37%  28.2  240s
  7258  6630 -197200.45  177 5357 -190221.16 -198528.14  4.37%  28.2  245s
  7954  7116 -197097.33  224 5238 -190221.16 -198528.14  4.37%  27.6  251s
  8643  7735 -196980.94  273 5153 -190221.16 -198528.14  4.37%  26.7  255s
  9460  8162 -196883.54  320 5074 -190221.16 -198528.14  4.37%  26.4  260s
  9992  8707 -196836.97  342 5079 -190221.16 -198528.14  4.37%  25.9  265s
 11403  9544 -196626.82  427 5003 -190221.16 -198528.14  4.37%  24.7  271s
 11901  9641 -196567.37  457 5012 -190221.16 -198528.14  4.37%  24.5  275s
 12191 10007 infeasible  462      -190221.16 -198528.14  4.37%  25.0  280s
 12569 10014 -190404.19  479 4459 -190221.16 -198528.14  4.37%  25.0  292s
 12574 10020 -190403.46  480 4459 -190221.16 -198528.14  4.37%  25.0  299s
 12575 10020 -197574.95   40 5725 -190221.16 -198528.14  4.37%  25.0  300s
 12582 10110 -190385.82  480 4458 -190221.16 -198528.14  4.37%  25.0  309s
 12722 10093 -190381.05  481 4508 -190221.16 -198528.14  4.37%  25.2  319s
 12751 10218 -190340.95  481 4507 -190221.16 -198528.14  4.37%  25.6  330s
 12918 10207 -197608.04   25 5872 -190221.16 -198528.14  4.37%  26.1  339s
 12963 10208 -197605.90   35 5867 -190221.16 -198528.14  4.37%  27.0  345s
 13122 10318 -197558.84   52 5831 -190221.16 -198528.14  4.37%  27.7  350s
 13383 10486 -197506.45   71 5772 -190221.16 -198528.14  4.37%  28.1  356s
 13723 11041 -197455.50   86 5723 -190221.16 -198528.14  4.37%  28.6  362s
 14069 11311 -197364.69  117 5649 -190221.16 -198528.14  4.37%  29.1  366s
 14897 11861 -197171.33  191 5515 -190221.16 -198528.14  4.37%  29.8  373s
 15284 11951 -197092.38  219 5430 -190221.16 -198528.14  4.37%  30.0  377s
 15507 12180 -196933.01  254 5352 -190221.16 -198528.14  4.37%  30.4  387s
 15815 12403 -196833.21  314 5217 -190221.16 -198528.14  4.37%  30.7  397s
 16152 12589 -196668.80  382 5052 -190221.16 -198528.14  4.37%  31.0  404s
 16463 12760 -196470.15  442 4962 -190221.16 -198528.14  4.37%  31.3  408s
 16739 13072 -196341.40  488 4885 -190221.16 -198528.14  4.37%  31.9  413s
 17145 13677 -196134.24  531 4791 -190221.16 -198528.14  4.37%  31.7  418s
 17894 13934 -196043.06  620 4655 -190221.16 -198528.14  4.37%  31.4  422s
 18408 14504 -195928.03  675 4521 -190221.16 -198528.14  4.37%  31.2  426s
 19685 15081 -195410.60  863 4283 -190221.16 -198528.14  4.37%  31.0  434s
 20185 15005 -195152.12  953 4124 -190221.16 -198528.14  4.37%  31.1  438s
 20278 15526 -195044.08  968 4072 -190221.16 -198528.14  4.37%  31.2  442s
 20840 16060 -194557.50 1076 3931 -190221.16 -198528.14  4.37%  31.2  447s
 21487 16609 -194243.02 1179 3834 -190221.16 -198528.14  4.37%  31.1  451s
 22534 17466 -193689.70 1350 3541 -190221.16 -198528.14  4.37%  31.4  456s
 23205 18283 -193386.14 1474 3341 -190221.16 -198528.14  4.37%  31.4  462s
 24319 19340 -192904.95 1647 3119 -190221.16 -198528.14  4.37%  31.1  467s
 25240 20282 -192415.34 1787 2939 -190221.16 -198528.14  4.37%  30.8  472s
 26285 21276 -191897.61 1942 2673 -190221.16 -198528.14  4.37%  30.3  477s
 26817 21302 -191657.65 2022 2582 -190221.16 -198528.14  4.37%  30.1  480s
 27098 22025 -191540.32 2069 2504 -190221.16 -198528.14  4.37%  30.0  487s
 27590 22544 -191337.68 2144 2365 -190221.16 -198528.14  4.37%  29.8  490s
 28684 23103 -190759.52 2300 2111 -190221.16 -198528.14  4.37%  29.3  502s
 28688 23107 -190759.31 2301 2108 -190221.16 -198528.14  4.37%  29.3  514s
 28692 23111 -190748.80 2301 2112 -190221.16 -198528.14  4.37%  29.3  530s
 28696 23115 -190755.71 2302 2107 -190221.16 -198528.14  4.37%  29.3  545s
 28700 23119 -190750.97 2302 2107 -190221.16 -198528.14  4.37%  29.3  560s
 28704 23123 -190755.49 2303 2108 -190221.16 -198528.14  4.37%  29.3  576s
 28708 23127 -190752.56 2303 2105 -190221.16 -198528.14  4.37%  29.3  591s
 28712 23182 -190750.51 2304 2109 -190221.16 -198528.14  4.37%  29.3  595s
 28945 23566 -190604.05 2338 2053 -190221.16 -198528.14  4.37%  29.2  602s
 29161 23757 -190563.21 2365 1981 -190221.16 -198528.14  4.37%  29.1  605s
 29354 24016 -190472.24 2392 1942 -190221.16 -198528.14  4.37%  29.0  610s
 29838 24363 infeasible 2441      -190221.16 -198294.93  4.24%  28.9  617s
 30012 24862 -198251.25   18 5897 -190221.16 -198294.41  4.24%  29.0  620s
 31072 26618 -197945.66  121 5682 -190221.16 -198294.41  4.24%  28.6  628s
 32391 26989 -197678.98  198 5606 -190221.16 -198294.41  4.24%  28.0  630s
 33573 28158 -197393.82  279 5488 -190221.16 -198294.41  4.24%  27.8  636s
 34879 29282 -197155.06  363 5305 -190221.16 -198294.41  4.24%  27.3  641s
 35637 30299 -197086.94  383 5255 -190221.16 -198294.41  4.24%  27.0  645s
 37350 32128 -196794.75  426 5205 -190221.16 -198294.41  4.24%  26.4  650s
 38993 33470 -196283.70  507 5052 -190221.16 -198294.41  4.24%  26.0  655s
 41033 35442 -195767.31  600 4890 -190221.16 -198294.41  4.24%  25.6  661s
 41471 37006 -195596.71  620 4861 -190221.16 -198294.41  4.24%  25.5  666s
 43910 38249 -194721.17  755 4662 -190221.16 -198294.41  4.24%  25.0  670s
 45546 39903 -194333.44  816 4556 -190221.16 -198294.41  4.24%  24.7  675s
 47407 41728 -193935.29  896 4454 -190221.16 -198294.41  4.24%  24.2  680s
 48988 43248 -193495.26  962 4396 -190221.16 -198294.41  4.24%  23.8  685s
 51353 45591 -193018.61 1048 4299 -190221.16 -198294.41  4.24%  23.1  690s
 53025 47236 -192626.80 1096 4227 -190221.16 -198294.41  4.24%  22.7  696s
 54442 48687 -192229.54 1167 4078 -190221.16 -198294.41  4.24%  22.5  700s
 57003 51240 -191817.07 1261 3913 -190221.16 -198294.41  4.24%  21.9  705s
 58828 52833 -191369.69 1328 3852 -190221.16 -198294.41  4.24%  21.6  710s
 61053 55076 -190956.47 1399 3736 -190221.16 -198294.41  4.24%  21.1  715s
 62353 57821 -190651.80 1436 3677 -190221.16 -198294.41  4.24%  20.9  721s
 65008 58886 -198000.41   80 6063 -190221.16 -198294.41  4.24%  20.5  725s
 66929 60779 -197560.47  211 5741 -190221.16 -198294.41  4.24%  20.3  730s
 68967 62881 -196981.57  332 5531 -190221.16 -198294.41  4.24%  20.0  735s
 70687 64466 -196686.75  396 5420 -190221.16 -198294.41  4.24%  19.8  740s
 72719 66597 -196271.31  490 5265 -190221.16 -198294.41  4.24%  19.6  748s
 73300 67561 -196175.88  507 5237 -190221.16 -198294.41  4.24%  19.6  750s
 75465 69125 -195793.09  593 5102 -190221.16 -198294.41  4.24%  19.4  755s
 77501 71125 -195434.56  667 4890 -190221.16 -198294.41  4.24%  19.3  760s
 79408 73029 -195078.53  731 4810 -190221.16 -198294.41  4.24%  19.2  765s
 81383 74946 -194859.17  792 4684 -190221.16 -198294.41  4.24%  19.0  770s
 82977 77092 -194653.21  839 4620 -190221.16 -198294.41  4.24%  18.9  776s
 84866 78275 -194368.82  908 4463 -190221.16 -198294.41  4.24%  18.9  780s
 86677 80033 -194133.73  959 4406 -190221.16 -198294.41  4.24%  18.8  785s
 88421 81898 -193876.50 1007 4340 -190221.16 -198294.41  4.24%  18.6  790s
 90589 84129 -193597.47 1072 4311 -190221.16 -198294.41  4.24%  18.5  795s
 92715 85830 -193205.38 1167 4157 -190221.16 -198294.41  4.24%  18.4  801s
 93183 87506 -193144.27 1178 4138 -190221.16 -198294.41  4.24%  18.4  805s
 95657 88883 -192692.88 1255 4020 -190221.16 -198243.16  4.22%  18.4  810s
 97267 90746 -192485.36 1303 3964 -190221.16 -198243.16  4.22%  18.3  815s
 98881 92087 -192286.84 1351 3907 -190221.16 -198243.16  4.22%  18.2  820s
 100947 93987 -192049.29 1386 3883 -190221.16 -198224.84  4.21%  18.1  825s
 102939 96152 -191830.18 1428 3792 -190221.16 -198224.84  4.21%  18.0  830s
 104365 97598 -191563.08 1482 3658 -190221.16 -198224.13  4.21%  17.9  835s
 106536 99744 -191328.97 1562 3565 -190221.16 -198223.98  4.21%  17.8  840s
 108226 101335 -191091.98 1620 3486 -190221.16 -198220.89  4.21%  17.7  845s
 109995 103050 -190844.73 1681 3424 -190221.16 -198217.00  4.20%  17.6  850s
 111295 104180 -190630.20 1721 3342 -190221.16 -198216.01  4.20%  17.5  856s
 112334 105435 -190383.15 1765 3253 -190221.16 -198216.01  4.20%  17.5  860s
 113722 107652 -197718.46  104 5920 -190221.16 -198215.99  4.20%  17.4  865s
 116797 109782 -195782.25  416 5258 -190221.16 -198215.96  4.20%  17.3  870s
 118856 111531 -196512.53  311 5519 -190221.16 -198215.96  4.20%  17.2  875s
 120628 113035 -198050.96   65 6056 -190221.16 -198215.96  4.20%  17.2  880s
 121752 114432 -196235.71  346 5418 -190221.16 -198215.96  4.20%  17.2  885s
 123082 115592 -197042.20  216 5759 -190221.16 -198214.78  4.20%  17.1  890s
 125200 117943 -192424.02  882 4358 -190221.16 -198214.78  4.20%  17.1  896s
 127389 119926 infeasible  225      -190221.16 -198213.22  4.20%  17.0  901s
 128715 121071 -197717.96  135 5855 -190221.16 -198213.22  4.20%  17.0  905s
 130810 123104 infeasible  282      -190221.16 -198211.66  4.20%  16.9  910s
 132138 124619 -196420.11  295 5538 -190221.16 -198211.66  4.20%  16.9  915s
 134358 126839 -191994.83  951 4173 -190221.16 -198211.66  4.20%  16.8  920s
 136195 128257 -197662.05  126 5971 -190221.16 -198211.31  4.20%  16.8  925s
 137622 129859 -197094.35  203 5786 -190221.16 -198211.31  4.20%  16.8  930s
 139287 131558 -196541.21  287 5581 -190221.16 -198211.31  4.20%  16.8  935s
 141059 133235 -196136.31  368 5466 -190221.16 -198211.31  4.20%  16.8  940s
 142485 134574 -195841.44  437 5315 -190221.16 -198211.31  4.20%  16.7  946s
 143772 136138 -195566.89  485 5242 -190221.16 -198211.31  4.20%  16.7  950s
 145261 137958 -195292.13  543 5123 -190221.16 -198211.31  4.20%  16.7  955s
 146914 138691 -194950.51  616 4965 -190221.16 -198211.31  4.20%  16.6  961s
 147790 139965 -194833.11  641 4926 -190221.16 -198211.31  4.20%  16.6  965s
 150039 142213 -194505.53  728 4814 -190221.16 -198211.31  4.20%  16.5  971s
 151675 143855 -194301.95  774 4732 -190221.16 -198211.31  4.20%  16.4  975s
 152154 143900 -194246.28  783 4721 -190221.16 -198211.31  4.20%  16.4  980s
 152982 145110 -194108.95  810 4690 -190221.16 -198210.95  4.20%  16.4  985s
 154581 146678 -193926.15  844 4639 -190221.16 -198210.95  4.20%  16.3  990s
 155725 148239 -193771.90  874 4600 -190221.16 -198210.78  4.20%  16.3  995s
 157808 149838 -193544.44  921 4490 -190221.16 -198210.77  4.20%  16.3 1000s
 159871 151443 -198060.73   73 6121 -190221.16 -198210.33  4.20%  16.2 1005s
 160379 151830 -193193.91  995 4388 -190221.16 -198210.33  4.20%  16.2 1014s
 160383 152002 -193191.67  995 4384 -190221.16 -198210.33  4.20%  16.2 1023s
 160557 152310 -193177.28  996 4388 -190221.16 -198210.33  4.20%  16.2 1029s
 160867 152651 -193157.73 1001 4373 -190221.16 -198210.33  4.20%  16.2 1032s
 161675 153768 -193048.39 1034 4319 -190221.16 -198210.33  4.20%  16.2 1035s
 163565 155467 -196783.43  216 5713 -190221.16 -198210.26  4.20%  16.1 1040s
 165711 157768 -192438.36  926 4552 -190221.16 -198210.26  4.20%  16.1 1045s
 166939 159073 -197890.07   94 5932 -190221.16 -198210.09  4.20%  16.0 1050s
 169623 161548 -193195.33  871 4628 -190221.16 -198210.09  4.20%  15.9 1055s
 171583 163274 -196793.01  262 5618 -190221.16 -198209.97  4.20%  15.9 1061s
 173314 164819 infeasible  276      -190221.16 -198209.91  4.20%  15.9 1065s
 175237 166740 -198035.13   71 6076 -190221.16 -198209.79  4.20%  15.8 1071s
 176776 168611 -198182.95   43 6254 -190221.16 -198209.79  4.20%  15.8 1076s
 178625 170045 -195526.84  466 5292 -190221.16 -198209.79  4.20%  15.8 1080s
 180220 171372 infeasible  866      -190221.16 -198209.48  4.20%  15.8 1085s
 181519 172647 infeasible  194      -190221.16 -198209.40  4.20%  15.8 1090s
 182629 173913 -196587.18  281 5635 -190221.16 -198209.28  4.20%  15.8 1095s
 184796 175684 infeasible  152      -190221.16 -198208.80  4.20%  15.7 1100s
 186388 177460 -195516.47  494 5186 -190221.16 -198208.80  4.20%  15.8 1106s
 187563 178968 -197382.89  178 5852 -190221.16 -198208.77  4.20%  15.8 1111s
 189131 180463 -194033.48  660 4958 -190221.16 -198208.77  4.20%  15.7 1115s
 189692 180582 infeasible  874      -190221.16 -198208.76  4.20%  15.7 1120s
 190124 181170 -198196.10   29 6247 -190221.16 -198208.76  4.20%  15.7 1125s
 191299 182293 -197456.12  167 5777 -190221.16 -198208.76  4.20%  15.8 1130s
 192675 183797 -196962.74  268 5594 -190221.16 -198208.76  4.20%  15.7 1135s
 194440 185532 -196507.48  358 5379 -190221.16 -198208.76  4.20%  15.7 1141s
 195518 186530 -196373.28  396 5367 -190221.16 -198208.76  4.20%  15.7 1145s
 197296 188358 -195857.14  478 5181 -190221.16 -198208.76  4.20%  15.7 1152s
 198634 189520 -195518.61  544 5052 -190221.16 -198208.67  4.20%  15.7 1156s
 199900 190896 -195339.85  584 4972 -190221.16 -198208.67  4.20%  15.7 1164s
 200314 191142 -195280.02  602 4952 -190221.16 -198208.67  4.20%  15.7 1166s
 201513 192671 -195021.32  647 4872 -190221.16 -198208.59  4.20%  15.7 1170s
 203176 194118 -194607.81  711 4747 -190221.16 -198208.58  4.20%  15.7 1176s
 204702 195823 -194399.23  752 4684 -190221.16 -198208.58  4.20%  15.7 1180s
 205944 196982 -194219.52  789 4634 -190221.16 -198208.54  4.20%  15.7 1185s
 207653 198767 -193976.34  845 4577 -190221.16 -198208.54  4.20%  15.6 1190s
 209154 200230 -193733.25  885 4518 -190221.16 -198208.47  4.20%  15.6 1195s
 210600 201438 -193504.05  918 4473 -190221.16 -198208.39  4.20%  15.6 1204s
 211012 201867 -193457.16  927 4459 -190221.16 -198208.39  4.20%  15.6 1206s
 212452 203422 -193299.20  964 4404 -190221.16 -198208.39  4.20%  15.5 1210s
 213564 204338 -193143.41  993 4376 -190221.16 -198208.35  4.20%  15.5 1215s
 215386 206152 -192939.70 1034 4301 -190221.16 -198208.35  4.20%  15.5 1220s
 216923 207822 -192799.44 1069 4254 -190221.16 -198208.35  4.20%  15.4 1225s
 218234 209054 -192666.46 1099 4206 -190221.16 -198208.31  4.20%  15.4 1230s
 219415 210388 -192558.88 1129 4145 -190221.16 -198208.31  4.20%  15.4 1235s
 221289 211804 -192280.81 1187 4049 -190221.16 -198208.30  4.20%  15.3 1241s
 222412 213153 -192175.72 1224 3990 -190221.16 -198208.30  4.20%  15.3 1246s
 223660 214468 -192002.35 1276 3952 -190221.16 -198208.30  4.20%  15.3 1250s
 224884 215746 -191918.33 1296 3919 -190221.16 -198208.30  4.20%  15.3 1255s
 225440 215750 -191875.66 1304 3902 -190221.16 -198208.30  4.20%  15.2 1268s
 225444 215754 -191846.90 1302 3908 -190221.16 -198208.30  4.20%  15.2 1274s
 225448 215773 -191875.85 1303 3905 -190221.16 -198208.30  4.20%  15.2 1280s
 225684 216302 -191829.70 1312 3902 -190221.16 -198208.30  4.20%  15.2 1287s
 226342 217131 -191770.85 1326 3886 -190221.16 -198208.30  4.20%  15.2 1290s
 227568 218403 -191645.26 1351 3843 -190221.16 -198208.30  4.20%  15.2 1295s
 229199 219891 -191484.85 1386 3799 -190221.16 -198208.30  4.20%  15.2 1301s
 230569 221395 -191387.26 1406 3783 -190221.16 -198208.30  4.20%  15.2 1305s
 231657 222110 -191265.31 1436 3738 -190221.16 -198208.30  4.20%  15.2 1313s
 231886 222438 -191221.98 1444 3714 -190221.16 -198208.20  4.20%  15.2 1317s
 232214 222713 -191198.63 1459 3708 -190221.16 -198208.20  4.20%  15.2 1320s
 233374 223975 -191078.63 1508 3632 -190221.16 -198208.20  4.20%  15.2 1326s
 234859 225400 -190973.11 1535 3604 -190221.16 -198208.20  4.20%  15.1 1331s
 236093 226720 -190830.59 1577 3503 -190221.16 -198208.19  4.20%  15.1 1335s
 237701 228332 -190687.85 1613 3439 -190221.16 -198208.19  4.20%  15.1 1340s
 239232 229875 -190585.40 1659 3389 -190221.16 -198208.19  4.20%  15.0 1347s
 240482 230968 -190377.01 1695 3334 -190221.16 -198208.13  4.20%  15.0 1351s
 241684 232135 -198040.77   63 6081 -190221.16 -198208.12  4.20%  15.0 1356s
 242181 232370 -197384.29  179 5761 -190221.16 -198208.12  4.20%  15.0 1361s
 243362 233587 -195336.33  505 5178 -190221.16 -198208.12  4.20%  15.0 1366s
 244540 234934 -197207.28  229 5711 -190221.16 -198208.12  4.20%  15.0 1371s
 245993 236158 -198188.63   33 6252 -190221.16 -198207.98  4.20%  15.0 1376s
 247186 237179 -197814.27  123 5914 -190221.16 -198207.98  4.20%  15.0 1380s
 248043 238245 -197433.24  209 5768 -190221.16 -198207.97  4.20%  15.0 1385s
 249452 239547 -197059.31  282 5629 -190221.16 -198207.97  4.20%  15.0 1390s
 250659 240711 -196483.62  366 5477 -190221.16 -198207.93  4.20%  15.0 1395s
 251705 241369 -196239.36  413 5365 -190221.16 -198207.93  4.20%  15.0 1412s
 251709 241426 -196237.39  413 5363 -190221.16 -198207.93  4.20%  15.0 1421s
 251766 241546 -196213.74  420 5359 -190221.16 -198207.93  4.20%  15.0 1426s
 252403 242335 -196041.31  457 5276 -190221.16 -198207.76  4.20%  15.0 1434s
 252709 242830 -195933.33  473 5255 -190221.16 -198207.76  4.20%  15.0 1436s
 253397 243429 -195770.38  504 5192 -190221.16 -198207.76  4.20%  15.0 1440s
 254760 244821 -195327.62  581 5060 -190221.16 -198207.76  4.20%  15.0 1446s
 256271 246440 -194898.63  662 4938 -190221.16 -198207.76  4.20%  15.0 1451s
 257585 247490 -194647.24  721 4831 -190221.16 -198207.76  4.20%  15.0 1455s
 258734 248720 -194406.12  777 4737 -190221.16 -198207.63  4.20%  15.0 1460s
 259884 250162 -194126.49  824 4676 -190221.16 -198207.63  4.20%  15.0 1466s
 261414 251330 -193881.54  874 4589 -190221.16 -198207.60  4.20%  14.9 1471s
 262646 252128 -193627.73  924 4520 -190221.16 -198207.56  4.20%  14.9 1495s
 262650 252337 -193634.01  922 4528 -190221.16 -198207.56  4.20%  14.9 1500s
 262869 252466 -193571.99  937 4492 -190221.16 -198207.56  4.20%  14.9 1509s
 262998 252841 -193514.93  943 4484 -190221.16 -198207.56  4.20%  14.9 1511s
 264405 254135 -193296.53 1001 4425 -190221.16 -198207.56  4.20%  14.9 1516s
 265558 255366 -193068.36 1049 4339 -190221.16 -198207.56  4.20%  14.9 1521s
 266826 256645 -192825.61 1101 4172 -190221.16 -198207.56  4.20%  14.9 1526s
 268355 258236 -192615.25 1144 4089 -190221.16 -198207.56  4.20%  14.9 1532s
 269285 259134 -192498.86 1169 4111 -190221.16 -198207.56  4.20%  14.9 1535s
 270282 260095 -192288.88 1205 4060 -190221.16 -198207.50  4.20%  14.8 1540s
 271796 261630 -192006.58 1254 3937 -190221.16 -198207.50  4.20%  14.8 1545s
 272906 262538 -197588.15  122 5929 -190221.16 -198207.50  4.20%  14.9 1551s
 273650 263029 -196009.91  349 5418 -190221.16 -198207.50  4.20%  14.9 1556s
 274778 264563 -193008.29  791 4706 -190221.16 -198207.50  4.20%  14.9 1561s
 275945 265413 -198093.89   55 6152 -190221.16 -198207.50  4.20%  14.9 1565s
 276994 266590 -196995.49  225 5728 -190221.16 -198207.50  4.20%  14.8 1570s
 278511 267957 -194539.85  663 4944 -190221.16 -198207.38  4.20%  14.8 1575s
 279824 269207 -197937.90   88 6065 -190221.16 -198207.33  4.20%  14.8 1580s
 280727 270523 -196498.06  303 5592 -190221.16 -198207.33  4.20%  14.8 1585s
 281982 271047 -198168.74   34 6275 -190221.16 -198207.26  4.20%  14.8 1601s
 282212 271156 -198132.46   54 6185 -190221.16 -198207.26  4.20%  14.8 1612s
 282321 271519 -198132.32   55 6185 -190221.16 -198207.26  4.20%  14.8 1617s
 282684 272035 -198128.14   56 6179 -190221.16 -198207.26  4.20%  14.8 1621s
 283940 272929 -197245.11  199 5763 -190221.16 -198207.26  4.20%  14.8 1630s
 284514 273480 -196047.64  368 5392 -190221.16 -198207.26  4.20%  14.8 1635s
 285680 274769 -197996.77   76 6117 -190221.16 -198207.20  4.20%  14.8 1640s
 286491 275469 -197417.46  199 5709 -190221.16 -198207.20  4.20%  14.8 1645s
 287845 276735 -196470.76  343 5511 -190221.16 -198207.20  4.20%  14.8 1650s
 288935 277968 -196308.01  377 5425 -190221.16 -198207.20  4.20%  14.8 1655s
 290463 279231 -195923.59  439 5297 -190221.16 -198207.17  4.20%  14.8 1661s
 291234 281973 -195654.14  482 5206 -190221.16 -198207.07  4.20%  14.8 1672s
 293583 282277 -195282.22  550 5085 -190221.16 -198207.07  4.20%  14.9 1675s
 294390 283096 -195135.54  582 5000 -190221.16 -198207.07  4.20%  14.9 1682s
 295401 284097 -194956.85  616 4951 -190221.16 -198207.07  4.20%  14.9 1686s
 296653 285222 -193296.92  754 4482 -190221.16 -198206.79  4.20%  14.9 1690s
 297860 286182 -194493.87  720 4741 -190221.16 -198206.79  4.20%  14.9 1711s
 298234 286826 -194423.48  731 4728 -190221.16 -198206.74  4.20%  14.9 1715s
 299334 288052 -194267.37  757 4677 -190221.16 -198206.73  4.20%  14.9 1720s
 300867 289315 -194026.53  789 4596 -190221.16 -198206.73  4.20%  14.9 1725s
 302242 290567 -193857.39  829 4544 -190221.16 -198206.69  4.20%  14.9 1740s
 302423 290940 -193814.75  837 4530 -190221.16 -198206.69  4.20%  14.9 1745s
 303166 291710 -193705.89  859 4505 -190221.16 -198206.69  4.20%  14.9 1751s
 303915 292689 -193529.33  893 4450 -190221.16 -198206.69  4.20%  14.9 1755s
 304842 293181 -193362.83  927 4403 -190221.16 -198206.59  4.20%  14.9 1768s
 305083 293417 -193306.79  942 4397 -190221.16 -198206.59  4.20%  14.9 1773s
 305323 293769 -193247.91  956 4386 -190221.16 -198206.59  4.20%  14.9 1776s
 306336 295150 -193094.75  994 4328 -190221.16 -198206.59  4.20%  14.9 1780s
 307489 295939 -192928.14 1030 4287 -190221.16 -198206.54  4.20%  14.9 1786s
 308314 296837 -192775.39 1065 4226 -190221.16 -198206.54  4.20%  14.9 1790s
 309788 298258 -192582.94 1114 4159 -190221.16 -198206.54  4.20%  14.9 1796s
 311148 299541 -192421.78 1161 4100 -190221.16 -198206.54  4.20%  14.9 1802s
 311954 300410 -192283.98 1183 4054 -190221.16 -198206.54  4.20%  14.9 1807s
 312398 300947 -192208.84 1199 4030 -190221.16 -198206.54  4.20%  14.9 1819s
 312648 300947 -197470.44  177 5795 -190221.16 -198206.54  4.20%  14.9 1820s
 313871 302188 -192049.24 1231 4004 -190221.16 -198206.54  4.20%  14.9 1841s
 314759 303330 -191928.05 1268 3944 -190221.16 -198206.54  4.20%  14.9 1846s
 315334 303620 -191858.39 1284 3873 -190221.16 -198206.54  4.20%  14.9 1850s
 316561 305042 -191696.45 1322 3795 -190221.16 -198206.54  4.20%  14.8 1856s
 317505 305918 -191634.80 1346 3789 -190221.16 -198206.54  4.20%  14.8 1861s
 318370 306958 -191521.73 1352 3785 -190221.16 -198206.54  4.20%  14.8 1865s
 319666 308185 -191372.85 1394 3719 -190221.16 -198206.54  4.20%  14.8 1871s
 320215 308462 -191323.58 1402 3699 -190221.16 -198206.54  4.20%  14.8 1881s
 321061 309476 -191241.34 1442 3689 -190221.16 -198206.54  4.20%  14.8 1886s
 322021 310073 -191162.33 1468 3628 -190221.16 -198206.52  4.20%  14.7 1890s
 322165 310473 -191163.39 1476 3618 -190221.16 -198206.52  4.20%  14.7 1906s
 323277 311528 -191064.27 1503 3589 -190221.16 -198206.52  4.20%  14.7 1911s
 324101 312342 -190940.21 1523 3562 -190221.16 -198206.51  4.20%  14.7 1915s
 325000 313052 -190859.43 1547 3529 -190221.16 -198206.51  4.20%  14.7 1925s
 325675 313902 -190789.14 1557 3518 -190221.16 -198206.51  4.20%  14.7 1940s
 327034 315448 -190663.63 1582 3494 -190221.16 -198206.51  4.20%  14.7 1946s
 327988 316082 -190515.20 1619 3459 -190221.16 -198206.51  4.20%  14.7 1957s
 328226 316440 -190503.13 1631 3446 -190221.16 -198206.51  4.20%  14.7 1961s
 329074 317461 -190433.02 1653 3412 -190221.16 -198206.51  4.20%  14.6 1965s
 329956 318060 -190326.47 1679 3381 -190221.16 -198206.51  4.20%  14.6 1977s
 330667 319037 -190301.06 1692 3364 -190221.16 -198206.51  4.20%  14.6 1981s
 331223 319287 -190275.12 1698 3362 -190221.16 -198206.51  4.20%  14.6 1996s
 331891 319991 -198150.40   47 6164 -190221.16 -198206.51  4.20%  14.6 2000s
 332860 320785 infeasible  244      -190221.16 -198206.51  4.20%  14.6 2005s
 333838 321651 -196867.65  240 5664 -190221.16 -198206.46  4.20%  14.6 2020s
 334127 322084 -198181.63   41 6205 -190221.16 -198206.46  4.20%  14.6 2026s
 335119 323437 -196602.84  295 5576 -190221.16 -198206.46  4.20%  14.6 2031s
 336171 323941 infeasible   83      -190221.16 -198206.33  4.20%  14.6 2047s
 337130 324832 infeasible  291      -190221.16 -198206.33  4.20%  14.6 2059s
 337400 325349 -197971.46   75 6108 -190221.16 -198206.27  4.20%  14.6 2062s
 338112 325811 -198127.15   45 6215 -190221.16 -198206.24  4.20%  14.6 2066s
 338839 326581 -197876.69   94 5960 -190221.16 -198206.24  4.20%  14.6 2070s
 339971 327324 -198017.65  106 5911 -190221.16 -198206.16  4.20%  14.7 2091s
 340012 327504 -198011.25  111 5891 -190221.16 -198206.16  4.20%  14.7 2103s
 340210 327867 -197838.13  141 5798 -190221.16 -198206.16  4.20%  14.7 2108s
 340575 328334 -197614.30  195 5640 -190221.16 -198206.16  4.20%  14.7 2110s
 341525 329316 -197060.60  305 5512 -190221.16 -198206.16  4.20%  14.7 2115s
 342432 330232 -196424.14  408 5299 -190221.16 -198206.13  4.20%  14.7 2120s
 343111 330916 -195983.94  474 5188 -190221.16 -198206.13  4.20%  14.7 2125s
 344136 331622 -195368.72  580 4946 -190221.16 -198206.13  4.20%  14.7 2131s
 344825 332424 -194943.69  675 4788 -190221.16 -198206.05  4.20%  14.7 2142s
 345630 333349 -194533.74  778 4614 -190221.16 -198206.05  4.20%  14.7 2146s
 346157 333729 -194173.59  840 4531 -190221.16 -198206.05  4.20%  14.7 2159s
 346539 333875 infeasible  899      -190221.16 -198206.05  4.20%  14.7 2177s
 346713 334202 -198192.05   30 6281 -190221.16 -198206.05  4.20%  14.7 2200s
 347040 334533 -198191.88   31 6281 -190221.16 -198206.05  4.20%  14.7 2211s
 347373 334831 -198191.76   32 6208 -190221.16 -198206.05  4.20%  14.7 2231s
 347671 335253 -198190.46   33 6206 -190221.16 -198206.05  4.20%  14.7 2239s
 348093 335934 -198153.82   51 6116 -190221.16 -198206.05  4.20%  14.7 2241s
 349470 337047 infeasible  356      -190221.16 -198206.05  4.20%  14.7 2248s
 349907 337407 -197891.49   77 6039 -190221.16 -198206.05  4.20%  14.7 2250s
 350778 338468 -198198.16   27 6266 -190221.16 -198206.04  4.20%  14.7 2256s
 352038 339646 -197065.15  232 5714 -190221.16 -198206.02  4.20%  14.7 2261s
 352975 340646 -197489.46  118 5829 -190221.16 -198206.02  4.20%  14.7 2267s
 353552 341370 -196114.75  278 5356 -190221.16 -198205.99  4.20%  14.7 2271s
 354600 342066 -197835.13  127 6039 -190221.16 -198205.99  4.20%  14.7 2275s
 355624 342893 -197911.51   87 6050 -190221.16 -198205.92  4.20%  14.7 2281s
 356507 343681 infeasible  281      -190221.16 -198205.91  4.20%  14.7 2286s
 356813 343892 -197971.75   88 6007 -190221.16 -198205.91  4.20%  14.7 2299s
 357054 344214 -197958.84   93 6027 -190221.16 -198205.91  4.20%  14.7 2301s
 357810 345027 -197240.27  215 5687 -190221.16 -198205.88  4.20%  14.7 2306s
 358846 346043 -196652.59  305 5547 -190221.16 -198205.88  4.20%  14.7 2310s
 359649 346940 -196272.82  365 5408 -190221.16 -198205.88  4.20%  14.7 2316s
 360706 347846 -195827.74  457 5267 -190221.16 -198205.88  4.20%  14.7 2320s
 361517 348566 -195508.30  511 5171 -190221.16 -198205.78  4.20%  14.7 2325s
 362122 349327 -195362.80  531 5128 -190221.16 -198205.78  4.20%  14.7 2330s
 363536 350808 -194983.13  599 5007 -190221.16 -198205.78  4.20%  14.7 2337s
 364095 351699 -194848.62  626 4953 -190221.16 -198205.78  4.20%  14.7 2340s
 365492 352570 -194601.66  672 4871 -190221.16 -198205.77  4.20%  14.7 2345s
 365891 352630 -194517.15  702 4821 -190221.16 -198205.77  4.20%  14.7 2354s
 365951 352946 -194508.54  701 4816 -190221.16 -198205.77  4.20%  14.7 2356s
 366769 353927 -194365.65  735 4779 -190221.16 -198205.77  4.20%  14.7 2360s
 367377 354287 -194276.28  753 4713 -190221.16 -198205.76  4.20%  14.7 2374s
 367638 354575 -194215.67  766 4688 -190221.16 -198205.76  4.20%  14.7 2379s
 367926 355049 -194167.47  773 4678 -190221.16 -198205.76  4.20%  14.6 2382s
 368801 355553 -194057.11  799 4615 -190221.16 -198205.76  4.20%  14.6 2400s

Cutting planes:
  Gomory: 364
  Cover: 1841
  MIR: 4043
  StrongCG: 1405
  Flow cover: 923
  GUB cover: 128
  Zero half: 28
  RLT: 13
  Relax-and-lift: 268

Explored 368904 nodes (5454084 simplex iterations) in 2400.21 seconds (2123.77 work units)
Thread count was 4 (of 28 available processors)

Solution count 10: -190221 -190217 -190216 ... -190146

Time limit reached
Best objective -1.902211639314e+05, best bound -1.982057635073e+05, gap 4.1975%

User-callback calls 997221, time in user-callback 3.51 sec
