
Gurobi 13.0.1 (win64) logging started Wed Oct  7 05:43:11 2026

Set parameter LogFile to value "results/source_summaries/2d/B1020/gurobi_extensive.log"
Gurobi Optimizer version 13.0.1 build v13.0.1rc0 (win64 - Windows 11+.0 (26200.2))

CPU model: Intel(R) Core(TM) i7-14700, instruction set [SSE2|AVX|AVX2]
Thread count: 20 physical cores, 28 logical processors, using up to 4 threads

Non-default parameters:
TimeLimit  3000
IntFeasTol  1e-06
MIPGap  0.0005
Heuristics  0.2
Cuts  2
Presolve  2
Seed  1
Threads  4

Optimize a model with 32647 rows, 55086 columns and 118336 nonzeros (Min)
Model fingerprint: 0x5384584d
Model has 22444 linear objective coefficients
Variable types: 32642 continuous, 22444 integer (22442 binary)
Coefficient statistics:
  Matrix range     [1e-01, 3e+01]
  Objective range  [2e+00, 5e+01]
  Bounds range     [1e-01, 2e+01]
  RHS range        [1e+00, 8e+01]

Found heuristic solution: objective 0.0000000
Presolve removed 0 rows and 30600 columns
Presolve time: 3.56s
Presolved: 32647 rows, 24486 columns, 87739 nonzeros
Variable types: 2042 continuous, 22444 integer (22442 binary)
Root relaxation presolved: 32647 rows, 24486 columns, 87739 nonzeros


Root relaxation: objective -2.714866e+05, 9378 iterations, 0.46 seconds (0.69 work units)

    Nodes    |    Current Node    |     Objective Bounds      |     Work
 Expl Unexpl |  Obj  Depth IntInf | Incumbent    BestBd   Gap | It/Node Time

     0     0 -271486.62    0 2319    0.00000 -271486.62      -     -    4s
H    0     0                    -245752.2714 -271486.62  10.5%     -    4s
H    0     0                    -247987.2287 -271486.62  9.48%     -    4s
H    0     0                    -248291.0690 -271486.62  9.34%     -    4s
H    0     0                    -248296.0360 -271486.62  9.34%     -    4s
H    0     0                    -248340.8226 -271486.62  9.32%     -    4s
H    0     0                    -248341.7543 -268497.92  8.12%     -    5s
H    0     0                    -248371.0893 -268497.92  8.10%     -    5s
H    0     0                    -248379.3483 -268497.92  8.10%     -    5s
     0     0 -267363.84    0 3085 -248379.35 -267363.84  7.64%     -    5s
H    0     0                    -248391.1581 -266784.29  7.40%     -    6s
     0     0 -266784.29    0 3997 -248391.16 -266784.29  7.40%     -    6s
H    0     0                    -248395.2795 -266416.77  7.26%     -    7s
H    0     0                    -248396.3091 -266416.77  7.25%     -    7s
     0     0 -266416.77    0 4437 -248396.31 -266416.77  7.25%     -    7s
     0     0 -266401.73    0 4434 -248396.31 -266401.73  7.25%     -    7s
H    0     0                    -248419.2614 -266236.19  7.17%     -    8s
H    0     0                    -248421.3885 -266236.19  7.17%     -    8s
H    0     0                    -248427.9489 -266236.19  7.17%     -    8s
     0     0 -266236.19    0 4845 -248427.95 -266236.19  7.17%     -    8s
     0     0 -266236.17    0 4838 -248427.95 -266236.17  7.17%     -    8s
     0     0 -266206.74    0 5073 -248427.95 -266206.74  7.16%     -    8s
H    0     0                    -248448.0297 -266206.74  7.15%     -    9s
H    0     0                    -248449.9498 -266206.74  7.15%     -    9s
H    0     0                    -248450.9795 -266206.74  7.15%     -    9s
H    0     0                    -248474.5469 -266206.74  7.14%     -    9s
H    0     0                    -248480.5922 -266206.74  7.13%     -    9s
H    0     0                    -248503.6941 -266079.40  7.07%     -   10s
H    0     0                    -248508.3664 -266079.40  7.07%     -   10s
     0     0 -266018.71    0 5088 -248508.37 -266018.71  7.05%     -   10s
H    0     0                    -248512.5653 -266018.71  7.04%     -   10s
H    0     0                    -248515.8044 -265613.78  6.88%     -   10s
H    0     0                    -248522.9975 -265613.78  6.88%     -   10s
     0     0 -265527.43    0 4514 -248523.00 -265527.43  6.84%     -   10s
H    0     0                    -248551.1298 -265477.47  6.81%     -   11s
     0     0 -265477.47    0 4573 -248551.13 -265477.47  6.81%     -   11s
H    0     0                    -248553.1891 -264802.66  6.54%     -   12s
H    0     0                    -248599.5724 -264802.66  6.52%     -   12s
     0     0 -264802.66    0 5097 -248599.57 -264802.66  6.52%     -   12s
H    0     0                    -248614.3038 -264689.08  6.47%     -   13s
H    0     0                    -248616.3346 -264689.08  6.46%     -   13s
     0     0 -264645.50    0 5161 -248616.33 -264645.50  6.45%     -   13s
     0     0 -264503.72    0 5388 -248616.33 -264503.72  6.39%     -   13s
H    0     0                    -248636.6682 -264325.90  6.31%     -   14s
H    0     0                    -248662.0409 -264325.90  6.30%     -   14s
     0     0 -264325.90    0 5516 -248662.04 -264325.90  6.30%     -   14s
     0     0 -264301.66    0 5640 -248662.04 -264301.66  6.29%     -   15s
     0     0 -264301.06    0 5641 -248662.04 -264301.06  6.29%     -   15s
H    0     0                    -248681.1709 -263961.28  6.14%     -   17s
     0     0 -263961.28    0 5698 -248681.17 -263961.28  6.14%     -   17s
     0     0 -263826.29    0 5652 -248681.17 -263826.29  6.09%     -   18s
     0     0 -263710.51    0 5844 -248681.17 -263710.51  6.04%     -   19s
     0     0 -263495.78    0 6027 -248681.17 -263495.78  5.96%     -   20s
     0     0 -263482.20    0 6066 -248681.17 -263482.20  5.95%     -   20s
     0     0 -263481.50    0 6130 -248681.17 -263481.50  5.95%     -   20s
H    0     0                    -248690.1265 -263481.50  5.95%     -   21s
     0     0 -263466.79    0 6135 -248690.13 -263466.79  5.94%     -   22s
     0     0 -263380.77    0 6138 -248690.13 -263380.77  5.91%     -   23s
     0     0 -262887.94    0 6233 -248690.13 -262887.94  5.71%     -   25s
     0     0 -262705.12    0 6212 -248690.13 -262705.12  5.64%     -   26s
H    0     0                    -248695.0976 -262649.55  5.61%     -   27s
     0     0 -262649.55    0 6377 -248695.10 -262649.55  5.61%     -   27s
     0     0 -262649.55    0 6370 -248695.10 -262649.55  5.61%     -   27s
     0     0 -262606.66    0 6457 -248695.10 -262606.66  5.59%     -   28s
     0     0 -262600.46    0 6496 -248695.10 -262600.46  5.59%     -   28s
     0     0 -262584.15    0 6502 -248695.10 -262584.15  5.58%     -   30s
     0     0 -262581.42    0 6514 -248695.10 -262581.42  5.58%     -   30s
H    0     0                    -248698.1953 -262581.42  5.58%     -   36s
H    0     0                    -248703.1665 -262360.23  5.49%     -   39s
     0     0 -262360.23    0 6936 -248703.17 -262360.23  5.49%     -   41s
     0     0 -262360.23    0 6931 -248703.17 -262360.23  5.49%     -   41s
     0     0 -262349.66    0 7000 -248703.17 -262349.66  5.49%     -   41s
H    0     0                    -248709.8011 -262349.66  5.48%     -   45s
     0     0 -262263.49    0 7095 -248709.80 -262263.49  5.45%     -   50s
     0     0 -262263.23    0 7095 -248709.80 -262263.23  5.45%     -   50s
     0     0 -262263.23    0 7095 -248709.80 -262263.23  5.45%     -   50s
     0     2 -262260.81    0 7095 -248709.80 -262260.81  5.45%     -   53s
     1     4 -262108.85    1 6833 -248709.80 -262260.81  5.45%  1385   56s
   182   195 -259812.37   44 5760 -248709.80 -260389.74  4.70%   119   60s
   472   475 -259794.17  116 5669 -248709.80 -260389.74  4.70%  49.4   65s
   623   637 -259760.94  134 5617 -248709.80 -260389.74  4.70%  38.7   70s
   905   924 -259736.29  203 5521 -248709.80 -260389.74  4.70%  28.4   75s
  1563  1655 -259630.19  331 5403 -248709.80 -260389.74  4.70%  18.8   80s
  2372  2508 -259404.00  488 5198 -248709.80 -260389.74  4.70%  14.6   85s
  3287  3552 -258965.27  612 5091 -248709.80 -260389.74  4.70%  12.3   90s
  4465  4834 -258605.89  803 4910 -248709.80 -260389.74  4.70%  10.4   95s
  5239  5212 -252304.85  996 7095 -248709.80 -260389.74  4.70%   9.6  107s
  5246  5217 -258796.63  724 4166 -248709.80 -260389.74  4.70%   9.6  110s
  5253  5221 -254057.12  328 6905 -248709.80 -260389.74  4.70%   9.6  116s
  5259  5225 -253323.75  469 5572 -248709.80 -260389.74  4.70%   9.6  120s
  5262  5227 -259706.86  253 5834 -248709.80 -260389.74  4.70%   9.6  126s
  5265  5229 -258350.72  930 5952 -248709.80 -260389.74  4.70%   9.6  135s
  5267  5231 -253353.17  444 5969 -248709.80 -260389.74  4.70%   9.6  142s
  5268  5231 -253359.77  437 5969 -248709.80 -260389.74  4.70%   9.6  146s
  5324  5274 -259286.12   19 5655 -248709.80 -260000.47  4.54%  20.5  150s
  5746  5553 -259194.55   68 5554 -248709.80 -260000.47  4.54%  19.8  155s
  6076  5785 -259107.81  111 5489 -248709.80 -260000.47  4.54%  19.9  160s
  6499  6112 -258974.05  178 5412 -248709.80 -260000.47  4.54%  19.2  165s
  7211  6625 -258663.89  266 5315 -248709.80 -260000.47  4.54%  18.2  170s
  8040  7180 -258454.44  362 5203 -248709.80 -260000.47  4.54%  17.2  175s
  8648  7530 -258249.25  437 5168 -248709.80 -260000.47  4.54%  16.6  180s
  9014  7813 -258187.88  451 5127 -248709.80 -260000.47  4.54%  16.3  185s
 10019  8601 -257836.18  583 4978 -248709.80 -260000.47  4.54%  15.4  190s
 10962  9090 -257569.83  689 4873 -248709.80 -260000.47  4.54%  14.7  196s
 11639  9781 -257397.52  747 4802 -248709.80 -260000.47  4.54%  14.2  200s
 12943 10314 -257015.90  898 4603 -248709.80 -260000.47  4.54%  13.5  208s
 12962 10485 -257000.27  901 4588 -248709.80 -260000.47  4.54%  13.5  210s
 13896 11072 -256679.16 1022 4454 -248709.80 -260000.47  4.54%  13.0  215s
 14400 11729 -256601.80 1048 4416 -248709.80 -260000.47  4.54%  12.8  220s
 15653 12470 -255879.73 1205 4390 -248709.80 -260000.47  4.54%  13.0  227s
 16503 13069 -255643.80 1305 4287 -248709.80 -260000.47  4.54%  12.8  231s
 17394 13653 -255251.01 1412 4171 -248709.80 -260000.47  4.54%  12.6  235s
 18716 14475 -254665.34 1572 3995 -248709.80 -260000.47  4.54%  12.4  241s
 19648 15047 -254225.24 1683 3845 -248709.80 -260000.47  4.54%  12.1  246s
 20434 15461 infeasible 1781      -248709.80 -260000.47  4.54%  12.1  251s
 21254 16134 -253577.59 1896 3668 -248709.80 -260000.47  4.54%  12.2  255s
 22124 16768 -253135.06 2018 3489 -248709.80 -260000.47  4.54%  12.2  261s
 22540 17006 -253065.05 2026 3477 -248709.80 -260000.47  4.54%  12.1  268s
 22544 17179 -253082.09 2027 3476 -248709.80 -260000.47  4.54%  12.1  272s
 22723 17545 -252980.30 2071 3420 -248709.80 -260000.47  4.54%  12.1  278s
 23095 17921 -252774.05 2140 3318 -248709.80 -260000.47  4.54%  12.1  284s
 23477 18285 -252513.32 2210 3241 -248709.80 -260000.47  4.54%  12.1  289s
 23853 18595 -252315.38 2273 3150 -248709.80 -260000.47  4.54%  12.1  295s
 24628 19659 -251828.22 2405 3017 -248709.80 -260000.47  4.54%  12.0  302s
 25251 20188 -251538.50 2488 2932 -248709.80 -260000.47  4.54%  11.9  305s
 26303 21222 -251091.73 2629 2710 -248709.80 -260000.47  4.54%  11.8  311s
 27363 22231 -250601.58 2769 2541 -248709.80 -260000.47  4.54%  11.6  316s
 27867 22235 -250383.09 2834 2444 -248709.80 -260000.47  4.54%  11.6  326s
 27871 22239 -250354.10 2834 2440 -248709.80 -260000.47  4.54%  11.6  337s
 27875 22243 -250369.14 2835 2448 -248709.80 -260000.47  4.54%  11.6  350s
 28003 22839 -250197.87 2896 2361 -248709.80 -260000.47  4.54%  11.6  356s
 28978 23773 -249677.90 3026 2192 -248709.80 -260000.47  4.54%  11.5  361s
 29946 24627 -248989.11 3157 2055 -248709.80 -260000.47  4.54%  11.4  366s
 30771 25369 -259640.39   27 6807 -248709.80 -259798.37  4.46%  11.7  370s
 31694 26296 -259321.85  137 6639 -248709.80 -259798.37  4.46%  11.8  376s
 32126 26496 -259113.62  188 6601 -248709.80 -259798.37  4.46%  11.8  380s
 32328 26829 -259086.50  189 6598 -248709.80 -259798.37  4.46%  11.8  385s
 32758 27455 -258985.04  220 6522 -248709.80 -259798.37  4.46%  11.8  392s
 33309 28015 -258752.30  287 6425 -248709.80 -259798.37  4.46%  11.8  395s
 34418 29094 -258242.88  415 6210 -248709.80 -259798.37  4.46%  11.7  400s
 35481 30114 -257685.68  539 6054 -248709.80 -259798.37  4.46%  11.7  405s
 37053 31513 -256962.52  720 5821 -248709.80 -259798.37  4.46%  11.6  411s
 38034 32449 -256498.17  835 5667 -248709.80 -259798.37  4.46%  11.5  416s
 38943 33437 -256086.91  939 5546 -248709.80 -259798.37  4.46%  11.4  420s
 39956 34485 -255587.64 1052 5407 -248709.80 -259798.37  4.46%  11.4  425s
 41805 36262 -254881.21 1217 5311 -248709.80 -259798.37  4.46%  11.3  432s
 42927 37289 -254396.53 1312 5203 -248709.80 -259798.37  4.46%  11.2  435s
 44466 38184 -253363.57 1494 4953 -248709.80 -259798.37  4.46%  11.1  447s
 44470 38231 -253340.09 1494 4966 -248709.80 -259798.37  4.46%  11.1  451s
 44517 38482 -253348.51 1495 4953 -248709.80 -259798.37  4.46%  11.1  455s
 45072 39087 -252694.60 1598 4831 -248709.80 -259798.37  4.46%  11.0  462s
 45923 39984 -251872.01 1732 4694 -248709.80 -259797.93  4.46%  11.0  465s
 47560 41605 -250440.21 1944 4412 -248709.80 -259797.93  4.46%  11.0  470s
 49794 43523 infeasible   73      -248709.80 -259793.30  4.46%  10.9  475s
 51041 44562 -259079.78  142 6875 -248709.80 -259793.30  4.46%  10.9  481s
 51454 45325 -258855.04  192 6816 -248709.80 -259793.30  4.46%  10.9  485s
 53140 46948 -258402.56  299 6564 -248709.80 -259793.30  4.46%  10.9  490s
 54879 48521 -259049.47  111 6913 -248709.80 -259793.30  4.46%  10.9  495s
 56966 50552 infeasible  257      -248709.80 -259793.17  4.46%  10.9  500s
 58266 52038 -258794.11  142 6805 -248709.80 -259793.17  4.46%  10.9  505s
 59715 53378 -258374.11  247 6691 -248709.80 -259793.17  4.46%  10.8  510s
 61386 55108 -257845.27  334 6495 -248709.80 -259793.17  4.46%  10.7  515s
 62821 56705 -257492.11  398 6428 -248709.80 -259793.17  4.46%  10.6  520s
 64825 58358 -257112.97  481 6354 -248709.80 -259793.17  4.46%  10.6  525s
 66473 60086 -256755.67  556 6263 -248709.80 -259793.17  4.46%  10.5  531s
 67768 61065 -256496.20  613 6201 -248709.80 -259793.17  4.46%  10.4  535s
 69339 62799 -256179.96  687 6075 -248709.80 -259793.17  4.46%  10.3  540s
 70458 63822 -256036.65  725 6021 -248709.80 -259793.17  4.46%  10.3  547s
 71076 64471 -255945.91  737 5994 -248709.80 -259793.17  4.46%  10.3  550s
 72144 65442 infeasible  777      -248709.80 -259793.17  4.46%  10.3  558s
 72388 65790 -255656.22  796 5909 -248709.80 -259793.17  4.46%  10.3  560s
 73564 67098 -255504.61  830 5852 -248709.80 -259793.17  4.46%  10.2  568s
 74058 67631 -255441.79  846 5834 -248709.80 -259793.17  4.46%  10.2  571s
 75657 68772 -255227.31  897 5758 -248709.80 -259793.17  4.46%  10.1  578s
 75742 68848 -255181.10  899 5746 -248709.80 -259793.17  4.46%  10.1  581s
 76826 70190 -255057.51  911 5734 -248709.80 -259793.17  4.46%  10.1  585s
 78154 71450 -254837.64  956 5708 -248709.80 -259793.17  4.46%  10.1  590s
 79853 73296 -254637.22 1003 5637 -248709.80 -259792.86  4.46%  10.1  596s
 81425 74253 -254377.90 1047 5572 -248709.80 -259791.69  4.46%  10.1  606s
 81429 74327 -254356.22 1047 5562 -248709.80 -259791.69  4.46%  10.1  610s
 82198 75539 -254272.62 1072 5540 -248709.80 -259791.69  4.46%  10.1  615s
 83923 77428 -253997.91 1126 5457 -248709.80 -259791.69  4.46%  10.0  621s
 85414 78452 -253787.91 1182 5382 -248709.80 -259791.69  4.46%  10.0  625s
 86994 80072 -253599.23 1228 5316 -248709.80 -259791.69  4.46%   9.9  631s
 88127 81320 -253409.50 1270 5290 -248709.80 -259791.69  4.46%   9.9  636s
 88912 81950 -253311.61 1285 5277 -248709.80 -259791.69  4.46%   9.9  640s
 90185 83211 -253132.39 1320 5232 -248709.80 -259791.33  4.46%   9.9  645s
 91471 84495 -252968.68 1348 5188 -248709.80 -259791.33  4.46%   9.9  650s
 92543 85133 -252870.47 1371 5156 -248709.80 -259790.98  4.46%   9.9  660s
 92843 85500 -252775.65 1387 5139 -248709.80 -259790.98  4.46%   9.9  669s
 93022 85724 -252744.37 1396 5121 -248709.80 -259790.98  4.46%   9.9  673s
 93246 86028 -252696.08 1414 5083 -248709.80 -259790.98  4.46%   9.8  676s
 94138 87265 -252585.08 1440 5045 -248709.80 -259789.07  4.45%   9.8  681s
 95737 88698 -252430.84 1468 5008 -248709.80 -259789.07  4.45%   9.8  685s
 97519 90314 -252250.01 1514 4954 -248709.80 -259788.86  4.45%   9.8  691s
 98806 91575 -252124.09 1540 4914 -248709.80 -259788.86  4.45%   9.7  695s
 99709 92342 -252013.83 1569 4889 -248709.80 -259788.42  4.45%   9.7  701s
 100703 93413 -251864.26 1598 4859 -248709.80 -259788.42  4.45%   9.8  705s
 102034 94606 -251686.67 1631 4819 -248709.80 -259788.42  4.45%   9.8  710s
 103278 96041 -251605.73 1659 4783 -248709.80 -259787.06  4.45%   9.8  715s
 104670 97042 -251422.28 1687 4756 -248709.80 -259787.06  4.45%   9.7  730s
 104814 98758 -251344.40 1697 4741 -248709.80 -259787.06  4.45%   9.7  740s
 106953 99635 -250968.31 1759 4668 -248709.80 -259786.98  4.45%   9.7  745s
 108416 100920 -250742.97 1794 4625 -248709.80 -259786.63  4.45%   9.7  751s
 109476 101956 -250609.39 1821 4597 -248709.80 -259786.63  4.45%   9.7  757s
 110397 102818 -250520.80 1829 4589 -248709.80 -259772.26  4.45%   9.7  761s
 111302 103773 -250357.45 1863 4552 -248709.80 -259772.26  4.45%   9.7  765s
 112564 104883 -250172.77 1892 4515 -248709.80 -259636.73  4.39%   9.8  770s
 113996 106397 -250073.55 1930 4462 -248709.80 -259636.73  4.39%   9.7  776s
 115394 108066 -249882.44 1963 4405 -248709.80 -259636.73  4.39%   9.7  787s
 116124 108144 -249713.17 1982 4387 -248709.80 -259636.73  4.39%   9.7  796s
 116202 108243 infeasible 1983      -248709.80 -259636.73  4.39%   9.7  802s
 116831 109430 -258567.42  177 6803 -248709.80 -259636.73  4.39%   9.7  806s
 118641 110649 infeasible  778      -248709.80 -259636.73  4.39%   9.6  811s
 119543 111643 -259175.79  143 6838 -248709.80 -259630.38  4.39%   9.7  816s
 120575 112489 -258206.36  256 6664 -248709.80 -259629.01  4.39%   9.7  820s
 121759 113816 -257814.30  376 6505 -248709.80 -259628.54  4.39%   9.7  825s
 123235 115409 -257177.92  518 6313 -248709.80 -259627.73  4.39%   9.7  830s
 123749 115413 -256924.47  565 6241 -248709.80 -259627.73  4.39%   9.7  841s
 123753 115417 -256917.56  565 6238 -248709.80 -259627.73  4.39%   9.7  852s
 123757 115493 -256920.70  566 6236 -248709.80 -259627.73  4.39%   9.7  859s
 123841 115730 -256921.74  566 6238 -248709.80 -259627.73  4.39%   9.7  863s
 124084 116108 -256750.39  600 6191 -248709.80 -259627.73  4.39%   9.7  865s
 125537 117543 -256197.52  739 6021 -248709.80 -259625.47  4.39%   9.6  872s
 126516 118582 -258681.24  174 6666 -248709.80 -259625.35  4.39%   9.7  877s
 127678 119728 -256214.43  531 6208 -248709.80 -259625.35  4.39%   9.7  880s
 129331 121376 -256860.32  500 6307 -248709.80 -259625.35  4.39%   9.7  885s
 129904 121818 -255960.01  696 6055 -248709.80 -259625.35  4.39%   9.7  890s
 130735 122449 -258960.98  148 6819 -248709.80 -259625.35  4.39%   9.7  899s
 131001 122870 -258960.96  149 6819 -248709.80 -259625.35  4.39%   9.7  902s
 131422 123294 -258939.15  150 6819 -248709.80 -259625.35  4.39%   9.6  905s
 133273 125202 -256289.10  635 6168 -248709.80 -259624.40  4.39%   9.6  911s
 134596 126095 -258948.77  145 6907 -248709.80 -259623.73  4.39%   9.6  915s
 135724 127358 -256532.18  509 6374 -248709.80 -259623.73  4.39%   9.6  920s
 136061 127452 -255812.33  623 6220 -248709.80 -259623.73  4.39%   9.6  931s
 136155 127678 -255797.54  624 6217 -248709.80 -259623.73  4.39%   9.6  935s
 136387 128181 -255192.57  701 6128 -248709.80 -259623.73  4.39%   9.6  940s
 137845 129505 -259511.87   53 7114 -248709.80 -259623.00  4.39%   9.6  945s
 139348 130884 -256391.24  609 6301 -248709.80 -259623.00  4.39%   9.6  950s
 140882 132430 -253349.22 1232 5501 -248709.80 -259623.00  4.39%   9.6  956s
 141638 133279 -259552.04   41 7167 -248709.80 -259622.80  4.39%   9.6  960s
 142907 134291 -258503.02  211 6851 -248709.80 -259622.80  4.39%   9.5  965s
 144259 135807 -258148.62  280 6753 -248709.80 -259622.80  4.39%   9.5  970s
 145775 137293 -257789.95  341 6689 -248709.80 -259622.80  4.39%   9.5  975s
 146242 137553 -257719.84  354 6658 -248709.80 -259622.80  4.39%   9.5  985s
 146784 138801 -257633.30  369 6637 -248709.80 -259622.80  4.39%   9.5  990s
 148806 140065 -257221.68  439 6509 -248709.80 -259619.66  4.39%   9.5  995s
 150449 141771 -256980.23  473 6463 -248709.80 -259619.66  4.39%   9.4 1000s
 151653 142991 -256806.62  507 6405 -248709.80 -259619.66  4.39%   9.4 1005s
 152711 144115 -256686.90  530 6382 -248709.80 -259619.66  4.39%   9.4 1010s
 153861 145260 -256554.37  558 6333 -248709.80 -259619.66  4.39%   9.4 1015s
 155586 146693 -256343.69  612 6262 -248709.80 -259619.66  4.39%   9.4 1021s
 156679 147835 -256155.87  651 6215 -248709.80 -259619.27  4.39%   9.4 1025s
 158177 149415 -255988.24  686 6179 -248709.80 -259619.27  4.39%   9.3 1030s
 159413 150531 -255882.99  701 6161 -248709.80 -259619.27  4.39%   9.3 1035s
 161067 152263 -255661.48  750 6081 -248709.80 -259619.27  4.39%   9.3 1041s
 162402 153129 -255493.79  790 6023 -248709.80 -259619.27  4.39%   9.3 1054s
 162406 153221 -255500.11  792 6018 -248709.80 -259619.27  4.39%   9.3 1059s
 162502 153391 -255489.09  796 6012 -248709.80 -259619.27  4.39%   9.3 1061s
 163569 154811 -255374.93  813 5984 -248709.80 -259619.27  4.39%   9.3 1065s
 164835 155562 -255048.17  854 5917 -248709.80 -259619.27  4.39%   9.3 1079s
 164989 155658 -255043.79  857 5913 -248709.80 -259619.27  4.39%   9.3 1084s
 165117 155816 -255050.12  858 5913 -248709.80 -259619.27  4.39%   9.3 1089s
 165277 156017 -255044.90  856 5914 -248709.80 -259619.27  4.39%   9.3 1091s
 165985 156887 -254935.17  879 5884 -248709.80 -259619.27  4.39%   9.3 1096s
 167248 158270 -254742.98  921 5782 -248709.80 -259615.57  4.38%   9.3 1102s
 168229 159172 -254628.36  945 5769 -248709.80 -259615.57  4.38%   9.3 1105s
 169801 160686 -254460.93  979 5721 -248709.80 -259615.57  4.38%   9.3 1111s
 170895 161681 -254380.67  995 5692 -248709.80 -259615.57  4.38%   9.3 1115s
 172251 162916 -254260.08 1024 5667 -248709.80 -259610.58  4.38%   9.3 1120s
 173722 164445 -254113.26 1055 5620 -248709.80 -259610.58  4.38%   9.2 1127s
 174544 165317 -254016.13 1066 5605 -248709.80 -259610.58  4.38%   9.2 1130s
 175639 166373 -253942.51 1086 5579 -248709.80 -259610.58  4.38%   9.2 1135s
 177057 167513 -253832.02 1115 5530 -248709.80 -259609.63  4.38%   9.2 1140s
 178396 168836 -253659.26 1154 5480 -248709.80 -259606.42  4.38%   9.2 1146s
 179461 169823 -251300.87 1643 4971 -248709.80 -259606.18  4.38%   9.2 1150s
 180633 171092 -253410.89 1209 5407 -248709.80 -259606.18  4.38%   9.2 1156s
 181922 172491 infeasible 1233      -248709.80 -259605.04  4.38%   9.2 1161s
 182576 172633 -253179.14 1253 5347 -248709.80 -259604.89  4.38%   9.2 1176s
 182580 172637 -253181.53 1250 5352 -248709.80 -259604.89  4.38%   9.2 1184s
 182584 172652 -253181.21 1251 5350 -248709.80 -259604.89  4.38%   9.2 1193s
 182599 172914 -253181.45 1252 5349 -248709.80 -259604.89  4.38%   9.2 1196s
 183228 173546 -253084.34 1271 5323 -248709.80 -259604.74  4.38%   9.2 1206s
 183844 174259 -252984.66 1288 5296 -248709.80 -259604.74  4.38%   9.2 1212s
 184733 175427 -252862.87 1301 5267 -248709.80 -259603.93  4.38%   9.2 1216s
 186044 176542 -252740.68 1328 5259 -248709.80 -259603.78  4.38%   9.2 1221s
 187427 177518 -252624.85 1347 5249 -248709.80 -259603.78  4.38%   9.2 1225s
 188218 178919 -252526.78 1364 5226 -248709.80 -259603.78  4.38%   9.2 1230s
 189710 179864 -252410.76 1397 5180 -248709.80 -259603.01  4.38%   9.2 1235s
 191032 181086 -252311.56 1414 5158 -248709.80 -259603.01  4.38%   9.2 1240s
 192000 182252 -252226.63 1439 5118 -248709.80 -259602.59  4.38%   9.2 1245s
 193360 183368 -252015.24 1479 5073 -248709.80 -259602.59  4.38%   9.2 1250s
 194455 184661 -251882.34 1503 5026 -248709.80 -259602.59  4.38%   9.2 1256s
 195273 185453 -251789.99 1523 4995 -248709.80 -259602.59  4.38%   9.1 1260s
 196577 186752 -251700.39 1542 4961 -248709.80 -259601.96  4.38%   9.1 1266s
 197451 187588 -251643.57 1552 4944 -248709.80 -259601.96  4.38%   9.1 1270s
 198688 189054 -251525.10 1570 4919 -248709.80 -259601.85  4.38%   9.1 1276s
 199670 189778 -251479.18 1590 4893 -248709.80 -259601.85  4.38%   9.1 1280s
 200883 190948 -251380.15 1611 4876 -248709.80 -259601.82  4.38%   9.1 1285s
 201974 192081 -251278.02 1630 4860 -248709.80 -259601.82  4.38%   9.1 1290s
 203302 193310 -251196.58 1647 4840 -248709.80 -259601.82  4.38%   9.1 1296s
 204051 193922 -251130.04 1656 4835 -248709.80 -259601.82  4.38%   9.1 1301s
 204696 194743 -251045.40 1668 4828 -248709.80 -259601.82  4.38%   9.1 1305s
 206117 196049 -250894.08 1694 4786 -248709.80 -259601.82  4.38%   9.0 1311s
 206828 196698 -250798.85 1704 4777 -248709.80 -259601.18  4.38%   9.0 1315s
 207887 197681 -250698.31 1725 4726 -248709.80 -259601.18  4.38%   9.0 1320s
 209037 198988 -250577.91 1757 4688 -248709.80 -259601.18  4.38%   9.0 1327s
 210001 199769 -250453.15 1780 4656 -248709.80 -259601.18  4.38%   9.0 1331s
 210632 200514 -250373.68 1804 4630 -248709.80 -259601.18  4.38%   9.0 1335s
 211055 200853 -250321.42 1813 4616 -248709.80 -259601.18  4.38%   9.0 1352s
 211394 201203 -250231.82 1819 4611 -248709.80 -259601.18  4.38%   9.0 1356s
 212291 202024 -250206.10 1842 4594 -248709.80 -259601.18  4.38%   9.0 1361s
 213223 203080 -250045.42 1867 4568 -248709.80 -259601.18  4.38%   9.0 1366s
 214268 204053 -249947.70 1882 4553 -248709.80 -259601.18  4.38%   9.0 1371s
 214662 204267 -249893.01 1902 4530 -248709.80 -259601.18  4.38%   9.0 1375s
 215593 205497 -249850.64 1913 4515 -248709.80 -259601.18  4.38%   9.0 1380s
 216825 206600 -249733.34 1933 4490 -248709.80 -259601.18  4.38%   9.0 1385s
 217723 207694 -249678.80 1961 4446 -248709.80 -259600.67  4.38%   9.0 1390s
 218726 208580 -249576.65 1970 4438 -248709.80 -259600.67  4.38%   9.0 1395s
 219283 208584 -249547.74 1987 4421 -248709.80 -259600.67  4.38%   9.0 1416s
 219287 212160 -249545.64 1985 4417 -248709.80 -259600.67  4.38%   9.0 1445s
 222891 212554 -249043.93 2082 4303 -248709.80 -259600.67  4.38%   8.9 1459s
 223349 212557 -249022.77 2093 4288 -248709.80 -259600.67  4.38%   8.9 1492s
 223358 212653 -249012.96 2089 4288 -248709.80 -259600.67  4.38%   8.9 1504s
 223480 213032 -248978.86 2094 4278 -248709.80 -259600.29  4.38%   8.9 1507s
 224443 214182 -248840.58 2119 4250 -248709.80 -259600.29  4.38%   8.9 1511s
 225019 214438     cutoff 2137      -248709.80 -259600.29  4.38%   8.9 1515s
 225973 215432 infeasible  247      -248709.80 -259600.28  4.38%   8.9 1521s
 226991 216733 -258244.50  274 6681 -248709.80 -259600.28  4.38%   8.9 1526s
 228108 217568 -259163.92  105 6945 -248709.80 -259600.19  4.38%   8.9 1531s
 229154 218644 -256829.97  437 6492 -248709.80 -259600.19  4.38%   8.9 1536s
 229675 219104 infeasible  596      -248709.80 -259600.19  4.38%   8.9 1540s
 230669 220054 -258178.46  303 6723 -248709.80 -259600.19  4.38%   8.9 1545s
 231654 221020 -255515.03  642 6125 -248709.80 -259600.19  4.38%   8.9 1550s
 232524 221787 -253150.88  984 5503 -248709.80 -259600.19  4.38%   8.9 1564s
 232846 222096 -252023.47 1146 5257 -248709.80 -259600.19  4.38%   8.9 1568s
 233155 222529 -251044.47 1303 5001 -248709.80 -259600.19  4.38%   8.9 1575s
 234028 223386     cutoff 1661      -248709.80 -259600.19  4.38%   8.9 1580s
 235035 224350 -258295.75  242 6718 -248709.80 -259599.95  4.38%   8.9 1585s
 235563 224555 -259591.66   25 7244 -248709.80 -259599.95  4.38%   8.9 1596s
 236126 225279 -259585.73   27 7235 -248709.80 -259599.95  4.38%   8.9 1603s
 236508 225765 -259578.10   32 7157 -248709.80 -259599.95  4.38%   8.9 1605s
 237536 226774 -257541.89  353 6533 -248709.80 -259599.95  4.38%   8.9 1610s
 238633 227876 -255404.72  710 6075 -248709.80 -259599.95  4.38%   8.8 1615s
 239605 228784 -253816.29 1018 5726 -248709.80 -259599.95  4.38%   8.8 1621s
 240819 229729 -251728.30 1440 5231 -248709.80 -259599.95  4.38%   8.8 1627s
 241587 230568 -250480.22 1713 4924 -248709.80 -259599.21  4.38%   8.8 1632s
 242291 231376 -249121.29 1988 4572 -248709.80 -259599.21  4.38%   8.8 1637s
 243292 232381 -259068.58  167 6978 -248709.80 -259599.21  4.38%   8.8 1641s
 244189 233071 -257148.40  432 6473 -248709.80 -259599.21  4.38%   8.8 1645s
 244934 234027 -255477.24  647 6035 -248709.80 -259599.21  4.38%   8.8 1650s
 245764 234654 -253513.73  938 5535 -248709.80 -259599.21  4.38%   8.8 1656s
 246517 235579 -251670.78 1203 5147 -248709.80 -259599.21  4.38%   8.8 1661s
 247358 236280 -249620.33 1519 4646 -248709.80 -259598.91  4.38%   8.8 1666s
 248107 236946 -259343.26   92 6952 -248709.80 -259598.66  4.38%   8.8 1671s
 248795 237706 -257811.52  314 6590 -248709.80 -259598.66  4.38%   8.8 1675s
 249591 238486 -255589.80  611 6243 -248709.80 -259598.66  4.38%   8.8 1680s
 250070 238568 -254532.91  794 6039 -248709.80 -259598.66  4.38%   8.8 1699s
 250182 238635 infeasible  795      -248709.80 -259598.66  4.38%   8.8 1709s
 250289 238797 -259595.43   20 7227 -248709.80 -259598.66  4.38%   8.8 1715s
 250453 239240 -259592.53   21 7219 -248709.80 -259598.66  4.38%   8.8 1721s
 250896 239853 -259467.56   60 7142 -248709.80 -259598.66  4.38%   8.8 1725s
 251992 240612 -258809.74  138 6886 -248709.80 -259598.51  4.38%   8.8 1730s
 252796 241575 -258528.16  174 6774 -248709.80 -259598.51  4.38%   8.8 1735s
 253850 242422 -255141.55  673 5984 -248709.80 -259598.51  4.38%   8.8 1740s
 254484 243236 -259364.05   93 6974 -248709.80 -259598.51  4.38%   8.8 1746s
 255595 244261 -257178.63  414 6443 -248709.80 -259598.51  4.38%   8.8 1750s
 256025 244767 -256300.38  550 6312 -248709.80 -259598.51  4.38%   8.7 1757s
 256569 245063 -255300.73  718 6062 -248709.80 -259598.51  4.38%   8.7 1761s
 257443 246066 -253761.53 1021 5755 -248709.80 -259598.42  4.38%   8.7 1766s
 258278 246905 -259309.92   97 7034 -248709.80 -259598.42  4.38%   8.7 1771s
 259342 247972 -257065.43  412 6512 -248709.80 -259598.42  4.38%   8.7 1776s
 260301 248945 -254850.39  711 6117 -248709.80 -259598.42  4.38%   8.7 1781s
 260863 249163 -253863.74  888 5897 -248709.80 -259598.42  4.38%   8.7 1809s
 261081 250041 -253803.19  889 5895 -248709.80 -259598.42  4.38%   8.7 1819s
 261963 250718 -252407.65 1126 5586 -248709.80 -259598.42  4.38%   8.7 1823s
 262720 250722 -259368.80   94 6997 -248709.80 -259598.09  4.38%   8.7 1846s
 262724 250739 -259368.19   95 6996 -248709.80 -259598.09  4.38%   8.7 1857s
 262775 250896 -259368.15   96 6994 -248709.80 -259598.09  4.38%   8.7 1868s
 262934 251329 -259282.50  115 6913 -248709.80 -259598.09  4.38%   8.7 1871s
 264064 252558 -256861.49  449 6448 -248709.80 -259598.09  4.38%   8.7 1877s
 264598 253197 -255981.92  597 6233 -248709.80 -259598.09  4.38%   8.7 1880s
 265714 254226 -253945.18  970 5789 -248709.80 -259598.09  4.38%   8.7 1886s
 266753 255212 -252362.19 1276 5391 -248709.80 -259598.09  4.38%   8.7 1893s
 267296 255828 -251625.02 1438 5219 -248709.80 -259598.09  4.38%   8.7 1897s
 267966 256490 -250849.19 1632 5031 -248709.80 -259598.09  4.38%   8.7 1900s
 269137 257443 -249116.76 1957 4599 -248709.80 -259598.09  4.38%   8.6 1906s
 270220 258515 -259140.14  125 6902 -248709.80 -259598.03  4.38%   8.6 1912s
 270797 258895 -258363.51  258 6658 -248709.80 -259598.03  4.38%   8.6 1915s
 271919 259889 -256099.63  589 6338 -248709.80 -259598.03  4.38%   8.6 1921s
 272766 260883 -254664.84  845 5955 -248709.80 -259598.03  4.38%   8.6 1926s
 273616 261765 -253378.16 1104 5649 -248709.80 -259598.03  4.38%   8.6 1931s
 274483 262416 -252040.73 1364 5353 -248709.80 -259598.03  4.38%   8.6 1936s
 275361 263436 -250739.75 1649 5018 -248709.80 -259598.03  4.38%   8.6 1941s
 276125 263979 -249397.70 1916 4666 -248709.80 -259598.03  4.38%   8.6 1945s
 276787 264587 -259549.66   38 7194 -248709.80 -259598.03  4.38%   8.6 1950s
 277420 265173 -258338.88  219 6779 -248709.80 -259598.03  4.38%   8.6 1956s
 278183 266001 -256842.29  447 6503 -248709.80 -259598.03  4.38%   8.6 1960s
 278990 266992 -255175.42  704 6176 -248709.80 -259598.03  4.38%   8.6 1965s
 279809 267739 -259366.11   89 6973 -248709.80 -259597.73  4.38%   8.6 1971s
 280612 268448 -259343.99  102 6975 -248709.80 -259597.68  4.38%   8.6 1977s
 281469 269331 -257674.33  358 6612 -248709.80 -259597.68  4.38%   8.6 1982s
 281943 269898 -256468.16  526 6437 -248709.80 -259597.68  4.38%   8.6 1998s
 282532 270226 -255222.40  717 6154 -248709.80 -259597.68  4.38%   8.6 2001s
 283474 271115 -253521.42 1054 5738 -248709.80 -259597.58  4.38%   8.6 2007s
 284296 271723 -252150.04 1351 5387 -248709.80 -259597.55  4.38%   8.6 2038s
 284419 271847 -252149.68 1352 5387 -248709.80 -259597.55  4.38%   8.6 2053s
 284585 272196 -251912.22 1388 5357 -248709.80 -259597.37  4.38%   8.6 2055s
 284934 272570 -251356.68 1499 5234 -248709.80 -259597.37  4.38%   8.6 2074s
 285310 273086 -251347.99 1500 5229 -248709.80 -259597.37  4.38%   8.6 2079s
 285436 273086 -257609.25  363 6581 -248709.80 -259597.37  4.38%   8.6 2080s
 285832 273471 -251347.17 1501 5230 -248709.80 -259597.37  4.38%   8.6 2088s
 286217 274209 -251170.15 1529 5184 -248709.80 -259597.37  4.38%   8.6 2091s
 287485 275351 -249582.48 1879 4728 -248709.80 -259597.37  4.38%   8.6 2098s
 288107 275520 -248750.72 2061 4521 -248709.80 -259597.37  4.38%   8.6 2103s
 288298 276014 -259560.99   30 7160 -248709.80 -259597.37  4.38%   8.6 2106s
 289461 277148 -257879.16  316 6594 -248709.80 -259597.37  4.38%   8.6 2113s
 289991 277623 -256576.77  483 6404 -248709.80 -259597.37  4.38%   8.6 2116s
 290822 278473 -255109.37  747 6083 -248709.80 -259597.37  4.38%   8.6 2121s
 291800 279496 -253397.18 1096 5664 -248709.80 -259597.37  4.38%   8.6 2128s
 292343 280017 -252317.45 1322 5401 -248709.80 -259597.37  4.38%   8.6 2131s
 293195 280851 -250742.55 1636 5032 -248709.80 -259597.37  4.38%   8.6 2137s
 294198 281561 -248969.11 2019 4549 -248709.80 -259597.37  4.38%   8.5 2142s
 294486 281618     cutoff 2059      -248709.80 -259597.37  4.38%   8.5 2166s
 294547 281720     cutoff 2058      -248709.80 -259597.17  4.38%   8.5 2182s
 295064 282369 -259052.62  137 6891 -248709.80 -259597.17  4.38%   8.5 2186s
 295694 283270 -257705.95  330 6566 -248709.80 -259597.17  4.38%   8.5 2192s
 296249 283634 -256022.09  537 6369 -248709.80 -259597.17  4.38%   8.5 2195s
 297133 284647 -253933.44  859 5959 -248709.80 -259597.12  4.38%   8.5 2201s
 297997 285362 -258592.71  194 6775 -248709.80 -259597.12  4.38%   8.5 2207s
 298377 285614 -257927.30  301 6639 -248709.80 -259597.12  4.38%   8.5 2212s
 298631 286015 -257226.87  394 6519 -248709.80 -259597.12  4.38%   8.5 2215s
 299330 286667 -255800.84  601 6307 -248709.80 -259597.12  4.38%   8.5 2220s
 300254 287749 -253882.34  950 5822 -248709.80 -259597.12  4.38%   8.5 2227s
 300780 288220 -252863.07 1160 5592 -248709.80 -259597.12  4.38%   8.5 2230s
 301582 288965 -259285.70  111 7065 -248709.80 -259597.08  4.38%   8.5 2236s
 302298 290105 -258023.13  312 6660 -248709.80 -259597.08  4.38%   8.5 2244s
 303184 290500 -255335.96  664 6016 -248709.80 -259597.08  4.38%   8.6 2248s
 303583 291099 -254281.54  823 5729 -248709.80 -259597.08  4.38%   8.5 2251s
 304184 291490 -252659.41 1063 5369 -248709.80 -259597.08  4.38%   8.5 2255s
 304583 291792 -251504.51 1229 5107 -248709.80 -259597.08  4.38%   8.5 2281s
 304887 292154 -250196.08 1430 4827 -248709.80 -259597.08  4.38%   8.5 2290s
 305720 292905 -259547.78   39 7152 -248709.80 -259597.01  4.38%   8.5 2296s
 306682 293931 -257383.49  382 6547 -248709.80 -259596.99  4.38%   8.5 2302s
 307139 294266 -259586.07   27 7233 -248709.80 -259596.99  4.38%   8.5 2305s
 307995 295330 -257637.68  324 6636 -248709.80 -259596.99  4.38%   8.5 2312s
 308554 295663 infeasible  548      -248709.80 -259596.88  4.38%   8.5 2316s
 308901 296036 -259006.30  140 6903 -248709.80 -259596.88  4.38%   8.5 2321s
 309680 296990 -256829.51  434 6475 -248709.80 -259596.88  4.38%   8.5 2327s
 310230 297293 infeasible  657      -248709.80 -259596.88  4.38%   8.5 2331s
 310549 297297 -259395.19   95 7024 -248709.80 -259596.88  4.38%   8.5 2370s
 310553 297428 -259376.36   96 7007 -248709.80 -259596.88  4.38%   8.5 2385s
 310684 297730 -259375.68   97 7007 -248709.80 -259596.88  4.38%   8.5 2393s
 310988 298068 -258952.53  148 6874 -248709.80 -259596.88  4.38%   8.5 2397s
 311326 298459 -258300.48  231 6725 -248709.80 -259596.88  4.38%   8.5 2401s
 312220 299351 -259456.82   76 7068 -248709.80 -259596.87  4.38%   8.5 2407s
 312633 299659 -259351.76  124 6946 -248709.80 -259596.87  4.38%   8.5 2412s
 313005 299975 -259087.87  176 6838 -248709.80 -259596.87  4.38%   8.5 2416s
 313321 300802 -258956.95  206 6790 -248709.80 -259596.87  4.38%   8.5 2420s
 314751 301694 -258084.85  348 6563 -248709.80 -259596.87  4.38%   8.5 2428s
 315074 302106 -257790.35  384 6497 -248709.80 -259596.73  4.38%   8.5 2432s
 315498 302497 -257420.61  433 6437 -248709.80 -259596.73  4.38%   8.5 2435s
 316367 303342 -256827.71  532 6328 -248709.80 -259596.73  4.38%   8.5 2441s
 317208 303893 -256374.96  625 6210 -248709.80 -259596.73  4.38%   8.5 2482s
 317289 303982 -256371.30  625 6205 -248709.80 -259596.73  4.38%   8.5 2517s
 317382 304158 -256333.67  629 6204 -248709.80 -259596.73  4.38%   8.5 2533s
 317558 304550 -256248.70  644 6187 -248709.80 -259596.73  4.38%   8.5 2536s
 317958 304886 -256032.04  689 6123 -248709.80 -259596.68  4.38%   8.5 2540s
 318672 305802 -259191.21  111 6965 -248709.80 -259596.68  4.38%   8.5 2547s
 319250 306246 -257478.13  312 6607 -248709.80 -259596.59  4.38%   8.5 2553s
 319718 306691 -259553.30   35 7202 -248709.80 -259596.59  4.38%   8.5 2557s
 320163 306983 -259419.27   66 7115 -248709.80 -259596.59  4.38%   8.5 2560s
 320892 307847 -259050.16  125 6931 -248709.80 -259596.59  4.38%   8.5 2566s
 321347 308155 -258761.80  158 6847 -248709.80 -259596.59  4.38%   8.5 2570s
 322136 308952 infeasible  202      -248709.80 -259596.50  4.38%   8.5 2577s
 322490 309388 -259084.51  104 6981 -248709.80 -259596.50  4.38%   8.5 2581s
 322938 309792 -258085.29  249 6713 -248709.80 -259596.50  4.38%   8.5 2585s
 323352 309968 -257218.56  370 6510 -248709.80 -259596.50  4.38%   8.5 2602s
 323532 310530 -256581.43  446 6465 -248709.80 -259596.47  4.38%   8.5 2609s
 324108 311241 -258950.80  150 6856 -248709.80 -259596.47  4.38%   8.5 2613s
 324819 311680 -257222.44  391 6520 -248709.80 -259596.29  4.38%   8.5 2619s
 325272 312223 -259552.74   46 7181 -248709.80 -259596.29  4.38%   8.5 2623s
 325815 312565 -258321.97  210 6764 -248709.80 -259596.29  4.38%   8.5 2627s
 326165 313157 -257495.83  317 6605 -248709.80 -259596.29  4.38%   8.5 2631s
 326757 313708 -255794.13  535 6374 -248709.80 -259596.29  4.38%   8.5 2635s
 327684 314386 -253476.43  901 5862 -248709.80 -259596.28  4.38%   8.5 2665s
 328016 314578 -259174.23  122 6929 -248709.80 -259596.28  4.38%   8.5 2672s
 328214 315134 -258798.63  168 6832 -248709.80 -259596.28  4.38%   8.5 2675s
 328770 315494 -257348.62  355 6515 -248709.80 -259596.28  4.38%   8.5 2680s
 329589 316192 -259474.51   88 7144 -248709.80 -259596.28  4.38%   8.5 2708s
 329848 316551 -258948.30  186 6919 -248709.80 -259596.28  4.38%   8.5 2720s
 330579 317433 -257141.96  428 6468 -248709.80 -259596.28  4.38%   8.5 2728s
 331099 318015 -255678.28  619 6098 -248709.80 -259596.28  4.38%   8.5 2732s
 331683 318497 -254194.01  837 5727 -248709.80 -259596.28  4.38%   8.5 2736s
 332165 318948 -252904.95 1020 5452 -248709.80 -259596.28  4.38%   8.5 2740s
 333148 319998 -250433.20 1393 4873 -248709.80 -259596.28  4.38%   8.5 2750s
 333668 320174 -248960.13 1618 4482 -248709.80 -259596.28  4.38%   8.5 2777s
 333844 320454 -248957.91 1619 4481 -248709.80 -259596.28  4.38%   8.5 2791s
 334146 321019 infeasible 1647      -248709.80 -259596.24  4.38%   8.5 2797s
 334752 321115 -258894.25  160 6917 -248709.80 -259596.24  4.38%   8.4 2832s
 334848 321489 -258886.46  161 6911 -248709.80 -259596.24  4.38%   8.4 2839s
 335228 322177 -258085.29  255 6727 -248709.80 -259596.24  4.38%   8.4 2844s
 335916 322513 -256340.41  507 6427 -248709.80 -259596.24  4.38%   8.4 2848s
 336252 323176 -255749.91  600 6366 -248709.80 -259596.24  4.38%   8.4 2852s
 336915 323484 -254501.50  842 5945 -248709.80 -259596.24  4.38%   8.4 2857s
 337223 323488 -254051.72  928 5803 -248709.80 -259596.24  4.38%   8.4 2901s
 337227 323621 -254050.42  929 5801 -248709.80 -259596.24  4.38%   8.4 2926s
 337360 324006 -254049.75  930 5800 -248709.80 -259596.24  4.38%   8.4 2932s
 337745 324626 -253572.30 1028 5717 -248709.80 -259596.24  4.38%   8.4 2937s
 338365 325260 -252413.67 1267 5438 -248709.80 -259596.24  4.38%   8.4 2943s
 339005 325700 -251255.36 1515 5152 -248709.80 -259596.24  4.38%   8.4 2947s
 339449 326303 -250358.68 1699 4935 -248709.80 -259596.24  4.38%   8.4 2952s
 340052 326721 -249266.21 1934 4634 -248709.80 -259596.23  4.38%   8.4 2958s
 340527 326851 -259588.05   24 7244 -248709.80 -259596.23  4.38%   8.4 2964s
 340657 327155 -259587.26   25 7242 -248709.80 -259596.23  4.38%   8.4 2967s
 340963 327410 -259583.98   26 7239 -248709.80 -259596.23  4.38%   8.4 2972s
 341218 327955 -259559.74   38 7174 -248709.80 -259596.23  4.38%   8.4 2975s
 341763 328309 -258376.24  208 6751 -248709.80 -259596.23  4.38%   8.4 2981s
 342163 328979 -257473.22  343 6542 -248709.80 -259596.23  4.38%   8.4 2985s
 342839 329390 infeasible  574      -248709.80 -259596.23  4.38%   8.4 2991s
 343264 329987 -259200.53  124 6906 -248709.80 -259596.23  4.38%   8.4 2996s
 343865 330239 -258601.62  220 6738 -248709.80 -259596.23  4.38%   8.4 3000s

Cutting planes:
  Gomory: 377
  Lift-and-project: 7
  Cover: 1095
  MIR: 4798
  StrongCG: 1909
  Flow cover: 731
  GUB cover: 394
  Zero half: 59
  Mod-K: 2
  RLT: 1
  Relax-and-lift: 851

Explored 344117 nodes (2951427 simplex iterations) in 3000.52 seconds (1610.33 work units)
Thread count was 4 (of 28 available processors)

Solution count 10: -248710 -248703 -248698 ... -248614

Time limit reached
Best objective -2.487098010850e+05, best bound -2.595962280016e+05, gap 4.3772%

User-callback calls 1023548, time in user-callback 4.87 sec
