
Gurobi 13.0.1 (win64) logging started Wed Oct  7 05:23:46 2026

Set parameter LogFile to value "results/source_summaries/3d/R12/gurobi_extensive.log"
Gurobi Optimizer version 13.0.1 build v13.0.1rc0 (win64 - Windows 11+.0 (26200.2))

CPU model: Intel(R) Core(TM) i7-14650HX, instruction set [SSE2|AVX|AVX2]
Thread count: 16 physical cores, 24 logical processors, using up to 4 threads

Non-default parameters:
TimeLimit  1800
IntFeasTol  1e-06
MIPGap  0.0005
Heuristics  0.2
Cuts  2
Presolve  2
Seed  1
Threads  4

Optimize a model with 5170 rows, 9129 columns and 20060 nonzeros (Min)
Model fingerprint: 0x227ae1ec
Model has 3964 linear objective coefficients
Variable types: 5163 continuous, 3966 integer (3963 binary)
Coefficient statistics:
  Matrix range     [1e-01, 4e+01]
  Objective range  [2e+00, 5e+01]
  Bounds range     [1e-01, 3e+01]
  RHS range        [1e+00, 7e+01]

Found heuristic solution: objective 0.0000000
Presolve removed 436 rows and 5164 columns
Presolve time: 0.14s
Presolved: 4734 rows, 3965 columns, 13981 nonzeros
Variable types: 111 continuous, 3854 integer (3631 binary)
Root relaxation presolve removed 1 rows and 1 columns
Root relaxation presolved: 4733 rows, 3964 columns, 13978 nonzeros


Root relaxation: objective -2.537014e+04, 2106 iterations, 0.06 seconds (0.11 work units)

    Nodes    |    Current Node    |     Objective Bounds      |     Work
 Expl Unexpl |  Obj  Depth IntInf | Incumbent    BestBd   Gap | It/Node Time

     0     0 -25370.142    0  611    0.00000 -25370.142      -     -    0s
H    0     0                    -18735.64443 -25370.142  35.4%     -    0s
H    0     0                    -18740.55625 -25370.142  35.4%     -    0s
H    0     0                    -18746.90047 -25370.142  35.3%     -    0s
H    0     0                    -19254.44927 -25370.142  31.8%     -    0s
H    0     0                    -19595.32366 -25370.142  29.5%     -    0s
H    0     0                    -19651.44953 -25370.142  29.1%     -    0s
H    0     0                    -19701.56467 -25367.471  28.8%     -    0s
H    0     0                    -19707.57318 -25367.471  28.7%     -    0s
H    0     0                    -19787.00339 -25367.471  28.2%     -    0s
H    0     0                    -19846.03195 -25044.103  26.2%     -    0s
H    0     0                    -20015.84258 -25044.103  25.1%     -    0s
H    0     0                    -20059.71718 -25044.103  24.8%     -    0s
     0     0 -25041.710    0 1007 -20059.717 -25041.710  24.8%     -    0s
H    0     0                    -20188.82402 -25041.710  24.0%     -    0s
H    0     0                    -20353.31639 -24853.146  22.1%     -    0s
H    0     0                    -20375.76059 -24853.146  22.0%     -    0s
H    0     0                    -20379.59937 -24853.146  22.0%     -    0s
     0     0 -24841.094    0 1194 -20379.599 -24841.094  21.9%     -    0s
     0     0 -24709.237    0 1315 -20379.599 -24709.237  21.2%     -    0s
     0     0 -24707.739    0 1306 -20379.599 -24707.739  21.2%     -    0s
H    0     0                    -20431.43703 -24707.573  20.9%     -    0s
H    0     0                    -20444.70290 -24707.573  20.9%     -    0s
H    0     0                    -20456.80682 -24707.573  20.8%     -    0s
     0     0 -24707.573    0 1308 -20456.807 -24707.573  20.8%     -    0s
     0     0 -24707.569    0 1280 -20456.807 -24707.569  20.8%     -    0s
H    0     0                    -20458.80705 -24707.569  20.8%     -    0s
H    0     0                    -20500.25643 -24417.010  19.1%     -    0s
H    0     0                    -20510.64010 -24417.010  19.0%     -    0s
H    0     0                    -20612.36815 -24417.010  18.5%     -    0s
H    0     0                    -20645.23722 -24417.010  18.3%     -    0s
H    0     0                    -20646.22608 -24417.010  18.3%     -    0s
H    0     0                    -20664.06415 -24417.010  18.2%     -    0s
H    0     0                    -20668.30242 -24417.010  18.1%     -    0s
H    0     0                    -20685.06858 -24417.010  18.0%     -    0s
H    0     0                    -20688.88567 -24417.010  18.0%     -    0s
H    0     0                    -20694.97629 -24417.010  18.0%     -    0s
     0     0 -24400.976    0 1319 -20694.976 -24400.976  17.9%     -    0s
     0     0 -24400.976    0 1319 -20694.976 -24400.976  17.9%     -    0s
     0     0 -24400.976    0 1318 -20694.976 -24400.976  17.9%     -    0s
H    0     0                    -20699.03670 -24400.976  17.9%     -    0s
H    0     0                    -20709.90449 -24400.976  17.8%     -    0s
H    0     0                    -20713.83102 -24400.976  17.8%     -    0s
H    0     2                    -20715.80464 -24400.976  17.8%     -    1s
     0     2 -24400.976    0 1318 -20715.805 -24400.976  17.8%     -    1s
H    7    12                    -20717.86235 -24275.984  17.2%   555    1s
H    8    12                    -20718.76508 -24275.984  17.2%   683    1s
H   11    26                    -20745.57009 -24275.984  17.0%   834    1s
H   19    26                    -20755.44468 -24275.984  17.0%   526    1s
H   25    40                    -20758.63803 -24275.984  16.9%   455    1s
H   59    64                    -20760.69574 -24275.984  16.9%   204    1s
H   60    64                    -20778.74698 -24275.984  16.8%   201    1s
H   61    64                    -20779.46125 -24275.984  16.8%   198    1s
H  118   120                    -20801.72524 -24275.984  16.7%   107    1s
H  176   181                    -20806.78609 -24275.984  16.7%  75.2    1s
H  177   181                    -20810.22911 -24275.984  16.7%  75.0    1s
H  178   181                    -20812.10512 -24275.984  16.6%  74.6    1s
H  180   185                    -20814.96794 -24275.984  16.6%  73.9    1s
H  181   185                    -20818.78503 -24275.984  16.6%  73.5    1s
H  231   239                    -20823.05212 -24275.984  16.6%  59.3    1s
H  233   239                    -20828.49399 -24275.984  16.6%  58.9    1s
H  289   296                    -20829.58237 -24275.984  16.5%  48.8    2s
H  291   296                    -20837.89320 -24275.984  16.5%  48.6    2s
H  378   387                    -21336.54464 -24275.984  13.8%  39.6    2s
H  386   409                    -21345.31728 -24275.984  13.7%  38.9    2s
H  408   400                    -21583.02634 -24275.984  12.5%  37.3    2s
H  486   463                    -21602.68169 -24146.272  11.8%  37.7    2s
H  493   447                    -21623.94367 -24146.272  11.7%  37.3    2s
H 1094  1004                    -21632.43511 -23465.528  8.47%  30.6    3s
H 1094  1002                    -21635.39768 -23465.528  8.46%  30.6    3s
H 1094  1000                    -21638.34477 -23465.528  8.44%  30.6    3s
H 1094   976                    -21655.31296 -23465.528  8.36%  30.6    3s
H 1094   972                    -21657.48971 -23465.528  8.35%  30.6    3s
H 1099   926                    -21658.47653 -23465.528  8.34%  30.4    5s
H 1107   884                    -21661.42142 -23465.528  8.33%  30.2    8s
  1111   887 -21992.950   39 2283 -21661.421 -23465.528  8.33%  30.1   10s
H 1112   842                    -21662.40823 -23465.528  8.32%  30.1   12s
H 1115   802                    -21663.38987 -23465.528  8.32%  30.0   15s
H 1115   761                    -21665.45987 -23465.528  8.31%  30.0   15s
  1118   763 -21758.714  134 2499 -21665.460 -23204.475  7.10%  29.9   20s
  1122   766 -22070.132   87 2582 -21665.460 -22463.336  3.68%  29.8   28s
  1123   767 -21834.511  191 2618 -21665.460 -22429.999  3.53%  29.8   30s
  1126   769 -22400.726   13 2554 -21665.460 -22400.726  3.39%  29.7   36s
  1128   770 -22349.883   31 2576 -21665.460 -22389.068  3.34%  29.6   43s
  1130   771 -21879.084   29 2576 -21665.460 -22389.068  3.34%  29.6   46s
  1133   778 -22389.068   17 2213 -21665.460 -22389.068  3.34%   118   51s
  1172   796 -21755.780   25  669 -21665.460 -22389.068  3.34%   155   55s
  1680  1076 -21967.583   28 1519 -21665.460 -22389.068  3.34%   135   60s
H 2039  1260                    -21666.54825 -22389.068  3.33%   120   62s
  2666  1802 -21713.095   84  280 -21666.548 -22354.207  3.17%  97.1   65s
  4791  3658 -21957.737  188  466 -21666.548 -22353.055  3.17%  58.1   70s
 15381 13151 -21939.669  119  642 -21666.548 -22301.026  2.93%  22.4   75s
 31414 28838 -21953.361  137  604 -21666.548 -22283.253  2.85%  13.7   80s
 45806 41118 -21834.097  244  392 -21666.548 -22276.152  2.81%  10.9   85s
 58161 52581 -21915.383  109  662 -21666.548 -22273.106  2.80%   9.7   90s
 72877 66156 -21720.189  216  475 -21666.548 -22268.923  2.78%   8.8   95s
 80424 72898 -22162.788   48  779 -21666.548 -22266.703  2.77%   8.4  100s
 97089 87675 -22108.243   69  732 -21666.548 -22263.788  2.76%   7.8  105s
 109452 99095 -21871.834  157  573 -21666.548 -22262.299  2.75%   7.5  110s
 124108 112310 -21740.753  140  559 -21666.548 -22261.014  2.74%   7.2  115s
 137464 124684 -21819.193   57  486 -21666.548 -22260.238  2.74%   7.0  120s
 149252 135069 -21798.340  197  512 -21666.548 -22259.069  2.73%   6.8  125s
 160955 146038 -21861.470  206  451 -21666.548 -22258.418  2.73%   6.7  130s
 171135 155711 -21749.358  296  257 -21666.548 -22257.479  2.73%   6.6  135s
 184633 167470 -22170.821   63  724 -21666.548 -22256.554  2.72%   6.4  140s
 195547 177571 -21936.463  140  609 -21666.548 -22255.969  2.72%   6.3  145s
 205424 186441 -21762.003  108  660 -21666.548 -22255.503  2.72%   6.3  150s
 216397 196325 -21977.058  132  647 -21666.548 -22254.975  2.72%   6.2  155s
 226531 205722 -21754.589  307  256 -21666.548 -22254.577  2.71%   6.1  160s
 234965 213871 -21682.753  329  215 -21666.548 -22254.266  2.71%   6.1  165s
 248078 225966 -22101.195   66  769 -21666.548 -22253.141  2.71%   6.0  170s
 254030 231671 -21687.601  360  157 -21666.548 -22252.957  2.71%   6.0  175s
 263792 240207 -21676.003  361  134 -21666.548 -22252.522  2.70%   5.9  180s
 272495 248176 -22229.814   37  803 -21666.548 -22252.184  2.70%   5.9  185s
 282691 257852 -21857.173  228  433 -21666.548 -22251.866  2.70%   5.9  190s
 294806 268766 -21874.361   95  689 -21666.548 -22251.414  2.70%   5.8  195s
 307062 280056 -21700.813  369  125 -21666.548 -22251.015  2.70%   5.8  200s
 317116 289638 -21691.855  337  208 -21666.548 -22250.718  2.70%   5.7  205s
 325578 297494 -21925.833  176  512 -21666.548 -22250.575  2.70%   5.7  210s
 335272 306506 -21834.381  236  400 -21666.548 -22250.177  2.69%   5.7  215s
 343982 314190 -21801.324  208  448 -21666.548 -22249.848  2.69%   5.7  220s
 354564 323851 -22048.300   92  668 -21666.548 -22249.480  2.69%   5.7  225s
 359114 328154 -21672.777  161  559 -21666.548 -22249.337  2.69%   5.6  230s
 369217 337380 -22201.503   44  804 -21666.548 -22249.017  2.69%   5.6  235s
 378428 345476 -21931.281  163  510 -21666.548 -22248.718  2.69%   5.6  241s
 382905 350126 -21861.502  146  595 -21666.548 -22248.676  2.69%   5.6  245s
 383553 350142 -22088.241   90  723 -21666.548 -22248.660  2.69%   5.6  251s
 383561 350150 -22082.178   92  716 -21666.548 -22248.660  2.69%   5.6  255s
 383573 350162 -22074.663   95  710 -21666.548 -22248.660  2.69%   5.6  260s
 383581 350170 -22069.942   97  695 -21666.548 -22248.660  2.69%   5.6  265s
 383593 350182 -22068.182  100  693 -21666.548 -22248.660  2.69%   5.6  271s
 383601 350190 -22063.651  102  686 -21666.548 -22248.660  2.69%   5.6  276s
 383609 350198 -22061.628  104  686 -21666.548 -22248.660  2.69%   5.6  281s
 383633 350233 -22016.768  113  679 -21666.548 -22248.660  2.69%   5.6  285s
 383675 350274 -21986.006  131  655 -21666.548 -22248.660  2.69%   5.6  290s
 384698 353057 -21857.719  133  641 -21666.548 -22248.621  2.69%   5.6  296s
 386871 353570 -21876.941  196  466 -21666.548 -22248.621  2.69%   5.6  300s
 390964 357367 -22176.525   51  775 -21666.548 -22248.585  2.69%   5.6  305s
 396058 362201 -22208.053   43  815 -21666.548 -22248.470  2.69%   5.6  310s
 402449 368237 -21901.167  174  509 -21666.548 -22248.398  2.69%   5.5  315s
 411127 376627 -21774.599  214  459 -21666.548 -22248.242  2.68%   5.5  320s
 415927 381257 -22134.914   53  753 -21666.548 -22248.090  2.68%   5.5  325s
 425578 389764 -21787.012   65  491 -21666.548 -22247.806  2.68%   5.5  330s
 432158 395613 -21841.880  116  612 -21666.548 -22247.637  2.68%   5.5  335s
 440315 403005 -21901.408  171  485 -21666.548 -22247.495  2.68%   5.5  340s
 447573 409971 -21750.752  182  526 -21666.548 -22247.415  2.68%   5.5  345s
 454546 416222 -21737.203  301  272 -21666.548 -22247.213  2.68%   5.5  350s
 462597 423570 -21730.709  323  232 -21666.548 -22246.997  2.68%   5.4  355s
 468321 432422 -21700.329  138  621 -21666.548 -22246.890  2.68%   5.4  362s
 474152 434792 -21866.820  171  483 -21666.548 -22246.738  2.68%   5.4  365s
 483552 442846 -22177.846   44  797 -21666.548 -22246.528  2.68%   5.4  370s
 491386 450298 -21796.343  138  602 -21666.548 -22246.386  2.68%   5.4  375s
 498882 457127 -21947.471  107  689 -21666.548 -22246.263  2.68%   5.4  380s
 507308 464721 -21739.917  164  558 -21666.548 -22245.998  2.67%   5.4  385s
 514326 470627 -21836.524  216  444 -21666.548 -22245.741  2.67%   5.4  390s
 520468 476895 -22174.864   46  804 -21666.548 -22245.560  2.67%   5.4  395s
 527739 483164 -21678.900  142  593 -21666.548 -22245.423  2.67%   5.4  400s
 535572 490137 -21881.637  197  465 -21666.548 -22245.159  2.67%   5.3  405s
 537772 491973 -22142.893   63  743 -21666.548 -22245.150  2.67%   5.3  410s
 541855 496151 -21701.244  258  397 -21666.548 -22245.107  2.67%   5.3  415s
 548970 502540 -21831.033  122  424 -21666.548 -22244.982  2.67%   5.3  420s
 556047 508859 -22058.378   99  651 -21666.548 -22244.851  2.67%   5.3  425s
 561633 514375 -21737.850  286  281 -21666.548 -22244.821  2.67%   5.3  430s
 568563 520372 -22224.790   42  792 -21666.548 -22244.661  2.67%   5.3  435s
 575498 527084 -21854.783  207  415 -21666.548 -22244.590  2.67%   5.3  440s
 579981 531285     cutoff  238      -21666.548 -22244.517  2.67%   5.3  445s
 587122 537610 -22045.537  106  605 -21666.548 -22244.401  2.67%   5.3  450s
 593544 543748 -21765.776  257  351 -21666.548 -22244.339  2.67%   5.3  455s
 600472 550047 -21890.999  151  580 -21666.548 -22244.208  2.67%   5.3  460s
 607362 556304 -21838.791  221  400 -21666.548 -22244.012  2.67%   5.3  465s
 614015 562374 -21855.732  240  384 -21666.548 -22243.950  2.66%   5.3  470s
 620566 568392 -22215.778   42  801 -21666.548 -22243.744  2.66%   5.3  475s
 626239 572750 -22209.945   43  806 -21666.548 -22243.610  2.66%   5.3  480s
 631908 578372 -21668.212  173  334 -21666.548 -22243.521  2.66%   5.3  485s
 637943 583925 -22079.070   79  711 -21666.548 -22243.400  2.66%   5.2  490s
 642979 588540 -21719.521  236  401 -21666.548 -22243.336  2.66%   5.2  495s
 648995 593854 -21672.516  251  384 -21666.548 -22243.202  2.66%   5.2  500s
 654400 599058     cutoff  344      -21666.548 -22243.076  2.66%   5.2  505s
 657492 601909 -21988.331  130  614 -21666.548 -22242.979  2.66%   5.2  510s
 664042 607718 -21674.277  246  390 -21666.548 -22242.857  2.66%   5.2  515s
 670080 613291 -22039.778  106  647 -21666.548 -22242.785  2.66%   5.2  520s
 675951 618769 -21908.756  179  487 -21666.548 -22242.724  2.66%   5.2  525s
 681153 623861 -21723.446  115  655 -21666.548 -22242.675  2.66%   5.2  530s
 687166 629225 -22100.685   99  652 -21666.548 -22242.552  2.66%   5.2  535s
 693186 634900 -21828.248  237  399 -21666.548 -22242.507  2.66%   5.2  540s
 698878 640099 -21948.008  169  504 -21666.548 -22242.404  2.66%   5.2  545s
 703995 644662 -22173.293   49  791 -21666.548 -22242.282  2.66%   5.2  550s
 708825 649301 -21948.212  133  626 -21666.548 -22242.266  2.66%   5.2  555s
 713745 653838 -22082.804   75  757 -21666.548 -22242.200  2.66%   5.2  560s
 719707 658910     cutoff  232      -21666.548 -22242.113  2.66%   5.2  565s
 725143 664524 -21948.159  153  524 -21666.548 -22242.055  2.66%   5.2  570s
 731251 670180 -21937.292  137  636 -21666.548 -22241.945  2.66%   5.2  575s
 735810 674266 -22009.794  128  594 -21666.548 -22241.857  2.66%   5.2  580s
 741075 679284 -21772.474  244  373 -21666.548 -22241.796  2.66%   5.2  585s
 746897 684494 -21756.811  171  537 -21666.548 -22241.750  2.65%   5.2  590s
 748373 685939 -21934.415  157  549 -21666.548 -22241.718  2.65%   5.2  595s
 753735 690787 -21950.175  100  666 -21666.548 -22241.683  2.65%   5.2  600s
 759574 696315 -22126.031   70  744 -21666.548 -22241.579  2.65%   5.2  605s
 764943 701102 -21951.511  139  589 -21666.548 -22241.480  2.65%   5.2  610s
 770122 706005 -21868.556  223  439 -21666.548 -22241.435  2.65%   5.2  615s
 775704 710830 -21689.095  189  493 -21666.548 -22241.331  2.65%   5.2  620s
 781341 716200 -22123.628   54  772 -21666.548 -22241.230  2.65%   5.1  625s
 787322 721804 -21952.533   99  687 -21666.548 -22241.211  2.65%   5.1  630s
 792974 726875 -21942.024  153  584 -21666.548 -22241.033  2.65%   5.1  635s
 798530 731247 -21670.941  194  490 -21666.548 -22240.944  2.65%   5.1  640s
 803498 735973 -21983.676  126  587 -21666.548 -22240.840  2.65%   5.1  645s
 809190 741167 -22133.606   57  758 -21666.548 -22240.769  2.65%   5.1  650s
 814252 745871 -21683.030  297  245 -21666.548 -22240.725  2.65%   5.1  655s
 819812 750721 -21916.127  157  543 -21666.548 -22240.660  2.65%   5.1  660s
 824885 755396 -21694.900  242  409 -21666.548 -22240.610  2.65%   5.1  665s
 830201 760144 -21849.800  217  423 -21666.548 -22240.507  2.65%   5.1  670s
 834893 764647 -21689.190  231  418 -21666.548 -22240.477  2.65%   5.1  675s
 839837 769062 -21818.309  183  509 -21666.548 -22240.382  2.65%   5.1  680s
 844867 773703 -21921.193  155  559 -21666.548 -22240.305  2.65%   5.1  685s
 849847 778261 -21885.093  174  501 -21666.548 -22240.272  2.65%   5.1  690s
 854741 782714 -21910.593  164  532 -21666.548 -22240.187  2.65%   5.1  695s
 858885 786044 -22082.820   89  703 -21666.548 -22240.127  2.65%   5.1  700s
 863418 790404 -21916.059  184  457 -21666.548 -22240.056  2.65%   5.1  705s
 867990 794798 -21878.603  135  608 -21666.548 -22240.000  2.65%   5.1  710s
 872672 798484     cutoff  241      -21666.548 -22239.925  2.65%   5.1  715s
 876120 802047 -21769.376  151  599 -21666.548 -22239.835  2.65%   5.1  720s
 880813 806082 -21913.072   98  682 -21666.548 -22239.762  2.65%   5.1  725s
 885438 810247 -21864.228  184  478 -21666.548 -22239.708  2.65%   5.1  730s
 890262 814514 -21729.951  134  654 -21666.548 -22239.662  2.65%   5.1  735s
 892615 816681 -22077.176   91  669 -21666.548 -22239.604  2.64%   5.1  740s
 896849 820852 -22070.621   99  652 -21666.548 -22239.578  2.64%   5.1  745s
 901367 825029 -22002.635  135  556 -21666.548 -22239.532  2.64%   5.1  750s
 905955 829442 -21912.542  102  506 -21666.548 -22239.483  2.64%   5.1  755s
 910903 834079 -21941.885  170  543 -21666.548 -22239.452  2.64%   5.1  760s
 915768 838559 -21926.569  167  478 -21666.548 -22239.403  2.64%   5.1  765s
 920371 842833 -21903.339  137  600 -21666.548 -22239.355  2.64%   5.1  770s
 925090 847099 -21765.353  268  325 -21666.548 -22239.307  2.64%   5.1  775s
 929400 851162 -21999.073  143  583 -21666.548 -22239.242  2.64%   5.1  780s
 934069 855275     cutoff  238      -21666.548 -22239.183  2.64%   5.1  785s
 938447 859318     cutoff  332      -21666.548 -22239.153  2.64%   5.1  790s
 942370 862915 -21812.848  161  543 -21666.548 -22239.112  2.64%   5.1  795s
 946899 867247 -22008.658   47  544 -21666.548 -22239.097  2.64%   5.1  800s
 950959 870755 -21923.097  151  598 -21666.548 -22238.992  2.64%   5.1  805s
 955392 874671 -22215.852   39  797 -21666.548 -22238.933  2.64%   5.1  810s
 958727 877655 -21961.044  159  503 -21666.548 -22238.922  2.64%   5.1  815s
 963177 881884 -22050.055  114  605 -21666.548 -22238.869  2.64%   5.1  820s
 967407 886003 -21796.977  115  426 -21666.548 -22238.849  2.64%   5.1  825s
 970584 888571 -21998.498  129  595 -21666.548 -22238.800  2.64%   5.1  830s
 975091 892778 -21820.384  177  508 -21666.548 -22238.732  2.64%   5.1  835s
 979307 896527 -21741.481  108  667 -21666.548 -22238.706  2.64%   5.1  840s
 983705 900435 -21713.442  259  383 -21666.548 -22238.612  2.64%   5.1  845s
 986992 903255 -21809.581  125  622 -21666.548 -22238.553  2.64%   5.1  850s
 990967 906984 -21850.117  205  443 -21666.548 -22238.531  2.64%   5.1  855s
 995466 911067 -22051.496  111  619 -21666.548 -22238.479  2.64%   5.0  860s
 999713 915008 -22187.106   46  777 -21666.548 -22238.448  2.64%   5.0  865s
 1003920 918936     cutoff  197      -21666.548 -22238.411  2.64%   5.0  870s
 1008550 923360 -21851.103  118  639 -21666.548 -22238.386  2.64%   5.0  875s
 1010961 928876 -22224.153   38  822 -21666.548 -22238.366  2.64%   5.0  881s
 1016808 930972 -21750.604  106  460 -21666.548 -22238.312  2.64%   5.0  885s
 1021243 935227 -22067.017   87  706 -21666.548 -22238.269  2.64%   5.0  890s
 1025576 939216 -21711.076  338  192 -21666.548 -22238.236  2.64%   5.0  895s
 1029258 942240 -21748.630  286  293 -21666.548 -22238.214  2.64%   5.0  900s
 1033201 946122 -21854.758   99  673 -21666.548 -22238.169  2.64%   5.0  905s
 1037621 950013 -21708.938  234  370 -21666.548 -22238.087  2.64%   5.0  910s
 1042045 953922 -21982.323  152  545 -21666.548 -22238.041  2.64%   5.0  915s
 1045950 957698 -21668.109  236  393 -21666.548 -22238.018  2.64%   5.0  920s
 1050548 961414 -21764.635  219  425 -21666.548 -22237.955  2.64%   5.0  925s
 1053875 964788 -21678.971  222  409 -21666.548 -22237.917  2.64%   5.0  930s
 1057860 968576 -21743.975  314  230 -21666.548 -22237.881  2.64%   5.0  935s
 1061876 972051 -21785.386  141  617 -21666.548 -22237.847  2.64%   5.0  940s
 1065103 974525 -21999.239   76  718 -21666.548 -22237.726  2.64%   5.0  945s
 1066710 976547 -21922.018  169  551 -21666.548 -22237.724  2.64%   5.0  950s
 1070537 980047 -21684.068  232  433 -21666.548 -22237.675  2.64%   5.0  955s
 1073675 983324 -21791.562  233  370 -21666.548 -22237.648  2.64%   5.0  960s
 1077224 986151 -22116.719   61  769 -21666.548 -22237.601  2.64%   5.0  965s
 1081262 989657     cutoff  261      -21666.548 -22237.555  2.64%   5.0  970s
H1084112 958084                    -21688.26976 -22237.537  2.53%   5.0  974s
H1084113 907378                    -21708.62840 -22237.537  2.44%   5.0  975s
H1085395 900915                    -21711.40692 -22237.513  2.42%   5.0  976s
 1088607 903651 -21722.970  176  563 -21711.407 -22237.466  2.42%   5.0  980s
 1092643 907151 -21757.608  288  132 -21711.407 -22237.424  2.42%   5.0  985s
 1096697 910976 -21859.781   91  716 -21711.407 -22237.410  2.42%   5.0  990s
 1100379 914372 -22082.309   81  729 -21711.407 -22237.359  2.42%   5.0  995s
 1104408 917911 -21942.976  150  538 -21711.407 -22237.285  2.42%   5.0 1000s
 1108910 922096 -22232.546   36  811 -21711.407 -22237.274  2.42%   5.0 1005s
 1113324 925758 -22219.895   37  811 -21711.407 -22237.200  2.42%   5.0 1010s
 1117471 929615 -21978.705  146  500 -21711.407 -22237.151  2.42%   5.0 1015s
 1121729 933450 -21868.876  144  590 -21711.407 -22237.108  2.42%   5.0 1020s
 1125178 936645 -21714.970  168  541 -21711.407 -22237.034  2.42%   5.0 1025s
 1129105 939923 -22170.384   55  767 -21711.407 -22236.957  2.42%   5.0 1030s
 1132813 943345 -22059.651   59  773 -21711.407 -22236.919  2.42%   5.0 1035s
 1137173 946969 -21978.248   78  739 -21711.407 -22236.883  2.42%   5.0 1040s
 1141130 950634 -21916.293  135  618 -21711.407 -22236.817  2.42%   5.0 1045s
 1145493 954447 -22002.106   73  753 -21711.407 -22236.751  2.42%   5.0 1050s
 1149112 957818 -21947.989  136  574 -21711.407 -22236.719  2.42%   5.0 1055s
 1152777 961132 -21953.790  127  633 -21711.407 -22236.675  2.42%   5.0 1060s
 1156593 964944 -22173.771   58  747 -21711.407 -22236.655  2.42%   5.0 1065s
 1160802 968668 -22234.998   37  812 -21711.407 -22236.631  2.42%   5.0 1070s
 1164620 972425 -22144.146   48  797 -21711.407 -22236.603  2.42%   5.0 1075s
 1168531 975674 -21855.530  119  638 -21711.407 -22236.552  2.42%   5.0 1080s
 1172977 979641 -21872.151  220  434 -21711.407 -22236.532  2.42%   5.0 1085s
 1176813 983339 -21891.473  152  578 -21711.407 -22236.502  2.42%   5.0 1090s
 1181047 986873 -22157.235   47  773 -21711.407 -22236.462  2.42%   5.0 1095s
 1184991 990467 -22028.573  104  694 -21711.407 -22236.412  2.42%   5.0 1100s
 1188868 994007 -21992.450  125  602 -21711.407 -22236.356  2.42%   5.0 1105s
 1192511 997452 -21867.303  188  432 -21711.407 -22236.348  2.42%   5.0 1110s
 1196685 1001151 -21927.944  179  501 -21711.407 -22236.323  2.42%   5.0 1115s
 1199957 1004044 -22179.142   46  804 -21711.407 -22236.297  2.42%   5.0 1120s
 1203602 1007345 -21811.827  135  376 -21711.407 -22236.253  2.42%   5.0 1125s
 1206885 1010376 -21814.863  115  635 -21711.407 -22236.222  2.42%   5.0 1130s
 1210450 1013793 -21855.379  209  419 -21711.407 -22236.210  2.42%   5.0 1135s
 1213822 1016690 -21878.520   86  706 -21711.407 -22236.162  2.42%   5.0 1140s
 1217298 1019779 -22081.251   95  684 -21711.407 -22236.126  2.42%   5.0 1145s
H1220341 1012876                    -21715.21136 -22236.098  2.40%   5.0 1149s
 1220494 1013375 -21721.466  231  402 -21715.211 -22236.098  2.40%   5.0 1150s
 1223827 1016172 -21849.863  132  625 -21715.211 -22236.047  2.40%   5.0 1155s
 1226936 1019031 -22165.711   49  788 -21715.211 -22236.023  2.40%   5.0 1160s
 1230381 1021906 -21842.273  161  551 -21715.211 -22235.988  2.40%   5.0 1165s
H1233356 1019132                    -21717.27209 -22235.946  2.39%   5.0 1174s
 1234065 1020183 -22084.394   61  791 -21717.272 -22235.946  2.39%   5.0 1175s
 1237247 1022847 -21950.043   90  704 -21717.272 -22235.882  2.39%   5.0 1180s
 1239883 1025453 -21897.276   99  693 -21717.272 -22235.855  2.39%   5.0 1185s
 1243800 1028532 -22215.634   37  826 -21717.272 -22235.808  2.39%   5.0 1190s
H1246132 993687                    -21731.53872 -22235.786  2.32%   5.0 1194s
H1246239 987650                    -21733.75796 -22235.786  2.31%   5.0 1194s
 1246462 988049     cutoff  136      -21733.758 -22235.785  2.31%   5.0 1195s
 1249462 990707 -22022.249   82  724 -21733.758 -22235.749  2.31%   5.0 1200s
 1252986 993898 -21983.892  153  571 -21733.758 -22235.719  2.31%   5.0 1205s
 1256110 996857 -22015.949   76  734 -21733.758 -22235.719  2.31%   5.0 1210s
H1259497 994158                    -21735.66019 -22235.655  2.30%   5.0 1223s
H1259498 977519                    -21741.84239 -22235.655  2.27%   5.0 1224s
 1259982 978320 -21776.150  151  617 -21741.842 -22235.638  2.27%   5.0 1225s
 1263213 981426 -22230.897   34  817 -21741.842 -22235.621  2.27%   5.0 1230s
 1266732 984428 -21811.806  221  382 -21741.842 -22235.594  2.27%   5.0 1235s
 1269945 987453 -22216.452   41  815 -21741.842 -22235.556  2.27%   5.0 1240s
 1272325 989256 -21862.568  184  512 -21741.842 -22235.535  2.27%   5.0 1253s
 1272822 990114 -21811.267  115  383 -21741.842 -22235.535  2.27%   5.0 1255s
 1276371 993316 -21843.836  218  394 -21741.842 -22235.506  2.27%   5.0 1260s
 1279738 996468 -21852.028  194  470 -21741.842 -22235.455  2.27%   5.0 1265s
 1282644 999158 -21800.670  153  578 -21741.842 -22235.417  2.27%   5.0 1270s
 1285172 1001297 -22193.034   52  769 -21741.842 -22235.384  2.27%   5.0 1275s
 1287276 1003308 -21828.235  254  351 -21741.842 -22235.384  2.27%   5.0 1280s
 1290744 1006637 -21903.642  175  490 -21741.842 -22235.367  2.27%   5.0 1285s
 1294055 1009587 -22163.674   48  800 -21741.842 -22235.348  2.27%   5.0 1290s
 1296832 1012014 -22114.475   76  713 -21741.842 -22235.289  2.27%   5.0 1295s
 1300324 1015427 -21804.248  184  461 -21741.842 -22235.278  2.27%   5.0 1300s
 1303207 1018219 -21869.042  209  400 -21741.842 -22235.262  2.27%   5.0 1305s
 1306719 1021326 -21990.779  135  554 -21741.842 -22235.225  2.27%   5.0 1310s
 1310298 1024718 -21962.986  153  536 -21741.842 -22235.199  2.27%   5.0 1315s
 1312994 1027118 -21792.431  205  439 -21741.842 -22235.185  2.27%   5.0 1320s
 1316405 1030573 -21852.295  198  437 -21741.842 -22235.165  2.27%   5.0 1325s
 1319232 1033386 -21870.716  122  627 -21741.842 -22235.148  2.27%   5.0 1330s
 1322797 1036329 -22048.964  108  615 -21741.842 -22235.105  2.27%   5.0 1335s
 1326074 1039367 -22076.386   79  718 -21741.842 -22235.093  2.27%   5.0 1340s
 1329373 1042462 -21983.628  115  617 -21741.842 -22235.075  2.27%   5.0 1345s
 1332201 1044941 -21943.183  161  512 -21741.842 -22235.053  2.27%   5.0 1350s
 1335089 1047476 -21866.862  191  461 -21741.842 -22235.032  2.27%   5.0 1355s
 1338666 1050668 -21924.932  161  545 -21741.842 -22234.992  2.27%   5.0 1360s
 1341779 1053584 -21755.826  144  630 -21741.842 -22234.958  2.27%   5.0 1365s
 1344815 1056467 -21857.754  126  650 -21741.842 -22234.939  2.27%   5.0 1370s
 1348000 1059238 -21786.816  145  560 -21741.842 -22234.895  2.27%   5.0 1375s
 1349506 1060722 -21926.386  121  625 -21741.842 -22234.884  2.27%   5.0 1380s
 1353158 1063719 -21899.385  113  651 -21741.842 -22234.848  2.27%   5.0 1385s
 1356209 1066643 -22121.048   70  752 -21741.842 -22234.829  2.27%   5.0 1390s
 1359267 1069256 -21905.735  101  697 -21741.842 -22234.794  2.27%   5.0 1395s
 1362503 1072115 -22186.484   40  804 -21741.842 -22234.758  2.27%   5.0 1400s
 1365421 1074727 -21895.849  155  573 -21741.842 -22234.728  2.27%   5.0 1405s
 1368529 1077441 -21937.729  172  458 -21741.842 -22234.705  2.27%   5.0 1410s
 1371702 1080056 -21886.722  115  679 -21741.842 -22234.663  2.27%   5.0 1415s
 1375058 1083009 -21742.245  159  551 -21741.842 -22234.615  2.27%   5.0 1420s
 1378073 1085684 -22044.270   99  643 -21741.842 -22234.602  2.27%   5.0 1425s
 1381741 1088919 -22186.804   49  779 -21741.842 -22234.572  2.27%   5.0 1430s
 1384698 1091620 -22066.499   99  706 -21741.842 -22234.550  2.27%   5.0 1435s
 1387687 1094365 -21883.600  194  452 -21741.842 -22234.539  2.27%   5.0 1440s
 1389808 1096076 -21770.412  128  624 -21741.842 -22234.535  2.27%   5.0 1445s
 1392887 1099211 -22012.522  107  670 -21741.842 -22234.512  2.27%   5.0 1450s
 1396087 1101908 -21995.374   79  697 -21741.842 -22234.470  2.27%   5.0 1455s
 1399147 1104815 -21940.114  126  625 -21741.842 -22234.440  2.27%   5.0 1460s
 1402389 1107281 -22215.124   36  816 -21741.842 -22234.403  2.27%   5.0 1465s
 1403758 1108518 -21934.148  152  502 -21741.842 -22234.403  2.27%   5.0 1470s
 1406642 1111402 -21806.936  210  421 -21741.842 -22234.367  2.27%   5.0 1475s
 1409457 1113948 -22155.839   59  757 -21741.842 -22234.331  2.27%   5.0 1480s
 1412677 1116644 -21949.649  172  503 -21741.842 -22234.298  2.27%   5.0 1485s
 1415838 1119601 -22017.790  104  661 -21741.842 -22234.265  2.26%   5.0 1490s
 1418473 1122074 -21904.675  175  442 -21741.842 -22234.242  2.26%   5.0 1495s
 1421155 1124376 -22050.000  105  670 -21741.842 -22234.219  2.26%   5.0 1500s
 1424285 1127459 -21759.026  121  643 -21741.842 -22234.202  2.26%   5.0 1505s
 1427607 1130267 -22021.425  133  571 -21741.842 -22234.166  2.26%   5.0 1510s
 1430632 1133004 -22183.107   46  794 -21741.842 -22234.158  2.26%   5.0 1515s
 1433157 1135449 -21800.886  226  375 -21741.842 -22234.148  2.26%   5.0 1520s
 1436080 1138074 -21771.340  165  564 -21741.842 -22234.124  2.26%   5.0 1525s
 1438877 1140571 -21930.960   88  680 -21741.842 -22234.061  2.26%   5.0 1530s
 1441739 1142839 -22220.893   43  804 -21741.842 -22234.022  2.26%   5.0 1535s
 1445035 1145893 -22094.839   85  682 -21741.842 -22234.007  2.26%   5.0 1540s
 1445926 1146785 -22004.587  131  597 -21741.842 -22234.007  2.26%   5.0 1545s
 1448728 1149550 -22185.003   46  788 -21741.842 -22234.001  2.26%   5.0 1550s
 1451803 1152265 -21923.777  170  510 -21741.842 -22233.962  2.26%   5.0 1555s
 1454349 1154562 -21985.249   85  717 -21741.842 -22233.934  2.26%   5.0 1560s
 1457896 1157747 -21803.102  269  312 -21741.842 -22233.918  2.26%   5.0 1565s
 1460372 1160001 -22108.026   57  773 -21741.842 -22233.893  2.26%   5.0 1570s
 1462051 1161658 -22128.318   69  755 -21741.842 -22233.881  2.26%   5.0 1575s
 1465095 1164390 -21903.659  168  492 -21741.842 -22233.865  2.26%   5.0 1580s
 1467669 1166769 -21870.567   99  690 -21741.842 -22233.861  2.26%   5.0 1585s
 1470848 1169596 -21947.404  133  602 -21741.842 -22233.808  2.26%   5.0 1590s
 1473685 1171761 -21903.662  172  480 -21741.842 -22233.778  2.26%   5.0 1596s
 1475743 1174000 -21945.591   77  733 -21741.842 -22233.772  2.26%   5.0 1600s
 1478806 1176859 -21811.846  267  315 -21741.842 -22233.753  2.26%   5.0 1605s
 1481746 1179435 -22071.427   60  795 -21741.842 -22233.723  2.26%   5.0 1610s
 1484483 1181673 -22092.309   89  674 -21741.842 -22233.683  2.26%   5.0 1615s
 1487374 1184322 -22156.849   51  769 -21741.842 -22233.663  2.26%   5.0 1620s
 1490144 1186801 -21759.386  259  290 -21741.842 -22233.643  2.26%   5.0 1626s
 1491880 1188736 -21817.423  103  712 -21741.842 -22233.626  2.26%   5.0 1630s
 1494454 1190792     cutoff  227      -21741.842 -22233.599  2.26%   5.0 1635s
 1497084 1193237 infeasible  269      -21741.842 -22233.570  2.26%   5.0 1640s
 1499909 1195692 -21896.366  141  615 -21741.842 -22233.530  2.26%   5.0 1645s
 1501748 1197360 -21771.914  179  521 -21741.842 -22233.522  2.26%   5.0 1651s
 1503855 1198983 -22097.072   90  712 -21741.842 -22233.509  2.26%   5.0 1655s
 1506461 1201774 -21829.942  236  369 -21741.842 -22233.509  2.26%   5.0 1660s
 1508815 1204115 -22110.323   83  724 -21741.842 -22233.488  2.26%   5.0 1665s
 1511932 1206993 -22122.570   61  763 -21741.842 -22233.483  2.26%   5.0 1670s
 1514736 1209440 -22188.746   51  784 -21741.842 -22233.455  2.26%   5.0 1675s
 1517007 1211360 -21872.589   91  719 -21741.842 -22233.435  2.26%   5.0 1680s
 1519737 1214056 -21828.530  245  336 -21741.842 -22233.427  2.26%   5.0 1685s
 1522228 1216263 -21795.750  145  604 -21741.842 -22233.412  2.26%   5.0 1690s
 1525492 1219223 -21923.866  154  510 -21741.842 -22233.387  2.26%   5.0 1695s
 1527702 1221420 -21870.309  109  666 -21741.842 -22233.387  2.26%   5.0 1700s
 1530292 1223590 -21751.743  150  596 -21741.842 -22233.344  2.26%   5.0 1705s
 1533276 1226252 -22117.258   61  758 -21741.842 -22233.311  2.26%   5.0 1711s
 1535322 1227836 -21762.255  225  410 -21741.842 -22233.284  2.26%   5.0 1715s
 1537542 1229954 -21910.945  101  696 -21741.842 -22233.266  2.26%   5.0 1720s
 1540446 1232622 -22091.422   90  683 -21741.842 -22233.249  2.26%   5.0 1725s
 1542965 1234856 -21798.434  266  298 -21741.842 -22233.228  2.26%   5.0 1730s
 1545378 1237173     cutoff  127      -21741.842 -22233.203  2.26%   5.0 1735s
 1547943 1239387 -21972.492   88  702 -21741.842 -22233.180  2.26%   5.0 1740s
 1550353 1241514 -22052.236  105  633 -21741.842 -22233.155  2.26%   5.0 1745s
 1552937 1244163     cutoff  160      -21741.842 -22233.147  2.26%   5.0 1750s
 1555795 1246852 -21907.927  165  547 -21741.842 -22233.133  2.26%   5.0 1755s
 1557911 1248711 -21749.029  203  457 -21741.842 -22233.117  2.26%   5.0 1760s
 1560553 1250827 -22083.508   74  749 -21741.842 -22233.086  2.26%   5.0 1765s
 1563357 1253633 -21800.265  232  340 -21741.842 -22233.083  2.26%   5.0 1770s
 1566099 1255906 -21861.833  152  574 -21741.842 -22233.056  2.26%   5.0 1775s
 1567712 1257396 -21976.356  153  513 -21741.842 -22233.051  2.26%   5.0 1780s
 1570095 1259838 -21750.264  198  472 -21741.842 -22233.048  2.26%   5.0 1785s
 1572925 1262334 -21828.900  217  417 -21741.842 -22233.027  2.26%   5.0 1790s
 1575290 1264786 -21773.171  143  542 -21741.842 -22233.009  2.26%   5.0 1795s
 1578385 1266844 -21912.269  135  601 -21741.842 -22232.987  2.26%   5.0 1800s

Cutting planes:
  Gomory: 8
  Cover: 267
  Projected implied bound: 69
  Clique: 523
  MIR: 1569
  StrongCG: 554
  Flow cover: 557
  GUB cover: 5
  Inf proof: 26
  Zero half: 167
  Mod-K: 1
  RLT: 2
  Relax-and-lift: 326
  BQP: 2

Explored 1578407 nodes (7867478 simplex iterations) in 1800.14 seconds (1367.61 work units)
Thread count was 4 (of 24 available processors)

Solution count 10: -21741.8 -21735.7 -21733.8 ... -21666.5

Time limit reached
Best objective -2.174184238656e+04, best bound -2.223298671401e+04, gap 2.2590%

User-callback calls 3311794, time in user-callback 5.44 sec
