
Gurobi 13.0.1 (win64) logging started Wed Oct  7 17:45:23 2026

Set parameter LogFile to value "results/source_summaries/2d/B0540/gurobi_extensive.log"
Gurobi Optimizer version 13.0.1 build v13.0.1rc0 (win64 - Windows 11+.0 (26200.2))

CPU model: Intel(R) Core(TM) i7-14700, instruction set [SSE2|AVX|AVX2]
Thread count: 20 physical cores, 28 logical processors, using up to 4 threads

Non-default parameters:
TimeLimit  1800
IntFeasTol  1e-06
MIPGap  0.0005
Heuristics  0.2
Cuts  2
Presolve  2
Seed  1
Threads  4

Optimize a model with 17287 rows, 29166 columns and 62656 nonzeros (Min)
Model fingerprint: 0xaaf3ea31
Model has 11884 linear objective coefficients
Variable types: 17282 continuous, 11884 integer (11882 binary)
Coefficient statistics:
  Matrix range     [1e-01, 3e+01]
  Objective range  [2e+00, 5e+01]
  Bounds range     [1e-01, 2e+01]
  RHS range        [1e+00, 8e+01]

Found heuristic solution: objective 0.0000000
Presolve removed 0 rows and 16200 columns
Presolve time: 1.52s
Presolved: 17287 rows, 12966 columns, 46459 nonzeros
Variable types: 1082 continuous, 11884 integer (11882 binary)
Root relaxation presolved: 17287 rows, 12966 columns, 46459 nonzeros


Root relaxation: objective -1.437188e+05, 5016 iterations, 0.18 seconds (0.25 work units)

    Nodes    |    Current Node    |     Objective Bounds      |     Work
 Expl Unexpl |  Obj  Depth IntInf | Incumbent    BestBd   Gap | It/Node Time

     0     0 -143718.83    0 1220    0.00000 -143718.83      -     -    1s
H    0     0                    -129987.5610 -143718.83  10.6%     -    1s
H    0     0                    -131056.8068 -143718.83  9.66%     -    1s
H    0     0                    -131280.0762 -143718.83  9.47%     -    1s
H    0     0                    -131315.7902 -143718.83  9.45%     -    1s
H    0     0                    -131318.3783 -141394.33  7.67%     -    2s
H    0     0                    -131339.5522 -141394.33  7.66%     -    2s
H    0     0                    -131359.8208 -141394.33  7.64%     -    2s
     0     0 -141394.33    0 2084 -131359.82 -141394.33  7.64%     -    2s
     0     0 -141384.79    0 2060 -131359.82 -141384.79  7.63%     -    2s
     0     0 -141011.49    0 2393 -131359.82 -141011.49  7.35%     -    2s
     0     0 -140924.53    0 2661 -131359.82 -140924.53  7.28%     -    2s
     0     0 -140924.51    0 2654 -131359.82 -140924.51  7.28%     -    3s
H    0     0                    -131368.2283 -140924.34  7.27%     -    3s
H    0     0                    -131370.2933 -140924.34  7.27%     -    3s
     0     0 -140924.34    0 2647 -131370.29 -140924.34  7.27%     -    3s
H    0     0                    -131377.3358 -140924.34  7.27%     -    3s
H    0     0                    -131384.8551 -140924.34  7.26%     -    3s
H    0     0                    -131403.4961 -140924.34  7.25%     -    3s
H    0     0                    -131406.4734 -140924.34  7.24%     -    3s
H    0     0                    -131408.5327 -140924.34  7.24%     -    3s
H    0     0                    -131461.6095 -140561.91  6.92%     -    3s
H    0     0                    -131494.2062 -140561.91  6.90%     -    3s
H    0     0                    -131497.2952 -140561.91  6.89%     -    3s
     0     0 -140561.91    0 2426 -131497.30 -140561.91  6.89%     -    3s
H    0     0                    -131507.9798 -140561.26  6.88%     -    3s
H    0     0                    -131510.1280 -140561.26  6.88%     -    3s
H    0     0                    -131514.0401 -139961.38  6.42%     -    4s
H    0     0                    -131517.1564 -139961.38  6.42%     -    4s
     0     0 -139961.38    0 2643 -131517.16 -139961.38  6.42%     -    4s
H    0     0                    -131539.3533 -139739.85  6.23%     -    4s
     0     0 -139739.85    0 2818 -131539.35 -139739.85  6.23%     -    4s
H    0     0                    -131553.8022 -139682.38  6.18%     -    4s
H    0     0                    -131560.7921 -139682.38  6.17%     -    4s
     0     0 -139682.38    0 2927 -131560.79 -139682.38  6.17%     -    4s
     0     0 -139681.16    0 2967 -131560.79 -139681.16  6.17%     -    5s
H    0     0                    -131568.9054 -139681.16  6.17%     -    5s
H    0     0                    -131591.1064 -139359.27  5.90%     -    6s
H    0     0                    -131593.0356 -139359.27  5.90%     -    6s
H    0     0                    -131599.5891 -139359.27  5.90%     -    6s
     0     0 -139359.27    0 3072 -131599.59 -139359.27  5.90%     -    6s
     0     0 -139359.24    0 3065 -131599.59 -139359.24  5.90%     -    6s
H    0     0                    -131609.0585 -139269.53  5.82%     -    6s
H    0     0                    -131616.0667 -139269.53  5.81%     -    6s
     0     0 -139269.53    0 3061 -131616.07 -139269.53  5.81%     -    6s
H    0     0                    -131629.8272 -139186.75  5.74%     -    6s
H    0     0                    -131631.7846 -139186.75  5.74%     -    6s
     0     0 -139186.75    0 3256 -131631.78 -139186.75  5.74%     -    6s
     0     0 -139181.93    0 3292 -131631.78 -139181.93  5.74%     -    6s
     0     0 -139181.50    0 3297 -131631.78 -139181.50  5.74%     -    6s
H    0     0                    -131647.9115 -139181.50  5.72%     -    7s
     0     0 -139041.69    0 3292 -131647.91 -139041.69  5.62%     -    8s
     0     0 -139041.33    0 3290 -131647.91 -139041.33  5.62%     -    8s
H    0     0                    -131648.9288 -139041.10  5.62%     -    8s
     0     0 -138872.30    0 3394 -131648.93 -138872.30  5.49%     -    8s
     0     0 -138783.20    0 3397 -131648.93 -138783.20  5.42%     -    8s
     0     0 -138719.72    0 3449 -131648.93 -138719.72  5.37%     -    9s
     0     0 -138700.92    0 3450 -131648.93 -138700.92  5.36%     -    9s
     0     0 -138699.86    0 3446 -131648.93 -138699.86  5.36%     -    9s
H    0     0                    -131661.0533 -138699.86  5.35%     -   10s
     0     0 -138681.80    0 3437 -131661.05 -138681.80  5.33%     -   10s
     0     0 -138680.51    0 3462 -131661.05 -138680.51  5.33%     -   10s
H    0     0                    -131670.1713 -138547.18  5.22%     -   13s
     0     0 -138547.18    0 3577 -131670.17 -138547.18  5.22%     -   13s
     0     0 -138530.87    0 3630 -131670.17 -138530.87  5.21%     -   14s
     0     0 -138520.63    0 3892 -131670.17 -138520.63  5.20%     -   14s
     0     0 -138519.42    0 3908 -131670.17 -138519.42  5.20%     -   14s
     0     0 -138413.22    0 3999 -131670.17 -138413.22  5.12%     -   19s
     0     0 -138407.90    0 4033 -131670.17 -138407.90  5.12%     -   19s
H    0     0                    -131671.2101 -138407.90  5.12%     -   20s
     0     0 -138373.22    0 4051 -131671.21 -138373.22  5.09%     -   21s
     0     0 -138372.85    0 4051 -131671.21 -138372.85  5.09%     -   21s
     0     0 -138372.85    0 4008 -131671.21 -138372.85  5.09%     -   21s
     0     2 -138370.38    0 4005 -131671.21 -138370.38  5.09%     -   23s
     3     8 -137155.65    2 3410 -131671.21 -138325.58  5.05%  1841   25s
   440   445 -137095.92   70 3300 -131671.21 -137618.30  4.52%  34.6   30s
   672   706 -137081.54  109 3272 -131671.21 -137618.30  4.52%  25.1   35s
  2295  2539 -136658.14  363 2954 -131671.21 -137618.30  4.52%  12.8   40s
  5177  5138 -135723.97  712 4008 -131671.21 -137602.89  4.50%  10.0   52s
  5187  5145 -132964.80  911 3802 -131671.21 -137602.89  4.50%  10.0   55s
  5193  5149 -133378.86  466 3634 -131671.21 -137602.89  4.50%  10.0   60s
  5198  5152 -133402.79  468 3950 -131671.21 -137602.89  4.50%  10.0   66s
  5201  5154 -136035.10  605 4570 -131671.21 -137602.89  4.50%   9.9   70s
  5204  5156 -134147.07  136 4624 -131671.21 -137602.89  4.50%   9.9   76s
  5206  5157 -136960.94  197 4695 -131671.21 -137602.89  4.50%   9.9   81s
  5208  5159 -134271.07  103 4182 -131671.21 -137602.89  4.50%   9.9   85s
  5211  5161 -134252.46  166 4390 -131671.21 -137602.89  4.50%   9.9   91s
  5213  5162 -133872.17  435 4421 -131671.21 -137602.89  4.50%   9.9   96s
  5215  5163 -132792.81  724 4450 -131671.21 -137602.89  4.50%   9.9  103s
  5216  5164 -134078.82  227 4472 -131671.21 -137590.99  4.50%   9.9  107s
  5218  5165 -133436.10  694 4588 -131671.21 -137568.11  4.48%   9.9  110s
  5219  5166 -133284.02  557 5150 -131671.21 -137566.57  4.48%   9.9  115s
  5221  5167 -136360.49  479 5206 -131671.21 -137530.93  4.45%   9.9  122s
  5222  5168 -133284.02  557 5230 -131671.21 -137530.35  4.45%   9.9  126s
  5223  5169 -133460.84  445 5169 -131671.21 -137494.08  4.42%   9.9  131s
  5225  5170 -132933.13  690 4741 -131671.21 -137467.69  4.40%   9.9  138s
  5226  5171 -133868.43  263 4830 -131671.21 -137459.13  4.40%   9.9  140s
  5228  5172 -132778.76  980 5298 -131671.21 -137421.15  4.37%   9.9  151s
  5230  5173 -133985.63  329 5386 -131671.21 -137414.06  4.36%   9.9  158s
  5231  5174 -132419.46 1020 5372 -131671.21 -137390.21  4.34%   9.9  164s
  5232  5175 -133813.20  492 4847 -131671.21 -137377.45  4.33%   9.9  168s
  5233  5175 -134235.25  181 4887 -131671.21 -137363.87  4.32%   9.9  171s
  5235  5177 -132783.17  828 4999 -131671.21 -137355.07  4.32%   9.9  177s
  5236  5177 -133106.81  641 5396 -131671.21 -137305.04  4.28%   9.9  184s
  5237  5178 -133569.09  652 5500 -131671.21 -137301.52  4.28%   9.9  190s
  5238  5179 -133823.93  557 5423 -131671.21 -137269.47  4.25%   9.9  195s
  5239  5179 -132902.86  695 5011 -131671.21 -137250.64  4.24%   9.9  200s
  5241  5181 -134199.52  132 5545 -131671.21 -137231.91  4.22%   9.9  206s
  5242  5181 -133989.48  215 5563 -131671.21 -137229.54  4.22%   9.9  210s
  5243  5182 -133973.36  456 5455 -131671.21 -137205.46  4.20%   9.9  217s
  5244  5183 -134071.63  223 5571 -131671.21 -137202.50  4.20%   9.9  223s
  5245  5183 -132465.24  999 5531 -131671.21 -137182.57  4.19%   9.9  228s
  5246  5184 -133902.25  424 5603 -131671.21 -137173.02  4.18%   9.9  233s
  5247  5185 -136035.10  605 5629 -131671.21 -137168.53  4.18%   9.9  236s
  5248  5185 -134085.46  213 5661 -131671.21 -137167.67  4.17%   9.9  241s
  5249  5186 -132423.87 1019 5602 -131671.21 -137165.71  4.17%   9.9  246s
  5251  5187 -134406.11   46 5587 -131671.21 -137165.55  4.17%   9.9  261s
  5252  5191 -137165.20   14 5533 -131671.21 -137165.55  4.17%  31.8  267s
  5254  5194 -136153.29   15 4695 -131671.21 -137164.58  4.17%  34.6  270s
  5477  5355 -136116.92   32 4729 -131671.21 -136940.46  4.00%  37.8  275s
  5816  5576 -136105.83   46 4720 -131671.21 -136940.46  4.00%  38.2  280s
  6094  5777 -136100.31   53 4707 -131671.21 -136940.46  4.00%  37.9  285s
  6274  5899 -136094.83   60 4709 -131671.21 -136940.46  4.00%  37.9  290s
  6458  5995 -136078.76   71 4671 -131671.21 -136940.46  4.00%  38.2  295s
  6634  6166 -136062.83   78 4674 -131671.21 -136940.46  4.00%  38.5  300s
  6798  6299 -136048.28   80 4657 -131671.21 -136940.46  4.00%  38.2  305s
  6879  6299 -136053.69   82 4646 -131671.21 -136940.46  4.00%  38.0  311s
  6906  6362 -136051.79   84 4634 -131671.21 -136940.46  4.00%  38.1  320s
  6978  6371 -136041.72   88 4648 -131671.21 -136940.46  4.00%  38.0  330s
  7011  6394 -136037.83   89 4643 -131671.21 -136940.46  4.00%  38.0  340s
  7045  6511 -136025.89   93 4652 -131671.21 -136940.46  4.00%  38.1  351s
  7174  6579 -136017.64   97 4628 -131671.21 -136940.46  4.00%  37.9  362s
  7285  6654 -136001.99  101 4581 -131671.21 -136940.46  4.00%  37.8  373s
  7397  6738 -135996.77  105 4576 -131671.21 -136940.46  4.00%  37.7  386s
  7518  6801 -135978.20  110 4563 -131671.21 -136940.46  4.00%  37.5  396s
  7621  6900 -135966.73  115 4542 -131671.21 -136940.46  4.00%  37.4  407s
  7755  6938 -135953.86  122 4534 -131671.21 -136940.46  4.00%  37.2  421s
  7839  7051 -135917.81  129 4524 -131671.21 -136940.46  4.00%  37.3  435s
  7980  7132 -135873.02  139 4501 -131671.21 -136940.46  4.00%  37.2  449s
  8108  7293 -135860.97  142 4509 -131671.21 -136940.46  4.00%  36.9  455s
  8639  7852 -135840.04  153 4475 -131671.21 -136940.46  4.00%  35.8  461s
  9060  8138 -135820.28  161 4481 -131671.21 -136940.46  4.00%  35.4  465s
  9855  8330 -135783.58  177 4566 -131671.21 -136940.46  4.00%  35.7  472s
 10038  8464 -135752.27  190 4476 -131671.21 -136940.46  4.00%  36.5  475s
 10473  8847 -135722.84  206 4425 -131671.21 -136940.46  4.00%  36.9  488s
 10765  9069 -135706.25  220 4412 -131671.21 -136940.46  4.00%  36.8  495s
 11087  9279 -135639.31  242 4385 -131671.21 -136940.46  4.00%  37.1  502s
 11410  9238 -135599.88  256 4345 -131671.21 -136940.46  4.00%  36.8  507s
 11559  9274 -135572.13  273 4320 -131671.21 -136940.46  4.00%  37.7  513s
 11644  9360 -135509.82  301 4293 -131671.21 -136940.46  4.00%  38.8  518s
 11759  9543 -135488.73  322 4255 -131671.21 -136940.46  4.00%  40.1  524s
 11980  9607 -135406.38  346 4210 -131671.21 -136940.46  4.00%  42.6  530s
 12118 10010 -135348.88  364 4162 -131671.21 -136940.46  4.00%  45.5  538s
 12569 10283 -135273.24  392 4121 -131671.21 -136940.46  4.00%  47.5  546s
 13016 10168 -135228.08  412 4071 -131671.21 -136940.46  4.00%  48.9  555s
 13050 10384 -135204.11  416 4064 -131671.21 -136940.46  4.00%  49.2  562s
 13281 10568 -135083.99  450 4022 -131671.21 -136940.46  4.00%  50.6  569s
 13544 10848 -134940.63  485 3963 -131671.21 -136940.46  4.00%  53.3  576s
 13918 10872 -134789.77  539 3829 -131671.21 -136940.46  4.00%  55.9  584s
 14069 11298 -134755.20  562 3733 -131671.21 -136940.46  4.00%  57.4  593s
 14553 11600 -134688.71  610 3628 -131671.21 -136940.46  4.00%  58.4  601s
 15022 12130 -134515.86  675 3546 -131671.21 -136940.46  4.00%  59.2  610s
 15725 12523 -134320.57  741 3428 -131671.21 -136940.46  4.00%  59.7  619s
 16380 13209 -134122.39  806 3294 -131671.21 -136940.46  4.00%  59.9  627s
 17300 14137 -133868.54  892 3115 -131671.21 -136940.46  4.00%  59.6  635s
 18579 14513 -133552.89  976 2911 -131671.21 -136940.46  4.00%  58.3  641s
 19457 15165 -133078.18 1122 2551 -131671.21 -136940.46  4.00%  57.6  646s
 20416 15717 -132498.91 1314 2206 -131671.21 -136940.46  4.00%  56.9  652s
 21310 16880 -131952.18 1485 1889 -131671.21 -136940.46  4.00%  55.9  659s
 22667 17112 -136097.41   40 4838 -131671.21 -136940.46  4.00%  54.4  661s
 23143 17378 -136021.62   59 4731 -131671.21 -136940.46  4.00%  54.3  667s
 23321 17648 -135953.92   85 4688 -131671.21 -136940.46  4.00%  54.6  672s
 23716 18206 -135897.93   93 4656 -131671.21 -136940.46  4.00%  54.8  678s
 24023 18361 -135889.57   98 4636 -131671.21 -136940.46  4.00%  54.5  680s
 24380 18970 -135791.66  127 4601 -131671.21 -136940.46  4.00%  54.7  687s
 24849 19131 -135735.94  137 4573 -131671.21 -136940.46  4.00%  54.4  691s
 25163 19344 -135646.66  172 4460 -131671.21 -136940.46  4.00%  55.0  697s
 25295 19428 -135627.92  186 4429 -131671.21 -136940.46  4.00%  55.6  700s
 25523 19698 -135540.10  217 4289 -131671.21 -136940.46  4.00%  56.4  707s
 25651 19757 -135480.73  236 4218 -131671.21 -136940.46  4.00%  56.9  710s
 25799 20106 -135464.48  238 4215 -131671.21 -136940.46  4.00%  57.7  717s
 26065 20371 -135431.59  249 4198 -131671.21 -136940.46  4.00%  58.1  721s
 26330 20635 -135364.20  267 4160 -131671.21 -136940.46  4.00%  58.3  725s
 26799 21042 -135265.32  325 4019 -131671.21 -136940.46  4.00%  59.0  732s
 27005 21229 -135239.38  336 3982 -131671.21 -136940.46  4.00%  59.5  736s
 27192 21415 -135222.47  340 4014 -131671.21 -136940.46  4.00%  60.1  740s
 27378 21419 -135194.31  345 3969 -131671.21 -136940.46  4.00%  60.7  747s
 27382 21423 -135194.24  346 3956 -131671.21 -136940.46  4.00%  60.7  752s
 27386 21427 -135193.65  347 3964 -131671.21 -136940.46  4.00%  60.7  758s
 27390 21431 -135187.14  348 3956 -131671.21 -136940.46  4.00%  60.7  764s
 27394 21435 -135177.30  348 3953 -131671.21 -136940.46  4.00%  60.7  770s
 27398 21439 -135181.05  345 3974 -131671.21 -136940.46  4.00%  60.7  776s
 27402 21443 -135173.42  347 3968 -131671.21 -136940.46  4.00%  60.7  782s
 27406 21447 -135187.14  349 3957 -131671.21 -136940.46  4.00%  60.7  788s
 27410 21452 -135187.14  350 3954 -131671.21 -136940.46  4.00%  60.7  795s
 27415 21472 -135184.64  350 3951 -131671.21 -136940.46  4.00%  60.7  800s
 27435 21566 -135170.56  361 3911 -131671.21 -136940.46  4.00%  60.7  806s
 27529 21750 -135111.13  373 3898 -131671.21 -136940.46  4.00%  60.7  812s
 27717 21943 -134947.29  410 3811 -131671.21 -136940.46  4.00%  60.7  818s
 27920 22093 -134818.45  443 3724 -131671.21 -136940.46  4.00%  60.6  825s
 28072 22281 -134703.56  477 3681 -131671.21 -136940.46  4.00%  60.6  831s
 28264 22472 -134531.41  537 3534 -131671.21 -136940.46  4.00%  60.7  837s
 28455 22822 -134397.31  574 3462 -131671.21 -136940.46  4.00%  60.7  843s
 28811 22992 -134121.03  636 3333 -131671.21 -136940.46  4.00%  60.6  849s
 28981 23138 -134024.58  675 3309 -131671.21 -136940.46  4.00%  60.4  856s
 29135 23638 -133926.59  703 3271 -131671.21 -136940.46  4.00%  60.7  862s
 29655 24161 -133521.19  780 3041 -131671.21 -136940.46  4.00%  60.1  869s
 30180 24774 -133201.86  911 2795 -131671.21 -136940.46  4.00%  59.4  876s
 30795 25725 -132991.89  976 2638 -131671.21 -136940.46  4.00%  59.1  883s
 31754 27088 -132674.47 1076 2457 -131671.21 -136940.46  4.00%  58.2  891s
 33603 27787 -132061.10 1335 2024 -131671.21 -136940.46  4.00%  56.9  896s
 34051 28056 -132019.65 1347 2018 -131671.21 -136940.46  4.00%  56.9  901s
 34526 29106 -131900.54 1381 1941 -131671.21 -136940.46  4.00%  56.7  907s
 35159 29728 -131833.73 1426 1891 -131671.21 -136940.46  4.00%  56.3  911s
 35964 30049 -136075.48   30 4825 -131671.21 -136940.46  4.00%  55.9  915s
 36572 30807 -136025.01   54 4774 -131671.21 -136940.46  4.00%  55.8  920s
 37390 31865 -135977.03   57 4670 -131671.21 -136940.46  4.00%  55.5  925s
 38468 33013 -135883.15   64 4552 -131671.21 -136940.46  4.00%  54.8  930s
 39714 33917 -135820.88   92 4449 -131671.21 -136940.46  4.00%  54.1  935s
 40717 35022 -135774.70  103 4392 -131671.21 -136940.46  4.00%  53.5  940s
 41835 35994 -135635.35  136 4278 -131671.21 -136940.46  4.00%  52.9  945s
 42174 38486 -135580.62  147 4282 -131671.21 -136940.46  4.00%  52.7  951s
 44842 38724 -135419.88  185 4189 -131671.21 -136940.46  4.00%  50.9  956s
 45039 38870 -135425.30  182 4175 -131671.21 -136940.46  4.00%  50.8  962s
 45409 39238 -135430.53  184 4219 -131671.21 -136940.46  4.00%  50.5  965s
 46076 40135 -135401.52  193 4190 -131671.21 -136859.40  3.94%  50.2  970s
 46970 40878 -135400.90  197 4199 -131671.21 -136858.07  3.94%  49.9  975s
 48429 42546 -135318.50  216 4139 -131671.21 -136858.07  3.94%  49.6  981s
 49878 43902 -135173.42  243 4145 -131671.21 -136858.07  3.94%  49.1  985s
 51576 45664 -135108.31  254 4141 -131671.21 -136858.07  3.94%  48.6  991s
 52622 47609 -135052.87  274 4074 -131671.21 -136858.07  3.94%  48.2  998s
 54557 48406 -134802.51  336 3981 -131671.21 -136858.07  3.94%  47.6 1000s
 55900 49771 -134664.99  366 3918 -131671.21 -136858.07  3.94%  47.2 1005s
 57833 51528 -134444.33  430 3797 -131671.21 -136854.00  3.94%  46.6 1010s
 59312 52567 -134338.54  466 3661 -131671.21 -136852.66  3.94%  46.1 1016s
 60052 53692 -134257.40  481 3626 -131671.21 -136852.66  3.94%  45.9 1020s
 61947 55641 -134018.03  563 3493 -131671.21 -136852.66  3.94%  45.4 1025s
 63088 58310 -133770.06  647 3228 -131671.21 -136852.66  3.94%  45.0 1031s
 66480 59997 -133271.82  801 2906 -131671.21 -136851.34  3.93%  43.8 1035s
 68818 62273 -132936.47  902 2701 -131671.21 -136849.80  3.93%  42.9 1040s
 71292 64633 -132361.61 1082 2344 -131671.21 -136849.80  3.93%  42.2 1045s
 73434 67827 -131894.40 1261 2052 -131671.21 -136849.80  3.93%  41.5 1053s
 75529 68886 -134930.98  384 3806 -131671.21 -136848.98  3.93%  40.9 1055s
 78293 71319 -135532.72  267 4036 -131671.21 -136848.98  3.93%  40.2 1060s
 80247 73299 -135196.01  312 3941 -131671.21 -136848.65  3.93%  39.7 1065s
 82913 75946 -135667.09  227 4040 -131671.21 -136848.65  3.93%  39.0 1070s
 84079 78778 -133988.27  561 3416 -131671.21 -136847.91  3.93%  38.6 1075s
 87378 80216 -134542.36  429 3666 -131671.21 -136847.88  3.93%  37.7 1080s
 90192 82849 -135533.61  268 3962 -131671.21 -136847.62  3.93%  37.0 1085s
 92875 85416 -136800.66   50 4616 -131671.21 -136847.51  3.93%  36.3 1090s
 94607 88599 -134155.75  442 3609 -131671.21 -136847.42  3.93%  36.0 1095s
 98507 91061 -134229.32  514 3533 -131671.21 -136847.42  3.93%  35.1 1100s
 101592 93780 -136029.26  137 4295 -131671.21 -136847.42  3.93%  34.5 1105s
 103823 95932 -135062.76  245 4021 -131671.21 -136847.15  3.93%  34.1 1110s
 106817 98783 -133837.93  370 3765 -131671.21 -136846.70  3.93%  33.6 1115s
 109356 101366 -132918.76  464 3585 -131671.21 -136846.70  3.93%  33.1 1120s
 111689 103444 infeasible  577      -131671.21 -136846.32  3.93%  32.8 1125s
 113970 105753 -133544.68  507 3503 -131671.21 -136846.32  3.93%  32.5 1130s
 116904 108581 -135087.73  301 3926 -131671.21 -136846.32  3.93%  32.0 1135s
 119324 110878 -136543.45   68 4515 -131671.21 -136845.97  3.93%  31.7 1140s
 122446 113853 -131997.59  971 2846 -131671.21 -136845.97  3.93%  31.2 1145s
 124357 115248 -134426.72  430 3682 -131671.21 -136845.97  3.93%  31.0 1150s
 125643 118198 -136811.72   39 4629 -131671.21 -136845.74  3.93%  31.0 1157s
 128113 119266 -132145.65  719 2996 -131671.21 -136845.52  3.93%  30.7 1160s
 130290 121561 -134214.51  519 3555 -131671.21 -136845.52  3.93%  30.5 1165s
 132724 123901 -136076.57  138 4293 -131671.21 -136845.39  3.93%  30.1 1170s
 134794 125991 -132955.95  653 3303 -131671.21 -136845.39  3.93%  29.8 1175s
 136142 128483 -136375.35   98 4387 -131671.21 -136845.30  3.93%  29.7 1180s
 139262 130165 -132369.46  892 2924 -131671.21 -136845.30  3.93%  29.3 1185s
 141737 132685 -134589.85  352 3737 -131671.21 -136845.30  3.93%  29.1 1190s
 144134 134760 -136457.70  107 4352 -131671.21 -136845.29  3.93%  28.8 1195s
 145517 135954 -136100.02  182 4156 -131671.21 -136845.29  3.93%  28.7 1200s
 146591 138357 -135824.75  230 4060 -131671.21 -136845.29  3.93%  28.6 1205s
 148566 138869 -135412.35  321 3861 -131671.21 -136845.13  3.93%  28.4 1211s
 150072 140655 -135092.99  386 3721 -131671.21 -136845.13  3.93%  28.3 1215s
 152606 142711 -134707.89  469 3605 -131671.21 -136844.94  3.93%  28.0 1223s
 152686 143041 -134698.26  472 3587 -131671.21 -136844.94  3.93%  28.0 1225s
 155170 145508 -134252.49  572 3410 -131671.21 -136844.78  3.93%  27.8 1231s
 155633 145569 -134185.03  588 3397 -131671.21 -136844.78  3.93%  27.7 1235s
 156043 146183 -134071.03  613 3369 -131671.21 -136844.78  3.93%  27.7 1241s
 157257 148257 -133831.96  658 3289 -131671.21 -136844.78  3.93%  27.6 1246s
 159820 149822 -133562.78  726 3170 -131671.21 -136844.78  3.93%  27.4 1250s
 162213 152103 -133189.17  825 2996 -131671.21 -136844.70  3.93%  27.2 1255s
 164357 154319 -132799.68  913 2830 -131671.21 -136844.63  3.93%  27.2 1260s
 166758 156869 -132527.19  982 2692 -131671.21 -136844.56  3.93%  27.0 1265s
 169676 159487 -132124.71 1101 2531 -131671.21 -136844.49  3.93%  26.7 1270s
 170238 159655 -132061.24 1117 2516 -131671.21 -136844.49  3.93%  26.7 1275s
 171972 161211 -131754.79 1210 2336 -131671.21 -136844.45  3.93%  26.6 1282s
 172577 162026 -136446.63   87 4426 -131671.21 -136844.45  3.93%  26.5 1285s
 174508 163557 -136592.27   63 4505 -131671.21 -136844.23  3.93%  26.4 1290s
 175805 165493 -135174.19  325 3921 -131671.21 -136844.23  3.93%  26.3 1295s
 177741 168117 -132668.01  845 3026 -131671.21 -136844.16  3.93%  26.2 1300s
 181662 170776 -135346.75  300 3945 -131671.21 -136844.06  3.93%  25.9 1305s
 184170 173234 -136637.28   57 4552 -131671.21 -136843.97  3.93%  25.7 1310s
 186615 175588 -132572.38  839 3002 -131671.21 -136843.97  3.93%  25.6 1315s
 189161 178437 -136488.16  134 4332 -131671.21 -136843.77  3.93%  25.5 1321s
 191387 179948 -136130.24  194 4171 -131671.21 -136843.77  3.93%  25.3 1329s
 191443 180358 -136087.86  196 4182 -131671.21 -136843.77  3.93%  25.3 1330s
 193295 181830 -135793.89  255 4042 -131671.21 -136843.72  3.93%  25.3 1338s
 193745 182696 -135683.95  270 4036 -131671.21 -136843.72  3.93%  25.2 1340s
 195567 183941 -135318.10  354 3798 -131671.21 -136843.65  3.93%  25.2 1348s
 195943 184568 -135189.64  373 3766 -131671.21 -136843.65  3.93%  25.2 1350s
 198250 186668 -134797.62  456 3638 -131671.21 -136843.56  3.93%  25.0 1359s
 198531 187772 -134775.03  460 3636 -131671.21 -136843.55  3.93%  25.0 1365s
 200103 188613 -134468.69  550 3454 -131671.21 -136843.55  3.93%  24.9 1370s
 201898 190015 -134034.41  634 3339 -131671.21 -136843.55  3.93%  24.8 1376s
 202190 190261 -133978.43  656 3318 -131671.21 -136843.55  3.93%  24.8 1382s
 202549 191063 -133880.67  672 3295 -131671.21 -136843.55  3.93%  24.8 1385s
 205091 193629 -133374.64  777 3149 -131671.21 -136843.35  3.93%  24.7 1390s
 207128 195257 -132906.71  872 2977 -131671.21 -136843.27  3.93%  24.7 1395s
 208449 196724 -132665.63  941 2801 -131671.21 -136843.27  3.93%  24.6 1400s
 210437 198484 -132336.46 1008 2674 -131671.21 -136843.27  3.93%  24.6 1405s
 210815 198657 -132270.35 1024 2661 -131671.21 -136843.27  3.93%  24.5 1410s
 212335 200211 -131926.18 1120 2498 -131671.21 -136843.27  3.93%  24.5 1415s
 213576 201417 -136834.52   39 4666 -131671.21 -136843.27  3.93%  24.4 1421s
 215065 203131 -136012.94  180 4189 -131671.21 -136843.09  3.93%  24.3 1425s
 217065 204814 -136166.87  156 4242 -131671.21 -136843.01  3.93%  24.2 1433s
 217760 205532 -134423.00  389 3817 -131671.21 -136843.01  3.93%  24.2 1437s
 218089 206120 -133773.56  492 3607 -131671.21 -136843.01  3.93%  24.2 1440s
 219401 207813 -136698.86   65 4542 -131671.21 -136842.92  3.93%  24.2 1445s
 220430 208107 -134759.28  349 3787 -131671.21 -136842.92  3.93%  24.1 1452s
 221277 209018 -133009.99  591 3243 -131671.21 -136842.92  3.93%  24.1 1457s
 221855 209439 -136830.32   34 4686 -131671.21 -136842.92  3.93%  24.1 1460s
 223661 211427 -134386.98  439 3651 -131671.21 -136842.92  3.93%  24.0 1465s
 224860 212821 -131706.81  881 2932 -131671.21 -136842.83  3.93%  24.0 1470s
 226109 213390 -135536.56  236 4050 -131671.21 -136842.83  3.93%  23.9 1477s
 226470 214318 -135370.11  267 4037 -131671.21 -136842.83  3.93%  23.9 1480s
 228673 216529 -134901.62  325 3848 -131671.21 -136842.78  3.93%  23.8 1485s
 229386 216868 -136749.57   51 4582 -131671.21 -136842.78  3.93%  23.8 1490s
 230874 218334 -134550.86  446 3681 -131671.21 -136842.78  3.93%  23.7 1497s
 231238 218473 -134054.83  534 3515 -131671.21 -136842.78  3.93%  23.7 1501s
 233086 220308 -136572.91   70 4496 -131671.21 -136842.76  3.93%  23.7 1511s
 234608 221821 -134713.74  420 3719 -131671.21 -136842.76  3.93%  23.6 1517s
 235922 223342 -132460.16  837 3042 -131671.21 -136842.76  3.93%  23.5 1520s
 236350 223500 -131703.18  997 2808 -131671.21 -136842.76  3.93%  23.5 1527s
 237337 224771 -136272.25  127 4327 -131671.21 -136842.70  3.93%  23.5 1530s
 237902 225050 -135753.31  246 4078 -131671.21 -136842.70  3.93%  23.4 1537s
 239126 226191 infeasible  638      -131671.21 -136842.67  3.93%  23.4 1542s
 239706 227013 -136838.81   29 4682 -131671.21 -136842.67  3.93%  23.4 1547s
 240196 227708 -136526.75   88 4437 -131671.21 -136842.67  3.93%  23.4 1552s
 240911 228284 -136031.82  176 4187 -131671.21 -136842.67  3.93%  23.3 1559s
 241487 229075 -135261.90  326 3889 -131671.21 -136842.67  3.93%  23.3 1565s
 243106 230345 -132714.70  810 3092 -131671.21 -136842.67  3.93%  23.2 1572s
 243850 230712 -136517.57   89 4468 -131671.21 -136842.67  3.93%  23.2 1581s
 244024 231137 -136239.13  127 4348 -131671.21 -136842.67  3.93%  23.2 1585s
 245141 232318 -134535.90  468 3607 -131671.21 -136842.67  3.93%  23.2 1590s
 246498 233826 -132610.60  823 3050 -131671.21 -136842.67  3.93%  23.1 1595s
 247945 234540 -136501.27   89 4434 -131671.21 -136842.47  3.93%  23.0 1602s
 248099 234839 -136474.96   91 4428 -131671.21 -136842.47  3.93%  23.0 1606s
 248339 235211 -136459.71   97 4422 -131671.21 -136842.47  3.93%  23.0 1611s
 248914 235823 -136219.92  161 4236 -131671.21 -136842.47  3.93%  23.0 1615s
 250318 236945 -135568.44  292 3935 -131671.21 -136842.44  3.93%  23.0 1623s
 250479 237559 -135494.81  301 3913 -131671.21 -136842.44  3.93%  23.0 1625s
 252438 239375 -134905.86  443 3667 -131671.21 -136842.43  3.93%  23.0 1630s
 254694 241721 -134364.72  548 3489 -131671.21 -136842.43  3.93%  22.9 1635s
 257475 244100 -133851.44  652 3335 -131671.21 -136842.43  3.93%  22.8 1640s
 259290 245767 -133603.97  700 3237 -131671.21 -136842.43  3.93%  22.7 1650s
 260806 247944 -133295.43  771 3126 -131671.21 -136842.43  3.93%  22.7 1660s
 263559 250077 -132969.85  863 2920 -131671.21 -136842.43  3.93%  22.6 1665s
 264275 250550 -132873.62  882 2888 -131671.21 -136842.26  3.93%  22.5 1673s
 264817 251316 -132818.39  894 2874 -131671.21 -136842.26  3.93%  22.5 1675s
 265209 251967 -132749.49  908 2852 -131671.21 -136842.26  3.93%  22.5 1680s
 266923 253237 -132628.86  938 2791 -131671.21 -136842.26  3.93%  22.4 1685s
 268232 254445 -132499.51  972 2758 -131671.21 -136842.25  3.93%  22.4 1695s
 268850 255414 -132410.12  993 2710 -131671.21 -136842.25  3.93%  22.4 1700s
 270457 256797 -132279.67 1020 2672 -131671.21 -136842.25  3.93%  22.3 1709s
 270822 257231 -132254.18 1025 2672 -131671.21 -136842.25  3.93%  22.3 1710s
 271302 258222 -132198.52 1038 2642 -131671.21 -136842.25  3.93%  22.3 1718s
 272358 258457 -132016.74 1077 2611 -131671.21 -136842.25  3.93%  22.2 1720s
 273091 259338 -131967.03 1094 2572 -131671.21 -136842.25  3.93%  22.2 1727s
 273490 259910 -131916.11 1111 2545 -131671.21 -136842.25  3.93%  22.2 1730s
 274554 260548 -131751.09 1153 2501 -131671.21 -136842.21  3.93%  22.2 1735s
 275357 261315 -136449.53   96 4430 -131671.21 -136842.21  3.93%  22.1 1741s
 275679 261632 -136030.81  159 4242 -131671.21 -136842.21  3.93%  22.1 1753s
 276507 262677 -134722.29  414 3686 -131671.21 -136842.21  3.93%  22.1 1760s
 277507 263397 -133263.43  700 3229 -131671.21 -136842.21  3.93%  22.1 1769s
 277803 264130 -132764.00  797 3067 -131671.21 -136842.21  3.93%  22.1 1770s
 278643 264318 -136822.20   41 4645 -131671.21 -136842.21  3.93%  22.1 1776s
 279825 265810 -135271.43  287 3919 -131671.21 -136842.21  3.93%  22.1 1783s
 280690 266585 -132559.31  652 3074 -131671.21 -136842.21  3.93%  22.0 1785s
 281578 268341 -135902.88  165 4206 -131671.21 -136842.07  3.93%  22.0 1790s
 282921 268359 -136522.26   90 4485 -131671.21 -136842.07  3.93%  22.0 1801s

Cutting planes:
  Learned: 2
  Gomory: 207
  Lift-and-project: 6
  Cover: 1140
  MIR: 2489
  Mixing: 11
  StrongCG: 876
  Flow cover: 1004
  GUB cover: 123
  Zero half: 131
  Mod-K: 3
  RLT: 2
  Relax-and-lift: 125

Explored 282926 nodes (6267474 simplex iterations) in 1801.21 seconds (2295.37 work units)
Thread count was 4 (of 28 available processors)

Solution count 10: -131671 -131670 -131661 ... -131600

Time limit reached
Best objective -1.316712100620e+05, best bound -1.368420741658e+05, gap 3.9271%

User-callback calls 830159, time in user-callback 2.24 sec
