
Gurobi 13.0.1 (win64) logging started Wed Oct  7 15:01:48 2026

Set parameter LogFile to value "results/source_summaries/2d/B0660/gurobi_extensive.log"
Gurobi Optimizer version 13.0.1 build v13.0.1rc0 (win64 - Windows 11+.0 (26200.2))

CPU model: Intel(R) Core(TM) i7-14700, instruction set [SSE2|AVX|AVX2]
Thread count: 20 physical cores, 28 logical processors, using up to 4 threads

Non-default parameters:
TimeLimit  2400
IntFeasTol  1e-06
MIPGap  0.0005
Heuristics  0.2
Cuts  2
Presolve  2
Seed  1
Threads  4

Optimize a model with 21127 rows, 35646 columns and 76576 nonzeros (Min)
Model fingerprint: 0x102ee744
Model has 14524 linear objective coefficients
Variable types: 21122 continuous, 14524 integer (14522 binary)
Coefficient statistics:
  Matrix range     [1e-01, 3e+01]
  Objective range  [2e+00, 5e+01]
  Bounds range     [1e-01, 2e+01]
  RHS range        [1e+00, 8e+01]

Found heuristic solution: objective 0.0000000
Presolve removed 0 rows and 19800 columns
Presolve time: 2.15s
Presolved: 21127 rows, 15846 columns, 56779 nonzeros
Variable types: 1322 continuous, 14524 integer (14522 binary)
Root relaxation presolved: 21127 rows, 15846 columns, 56779 nonzeros


Root relaxation: objective -1.756837e+05, 5961 iterations, 0.33 seconds (0.40 work units)

    Nodes    |    Current Node    |     Objective Bounds      |     Work
 Expl Unexpl |  Obj  Depth IntInf | Incumbent    BestBd   Gap | It/Node Time

     0     0 -175683.67    0 1492    0.00000 -175683.67      -     -    2s
H    0     0                    -158890.9808 -175683.67  10.6%     -    2s
H    0     0                    -160214.3111 -175683.67  9.66%     -    2s
H    0     0                    -160399.7773 -175683.67  9.53%     -    2s
H    0     0                    -160429.7936 -175683.67  9.51%     -    2s
H    0     0                    -160463.2214 -175683.67  9.49%     -    3s
H    0     0                    -160501.6162 -175683.41  9.46%     -    3s
H    0     0                    -160552.8427 -175683.41  9.42%     -    3s
H    0     0                    -160586.1652 -173028.14  7.75%     -    3s
H    0     0                    -160643.0743 -173028.14  7.71%     -    3s
     0     0 -173007.94    0 2425 -160643.07 -173007.94  7.70%     -    3s
H    0     0                    -160647.9924 -173007.94  7.69%     -    3s
H    0     0                    -160659.6104 -172542.38  7.40%     -    3s
     0     0 -172542.38    0 2731 -160659.61 -172542.38  7.40%     -    4s
     0     0 -172530.00    0 2743 -160659.61 -172530.00  7.39%     -    4s
H    0     0                    -160668.6704 -172274.13  7.22%     -    4s
     0     0 -172274.13    0 3150 -160668.67 -172274.13  7.22%     -    4s
     0     0 -172274.12    0 3146 -160668.67 -172274.12  7.22%     -    4s
     0     0 -172264.39    0 3256 -160668.67 -172264.39  7.22%     -    4s
     0     0 -172264.31    0 3261 -160668.67 -172264.31  7.22%     -    4s
H    0     0                    -160691.1498 -172264.31  7.20%     -    5s
H    0     0                    -160693.0350 -172264.31  7.20%     -    5s
H    0     0                    -160697.1288 -172264.31  7.20%     -    5s
H    0     0                    -160706.1901 -172264.31  7.19%     -    5s
H    0     0                    -160758.4284 -171836.11  6.89%     -    5s
H    0     0                    -160787.9326 -171836.11  6.87%     -    5s
H    0     0                    -160790.0577 -171836.11  6.87%     -    5s
H    0     0                    -160802.5345 -171836.11  6.86%     -    5s
     0     0 -171836.11    0 2955 -160802.53 -171836.11  6.86%     -    5s
H    0     0                    -160812.6804 -171835.99  6.85%     -    5s
H    0     0                    -160814.7542 -171835.99  6.85%     -    5s
H    0     0                    -160828.5649 -171196.67  6.45%     -    6s
H    0     0                    -160833.7675 -171196.67  6.44%     -    6s
     0     0 -171196.67    0 3234 -160833.77 -171196.67  6.44%     -    6s
H    0     0                    -160840.9958 -171030.53  6.34%     -    6s
H    0     0                    -160846.1859 -171030.53  6.33%     -    6s
     0     0 -171030.53    0 3371 -160846.19 -171030.53  6.33%     -    6s
     0     0 -170900.83    0 3388 -160846.19 -170900.83  6.25%     -    6s
H    0     0                    -160869.6743 -170861.06  6.21%     -    7s
     0     0 -170861.06    0 3470 -160869.67 -170861.06  6.21%     -    7s
     0     0 -170859.12    0 3497 -160869.67 -170859.12  6.21%     -    7s
H    0     0                    -160886.3958 -170859.12  6.20%     -    7s
H    0     0                    -160888.4607 -170859.12  6.20%     -    7s
H    0     0                    -160890.3432 -170673.21  6.08%     -    8s
H    0     0                    -160900.4555 -170673.21  6.07%     -    8s
     0     0 -170673.21    0 3653 -160900.46 -170673.21  6.07%     -    8s
     0     0 -170672.89    0 3655 -160900.46 -170672.89  6.07%     -    8s
H    0     0                    -160916.4763 -170520.44  5.97%     -    8s
     0     0 -170520.44    0 3678 -160916.48 -170520.44  5.97%     -    8s
H    0     0                    -160931.5430 -170382.52  5.87%     -    9s
     0     0 -170382.52    0 3875 -160931.54 -170382.52  5.87%     -    9s
     0     0 -170316.93    0 3930 -160931.54 -170316.93  5.83%     -    9s
     0     0 -170304.60    0 3974 -160931.54 -170304.60  5.82%     -   10s
     0     0 -170303.71    0 3987 -160931.54 -170303.71  5.82%     -   10s
     0     0 -170105.98    0 3994 -160931.54 -170105.98  5.70%     -   11s
H    0     0                    -160932.5602 -170105.79  5.70%     -   11s
     0     0 -169868.26    0 3503 -160932.56 -169868.26  5.55%     -   12s
     0     0 -169673.07    0 3570 -160932.56 -169673.07  5.43%     -   12s
     0     0 -169627.14    0 3707 -160932.56 -169627.14  5.40%     -   13s
     0     0 -169579.68    0 4403 -160932.56 -169579.68  5.37%     -   13s
     0     0 -169575.90    0 3834 -160932.56 -169575.90  5.37%     -   13s
H    0     0                    -160938.6599 -169575.90  5.37%     -   15s
     0     0 -169530.07    0 3844 -160938.66 -169530.07  5.34%     -   15s
     0     0 -169522.99    0 3882 -160938.66 -169522.99  5.33%     -   15s
H    0     0                    -160940.6876 -169522.99  5.33%     -   18s
H    0     0                    -160941.0867 -169339.74  5.22%     -   20s
H    0     0                    -160947.8028 -169339.74  5.21%     -   20s
H    0     0                    -160949.8544 -169339.74  5.21%     -   20s
     0     0 -169339.74    0 4008 -160949.85 -169339.74  5.21%     -   20s
H    0     0                    -160950.8717 -169303.55  5.19%     -   21s
     0     0 -169303.55    0 4072 -160950.87 -169303.55  5.19%     -   21s
     0     0 -169287.86    0 4122 -160950.87 -169287.86  5.18%     -   21s
     0     0 -169284.92    0 4135 -160950.87 -169284.92  5.18%     -   21s
     0     0 -169210.96    0 4206 -160950.87 -169210.96  5.13%     -   26s
     0     0 -169207.27    0 4218 -160950.87 -169207.27  5.13%     -   26s
     0     0 -169116.80    0 4316 -160950.87 -169116.80  5.07%     -   28s
     0     0 -169116.69    0 4316 -160950.87 -169116.69  5.07%     -   28s
     0     0 -169116.69    0 4216 -160950.87 -169116.69  5.07%     -   29s
     0     2 -169112.46    0 4216 -160950.87 -169112.46  5.07%     -   33s
     3     8 -167632.40    2 4085 -160950.87 -169025.56  5.02%  2572   35s
   513   538 -167560.14  102 3979 -160950.87 -168184.32  4.49%  38.7   40s
  1065  1091 -167422.24  216 3850 -160950.87 -168184.32  4.49%  22.9   45s
  1872  1969 -166987.97  350 3768 -160950.87 -168167.64  4.48%  20.0   50s
  2792  3064 -166835.16  438 3672 -160950.87 -168167.64  4.48%  15.6   55s
  5333  5322 -166788.57  460 4216 -160950.87 -168167.64  4.48%  12.3   68s
  5339  5326 -162805.06  700 3176 -160950.87 -168167.64  4.48%  12.3   70s
  5348  5332 -166597.90  538 4210 -160950.87 -168167.64  4.48%  12.3   75s
  5354  5336 -162756.58  722 5228 -160950.87 -168167.64  4.48%  12.2   80s
  5357  5338 -166907.27  399 5315 -160950.87 -168167.64  4.48%  12.2   85s
  5361  5341 -163246.43  943 4847 -160950.87 -168167.64  4.48%  12.2   90s
  5363  5342 -167256.10  277 4948 -160950.87 -168167.64  4.48%  12.2   95s
  5365  5343 -166480.82  606 4987 -160950.87 -168167.64  4.48%  12.2  101s
  5367  5345 -163617.52  527 5041 -160950.87 -168167.64  4.48%  12.2  107s
  5370  5347 -167461.78  199 5208 -160950.87 -168167.64  4.48%  12.2  110s
  5372  5348 -164086.47  221 5290 -160950.87 -168167.64  4.48%  12.2  115s
  5373  5349 -163975.64   89 5271 -160950.87 -168167.64  4.48%  12.2  121s
  5374  5349 -166638.96  513 5317 -160950.87 -168167.64  4.48%  12.2  126s
  5375  5350 -167526.92  151 5328 -160950.87 -168167.64  4.48%  12.2  131s
  5376  5351 -167321.94  274 5968 -160950.87 -168148.89  4.47%  12.2  136s
  5378  5352 -163363.33  809 6158 -160950.87 -168122.45  4.46%  12.2  142s
  5379  5353 -167650.47  177 5538 -160950.87 -168120.31  4.45%  12.2  146s
  5380  5353 -161875.77 1201 6119 -160950.87 -168086.21  4.43%  12.2  152s
  5381  5354 -163869.12  291 6222 -160950.87 -168081.68  4.43%  12.2  161s
  5382  5355 -165922.07  882 6177 -160950.87 -168052.45  4.41%  12.2  168s
  5383  5355 -167605.50   40 5517 -160950.87 -168030.44  4.40%  12.2  173s
  5384  5356 -163393.65  770 5601 -160950.87 -168008.84  4.39%  12.2  176s
  5385  5357 -161924.16 1179 5640 -160950.87 -167997.50  4.38%  12.2  180s
  5386  5357 -166830.43  438 5698 -160950.87 -167995.13  4.38%  12.2  187s
  5387  5358 -163856.31  294 6419 -160950.87 -167960.12  4.35%  12.2  194s
  5388  5359 -163579.34  390 5683 -160950.87 -167953.81  4.35%  12.2  198s
  5389  5359 -162046.45 1124 6539 -160950.87 -167952.98  4.35%  12.2  204s
  5390  5360 -167491.12  184 6421 -160950.87 -167911.13  4.32%  12.2  213s
  5391  5361 -167240.42  291 5642 -160950.87 -167901.68  4.32%  12.2  218s
  5392  5361 -167885.01   55 6411 -160950.87 -167885.01  4.31%  12.2  222s
  5393  5362 -163471.36  681 6529 -160950.87 -167874.45  4.30%  12.2  225s
  5394  5363 -163150.43  541 6572 -160950.87 -167870.34  4.30%  12.2  233s
  5395  5363 -164258.94   15 6507 -160950.87 -167838.54  4.28%  12.2  241s
  5396  5364 -162259.95  998 6535 -160950.87 -167831.35  4.27%  12.2  246s
  5397  5365 -167830.55  109 6652 -160950.87 -167830.55  4.27%  12.1  251s
  5398  5365 -163551.57  219 6556 -160950.87 -167796.89  4.25%  12.1  260s
  5399  5366 -163250.86  951 6634 -160950.87 -167788.93  4.25%  12.1  265s
  5401  5367 -167554.07  119 6647 -160950.87 -167768.24  4.24%  12.1  272s
  5402  5368 -162795.80  706 6765 -160950.87 -167764.27  4.23%  12.1  281s
  5403  5369 -163615.85  382 6688 -160950.87 -167756.63  4.23%  12.1  287s
  5404  5369 -163878.98  284 6685 -160950.87 -167756.63  4.23%  12.1  290s
  5405  5370 -162768.41  719 6685 -160950.87 -167756.25  4.23%  12.1  300s
  5408  5376 -163622.13   15 3997 -160950.87 -167754.54  4.23%  36.6  312s
  5411  5379 -167316.05   16 5856 -160950.87 -167754.54  4.23%  38.9  315s
  5655  5558 -163563.09   49 4339 -160950.87 -167754.54  4.23%  41.5  320s
  6026  5830 -163518.49   88 4246 -160950.87 -167754.54  4.23%  39.9  325s
  6316  5982 -163419.97  119 4212 -160950.87 -167754.54  4.23%  38.9  330s
  6587  6179 -163379.82  157 4148 -160950.87 -167754.54  4.23%  37.9  335s
  6812  6336 -163334.15  193 4131 -160950.87 -167754.54  4.23%  37.2  340s
  7041  6477 -163224.24  226 4089 -160950.87 -167754.54  4.23%  36.5  345s
  7244  6649 -162903.93  274 4020 -160950.87 -167754.54  4.23%  35.9  350s
  7488  6764 -162894.69  285 4006 -160950.87 -167754.54  4.23%  35.3  355s
  7688  6946 -162837.29  309 3979 -160950.87 -167754.54  4.23%  34.7  360s
  7818  7020 -162815.66  311 3973 -160950.87 -167754.54  4.23%  34.4  365s
  8074  7208 -162698.68  333 3943 -160950.87 -167754.54  4.23%  33.7  372s
  8343  7328 -162525.03  365 3887 -160950.87 -167754.54  4.23%  33.0  376s
  8468  7605 -162452.60  391 3849 -160950.87 -167754.54  4.23%  32.7  381s
  8843  7802 -162409.08  418 3807 -160950.87 -167754.54  4.23%  31.8  386s
  9196  7900 -162256.35  445 3765 -160950.87 -167754.54  4.23%  31.1  390s
  9294  7994 -162208.32  453 3765 -160950.87 -167754.54  4.23%  30.9  398s
  9340  8122 -162206.83  454 3765 -160950.87 -167754.54  4.23%  30.7  400s
  9494  8236 -162126.80  464 3752 -160950.87 -167754.54  4.23%  30.4  414s
  9659  8236 -162063.37  490 3706 -160950.87 -167754.54  4.23%  30.1  429s
  9714  8318 -162056.41  490 3703 -160950.87 -167754.54  4.23%  30.0  445s
  9818  8542 -162062.10  491 3704 -160950.87 -167754.54  4.23%  29.8  463s
 10107  8679 -162023.25  491 3750 -160950.87 -167754.54  4.23%  29.4  482s
 10340  8886 -162025.68  492 3750 -160950.87 -167754.54  4.23%  29.4  499s
 10625  9315 -162011.46  492 3744 -160950.87 -167754.54  4.23%  28.9  519s
 11149  9718 -162012.27  493 3746 -160950.87 -167754.54  4.23%  27.8  536s
 11727 10134 -162008.00  493 3746 -160950.87 -167754.54  4.23%  26.8  554s
 12363 10957 -161996.10  494 3746 -160950.87 -167754.54  4.23%  26.0  574s
 13408 10648 -161198.32  668 3515 -160950.87 -167754.54  4.23%  24.6  589s
 13448 10908 -161200.99  670 3517 -160950.87 -167754.54  4.23%  24.6  601s
 13723 12137 -161117.57  686 3508 -160950.87 -167754.54  4.23%  24.3  608s
 15097 13197 -163348.38  117 3038 -160950.87 -167754.54  4.23%  23.1  614s
 16149 12847 -162304.06  573 2293 -160950.87 -167754.54  4.23%  22.2  615s
 17660 14192 -162552.16  426 2598 -160950.87 -167754.54  4.23%  21.1  623s
 18513 14665 -162231.47  571 2286 -160950.87 -167754.54  4.23%  20.6  627s
 19270 15136 -161995.29  710 2058 -160950.87 -167754.54  4.23%  20.1  632s
 19994 15376 -161774.02  856 1768 -160950.87 -167754.54  4.23%  19.7  637s
 20475 15869 -161595.70  958 1560 -160950.87 -167754.54  4.23%  19.3  647s
 21128 17014 -161375.14 1098 1282 -160950.87 -167754.54  4.23%  18.9  658s
 22565 17243 -167229.18   45 5450 -160950.87 -167297.46  3.94%  18.4  667s
 22923 17578 -167048.33  112 5297 -160950.87 -167297.46  3.94%  18.6  672s
 23258 18393 -166997.87  131 5251 -160950.87 -167297.46  3.94%  19.0  675s
 24892 19766 -166758.04  199 5169 -160950.87 -167297.46  3.94%  18.9  681s
 26105 21055 -166606.98  223 5133 -160950.87 -167297.46  3.94%  18.8  685s
 27363 22207 -166437.41  258 5057 -160950.87 -167297.46  3.94%  18.6  690s
 28680 23249 -166192.35  307 4946 -160950.87 -167297.46  3.94%  18.7  696s
 29313 23912 -165991.50  341 4891 -160950.87 -167297.46  3.94%  19.2  701s
 29705 24249 -165904.19  361 4816 -160950.87 -167297.46  3.94%  19.5  706s
 30329 24921 -165793.50  377 4836 -160950.87 -167297.46  3.94%  19.8  710s
 31215 25765 -165628.42  401 4789 -160950.87 -167297.46  3.94%  20.4  717s
 31525 26574 -165588.55  410 4775 -160950.87 -167297.46  3.94%  20.5  721s
 32344 26768 -165448.67  441 4721 -160950.87 -167297.46  3.94%  20.8  728s
 32546 27161 -165370.56  457 4684 -160950.87 -167297.46  3.94%  20.9  737s
 32959 27565 -165246.58  487 4632 -160950.87 -167297.46  3.94%  21.0  746s
 33367 28086 -165102.92  513 4584 -160950.87 -167297.46  3.94%  21.1  753s
 33896 28425 -164959.69  545 4524 -160950.87 -167297.46  3.94%  21.2  757s
 34235 29209 -164841.78  568 4488 -160950.87 -167297.46  3.94%  21.2  761s
 35023 30172 -164634.49  617 4359 -160950.87 -167297.46  3.94%  21.4  765s
 36897 31880 -164059.89  727 4175 -160950.87 -167297.46  3.94%  21.4  770s
 38288 33171 -163759.41  790 4075 -160950.87 -167297.46  3.94%  21.4  775s
 40147 34802 -166857.60   91 5350 -160950.87 -167297.46  3.94%  21.5  782s
 41221 35971 -166568.87  182 5191 -160950.87 -167297.46  3.94%  21.4  785s
 41889 37326 -166409.38  219 5104 -160950.87 -167297.46  3.94%  21.4  790s
 44581 39063 -165762.80  354 4846 -160950.87 -167297.46  3.94%  21.1  795s
 46021 40472 -165541.37  398 4756 -160950.87 -167297.46  3.94%  21.0  800s
 47781 42149 -165312.94  452 4663 -160950.87 -167297.46  3.94%  20.8  805s
 49429 43910 -165023.87  523 4546 -160950.87 -167297.46  3.94%  20.6  810s
 50349 44334 -164811.91  565 4454 -160950.87 -167294.64  3.94%  20.6  818s
 50362 44365 -164818.02  564 4450 -160950.87 -167294.64  3.94%  20.6  829s
 50393 44369 -164799.99  566 4448 -160950.87 -167294.64  3.94%  20.6  839s
 50397 44407 -164817.60  565 4450 -160950.87 -167294.64  3.94%  20.6  853s
 50435 44426 -164804.84  566 4454 -160950.87 -167294.64  3.94%  20.6  863s
 50454 44585 -164818.26  564 4457 -160950.87 -167294.64  3.94%  20.6  870s
 50617 44711 -164788.64  569 4447 -160950.87 -167294.64  3.94%  20.6  879s
 50749 44785 -164734.31  579 4438 -160950.87 -167294.64  3.94%  20.6  886s
 50823 44840 -164738.51  585 4434 -160950.87 -167294.64  3.94%  20.6  897s
 50878 45053 -164722.48  588 4424 -160950.87 -167294.64  3.94%  20.6  910s
 51097 45204 -164625.29  613 4381 -160950.87 -167294.64  3.94%  20.6  920s
 51248 45442 -164542.96  625 4360 -160950.87 -167294.64  3.94%  20.7  928s
 51486 45703 -164445.70  646 4319 -160950.87 -167294.64  3.94%  20.7  936s
 51751 45890 -164372.92  669 4279 -160950.87 -167294.64  3.94%  20.7  947s
 51942 46279 -164337.57  677 4256 -160950.87 -167294.64  3.94%  20.7  958s
 52331 47375 -164256.17  703 4245 -160950.87 -167294.64  3.94%  20.7  965s
 54605 49035 -163911.35  797 4073 -160950.87 -167294.64  3.94%  20.6  971s
 56058 50307 -163636.50  862 3968 -160950.87 -167294.64  3.94%  20.7  976s
 57503 51804 -163410.17  932 3831 -160950.87 -167294.64  3.94%  20.7  980s
 59041 53326 -163116.44 1010 3646 -160950.87 -167294.64  3.94%  20.7  985s
 60941 55169 -162745.16 1094 3513 -160950.87 -167294.64  3.94%  20.6  991s
 62564 57624 -162467.21 1182 3374 -160950.87 -167294.64  3.94%  20.5  998s
 63888 58115 -162175.52 1248 3263 -160950.87 -167294.64  3.94%  20.4 1000s
 66299 60467 -161704.59 1342 3117 -160950.87 -167294.17  3.94%  20.3 1005s
 68029 62127 -161507.11 1383 3061 -160950.87 -167294.17  3.94%  20.1 1010s
 70280 64218 -161189.87 1455 2927 -160950.87 -167293.18  3.94%  19.9 1015s
 71745 65412 -167127.28   43 5436 -160950.87 -167293.18  3.94%  19.9 1020s
 72861 67462 -166196.45  219 5048 -160950.87 -167293.18  3.94%  19.9 1027s
 75107 68922 -162717.91  897 3889 -160950.87 -167293.18  3.94%  19.8 1030s
 76955 70584 -166337.63  182 5124 -160950.87 -167293.18  3.94%  19.7 1036s
 78330 72039 -164350.36  558 4399 -160950.87 -167293.18  3.94%  19.7 1040s
 80270 73854 -161039.04 1262 3304 -160950.87 -167290.45  3.94%  19.6 1045s
 82174 75813 -164840.27  429 4603 -160950.87 -167290.02  3.94%  19.5 1051s
 83367 77588 -166676.89   96 5298 -160950.87 -167289.49  3.94%  19.5 1056s
 85559 79108 -167179.24   33 5528 -160950.87 -167289.49  3.94%  19.5 1060s
 86945 79937 -165525.32  297 4893 -160950.87 -167289.49  3.94%  19.4 1065s
 87976 81385 infeasible  574      -160950.87 -167287.92  3.94%  19.4 1070s
 90377 83910 -164169.24  520 4438 -160950.87 -167287.88  3.94%  19.3 1075s
 92262 85597 -166929.45   81 5405 -160950.87 -167287.67  3.94%  19.2 1080s
 93518 86379 -166613.08  145 5234 -160950.87 -167287.67  3.94%  19.2 1085s
 93583 87175 -166600.40  144 5226 -160950.87 -167287.19  3.94%  19.2 1090s
 95988 89483 -166201.52  243 5013 -160950.87 -167287.19  3.94%  19.1 1095s
 97305 90309 -166016.31  289 4889 -160950.87 -167286.89  3.94%  19.1 1100s
 98221 91444 -165770.34  340 4817 -160950.87 -167286.89  3.94%  19.1 1105s
 100654 93483 -165292.91  405 4690 -160950.87 -167286.89  3.94%  19.0 1110s
 101232 94067 -165200.26  427 4640 -160950.87 -167286.89  3.94%  19.0 1116s
 102721 95667 -164892.02  494 4534 -160950.87 -167285.90  3.94%  19.0 1122s
 104081 97980 -164625.57  559 4411 -160950.87 -167285.90  3.94%  19.0 1127s
 105415 98047 -164438.98  607 4345 -160950.87 -167285.49  3.94%  18.9 1130s
 106733 99608 -164178.67  650 4233 -160950.87 -167285.41  3.94%  18.9 1135s
 108302 101287 -164012.05  689 4156 -160950.87 -167285.41  3.94%  18.9 1141s
 109556 102467 -163818.39  729 4092 -160950.87 -167285.41  3.94%  18.8 1145s
 110430 103252 -163682.02  756 4043 -160950.87 -167285.41  3.94%  18.7 1150s
 111859 104420 -163570.29  773 4007 -160950.87 -167285.33  3.94%  18.7 1155s
 113081 105917 -163430.06  812 3944 -160950.87 -167285.33  3.94%  18.6 1160s
 114029 106704 -163327.88  836 3918 -160950.87 -167285.33  3.94%  18.6 1166s
 115848 108447 -163109.10  883 3879 -160950.87 -167285.33  3.94%  18.5 1170s
 117397 109989 -162851.30  932 3788 -160950.87 -167284.80  3.94%  18.5 1176s
 118542 111005 -162631.37  983 3706 -160950.87 -167284.80  3.94%  18.4 1180s
 120219 112395 -162371.85 1053 3556 -160950.87 -167284.64  3.94%  18.4 1186s
 121236 113485 -162248.52 1082 3531 -160950.87 -167284.64  3.94%  18.4 1191s
 122064 114223 -162118.20 1107 3493 -160950.87 -167284.38  3.94%  18.4 1196s
 122986 115263 -161931.73 1132 3465 -160950.87 -167284.38  3.94%  18.5 1202s
 123741 116188 -161809.04 1181 3411 -160950.87 -167284.38  3.94%  18.4 1205s
 124927 117552 -161670.46 1221 3354 -160950.87 -167284.38  3.94%  18.4 1213s
 125653 118029 -161572.26 1245 3306 -160950.87 -167284.38  3.94%  18.4 1215s
 127592 119737 -161337.68 1308 3228 -160950.87 -167284.38  3.94%  18.4 1220s
 127848 120195 -161321.65 1312 3229 -160950.87 -167284.38  3.94%  18.4 1225s
 128851 121074 -161237.97 1336 3202 -160950.87 -167284.04  3.93%  18.3 1231s
 130674 122596 -161003.23 1401 3135 -160950.87 -167283.82  3.93%  18.3 1236s
 131932 123794 -166148.60  201 5088 -160950.87 -167283.82  3.93%  18.3 1244s
 132114 124045 -165634.15  277 4948 -160950.87 -167283.48  3.93%  18.3 1245s
 133537 125368 -167048.45   82 5416 -160950.87 -167283.29  3.93%  18.4 1253s
 133730 125662 -167048.44   83 5416 -160950.87 -167283.29  3.93%  18.4 1255s
 135202 127817 -165516.56  320 4831 -160950.87 -167283.29  3.93%  18.4 1260s
 136840 128824 -161324.90  939 3528 -160950.87 -167283.20  3.93%  18.3 1265s
 138205 129811 -166107.63  208 5071 -160950.87 -167283.20  3.93%  18.3 1272s
 138615 130689 -166102.20  210 5055 -160950.87 -167283.20  3.93%  18.3 1275s
 140305 132156 -165904.52  238 5018 -160950.87 -167283.07  3.93%  18.3 1280s
 141703 133368 -163817.13  662 4172 -160950.87 -167283.07  3.93%  18.3 1288s
 142395 134516 -162673.33  901 3794 -160950.87 -167283.07  3.93%  18.3 1290s
 143848 135478 -167255.91   29 5605 -160950.87 -167283.07  3.93%  18.2 1295s
 145509 137389 -166750.99  140 5264 -160950.87 -167283.07  3.93%  18.2 1302s
 145998 137977 -166523.06  170 5165 -160950.87 -167283.06  3.93%  18.2 1308s
 146586 138486 -166270.26  224 5105 -160950.87 -167283.06  3.93%  18.2 1314s
 147095 139239 -166084.00  270 5032 -160950.87 -167283.06  3.93%  18.2 1316s
 148594 140677 -167043.45   66 5387 -160950.87 -167283.06  3.93%  18.2 1321s
 149569 141390 -165537.52  308 4876 -160950.87 -167283.06  3.93%  18.2 1325s
 150788 142586 -166954.86   71 5381 -160950.87 -167282.99  3.93%  18.1 1330s
 152092 144176 -165378.96  341 4823 -160950.87 -167282.99  3.93%  18.1 1335s
 153423 145123 -163744.28  698 4145 -160950.87 -167282.99  3.93%  18.1 1342s
 154274 145876 -162458.32  974 3746 -160950.87 -167282.99  3.93%  18.0 1345s
 155706 147101 -167154.79   52 5429 -160950.87 -167282.99  3.93%  18.0 1353s
 155970 147780 -167093.50   53 5433 -160950.87 -167282.99  3.93%  18.0 1356s
 157881 149325 infeasible  426      -160950.87 -167282.84  3.93%  18.0 1360s
 158250 149527 -167147.43   76 5461 -160950.87 -167282.84  3.93%  17.9 1365s
 159403 150818 -166036.36  245 5019 -160950.87 -167282.84  3.93%  17.9 1371s
 160328 151543 -164009.83  536 4306 -160950.87 -167282.84  3.93%  17.9 1378s
 161352 152697 -161633.72  888 3598 -160950.87 -167282.84  3.93%  17.9 1381s
 162097 153351 -167250.16   34 5572 -160950.87 -167282.84  3.93%  17.9 1386s
 163342 154780 -165807.55  232 5078 -160950.87 -167282.84  3.93%  17.9 1390s
 165170 156549 -165743.81  248 4987 -160950.87 -167282.84  3.93%  17.8 1397s
 166447 157592 infeasible  578      -160950.87 -167282.84  3.93%  17.8 1401s
 167932 158623 -165881.11  242 5010 -160950.87 -167282.29  3.93%  17.8 1408s
 168021 158893 -165653.35  285 4928 -160950.87 -167282.29  3.93%  17.8 1410s
 169715 160531 -163427.37  727 4105 -160950.87 -167282.29  3.93%  17.8 1415s
 172354 162944 -166248.89  194 5086 -160950.87 -167282.20  3.93%  17.7 1422s
 172902 163861 -165188.23  382 4708 -160950.87 -167282.07  3.93%  17.7 1425s
 173436 164033 -164473.17  536 4401 -160950.87 -167282.07  3.93%  17.7 1432s
 174795 165994 -162602.45  938 3766 -160950.87 -167282.07  3.93%  17.7 1435s
 176033 166928 -167275.54   32 5588 -160950.87 -167281.96  3.93%  17.7 1440s
 177825 168136 -166183.16  210 5086 -160950.87 -167281.90  3.93%  17.7 1450s
 178773 169333 -164441.97  526 4433 -160950.87 -167281.90  3.93%  17.7 1455s
 179984 170352 -161753.55 1092 3538 -160950.87 -167281.90  3.93%  17.7 1462s
 180203 170508 -161231.53 1208 3408 -160950.87 -167281.90  3.93%  17.7 1465s
 181641 172372 -166834.39  144 5254 -160950.87 -167281.90  3.93%  17.7 1470s
 183469 173709 -166031.95  275 4936 -160950.87 -167281.67  3.93%  17.7 1475s
 184961 175300 -165019.95  475 4574 -160950.87 -167281.55  3.93%  17.7 1480s
 185966 176439 -164469.62  599 4317 -160950.87 -167281.55  3.93%  17.8 1485s
 187993 178305 -163203.94  845 3828 -160950.87 -167281.48  3.93%  17.7 1490s
 189561 179390 -162127.81 1064 3536 -160950.87 -167281.48  3.93%  17.7 1501s
 190707 180871 -161360.70 1250 3301 -160950.87 -167281.41  3.93%  17.7 1505s
 191145 181018 -161067.82 1322 3202 -160950.87 -167281.41  3.93%  17.7 1510s
 192277 182231 infeasible  267      -160950.87 -167281.12  3.93%  17.7 1515s
 193159 183013 -166417.89  162 5138 -160950.87 -167281.12  3.93%  17.7 1520s
 194733 184616 -164086.13  587 4390 -160950.87 -167281.12  3.93%  17.7 1531s
 195541 185587 -162647.62  889 3869 -160950.87 -167281.12  3.93%  17.7 1535s
 195981 185992 -161749.75 1063 3584 -160950.87 -167281.12  3.93%  17.7 1540s
 196551 186274 -167243.71   46 5558 -160950.87 -167281.12  3.93%  17.7 1552s
 197241 187262 -166792.39  150 5275 -160950.87 -167281.12  3.93%  17.7 1555s
 198874 188436 -163945.60  542 4332 -160950.87 -167281.12  3.93%  17.7 1560s
 200308 190127 -167179.66   54 5466 -160950.87 -167280.98  3.93%  17.6 1565s
 202046 191955 -164812.56  453 4571 -160950.87 -167280.98  3.93%  17.6 1570s
 202477 192185 -164335.58  556 4392 -160950.87 -167280.98  3.93%  17.6 1577s
 203185 192997 -163271.94  789 3993 -160950.87 -167280.98  3.93%  17.6 1580s
 204070 193831 -161477.87 1170 3485 -160950.87 -167280.98  3.93%  17.6 1587s
 204612 194276 -167216.22   43 5464 -160950.87 -167280.94  3.93%  17.6 1590s
 205605 195169 -165291.78  296 4880 -160950.87 -167280.94  3.93%  17.6 1599s
 205805 195473 -164607.24  393 4682 -160950.87 -167280.94  3.93%  17.6 1600s
 206407 195965 -167199.25   38 5466 -160950.87 -167280.94  3.93%  17.6 1606s
 207012 196756 -167011.46   68 5368 -160950.87 -167280.94  3.93%  17.6 1611s
 207779 197471 -166966.37   70 5352 -160950.87 -167280.94  3.93%  17.6 1615s
 209508 199354 -164315.85  506 4479 -160950.87 -167280.94  3.93%  17.6 1621s
 210560 200084 -166786.18  103 5263 -160950.87 -167280.71  3.93%  17.6 1625s
 210848 200433 -166455.53  156 5139 -160950.87 -167280.71  3.93%  17.6 1631s
 212317 201728 -163825.24  534 4447 -160950.87 -167280.71  3.93%  17.6 1641s
 213342 202678 -166588.79  140 5147 -160950.87 -167280.70  3.93%  17.6 1649s
 213472 203162 -166403.32  160 5080 -160950.87 -167280.70  3.93%  17.6 1650s
 213986 203504 -165535.91  271 4955 -160950.87 -167280.70  3.93%  17.6 1656s
 214480 204134 -164461.38  428 4675 -160950.87 -167280.69  3.93%  17.6 1661s
 214978 204362 infeasible  608      -160950.87 -167280.69  3.93%  17.5 1666s
 215997 205580 -167008.40   68 5428 -160950.87 -167280.69  3.93%  17.5 1670s
 216890 206493 -166509.26  171 5092 -160950.87 -167280.69  3.93%  17.5 1676s
 217397 206628 -166441.53  198 5058 -160950.87 -167280.69  3.93%  17.5 1687s
 218009 207768 -166224.46  233 5016 -160950.87 -167280.69  3.93%  17.5 1690s
 219903 209041 -165786.78  316 4864 -160950.87 -167280.69  3.93%  17.4 1698s
 220167 209377 -165686.22  333 4834 -160950.87 -167280.59  3.93%  17.4 1700s
 221113 210432 -165475.45  371 4746 -160950.87 -167280.59  3.93%  17.4 1706s
 221799 210835 -165342.42  395 4687 -160950.87 -167280.59  3.93%  17.4 1710s
 222804 212233 -165114.61  450 4548 -160950.87 -167280.44  3.93%  17.4 1715s
 224662 213997 -164796.42  512 4440 -160950.87 -167280.44  3.93%  17.4 1729s
 225035 214512 -164748.37  522 4407 -160950.87 -167280.44  3.93%  17.4 1730s
 226558 215561 -164509.01  583 4320 -160950.87 -167280.28  3.93%  17.4 1737s
 227347 216339 -164187.78  640 4200 -160950.87 -167280.28  3.93%  17.4 1741s
 227617 216504 -164131.84  653 4196 -160950.87 -167280.28  3.93%  17.4 1750s
 228687 217605 -163932.06  695 4111 -160950.87 -167280.28  3.93%  17.4 1755s
 229483 218709 -163850.09  714 4079 -160950.87 -167280.28  3.93%  17.4 1762s
 230047 219056 -163773.66  730 4031 -160950.87 -167280.22  3.93%  17.4 1767s
 230659 219720 -163646.50  763 3988 -160950.87 -167280.18  3.93%  17.4 1770s
 231088 220064 -163597.93  775 3959 -160950.87 -167280.18  3.93%  17.5 1777s
 231958 220861 -163481.49  799 3906 -160950.87 -167280.15  3.93%  17.5 1784s
 232265 220986 -163414.31  812 3891 -160950.87 -167280.15  3.93%  17.4 1787s
 232742 221764 -163289.97  846 3838 -160950.87 -167280.15  3.93%  17.5 1790s
 233222 222098 -163217.13  856 3822 -160950.87 -167280.15  3.93%  17.5 1796s
 233562 222811 -163174.56  863 3813 -160950.87 -167280.15  3.93%  17.5 1802s
 234313 222951 -163065.84  888 3775 -160950.87 -167280.15  3.93%  17.4 1808s
 234481 223245 -163027.00  902 3744 -160950.87 -167280.15  3.93%  17.4 1810s
 235824 225209 -162795.91  954 3679 -160950.87 -167280.15  3.93%  17.5 1816s
 237564 226143 -162644.58  990 3613 -160950.87 -167280.15  3.93%  17.4 1820s
 238059 226742 -162570.37 1010 3611 -160950.87 -167280.15  3.93%  17.4 1825s
 239451 228696 -162392.22 1050 3559 -160950.87 -167280.15  3.93%  17.4 1830s
 240559 229105 -162208.05 1089 3505 -160950.87 -167279.94  3.93%  17.4 1841s
 240755 229432 -162202.55 1094 3500 -160950.87 -167279.94  3.93%  17.4 1846s
 241508 230622 -162051.44 1129 3461 -160950.87 -167279.94  3.93%  17.4 1850s
 242941 232094 -161811.38 1182 3370 -160950.87 -167279.94  3.93%  17.4 1855s
 244727 233428 -161610.82 1223 3324 -160950.87 -167279.91  3.93%  17.4 1860s
 246449 235099 -161368.61 1290 3213 -160950.87 -167279.91  3.93%  17.4 1866s
 247435 236364 -161236.68 1312 3160 -160950.87 -167279.91  3.93%  17.3 1870s
 248844 237518 -161087.93 1356 3133 -160950.87 -167279.90  3.93%  17.3 1876s
 249703 238714 -167110.67   62 5415 -160950.87 -167279.90  3.93%  17.3 1881s
 251092 239861 -164918.70  380 4688 -160950.87 -167279.90  3.93%  17.3 1885s
 252423 241041 -162708.56  839 3980 -160950.87 -167279.90  3.93%  17.3 1890s
 253436 241724 -167251.34   30 5595 -160950.87 -167279.90  3.93%  17.3 1900s
 254371 242954 -166704.92  118 5204 -160950.87 -167279.90  3.93%  17.3 1905s
 255308 243801 -165573.14  296 4830 -160950.87 -167279.90  3.93%  17.3 1917s
 256108 244635 -167007.33   74 5382 -160950.87 -167279.80  3.93%  17.3 1923s
 256525 244853 -166274.69  179 5079 -160950.87 -167279.80  3.93%  17.3 1931s
 257543 245871 -167104.42   60 5450 -160950.87 -167279.78  3.93%  17.3 1942s
 258300 246759 -166130.31  198 5067 -160950.87 -167279.78  3.93%  17.3 1945s
 259115 247513 -165001.30  378 4697 -160950.87 -167279.78  3.93%  17.3 1962s
 259920 248640 -167175.97   51 5458 -160950.87 -167279.77  3.93%  17.3 1965s
 260618 249037 -166622.12  140 5172 -160950.87 -167279.77  3.93%  17.3 1972s
 261017 249321 -166478.89  175 5118 -160950.87 -167279.77  3.93%  17.3 1977s
 261677 250120 -166290.47  209 5067 -160950.87 -167279.77  3.93%  17.3 1988s
 262481 250893 -166060.49  261 4979 -160950.87 -167279.77  3.93%  17.3 1995s
 262891 251222 -165940.18  295 4906 -160950.87 -167279.77  3.93%  17.3 2006s
 264164 252357 -165489.17  372 4756 -160950.87 -167279.77  3.93%  17.3 2012s
 264792 253505 -165348.63  396 4708 -160950.87 -167279.77  3.93%  17.3 2015s
 265503 253828 -165146.06  430 4624 -160950.87 -167279.77  3.93%  17.3 2023s
 265826 254420 -165053.70  452 4574 -160950.87 -167279.77  3.93%  17.3 2025s
 266418 254820 -164959.78  473 4552 -160950.87 -167279.77  3.93%  17.3 2031s
 266818 255221 -164872.06  491 4529 -160950.87 -167279.77  3.93%  17.3 2040s
 268284 256462 -164562.96  566 4408 -160950.87 -167279.77  3.93%  17.3 2047s
 268862 257522 -164476.43  581 4393 -160950.87 -167279.77  3.93%  17.3 2051s
 269929 258370 -164324.03  616 4307 -160950.87 -167279.77  3.93%  17.2 2057s
 270378 259216 -164253.87  630 4276 -160950.87 -167279.77  3.93%  17.2 2060s
 271862 259958 -164035.49  672 4178 -160950.87 -167279.77  3.93%  17.2 2075s
 272729 261096 -163905.26  702 4137 -160950.87 -167279.77  3.93%  17.2 2080s
 273365 261469 -163835.22  714 4115 -160950.87 -167279.77  3.93%  17.2 2090s
 274897 263195 -163597.74  766 4019 -160950.87 -167279.77  3.93%  17.2 2096s
 276054 263977 -163432.51  788 3994 -160950.87 -167279.77  3.93%  17.2 2106s
 276195 264330 -163446.50  793 3996 -160950.87 -167279.77  3.93%  17.2 2111s
 277354 265571 -163297.89  827 3922 -160950.87 -167279.77  3.93%  17.2 2116s
 278837 267292 -163040.80  888 3830 -160950.87 -167279.77  3.93%  17.2 2121s
 279982 268120 -162933.80  915 3821 -160950.87 -167279.66  3.93%  17.2 2128s
 280849 269335 -162826.12  942 3797 -160950.87 -167279.58  3.93%  17.2 2132s
 282426 270651 -162557.80  978 3723 -160950.87 -167279.58  3.93%  17.2 2136s
 283834 271872 -162386.92 1006 3706 -160950.87 -167279.54  3.93%  17.2 2140s
 285330 273419 -162182.14 1057 3619 -160950.87 -167279.51  3.93%  17.1 2145s
 287252 275386 -161997.48 1103 3584 -160950.87 -167279.51  3.93%  17.1 2151s
 288545 276194 -161843.09 1140 3524 -160950.87 -167279.49  3.93%  17.1 2163s
 288705 276608 -161828.68 1141 3528 -160950.87 -167279.49  3.93%  17.1 2165s
 289770 277774 -161681.82 1184 3442 -160950.87 -167279.49  3.93%  17.1 2175s
 290291 278083 -161639.19 1196 3424 -160950.87 -167279.49  3.93%  17.1 2182s
 290937 278931 -161546.86 1220 3385 -160950.87 -167279.49  3.93%  17.1 2185s
 292166 279976 -161419.21 1248 3325 -160950.87 -167279.49  3.93%  17.1 2197s
 292948 280993 -161291.70 1281 3278 -160950.87 -167279.49  3.93%  17.0 2200s
 293538 281326 -161256.10 1296 3286 -160950.87 -167279.49  3.93%  17.0 2209s
 293871 281798 -161230.34 1300 3272 -160950.87 -167279.49  3.93%  17.0 2210s
 294969 282358 -161167.39 1313 3251 -160950.87 -167279.48  3.93%  17.0 2215s
 295899 283703 -161071.33 1338 3224 -160950.87 -167279.48  3.93%  17.0 2220s
 297231 284896 -167077.55   66 5433 -160950.87 -167279.48  3.93%  17.0 2225s
 298241 285774 -165750.98  272 4879 -160950.87 -167279.48  3.93%  17.0 2234s
 298529 286284 -165499.45  321 4812 -160950.87 -167279.48  3.93%  17.0 2236s
 299049 286366 -164688.43  426 4607 -160950.87 -167279.48  3.93%  17.0 2240s
 300345 287815 -166742.95   97 5226 -160950.87 -167279.35  3.93%  17.0 2253s
 300646 288237 -166637.41  115 5170 -160950.87 -167279.35  3.93%  17.0 2260s
 301187 288542 -166362.11  161 5072 -160950.87 -167279.34  3.93%  17.0 2272s
 301904 289709 -165874.50  216 4938 -160950.87 -167279.34  3.93%  17.0 2276s
 302586 289934 -165678.21  239 4881 -160950.87 -167279.34  3.93%  17.0 2287s
 303508 290980 -165327.54  283 4789 -160950.87 -167279.34  3.93%  17.0 2297s
 304338 291701 -164785.19  326 4723 -160950.87 -167279.29  3.93%  17.0 2307s
 304642 292032 -164426.78  352 4657 -160950.87 -167279.29  3.93%  17.0 2310s
 305835 293488 -163820.42  403 4571 -160950.87 -167279.29  3.93%  17.0 2315s
 306876 294162 -167018.45   70 5435 -160950.87 -167279.29  3.93%  17.0 2326s
 307756 294980 -165714.01  266 4906 -160950.87 -167279.29  3.93%  17.0 2334s
 308040 295185 -165294.27  352 4737 -160950.87 -167279.29  3.93%  17.0 2336s
 308245 295392 infeasible  389      -160950.87 -167279.29  3.93%  17.0 2344s
 308466 295771 -167276.22   24 5618 -160950.87 -167279.29  3.93%  17.0 2347s
 309475 296848 -166675.12  128 5178 -160950.87 -167279.07  3.93%  17.0 2350s
 309948 297168 -167094.30   67 5379 -160950.87 -167279.07  3.93%  17.0 2357s
 310893 298099 -165687.64  292 4842 -160950.87 -167279.07  3.93%  16.9 2367s
 311205 298629 -165079.19  389 4683 -160950.87 -167279.07  3.93%  16.9 2374s
 311735 299375 -164326.58  532 4384 -160950.87 -167279.07  3.93%  16.9 2376s
 312481 300058 -163179.55  756 4044 -160950.87 -167279.07  3.93%  16.9 2387s
 313973 301073 -161163.91 1189 3422 -160950.87 -167279.03  3.93%  16.9 2397s
 314542 301637 -161607.45 1255 3325 -160950.87 -167279.00  3.93%  16.9 2400s

Cutting planes:
  Learned: 1
  Gomory: 315
  Lift-and-project: 5
  Cover: 1225
  Implied bound: 1
  MIR: 3279
  Mixing: 1
  StrongCG: 1201
  Flow cover: 914
  GUB cover: 131
  Zero half: 200
  Mod-K: 2
  RLT: 4
  Relax-and-lift: 221

Explored 314818 nodes (5365741 simplex iterations) in 2400.19 seconds (2381.30 work units)
Thread count was 4 (of 28 available processors)

Solution count 10: -160951 -160950 -160948 ... -160900

Time limit reached
Best objective -1.609508716584e+05, best bound -1.672790027288e+05, gap 3.9317%

User-callback calls 954194, time in user-callback 3.30 sec
