
Gurobi 13.0.1 (win64) logging started Tue Oct  6 21:30:28 2026

Set parameter LogFile to value "results/source_summaries/3d/R06/gurobi_extensive.log"
Gurobi Optimizer version 13.0.1 build v13.0.1rc0 (win64 - Windows 11+.0 (26200.2))

CPU model: Intel(R) Core(TM) i7-14650HX, instruction set [SSE2|AVX|AVX2]
Thread count: 16 physical cores, 24 logical processors, using up to 4 threads

Non-default parameters:
TimeLimit  1800
IntFeasTol  1e-06
MIPGap  0.0005
Heuristics  0.2
Cuts  2
Presolve  2
Seed  1
Threads  4

Optimize a model with 5170 rows, 9129 columns and 20060 nonzeros (Min)
Model fingerprint: 0x60e718c5
Model has 3964 linear objective coefficients
Variable types: 5163 continuous, 3966 integer (3963 binary)
Coefficient statistics:
  Matrix range     [1e-01, 3e+01]
  Objective range  [3e+00, 5e+01]
  Bounds range     [1e-01, 3e+01]
  RHS range        [1e+00, 9e+01]

Found heuristic solution: objective 0.0000000
Presolve removed 135 rows and 4912 columns
Presolve time: 0.13s
Presolved: 5035 rows, 4217 columns, 14870 nonzeros
Variable types: 118 continuous, 4099 integer (3862 binary)
Root relaxation presolve removed 1 rows and 1 columns
Root relaxation presolved: 5034 rows, 4216 columns, 14867 nonzeros


Root relaxation: objective -3.247441e+04, 1451 iterations, 0.03 seconds (0.05 work units)

    Nodes    |    Current Node    |     Objective Bounds      |     Work
 Expl Unexpl |  Obj  Depth IntInf | Incumbent    BestBd   Gap | It/Node Time

     0     0 -32474.410    0  463    0.00000 -32474.410      -     -    0s
H    0     0                    -23873.45270 -32474.410  36.0%     -    0s
H    0     0                    -25583.67555 -32474.410  26.9%     -    0s
H    0     0                    -25649.23760 -32474.410  26.6%     -    0s
H    0     0                    -25708.73884 -32474.410  26.3%     -    0s
H    0     0                    -25718.66052 -32474.410  26.3%     -    0s
H    0     0                    -25756.62417 -32474.410  26.1%     -    0s
H    0     0                    -26492.33872 -32474.410  22.6%     -    0s
H    0     0                    -26511.92695 -32474.410  22.5%     -    0s
H    0     0                    -26522.18745 -32474.410  22.4%     -    0s
H    0     0                    -26542.40532 -32474.410  22.3%     -    0s
H    0     0                    -26554.80942 -31734.789  19.5%     -    0s
H    0     0                    -26614.58507 -31734.789  19.2%     -    0s
H    0     0                    -26634.68970 -31734.789  19.1%     -    0s
H    0     0                    -26772.15573 -31734.789  18.5%     -    0s
H    0     0                    -26828.74416 -31734.789  18.3%     -    0s
H    0     0                    -26844.70564 -31734.789  18.2%     -    0s
H    0     0                    -26903.11323 -31734.789  18.0%     -    0s
     0     0 -31734.789    0 1053 -26903.113 -31734.789  18.0%     -    0s
H    0     0                    -26905.09756 -31733.658  17.9%     -    0s
H    0     0                    -26923.64674 -31733.658  17.9%     -    0s
H    0     0                    -26940.01006 -30947.602  14.9%     -    0s
H    0     0                    -26943.95197 -30947.602  14.9%     -    0s
H    0     0                    -26944.96352 -30947.602  14.9%     -    0s
H    0     0                    -26974.30267 -30947.602  14.7%     -    0s
H    0     0                    -26980.18982 -30947.602  14.7%     -    0s
H    0     0                    -26985.97986 -30947.602  14.7%     -    0s
     0     0 -30944.894    0 1148 -26985.980 -30944.894  14.7%     -    0s
H    0     0                    -27058.44147 -30935.858  14.3%     -    0s
H    0     0                    -27075.21790 -30935.858  14.3%     -    0s
     0     0 -30935.474    0 1162 -27075.218 -30935.474  14.3%     -    0s
     0     0 -30904.909    0 1172 -27075.218 -30904.909  14.1%     -    0s
     0     0 -30904.909    0 1169 -27075.218 -30904.909  14.1%     -    0s
H    0     0                    -27127.24194 -30904.909  13.9%     -    0s
H    0     0                    -27131.28811 -30773.042  13.4%     -    0s
     0     0 -30245.685    0 1498 -27131.288 -30245.685  11.5%     -    0s
     0     0 -30241.386    0 1498 -27131.288 -30241.386  11.5%     -    0s
     0     0 -30241.386    0 1486 -27131.288 -30241.386  11.5%     -    0s
H    0     0                    -27135.41326 -30241.386  11.4%     -    1s
H    0     0                    -27140.29721 -30241.386  11.4%     -    1s
H    0     2                    -27154.66352 -30241.386  11.4%     -    1s
     0     2 -30241.386    0 1482 -27154.664 -30241.386  11.4%     -    1s
H    3     8                    -27157.68369 -30241.386  11.4%   238    1s
H    4     8                    -27170.89956 -30241.386  11.3%   285    1s
H    7    12                    -27171.99470 -30241.386  11.3%   493    1s
H    9    12                    -27201.04345 -30241.386  11.2%   657    1s
H   11    29                    -27204.00399 -30241.386  11.2%   675    1s
H   16    29                    -27228.31835 -30241.386  11.1%   477    1s
H   18    29                    -27236.58671 -30241.386  11.0%   472    1s
H   23    29                    -27249.94768 -30241.386  11.0%   380    1s
H   44    52                    -27262.11563 -30241.386  10.9%   266    1s
H   44    52                    -27265.07618 -30241.386  10.9%   266    1s
H   47    52                    -27271.16351 -30241.386  10.9%   272    1s
H   50    52                    -27300.43856 -30241.386  10.8%   256    1s
H   58    68                    -27307.48053 -30241.386  10.7%   237    2s
H   92    93                    -27332.57773 -30241.386  10.6%   157    2s
H   94    97                    -27357.64831 -30241.386  10.5%   155    2s
H  143   146                    -27359.55992 -30241.386  10.5%   106    2s
H  182   186                    -27360.65121 -30241.386  10.5%  86.5    2s
H  319   329                    -27361.61622 -30241.386  10.5%  53.3    2s
H  422   425                    -27376.45645 -30241.386  10.5%  42.1    2s
H  423   425                    -27402.42230 -30241.386  10.4%  42.0    2s
H  456   470                    -27406.32947 -30241.386  10.3%  39.6    2s
H  555   556                    -27415.44450 -30241.386  10.3%  33.9    2s
H  636   665                    -27428.38176 -30241.386  10.3%  30.4    2s
H  798   818                    -27429.47690 -30241.386  10.3%  25.2    3s
H  807   818                    -27430.54798 -30241.386  10.2%  25.0    3s
H 1155  1162                    -27431.64312 -30241.386  10.2%  20.3    3s
H 1159  1162                    -27432.45959 -30241.386  10.2%  20.2    3s
H 1264  1282                    -27433.42404 -30241.386  10.2%  19.7    3s
H 1291  1281                    -27440.37107 -30241.386  10.2%  19.8    3s
H 1752  1729                    -27444.19245 -30241.386  10.2%  16.1    3s
H 2285  2310                    -27445.17147 -30241.386  10.2%  13.4    4s
H 2308  2303                    -27457.34249 -30241.386  10.1%  13.4    4s
H 2758  2716                    -27460.19079 -30241.386  10.1%  13.1    4s
  2866  2788 -28416.668   89 1486 -27460.191 -30241.386  10.1%  14.1    5s
H 2882  2658                    -27461.13704 -30020.908  9.32%  14.0    9s
  2883  2658 -27794.694  224 1908 -27461.137 -30020.908  9.32%  14.0   10s
H 2884  2526                    -27470.92633 -29903.766  8.86%  14.0   11s
H 2884  2399                    -27475.99774 -29903.766  8.84%  14.0   11s
H 2886  2280                    -27486.77569 -29892.500  8.75%  14.0   12s
H 2888  2168                    -27491.86641 -29839.831  8.54%  13.9   15s
H 2888  2059                    -27502.60194 -29839.831  8.50%  13.9   15s
H 2889  1955                    -27503.58097 -29829.589  8.46%  13.9   16s
H 2890  1858                    -27504.67611 -29825.264  8.44%  13.9   17s
H 2892  1766                    -27505.64111 -29501.758  7.26%  13.9   19s
  2893  1767 -27762.187   47 2172 -27505.641 -29501.758  7.26%  13.9   20s
H 2895  1679                    -27506.62014 -29021.767  5.51%  13.9   24s
  2896  1680 -28659.323  125 2211 -27506.620 -28961.667  5.29%  13.9   25s
  2900  1683 -28093.719  210 2400 -27506.620 -28747.002  4.51%  13.9   30s
  2903  1685 -28253.940  136 2446 -27506.620 -28733.875  4.46%  13.9   36s
  2906  1687 -27870.969  311 2436 -27506.620 -28724.963  4.43%  13.9   41s
  2909  1689 -27983.398  257 2466 -27506.620 -28720.305  4.41%  13.8   47s
  2912  1691 -27663.851  348 2473 -27506.620 -28717.566  4.40%  13.8   50s
  2915  1693 -28590.573  151 2549 -27506.620 -28715.418  4.39%  13.8   55s
  2918  1695 -27693.064  197 2545 -27506.620 -28711.917  4.38%  13.8   61s
  2921  1702 -28711.917   16 2438 -27506.620 -28711.917  4.38%  44.3   67s
  2929  1709 -28085.166   18 1719 -27506.620 -28711.917  4.38%  54.8   72s
  3014  1771 -27997.417   29 1710 -27506.620 -28711.917  4.38%  71.5   75s
  3475  2104 -27861.389   67 1540 -27506.620 -28711.917  4.38%  71.3   80s
  4468  2885 -27641.801  155  986 -27506.620 -28711.917  4.38%  63.7   85s
  5486  3458 -27549.247   35  423 -27506.620 -28711.917  4.38%  56.4   90s
  6347  3916 -28243.214   48 1641 -27506.620 -28711.917  4.38%  58.3   95s
  8159  5510 -27861.965  173  937 -27506.620 -28711.917  4.38%  53.5  101s
  9500  6432 -28333.754   25 1867 -27506.620 -28711.917  4.38%  51.8  105s
 10181  7332 -28361.591   25 1863 -27506.620 -28711.917  4.38%  54.1  111s
 11608  8555 -28193.193   63 1596 -27506.620 -28711.917  4.38%  52.6  117s
 11879  8889 -28113.456   82 1491 -27506.620 -28711.917  4.38%  53.4  120s
 13428 10772 -28185.049   77 1570 -27506.620 -28711.917  4.38%  53.5  126s
 14540 11723 -28203.217   62 1560 -27506.620 -28711.917  4.38%  53.4  130s
 15593 12063 -28144.677   80 1545 -27506.620 -28711.917  4.38%  53.2  135s
 15711 12847 -28021.001  109 1483 -27506.620 -28711.917  4.38%  53.3  140s
 17378 13997 -28322.248   35 1731 -27506.620 -28450.816  3.43%  53.3  146s
 18629 15250 -27957.214  101 1420 -27506.620 -28450.816  3.43%  53.5  151s
 19664 16220 -28322.372   35 1731 -27506.620 -28436.951  3.38%  52.9  155s
 21874 17784 -27715.576  137 1040 -27506.620 -28432.154  3.36%  51.0  160s
 22784 18744 -28245.300   59  539 -27506.620 -28432.154  3.36%  49.5  165s
 24254 19886 -28195.934  107  503 -27506.620 -28426.618  3.34%  47.3  172s
 24258 19890 -28196.857  107  490 -27506.620 -28426.618  3.34%  47.3  177s
 24262 19894 -28198.022  108  497 -27506.620 -28426.618  3.34%  47.3  181s
 24266 19898 -28196.301  109  497 -27506.620 -28426.618  3.34%  47.3  185s
 24274 19906 -28192.776  108  498 -27506.620 -28426.618  3.34%  47.3  193s
 24278 19910 -28195.615  110  497 -27506.620 -28426.618  3.34%  47.3  197s
 24282 19914 -28196.489  109  498 -27506.620 -28426.618  3.34%  47.3  202s
 24290 20066 -28195.334  108  501 -27506.620 -28426.618  3.34%  47.3  206s
 25548 21790 -27580.450  434   90 -27506.620 -28426.618  3.34%  45.2  212s
 26271 22138 -28077.322   92 1566 -27506.620 -28420.552  3.32%  44.5  216s
 27130 23133     cutoff  296      -27506.620 -28415.198  3.30%  44.0  221s
 28337 23760 -28288.587   43 1782 -27506.620 -28413.952  3.30%  43.0  225s
 31104 27536 -27666.929  255  566 -27506.620 -28410.782  3.29%  41.1  231s
 35014 30225     cutoff  182      -27506.620 -28401.099  3.25%  38.5  235s
 40022 34481 -28206.841   58 1652 -27506.620 -28396.183  3.23%  35.4  240s
 42995 38955 -28035.075  104 1370 -27506.620 -28390.960  3.22%  34.6  246s
 50813 44883 -27726.371  331  273 -27506.620 -28384.960  3.19%  31.2  250s
 59589 53165 -27740.544  324  260 -27506.620 -28380.348  3.18%  27.6  255s
 65677 58603 -28244.245   52 1684 -27506.620 -28378.308  3.17%  26.2  260s
 67831 60565 -28210.104   59 1602 -27506.620 -28376.834  3.16%  26.6  265s
 71286 64421 -27516.504  299  312 -27506.620 -28372.444  3.15%  26.7  270s
 74675 68474 -28158.818   68 1571 -27506.620 -28372.444  3.15%  26.4  277s
 78572 71090 -27597.666  295  567 -27506.620 -28363.598  3.12%  26.2  280s
 80766 72595 -28070.545   76 1612 -27506.620 -28362.283  3.11%  26.3  285s
 82358 74123 -28276.198   36 1765 -27506.620 -28360.301  3.10%  26.8  290s
 83876 75609 -28271.567   36  571 -27506.620 -28358.035  3.10%  27.3  295s
 86580 77914 -28150.705   74 1603 -27506.620 -28358.035  3.10%  27.3  300s
 88750 79932 -28146.538   45 1776 -27506.620 -28357.431  3.09%  27.8  305s
 89767 81218 -28000.967  115 1467 -27506.620 -28356.896  3.09%  28.3  310s
 91840 82926 -28165.339   69 1502 -27506.620 -28356.896  3.09%  28.5  315s
 93202 84005 -28202.293   69 1667 -27506.620 -28356.896  3.09%  28.8  320s
 94346 85531 -27764.769  221  865 -27506.620 -28356.896  3.09%  29.1  325s
 97917 88429 -28282.983   26 1933 -27506.620 -28354.004  3.08%  29.0  330s
 99042 89562 -27871.958  114 1421 -27506.620 -28354.004  3.08%  29.3  335s
 100761 91198 -28324.538   23 1971 -27506.620 -28351.548  3.07%  29.6  340s
 102756 92869 -28326.995   24 1986 -27506.620 -28351.548  3.07%  29.9  346s
 104597 94807 -27592.476  282  518 -27506.620 -28351.548  3.07%  30.2  350s
 106606 96656 -28225.260   50 1769 -27506.620 -28351.548  3.07%  30.3  355s
 108781 98389 -28285.862   32 1880 -27506.620 -28351.548  3.07%  30.4  360s
 110920 100595 -28333.445   23 1956 -27506.620 -28346.554  3.05%  30.8  365s
 113103 102724 infeasible  323      -27506.620 -28346.382  3.05%  31.1  370s
 114772 104422 -28118.435   68 1626 -27506.620 -28345.780  3.05%  31.4  376s
 116207 105349 -28309.653   28 1956 -27506.620 -28345.655  3.05%  31.7  380s
 117980 107010 -28300.749   29 1847 -27506.620 -28345.132  3.05%  31.9  385s
 119513 108584 -28235.937   49 1687 -27506.620 -28345.132  3.05%  32.1  390s
 121157 109965 -27517.621  112 1299 -27506.620 -28345.132  3.05%  32.5  395s
 123407 112159 -28300.688   29 1950 -27506.620 -28345.132  3.05%  32.7  401s
 125058 113520 -27708.273   74 1302 -27506.620 -28343.497  3.04%  32.9  405s
 126618 114919 -28258.536   44 1711 -27506.620 -28343.110  3.04%  33.1  410s
 128113 116529 -28170.535   57 1622 -27506.620 -28343.110  3.04%  33.2  415s
 130524 118581 -28150.686   60 1595 -27506.620 -28342.880  3.04%  33.3  420s
 132592 120902 -28329.538   28 1905 -27506.620 -28342.745  3.04%  33.4  425s
 134276 122415 -28291.906   33 1775 -27506.620 -28342.354  3.04%  33.7  430s
 136363 124095 -28079.519   86 1599 -27506.620 -28342.070  3.04%  33.8  435s
 138060 125527 -28106.047   52 1658 -27506.620 -28342.070  3.04%  33.9  440s
 140335 127764 -28227.525   35 1813 -27506.620 -28340.683  3.03%  34.0  445s
 141250 129008 -28143.452   74 1614 -27506.620 -28340.683  3.03%  34.2  450s
 144750 131979 -28202.185   58 1600 -27506.620 -28340.039  3.03%  34.1  455s
 146257 133371 -28101.797   76 1598 -27506.620 -28340.039  3.03%  34.2  460s
 148214 135305 -27646.251  221  872 -27506.620 -28339.582  3.03%  34.3  465s
 150522 137037 -28130.670   66 1649 -27506.620 -28339.582  3.03%  34.3  470s
 152439 139190 -27932.805   62 1429 -27506.620 -28338.714  3.03%  34.5  475s
 154721 141232 -27848.587   73 1476 -27506.620 -28338.397  3.02%  34.6  480s
 156806 143203 -28178.434   61 1683 -27506.620 -28338.116  3.02%  34.8  485s
 158577 144633 -28093.913   79 1535 -27506.620 -28338.116  3.02%  34.8  490s
 160780 146846 -28038.549   88 1595 -27506.620 -28337.848  3.02%  34.9  495s
 162528 148286 -28257.907   28 1948 -27506.620 -28337.848  3.02%  35.0  500s
 163579 149789 -28104.676   73 1563 -27506.620 -28337.848  3.02%  35.2  505s
 165402 151071 -28189.912   67 1550 -27506.620 -28336.816  3.02%  35.3  510s
 167668 153216 -27710.586  156 1366 -27506.620 -28336.276  3.02%  35.5  515s
 169044 154532 -28085.238   91 1463 -27506.620 -28336.170  3.02%  35.6  520s
 171302 156248 -28151.827   43 1743 -27506.620 -28336.170  3.02%  35.7  525s
 172531 157936 -28280.645   42 1754 -27506.620 -28336.170  3.02%  35.8  530s
 174575 160146 -27950.597   87 1514 -27506.620 -28334.974  3.01%  35.9  535s
 177396 162106 -27937.485  103 1404 -27506.620 -28334.692  3.01%  35.9  540s
 178483 163427 -28015.457  115 1469 -27506.620 -28334.692  3.01%  36.0  545s
 180177 164275 -28247.115   28 1832 -27506.620 -28333.831  3.01%  36.0  550s
 180959 165539 -28237.260   38 1692 -27506.620 -28333.494  3.01%  36.2  555s
 182687 167420 -28228.412   52 1631 -27506.620 -28333.217  3.01%  36.4  562s
 184030 168083 -28067.550   67 1655 -27506.620 -28333.104  3.00%  36.4  566s
 185255 169160 -27762.196  183 1197 -27506.620 -28332.968  3.00%  36.5  572s
 186904 170384 -27978.492   77 1624 -27506.620 -28332.968  3.00%  36.4  575s
 188133 171675 -28134.961   62 1616 -27506.620 -28332.921  3.00%  36.6  580s
 190494 173830 -28174.095   67 1646 -27506.620 -28332.753  3.00%  36.7  585s
 191369 174448 -28249.455   39 1835 -27506.620 -28332.753  3.00%  36.7  590s
 192916 176236 -28044.465   56 1586 -27506.620 -28332.753  3.00%  36.8  596s
 194797 177615 -27584.783  362  239 -27506.620 -28332.753  3.00%  36.8  601s
 195657 178394 -28288.394   37 1889 -27506.620 -28331.601  3.00%  36.9  605s
 197675 180481 -27609.794  271  576 -27506.620 -28331.601  3.00%  36.9  610s
 199127 181787 -28286.952   30 1866 -27506.620 -28331.601  3.00%  37.0  615s
 200623 182980 -28214.422   44 1659 -27506.620 -28331.601  3.00%  37.1  620s
 201637 184434 -27923.820  138 1240 -27506.620 -28331.136  3.00%  37.2  625s
 203512 185930 -28002.296  115 1501 -27506.620 -28330.985  3.00%  37.2  631s
 205350 187610 -28287.125   36 1918 -27506.620 -28330.713  3.00%  37.1  635s
 206896 188895 -28124.070   47 1705 -27506.620 -28330.713  3.00%  37.2  640s
 208524 190947 -28034.693  108 1602 -27506.620 -28330.351  2.99%  37.4  645s
 209903 191874 -27967.993  105 1590 -27506.620 -28330.351  2.99%  37.4  650s
 211350 193026 -27630.603  232  616 -27506.620 -28330.351  2.99%  37.4  655s
 213814 195363 -28279.880   35 1790 -27506.620 -28329.710  2.99%  37.4  660s
 215133 196436 -28299.057   32 1825 -27506.620 -28329.603  2.99%  37.4  665s
 216358 197604 -28301.379   33 1922 -27506.620 -28329.444  2.99%  37.4  670s
 219024 200126 -28145.492   73 1573 -27506.620 -28329.287  2.99%  37.3  678s
 219082 200273 -28061.224   86 1484 -27506.620 -28329.287  2.99%  37.3  684s
 219229 200370 -27966.316  119 1391 -27506.620 -28329.287  2.99%  37.4  689s
 219326 200459 -27866.974  149 1231 -27506.620 -28329.287  2.99%  37.4  695s
 219415 200861 -27806.726  182 1109 -27506.620 -28329.287  2.99%  37.4  701s
 219817 201605 -27583.232  290  570 -27506.620 -28329.287  2.99%  37.4  707s
 220616 201713 -28269.890   34 1747 -27506.620 -28329.287  2.99%  37.3  713s
 220746 201958 -28119.481   83 1697 -27506.620 -28329.287  2.99%  37.3  719s
 220991 202373 -27732.611  202 1110 -27506.620 -28329.287  2.99%  37.3  725s
 222627 203596 -28194.393   41 1824 -27506.620 -28328.797  2.99%  37.4  731s
 225117 205896 -28288.126   31 1808 -27506.620 -28328.746  2.99%  37.4  735s
 226668 207447 -27982.982  101 1432 -27506.620 -28328.746  2.99%  37.4  740s
 227971 209014 -28123.992   67 1477 -27506.620 -28328.746  2.99%  37.5  746s
 229892 210534 -28264.368   38 1879 -27506.620 -28328.746  2.99%  37.5  750s
 231304 211600 -27702.327   99 1301 -27506.620 -28328.746  2.99%  37.5  755s
 231515 211963 -28231.140   44 1735 -27506.620 -28328.746  2.99%  37.6  760s
 233136 213641 -28208.325   86  568 -27506.620 -28328.177  2.99%  37.6  766s
 234615 214734 -28109.935   58 1628 -27506.620 -28328.174  2.99%  37.5  770s
 235558 215757 -28095.353   90 1618 -27506.620 -28328.174  2.99%  37.6  775s
 236657 216773 -28271.503   33 1933 -27506.620 -28328.174  2.99%  37.6  780s
 238411 218507 -27819.268  165 1152 -27506.620 -28328.174  2.99%  37.6  785s
 240067 219794 -28213.841   51 1712 -27506.620 -28328.174  2.99%  37.7  791s
 241467 221045 -27817.321  136 1332 -27506.620 -28328.174  2.99%  37.7  795s
 242030 222027 -28131.384   55 1761 -27506.620 -28327.235  2.98%  37.7  800s
 242875 222951 -28246.430   38 1878 -27506.620 -28327.235  2.98%  37.8  805s
 243960 223927 -28093.130   71 1650 -27506.620 -28327.235  2.98%  37.8  811s
 245212 224998 -27857.296  127 1411 -27506.620 -28327.235  2.98%  37.8  816s
 246472 225642 -28182.940   67 1728 -27506.620 -28327.235  2.98%  37.8  822s
 247027 226381 -28280.078   37 1818 -27506.620 -28327.235  2.98%  37.8  826s
 247952 227115 -28263.589   32 1681 -27506.620 -28327.235  2.98%  37.8  831s
 248670 227900 -27558.530  124 1188 -27506.620 -28327.235  2.98%  37.9  835s
 250388 229310 -28128.428   73 1740 -27506.620 -28327.235  2.98%  38.0  841s
 251540 230358 -28207.279   55 1736 -27506.620 -28327.235  2.98%  37.9  845s
 252566 231289 -28315.836   28 1805 -27506.620 -28326.226  2.98%  37.9  850s
 254675 232976 -27919.751  144 1245 -27506.620 -28326.117  2.98%  37.9  856s
 255604 233952 -28289.549   33 1963 -27506.620 -28326.117  2.98%  37.9  860s
 256924 235297 -27946.986  119 1325 -27506.620 -28326.117  2.98%  38.0  865s
 258608 236906 -27731.126  143 1274 -27506.620 -28325.904  2.98%  38.1  870s
 259397 237804 -27899.888  117 1360 -27506.620 -28325.690  2.98%  38.1  876s
 260201 238004 -28147.788   62 1641 -27506.620 -28325.639  2.98%  38.1  880s
 261272 239032 -28308.263   37 1848 -27506.620 -28325.551  2.98%  38.1  885s
 262993 240942 -28243.756   65  575 -27506.620 -28325.439  2.98%  38.0  891s
 265275 242771 -28309.129   29 1980 -27506.620 -28325.439  2.98%  37.8  895s
 266499 243827 -28255.353   29 1840 -27506.620 -28325.317  2.98%  37.9  900s
 267230 244666 -28136.129   73 1670 -27506.620 -28325.222  2.98%  38.0  905s
 268227 245449 -28250.017   29 1974 -27506.620 -28325.165  2.98%  37.9  911s
 268817 246390 -27922.510  125 1521 -27506.620 -28325.165  2.98%  38.0  916s
 269603 246802 -28121.657   65 1687 -27506.620 -28325.165  2.98%  38.0  920s
 270791 248042 -28096.876   84 1389 -27506.620 -28325.165  2.98%  38.0  926s
 271811 249060 -27967.322   67 1568 -27506.620 -28325.165  2.98%  38.0  930s
 272798 249607 -28194.859   55 1713 -27506.620 -28325.165  2.98%  38.1  935s
 273793 251152 -28256.479   36 1947 -27506.620 -28325.165  2.98%  38.1  940s
 274929 251432 -27736.460  145 1281 -27506.620 -28325.165  2.98%  38.1  946s
 274937 251440 -27733.707  147 1276 -27506.620 -28325.165  2.98%  38.1  951s
 274945 251448 -27729.098  149 1298 -27506.620 -28325.165  2.98%  38.1  956s
 274953 251456 -27722.892  151 1284 -27506.620 -28325.165  2.98%  38.1  961s
 274961 251464 -27715.293  153 1277 -27506.620 -28325.165  2.98%  38.1  966s
 274969 251472 -27704.580  155 1229 -27506.620 -28325.165  2.98%  38.1  972s
 274973 251476 -27695.815  156 1223 -27506.620 -28325.165  2.98%  38.1  975s
 274981 251484 -27684.297  158 1220 -27506.620 -28325.165  2.98%  38.1  981s
 274989 251492 -27675.159  160 1205 -27506.620 -28325.165  2.98%  38.1  987s
 274993 251496 -27674.181  161 1192 -27506.620 -28325.165  2.98%  38.1  990s
 275047 251675 -27659.943  163 1200 -27506.620 -28325.165  2.98%  38.1  995s
 275339 252076 -27654.303  165 1201 -27506.620 -28325.165  2.98%  38.1 1000s
 276064 252879 -28193.667   46 1794 -27506.620 -28325.165  2.98%  38.2 1005s
 276723 253837 -27945.862  113 1347 -27506.620 -28325.165  2.98%  38.3 1012s
 277526 254181 -28298.367   27 1866 -27506.620 -28325.165  2.98%  38.3 1015s
 278511 254986 -28297.043   30 1965 -27506.620 -28325.165  2.98%  38.3 1023s
 278799 255519 -28108.605   76 1531 -27506.620 -28325.165  2.98%  38.3 1025s
 279994 256297 -28204.532   62 1710 -27506.620 -28325.165  2.98%  38.3 1030s
 280848 257145 -28257.161   39 1905 -27506.620 -28324.051  2.97%  38.4 1036s
 281339 258042 -28050.758   90 1647 -27506.620 -28324.051  2.97%  38.4 1041s
 282413 258681 -27742.412  191  967 -27506.620 -28324.051  2.97%  38.4 1045s
 283257 259518 -27949.000  133 1517 -27506.620 -28324.051  2.97%  38.4 1051s
 284249 260260 -28100.267   80 1674 -27506.620 -28324.051  2.97%  38.4 1055s
 284912 260905 -28277.664   33 1863 -27506.620 -28324.051  2.97%  38.4 1060s
 286167 262065 -28264.689   33 1925 -27506.620 -28324.051  2.97%  38.4 1066s
 286865 262868 -27926.650   95 1476 -27506.620 -28324.051  2.97%  38.5 1072s
 287420 263068 -28290.423   29 1851 -27506.620 -28324.051  2.97%  38.5 1075s
 288137 263782 -27714.250  211 1053 -27506.620 -28324.051  2.97%  38.5 1080s
 288840 264848 -27902.118  151 1444 -27506.620 -28323.404  2.97%  38.6 1087s
 289784 265105 -28251.312   48 1759 -27506.620 -28323.336  2.97%  38.6 1091s
 290143 265946 -28097.308   84 1581 -27506.620 -28323.336  2.97%  38.7 1096s
 291667 267255 -27761.234  198 1091 -27506.620 -28323.336  2.97%  38.6 1101s
 292541 267883 -27988.760  101 1562 -27506.620 -28323.336  2.97%  38.7 1106s
 293185 268309 -28275.948   34 1863 -27506.620 -28323.336  2.97%  38.7 1111s
 293593 268957 -28081.967   90 1541 -27506.620 -28323.336  2.97%  38.8 1116s
 294345 270334 -27782.184  196 1014 -27506.620 -28323.159  2.97%  38.8 1120s
 295880 271171 -28106.763   76 1654 -27506.620 -28323.159  2.97%  38.8 1126s
 296726 271929 -28126.783   64 1684 -27506.620 -28323.159  2.97%  38.8 1132s
 297622 272774 -28133.190   51 1782 -27506.620 -28323.159  2.97%  38.8 1137s
 298201 273179 -27632.170  168 1070 -27506.620 -28323.159  2.97%  38.8 1140s
 298996 273789 -28114.444   83 1605 -27506.620 -28323.159  2.97%  38.8 1145s
 299880 274496 -28259.176   49 1783 -27506.620 -28322.819  2.97%  38.9 1151s
 300328 275438 -28048.852  110 1452 -27506.620 -28322.819  2.97%  38.9 1156s
 301864 276668 -28115.459   74 1566 -27506.620 -28322.819  2.97%  38.9 1161s
 302857 277431 -28255.419   40 1825 -27506.620 -28322.819  2.97%  38.9 1166s
 304328 279018 -28281.661   31 1976 -27506.620 -28322.819  2.97%  38.8 1172s
 304907 279699 -28221.764   46 1826 -27506.620 -28322.819  2.97%  38.8 1175s
 305955 280370 -28071.062   81 1494 -27506.620 -28322.819  2.97%  38.8 1181s
 307173 281391 -27558.422  253  585 -27506.620 -28322.819  2.97%  38.8 1186s
 307662 282565 -28143.473   78 1579 -27506.620 -28322.819  2.97%  38.8 1191s
 309236 283441 -28306.295   38 1847 -27506.620 -28322.819  2.97%  38.7 1196s
 309682 283804 -28132.487   88 1636 -27506.620 -28322.819  2.97%  38.7 1201s
 310391 284365 -28290.353   37 1865 -27506.620 -28322.819  2.97%  38.7 1206s
 311012 284895 -28154.278   66 1539 -27506.620 -28322.246  2.97%  38.7 1211s
 311392 285838 -27934.059  132 1244 -27506.620 -28322.246  2.97%  38.8 1216s
 312388 286200 -27989.974   47 1584 -27506.620 -28322.093  2.96%  38.7 1222s
 312572 286415 -28306.100   37 1931 -27506.620 -28322.052  2.96%  38.8 1225s
 312983 286892 -28094.686   96 1490 -27506.620 -28322.052  2.96%  38.8 1231s
 313924 288136 -27640.943  261  791 -27506.620 -28321.990  2.96%  38.8 1236s
 314684 288510 -28272.650   33 1925 -27506.620 -28321.990  2.96%  38.8 1240s
 315324 289050 -28223.615   31 1899 -27506.620 -28321.950  2.96%  38.8 1245s
 315994 289711 -28291.286   29 1883 -27506.620 -28321.950  2.96%  38.8 1251s
 316658 291072 -28159.104   72 1739 -27506.620 -28321.950  2.96%  38.8 1257s
 317813 291386 -27545.639  250  740 -27506.620 -28321.595  2.96%  38.8 1260s
 318472 292313 -27941.418  128 1510 -27506.620 -28321.595  2.96%  38.9 1266s
 319491 293014 -27736.173  151 1287 -27506.620 -28321.366  2.96%  38.9 1272s
 319958 293444 -28198.557   47 1692 -27506.620 -28321.366  2.96%  38.9 1275s
 321046 294301 -28160.402   65 1685 -27506.620 -28321.366  2.96%  38.9 1281s
 321349 294865 -27815.239  164 1367 -27506.620 -28321.366  2.96%  38.9 1285s
 322253 295826 -27916.748  146 1279 -27506.620 -28321.366  2.96%  38.9 1291s
 323144 296499 -28049.258   80 1590 -27506.620 -28321.138  2.96%  38.9 1297s
 323645 297344 -27689.200  177 1178 -27506.620 -28321.138  2.96%  38.9 1300s
 324827 297989 -27808.422  149 1293 -27506.620 -28321.093  2.96%  38.9 1306s
 325239 298560 -28209.943   56 1727 -27506.620 -28321.085  2.96%  38.9 1310s
 326294 299700 -28138.626   77 1665 -27506.620 -28321.020  2.96%  38.9 1317s
 327165 300009 -28285.211   36 1806 -27506.620 -28321.020  2.96%  38.9 1320s
 328482 301362 -28135.432   76 1609 -27506.620 -28320.896  2.96%  38.9 1327s
 328995 301420 -28314.820   33 1935 -27506.620 -28320.874  2.96%  38.9 1330s
 329357 302389 -27977.554  136 1455 -27506.620 -28320.857  2.96%  38.9 1337s
 330078 302778 -28231.196   47 1743 -27506.620 -28320.799  2.96%  38.9 1340s
 331742 304159 -27676.831  142  381 -27506.620 -28320.677  2.96%  38.9 1347s
 331994 304202 -28126.906   61 1701 -27506.620 -28320.637  2.96%  38.9 1350s
 332568 304865 -28277.234   38 1842 -27506.620 -28320.550  2.96%  38.9 1357s
 332780 305508 -28086.911   97 1567 -27506.620 -28320.545  2.96%  39.0 1360s
 333827 306635 -28187.198   58 1661 -27506.620 -28320.466  2.96%  39.0 1367s
 335772 308056 -27675.312  222  822 -27506.620 -28320.466  2.96%  38.9 1370s
 337828 309685 -28253.850   36 1984 -27506.620 -28320.307  2.96%  38.9 1375s
 339964 311547 infeasible  314      -27506.620 -28320.188  2.96%  38.9 1380s
 341742 313449 -28065.787   68 1649 -27506.620 -28320.086  2.96%  38.9 1385s
 343460 315387 -28064.035   95 1583 -27506.620 -28320.086  2.96%  39.0 1390s
 345712 317486 -28120.679   72 1623 -27506.620 -28320.086  2.96%  39.0 1396s
 347876 319108 -28248.431   42 1699 -27506.620 -28319.806  2.96%  39.0 1400s
 349559 320537 -28135.590   68 1738 -27506.620 -28319.806  2.96%  39.0 1405s
 351746 322404 -28219.257   41 1801 -27506.620 -28319.806  2.96%  39.0 1410s
 353126 324317 -27987.417  122 1351 -27506.620 -28319.308  2.95%  39.1 1415s
 355990 326763 -28239.734   34 1635 -27506.620 -28319.175  2.95%  39.1 1420s
 358339 328532 -28077.309   89 1538 -27506.620 -28318.940  2.95%  39.1 1425s
 360625 330645 -28133.884   61 1638 -27506.620 -28318.940  2.95%  39.1 1430s
 362080 332456 -28240.871   44 1771 -27506.620 -28318.940  2.95%  39.2 1435s
 363939 333866 -28146.221   46 1691 -27506.620 -28318.940  2.95%  39.2 1440s
 365134 335254 -28115.097   70 1692 -27506.620 -28318.501  2.95%  39.3 1445s
 368061 337400 -28292.114   34 1977 -27506.620 -28318.448  2.95%  39.2 1450s
 368917 341757 -27803.381   91 1334 -27506.620 -28318.448  2.95%  39.3 1466s
 374361 343625 -27745.290  172 1091 -27506.620 -28318.120  2.95%  39.4 1471s
 376096 345818 -27810.819  168 1287 -27506.620 -28318.002  2.95%  39.4 1475s
 378543 347391 -28260.243   35 1931 -27506.620 -28318.002  2.95%  39.4 1480s
 380039 349664 -27874.475  168 1416 -27506.620 -28317.871  2.95%  39.4 1485s
 381406 349754 -28184.409   37 1729 -27506.620 -28317.772  2.95%  39.4 1491s
 382090 350621 -27607.409   91 1334 -27506.620 -28317.772  2.95%  39.5 1495s
 383566 352260 -27992.682   77 1566 -27506.620 -28317.687  2.95%  39.5 1500s
 386239 354498 -27668.022  268  750 -27506.620 -28317.657  2.95%  39.5 1505s
 388197 356211 -28136.023   81 1667 -27506.620 -28317.364  2.95%  39.5 1510s
 390002 358326 -27671.138  105 1318 -27506.620 -28317.308  2.95%  39.6 1515s
 391990 359875 -28098.179   74 1701 -27506.620 -28317.096  2.95%  39.6 1520s
 393592 361002 -28270.293   34 1932 -27506.620 -28317.096  2.95%  39.6 1525s
 394975 362388 -27859.900  153 1360 -27506.620 -28317.003  2.95%  39.7 1530s
 397220 364658 -28053.672   73 1713 -27506.620 -28316.925  2.95%  39.7 1536s
 398603 365791 -28092.673   73 1663 -27506.620 -28316.925  2.95%  39.7 1540s
 400595 367599 -28241.400   32 1948 -27506.620 -28316.925  2.95%  39.7 1545s
 402985 370173 -28260.573   40  650 -27506.620 -28316.440  2.94%  39.7 1550s
 405068 371977 -28018.216  110 1481 -27506.620 -28316.236  2.94%  39.7 1556s
 407315 373728 -28157.084   56 1725 -27506.620 -28316.236  2.94%  39.7 1560s
 409587 375945 -27832.518  160 1142 -27506.620 -28316.236  2.94%  39.6 1565s
 411385 377585 -28259.562   44 1747 -27506.620 -28315.996  2.94%  39.7 1570s
 414216 380205 -27984.846  130 1378 -27506.620 -28315.996  2.94%  39.6 1575s
 415615 381855 -27936.763   96 1561 -27506.620 -28315.996  2.94%  39.7 1580s
 418275 383678 -28241.939   44 1893 -27506.620 -28315.622  2.94%  39.6 1585s
 419551 385032 -28089.649   76 1638 -27506.620 -28315.622  2.94%  39.7 1590s
 421736 386825 -28214.250   54 1730 -27506.620 -28315.622  2.94%  39.7 1596s
 424085 389176 -27979.259  128  457 -27506.620 -28315.304  2.94%  39.7 1600s
 425724 390646 -28142.062   53 1708 -27506.620 -28315.272  2.94%  39.7 1605s
 428147 392740 -27648.015  161  347 -27506.620 -28315.272  2.94%  39.6 1610s
 430072 394774 -28019.716   95 1669 -27506.620 -28315.272  2.94%  39.7 1615s
 431773 396219 -28111.397   72 1564 -27506.620 -28315.272  2.94%  39.7 1620s
 433304 397397 -28031.891   73 1634 -27506.620 -28314.832  2.94%  39.7 1626s
 433474 397657 -28021.155   75 1590 -27506.620 -28314.832  2.94%  39.7 1632s
 433682 398131 -28019.162   76 1591 -27506.620 -28314.832  2.94%  39.7 1635s
 434902 399384 -28008.825   78 1576 -27506.620 -28314.832  2.94%  39.6 1642s
 435454 399852 -28008.159   79 1574 -27506.620 -28314.832  2.94%  39.6 1645s
 436816 400667 -27996.488   81 1567 -27506.620 -28314.803  2.94%  39.5 1652s
 436934 401055 -27996.370   82 1563 -27506.620 -28314.803  2.94%  39.5 1655s
 437634 401558 -27990.841   84 1564 -27506.620 -28314.803  2.94%  39.5 1663s
 437932 401703 -27990.336   85 1591 -27506.620 -28314.803  2.94%  39.5 1666s
 438292 402605 -27986.861   87 1588 -27506.620 -28314.803  2.94%  39.6 1673s
 438979 403113 -27983.342   88 1589 -27506.620 -28314.803  2.94%  39.6 1677s
 439530 403983 -27974.432   89 1582 -27506.620 -28314.803  2.94%  39.6 1681s
 441108 404790 -27962.979   91 1579 -27506.620 -28314.803  2.94%  39.5 1688s
 441331 405264 -27953.437   92 1570 -27506.620 -28314.803  2.94%  39.5 1692s
 441835 405442 -27947.921   93 1575 -27506.620 -28314.774  2.94%  39.5 1697s
 442013 405655 -27943.517   94 1583 -27506.620 -28314.774  2.94%  39.5 1701s
 442266 406391 -27939.116   95 1566 -27506.620 -28314.774  2.94%  39.5 1706s
 443043 406842 -27933.993   96 1540 -27506.620 -28314.774  2.94%  39.5 1711s
H443044 223130                    -27790.29835 -28314.774  1.89%  39.5 1711s
H443545 221503                    -27793.43339 -28314.407  1.87%  39.5 1714s
 444021 222049 -28299.725   33 1926 -27793.433 -28314.233  1.87%  39.6 1717s
H444696 218378                    -27800.87220 -28314.215  1.85%  39.6 1721s
H446095 203279                    -27831.83033 -28314.059  1.73%  39.7 1730s
 447372 204208 -28268.761   32 1897 -27831.830 -28313.834  1.73%  39.8 1738s
 447717 204609 -28249.204   38 1747 -27831.830 -28313.804  1.73%  39.9 1740s
 449588 206163 -28144.163   69 1638 -27831.830 -28313.753  1.73%  39.9 1746s
 450325 206976 -28165.539   55 1724 -27831.830 -28313.683  1.73%  40.0 1751s
 451665 208205 -27986.080  113 1480 -27831.830 -28313.529  1.73%  40.1 1756s
 452855 209492 -28175.946   60 1715 -27831.830 -28313.437  1.73%  40.2 1761s
 454252 210330 -27917.557   94 1533 -27831.830 -28313.330  1.73%  40.3 1766s
 454937 211105 -28141.579   58 1748 -27831.830 -28313.190  1.73%  40.3 1770s
 456825 212875 -28138.397   82 1573 -27831.830 -28313.190  1.73%  40.4 1775s
 458022 213712 -28253.549   46 1791 -27831.830 -28312.895  1.73%  40.4 1780s
 459542 214966 -28250.054   47 1724 -27831.830 -28312.753  1.73%  40.5 1785s
 460457 215756 -28277.048   31 1970 -27831.830 -28312.665  1.73%  40.6 1790s
 461425 216801 -28237.443   34 1667 -27831.830 -28312.582  1.73%  40.7 1795s
 462684 217574 -27996.587  104 1438 -27831.830 -28312.491  1.73%  40.8 1800s

Cutting planes:
  Learned: 1
  Gomory: 42
  Cover: 402
  Projected implied bound: 148
  Clique: 1640
  MIR: 1947
  StrongCG: 601
  Flow cover: 404
  GUB cover: 7
  Inf proof: 32
  Zero half: 468
  Relax-and-lift: 644
  BQP: 30

Explored 462771 nodes (18893262 simplex iterations) in 1800.03 seconds (3874.82 work units)
Thread count was 4 (of 24 available processors)

Solution count 10: -27831.8 -27800.9 -27793.4 ... -27491.9

Time limit reached
Best objective -2.783183032943e+04, best bound -2.831249119350e+04, gap 1.7270%

User-callback calls 1176508, time in user-callback 2.10 sec
