
Gurobi 13.0.1 (win64) logging started Tue Oct  6 19:26:25 2026

Set parameter LogFile to value "results/source_summaries/3d/R04/gurobi_extensive.log"
Gurobi Optimizer version 13.0.1 build v13.0.1rc0 (win64 - Windows 11+.0 (26200.2))

CPU model: Intel(R) Core(TM) i7-14650HX, instruction set [SSE2|AVX|AVX2]
Thread count: 16 physical cores, 24 logical processors, using up to 4 threads

Non-default parameters:
TimeLimit  1800
IntFeasTol  1e-06
MIPGap  0.0005
Heuristics  0.2
Cuts  2
Presolve  2
Seed  1
Threads  4

Optimize a model with 5170 rows, 9129 columns and 20060 nonzeros (Min)
Model fingerprint: 0xa483d67b
Model has 3964 linear objective coefficients
Variable types: 5163 continuous, 3966 integer (3963 binary)
Coefficient statistics:
  Matrix range     [1e-01, 3e+01]
  Objective range  [3e+00, 5e+01]
  Bounds range     [1e-01, 3e+01]
  RHS range        [1e+00, 8e+01]

Found heuristic solution: objective 0.0000000
Presolve removed 178 rows and 4948 columns
Presolve time: 0.17s
Presolved: 4992 rows, 4181 columns, 14743 nonzeros
Variable types: 117 continuous, 4064 integer (3829 binary)
Root relaxation presolve removed 1 rows and 1 columns
Root relaxation presolved: 4991 rows, 4180 columns, 14740 nonzeros


Root relaxation: objective -3.104496e+04, 1866 iterations, 0.05 seconds (0.09 work units)

    Nodes    |    Current Node    |     Objective Bounds      |     Work
 Expl Unexpl |  Obj  Depth IntInf | Incumbent    BestBd   Gap | It/Node Time

     0     0 -31044.961    0  418    0.00000 -31044.961      -     -    0s
H    0     0                    -23498.40556 -31044.961  32.1%     -    0s
H    0     0                    -23505.89748 -31044.961  32.1%     -    0s
H    0     0                    -24056.98082 -31044.961  29.0%     -    0s
H    0     0                    -24060.02844 -31044.961  29.0%     -    0s
H    0     0                    -24195.80319 -31044.961  28.3%     -    0s
H    0     0                    -24386.42308 -31044.961  27.3%     -    0s
H    0     0                    -24390.56635 -31044.961  27.3%     -    0s
H    0     0                    -24396.78125 -31044.961  27.3%     -    0s
H    0     0                    -24499.85899 -31044.961  26.7%     -    0s
H    0     0                    -24510.60931 -29873.801  21.9%     -    0s
H    0     0                    -24556.21919 -29873.801  21.7%     -    0s
     0     0 -29867.038    0 1306 -24556.219 -29867.038  21.6%     -    0s
H    0     0                    -24558.25762 -29867.038  21.6%     -    0s
H    0     0                    -24732.65667 -29867.038  20.8%     -    0s
H    0     0                    -24785.61693 -29867.038  20.5%     -    0s
H    0     0                    -25149.68338 -29867.038  18.8%     -    0s
H    0     0                    -25169.62251 -29867.038  18.7%     -    0s
H    0     0                    -25172.77079 -29867.038  18.6%     -    0s
H    0     0                    -25236.32078 -29867.038  18.3%     -    0s
     0     0 -29542.461    0 1432 -25236.321 -29542.461  17.1%     -    0s
H    0     0                    -25355.02888 -29542.430  16.5%     -    0s
H    0     0                    -25363.42430 -29542.430  16.5%     -    0s
     0     0 -29542.430    0 1459 -25363.424 -29542.430  16.5%     -    0s
     0     0 -29542.359    0 1466 -25363.424 -29542.359  16.5%     -    0s
H    0     0                    -25474.48959 -29542.359  16.0%     -    0s
H    0     0                    -25487.06904 -29303.503  15.0%     -    1s
H    0     0                    -25505.86497 -29303.503  14.9%     -    1s
     0     0 -29245.385    0 1556 -25505.865 -29245.385  14.7%     -    1s
H    0     0                    -25507.95708 -29245.385  14.7%     -    1s
H    0     0                    -25539.88797 -29245.385  14.5%     -    1s
H    0     0                    -25550.93185 -29245.385  14.5%     -    1s
     0     0 -29019.842    0 1801 -25550.932 -29019.842  13.6%     -    1s
H    0     0                    -25616.89545 -29019.842  13.3%     -    1s
H    0     0                    -25618.77920 -29019.842  13.3%     -    1s
H    0     0                    -25621.70607 -29019.842  13.3%     -    1s
     0     0 -29019.842    0 1841 -25621.706 -29019.842  13.3%     -    1s
     0     0 -29019.842    0 1853 -25621.706 -29019.842  13.3%     -    1s
H    0     0                    -25622.77237 -29019.842  13.3%     -    2s
H    0     0                    -25651.70033 -29019.842  13.1%     -    2s
     0     0 -28935.126    0 1859 -25651.700 -28935.126  12.8%     -    2s
H    0     0                    -25798.77464 -28917.694  12.1%     -    2s
H    0     0                    -25802.96513 -28917.694  12.1%     -    2s
H    0     0                    -25807.83281 -28917.694  12.1%     -    2s
H    0     0                    -25811.86707 -28917.694  12.0%     -    2s
     0     0 -28917.694    0 1898 -25811.867 -28917.694  12.0%     -    2s
     0     0 -28914.357    0 1934 -25811.867 -28914.357  12.0%     -    2s
     0     0 -28913.820    0 1940 -25811.867 -28913.820  12.0%     -    2s
H    0     0                    -25813.81414 -28913.820  12.0%     -    3s
H    0     0                    -25821.46197 -28913.820  12.0%     -    3s
H    0     0                    -25834.84567 -28913.820  11.9%     -    3s
     0     0 -28843.420    0 2056 -25834.846 -28843.420  11.6%     -    3s
H    0     0                    -25845.75875 -28843.330  11.6%     -    3s
H    0     0                    -25852.34552 -28843.330  11.6%     -    3s
     0     0 -28793.409    0 2308 -25852.346 -28793.409  11.4%     -    4s
H    0     0                    -25904.30154 -28787.329  11.1%     -    4s
     0     0 -28787.329    0 2126 -25904.302 -28787.329  11.1%     -    4s
H    0     0                    -25916.62550 -28786.033  11.1%     -    4s
     0     0 -28786.033    0 2170 -25916.625 -28786.033  11.1%     -    4s
H    0     0                    -25951.46717 -28786.033  10.9%     -    5s
H    0     0                    -25995.75583 -28786.033  10.7%     -    5s
H    0     0                    -25998.67644 -28786.033  10.7%     -    5s
H    0     0                    -26003.80158 -28786.033  10.7%     -    5s
H    0     0                    -26019.75559 -28722.837  10.4%     -    5s
H    0     0                    -26042.93149 -28722.837  10.3%     -    5s
H    0     0                    -26049.61867 -28722.837  10.3%     -    5s
H    0     0                    -26068.76554 -28722.837  10.2%     -    5s
H    0     0                    -26075.99655 -28722.837  10.2%     -    5s
     0     0 -28722.837    0 2272 -26075.997 -28722.837  10.2%     -    5s
H    0     0                    -26086.36070 -28716.879  10.1%     -    6s
H    0     0                    -26097.49740 -28716.879  10.0%     -    6s
H    0     0                    -26101.40184 -28716.879  10.0%     -    6s
H    0     0                    -26112.53495 -28716.879  10.0%     -    6s
     0     0 -28716.879    0 2332 -26112.535 -28716.879  10.0%     -    6s
H    0     0                    -26119.36773 -28715.392  9.94%     -    6s
     0     0 -28710.828    0 2341 -26119.368 -28710.828  9.92%     -    6s
H    0     0                    -26125.56648 -28710.828  9.90%     -    7s
H    0     0                    -26129.67276 -28710.828  9.88%     -    7s
H    0     0                    -26138.93179 -28710.828  9.84%     -    7s
H    0     0                    -26139.93808 -28710.828  9.84%     -    7s
H    0     0                    -26145.03577 -28710.828  9.81%     -    7s
H    0     0                    -26149.23334 -28680.955  9.68%     -    8s
H    0     0                    -26149.23335 -28680.955  9.68%     -    8s
H    0     0                    -26153.48001 -28680.955  9.66%     -    8s
H    0     0                    -26159.72728 -28680.955  9.64%     -    8s
     0     0 -28674.155    0 2540 -26159.727 -28674.155  9.61%     -    8s
H    0     0                    -26176.82875 -28654.910  9.47%     -    9s
     0     0 -28654.910    0 2572 -26176.829 -28654.910  9.47%     -    9s
H    0     0                    -26177.80229 -28640.068  9.41%     -   10s
     0     0 -28640.068    0 2587 -26177.802 -28640.068  9.41%     -   10s
     0     0 -28635.762    0 2637 -26177.802 -28635.762  9.39%     -   11s
     0     0 -28634.729    0 2627 -26177.802 -28634.729  9.39%     -   11s
     0     0 -28369.278    0 2415 -26177.802 -28369.278  8.37%     -   14s
     0     0 -28369.278    0 2384 -26177.802 -28369.278  8.37%     -   14s
     0     0 -28369.278    0 2436 -26177.802 -28369.278  8.37%     -   14s
H    0     0                    -26178.51217 -28369.278  8.37%     -   15s
H    0     0                    -26219.06844 -28369.278  8.20%     -   15s
H    0     0                    -26525.02378 -28369.278  6.95%     -   15s
H    0     0                    -26536.73052 -28369.278  6.91%     -   15s
H    0     0                    -26638.72000 -28369.278  6.50%     -   15s
H    0     0                    -26699.56163 -28369.278  6.25%     -   15s
H    0     0                    -26708.93843 -28369.278  6.22%     -   15s
H    0     0                    -26717.75471 -28369.278  6.18%     -   15s
H    0     0                    -26726.09814 -28369.278  6.15%     -   15s
H    0     0                    -26730.05177 -28369.278  6.13%     -   15s
H    0     0                    -26750.03049 -28369.278  6.05%     -   15s
H    0     0                    -26752.17104 -28369.278  6.04%     -   15s
H    0     0                    -26778.99251 -28351.938  5.87%     -   16s
H    0     0                    -26802.75774 -28351.938  5.78%     -   16s
H    0     0                    -26814.21106 -28351.938  5.73%     -   16s
     0     0 -28350.831    0 2588 -26814.211 -28350.831  5.73%     -   16s
     0     0 -28350.831    0 2588 -26814.211 -28350.831  5.73%     -   16s
     0     0 -28350.831    0 2580 -26814.211 -28350.831  5.73%     -   16s
H    0     0                    -26821.17988 -28350.831  5.70%     -   17s
H    0     0                    -26822.22836 -28350.831  5.70%     -   17s
H    0     0                    -26831.62397 -28350.831  5.66%     -   17s
H    0     0                    -26842.10872 -28350.831  5.62%     -   17s
H    0     2                    -26858.99365 -28350.831  5.55%     -   17s
     0     2 -28350.831    0 2580 -26858.994 -28350.831  5.55%     -   17s
H    8    11                    -26878.27189 -28350.831  5.48%  1533   18s
H   10    11                    -26886.34216 -28350.831  5.45%  1521   18s
H   13    22                    -26916.37154 -28350.831  5.33%  1548   19s
H   24    40                    -26917.43677 -28350.831  5.33%  1032   19s
H   29    40                    -26922.53798 -28350.831  5.31%   901   19s
H   29    40                    -26952.31404 -28350.831  5.19%   901   19s
H   79    87                    -26982.82627 -28350.831  5.07%   347   19s
H  134   135                    -26997.16866 -28350.831  5.01%   210   19s
H  135   135                    -27017.14000 -28350.831  4.94%   209   19s
H  181   181                    -27028.06910 -28350.831  4.89%   160   19s
H  184   204                    -27035.78322 -28350.831  4.86%   157   20s
H  475   479                    -27036.84845 -28350.831  4.86%  68.0   21s
H  477   479                    -27037.91368 -28350.831  4.86%  67.8   21s
  1240  1213 -27473.401  164 2580 -27037.914 -28138.544  4.07%  36.8   26s
  1248  1218 -27481.607   15 2602 -27037.914 -28138.544  4.07%  36.6   30s
  1253  1222 -27196.696   72 2505 -27037.914 -28138.544  4.07%  36.5   35s
  1257  1224 -27188.646   81 2724 -27037.914 -28138.544  4.07%  36.3   41s
  1259  1226 -27064.559  148 2569 -27037.914 -28138.544  4.07%  36.3   45s
  1262  1228 -27351.514   75 2718 -27037.914 -28138.544  4.07%  36.2   52s
  1264  1229 -27602.947    6 2718 -27037.914 -28138.544  4.07%  36.1   55s
  1271  1237 -28138.544   14 2422 -27037.914 -28138.544  4.07%  94.7   60s
  1816  1565 -27382.041   22 1266 -27037.914 -28138.544  4.07%  90.2   65s
H 1904  1585                    -27037.91368 -28138.544  4.07%  86.6   65s
  3838  2871 -27734.084  118 1585 -27037.914 -27970.593  3.45%  50.8   70s
  6999  5885 -27341.937  336  945 -27037.914 -27970.593  3.45%  32.4   75s
 11345 10409 infeasible  307      -27037.914 -27968.604  3.44%  24.1   80s
 17539 16134 -27931.124   22 1994 -27037.914 -27962.961  3.42%  19.8   85s
 25619 23938 -27325.155  162 1472 -27037.914 -27958.180  3.40%  17.4   90s
 34234 31924 -27242.018  287 1101 -27037.914 -27955.129  3.39%  15.9   95s
 42557 39567 -27901.493   31 1948 -27037.914 -27952.766  3.38%  15.1  100s
 51937 48234 -27880.284   41 1928 -27037.914 -27951.104  3.38%  14.8  105s
 58414 54624 -27110.940  399  550 -27037.914 -27950.889  3.38%  14.4  110s
 65784 61207 -27098.027  439  463 -27037.914 -27950.191  3.37%  14.2  115s
 73432 68556 -27291.885  204 1354 -27037.914 -27949.285  3.37%  14.1  120s
 81662 75952 -27856.854   46 1885 -27037.914 -27948.398  3.37%  13.9  125s
 88921 82837 -27092.483  403  743 -27037.914 -27947.767  3.37%  13.8  130s
 95587 89300 -27932.778   20 2009 -27037.914 -27947.377  3.36%  13.7  135s
 103633 96799 -27864.488   41 1939 -27037.914 -27946.314  3.36%  13.5  140s
 110617 103283 -27926.938   28 1951 -27037.914 -27945.828  3.36%  13.5  145s
 119594 111459 -27890.287   38 1942 -27037.914 -27944.812  3.35%  13.4  150s
 121191 113106 -27684.142  113 1740 -27037.914 -27944.812  3.35%  13.4  155s
 125581 117171 -27265.545  342  845 -27037.914 -27944.812  3.35%  13.3  160s
 129900 121386 -27244.651  353  887 -27037.914 -27944.459  3.35%  13.2  165s
 134678 125599 -27814.218   56 1861 -27037.914 -27944.017  3.35%  13.2  170s
 139556 129898 -27825.962   53 1893 -27037.914 -27944.017  3.35%  13.1  175s
 147709 137748 -27516.708   96 1728 -27037.914 -27943.101  3.35%  13.0  180s
 152855 142439 -27809.174   55 1863 -27037.914 -27942.867  3.35%  13.0  185s
 159263 148707 -27342.733  266  938 -27037.914 -27942.416  3.35%  13.0  190s
 166930 155849 -27628.280   70 1766 -27037.914 -27942.099  3.34%  12.9  195s
 172801 161461 -27462.901  189 1418 -27037.914 -27941.967  3.34%  12.9  200s
 178904 167158 -27204.019  209 1250 -27037.914 -27941.652  3.34%  12.9  205s
 185970 173523 -27837.942   52 1888 -27037.914 -27941.312  3.34%  12.8  210s
 192424 179430 -27682.565   71 1806 -27037.914 -27941.063  3.34%  12.8  215s
 200600 187407 -27637.413  125 1666 -27037.914 -27940.741  3.34%  12.7  220s
 209353 195302 -27180.864  255 1169 -27037.914 -27940.447  3.34%  12.7  225s
 215688 201688 -27050.670  527  231 -27037.914 -27940.315  3.34%  12.6  230s
 220342 205853 -27824.918   48 1844 -27037.914 -27940.315  3.34%  12.6  235s
 225620 210998 -27449.412  223 1188 -27037.914 -27939.938  3.34%  12.6  240s
 230866 216091 -27197.637  162 1422 -27037.914 -27939.759  3.34%  12.6  245s
 234535 219736 -27241.690  311  711 -27037.914 -27939.660  3.34%  12.6  250s
 240130 224585 -27331.965  244 1108 -27037.914 -27939.634  3.34%  12.6  255s
 246830 230747 -27485.377  153 1598 -27037.914 -27939.193  3.33%  12.5  260s
 252096 235571 -27495.856  221 1176 -27037.914 -27938.989  3.33%  12.6  266s
 256246 239603 -27751.317   93 1738 -27037.914 -27938.880  3.33%  12.5  270s
 262002 244970 -27879.506   35 1940 -27037.914 -27938.675  3.33%  12.5  275s
 266536 249285 -27161.772  380  622 -27037.914 -27938.524  3.33%  12.5  280s
 272106 254364 -27244.722  183 1413 -27037.914 -27938.480  3.33%  12.5  285s
 277350 259367 -27239.839  262 1103 -27037.914 -27938.064  3.33%  12.5  290s
 284030 265525 -27730.634   89 1656 -27037.914 -27937.817  3.33%  12.4  295s
 289066 270198 -27659.807   97 1744 -27037.914 -27937.749  3.33%  12.4  300s
 294564 275308 -27464.764  200 1175 -27037.914 -27937.509  3.33%  12.4  305s
 299497 280127 -27278.995  248 1183 -27037.914 -27937.433  3.33%  12.4  310s
 303870 284351 -27680.561   71 1812 -27037.914 -27937.322  3.33%  12.4  315s
 310619 290733 -27902.939   28 1990 -27037.914 -27937.202  3.33%  12.4  320s
 315380 295057 -27067.058  428  330 -27037.914 -27937.064  3.33%  12.4  325s
 319818 299096 -27537.344  138 1542 -27037.914 -27936.962  3.33%  12.4  330s
 324593 303769 -27415.070  217 1301 -27037.914 -27936.820  3.32%  12.4  335s
 330659 309280 -27233.439  251 1205 -27037.914 -27936.555  3.32%  12.4  340s
 335651 313744 -27609.530  102 1689 -27037.914 -27936.398  3.32%  12.4  345s
 338213 316423 -27382.276  265  992 -27037.914 -27936.349  3.32%  12.4  350s
 342031 320056 -27266.081  293 1039 -27037.914 -27936.299  3.32%  12.4  355s
 346483 324324 -27193.984  383  441 -27037.914 -27936.064  3.32%  12.4  360s
 350198 327836 -27350.331  261  915 -27037.914 -27936.035  3.32%  12.4  365s
 354279 331469 -27912.209   28 1989 -27037.914 -27935.959  3.32%  12.4  370s
 359261 336124 -27585.227   77 1779 -27037.914 -27935.888  3.32%  12.4  376s
 362229 338832 -27093.683  318  906 -27037.914 -27935.888  3.32%  12.4  380s
 367524 344100 -27926.469   27 1977 -27037.914 -27935.804  3.32%  12.4  385s
 370427 346834 -27515.009  199 1225 -27037.914 -27935.656  3.32%  12.4  390s
 374999 351061 -27410.493  211 1384 -27037.914 -27935.607  3.32%  12.4  396s
 378732 354220 -27848.986   55 1906 -27037.914 -27935.477  3.32%  12.4  400s
 382136 357370     cutoff  420      -27037.914 -27935.375  3.32%  12.4  406s
 385600 361237 -27523.350  171 1526 -27037.914 -27935.300  3.32%  12.4  410s
 389926 365076 -27211.334  305  953 -27037.914 -27935.210  3.32%  12.4  415s
 392937 367570 -27920.773   34 1980 -27037.914 -27935.210  3.32%  12.4  420s
 397165 371701 -27765.348   80 1786 -27037.914 -27935.057  3.32%  12.4  425s
 401825 375775 -27125.877  265 1186 -27037.914 -27935.057  3.32%  12.4  430s
 406305 380073 -27876.211   42 1894 -27037.914 -27934.905  3.32%  12.4  435s
 411207 384849 -27606.934   97 1699 -27037.914 -27934.837  3.32%  12.4  440s
 414412 387901 -27578.997  100 1737 -27037.914 -27934.818  3.32%  12.4  445s
 418663 391722 -27733.421   68 1820 -27037.914 -27934.654  3.32%  12.4  450s
 423115 395826 -27553.890  113 1661 -27037.914 -27934.617  3.32%  12.4  456s
 426464 398779 -27391.287  238 1005 -27037.914 -27934.509  3.32%  12.4  460s
 430128 402310 -27771.486   68 1829 -27037.914 -27934.352  3.32%  12.4  465s
 433855 405714 -27507.998  172 1337 -27037.914 -27934.298  3.32%  12.4  470s
 437391 409372 -27450.942  231 1288 -27037.914 -27934.275  3.32%  12.4  475s
 440001 411531 -27435.736  235 1069 -27037.914 -27934.152  3.31%  12.4  481s
 443732 415030 -27741.806   73 1813 -27037.914 -27934.078  3.31%  12.4  485s
 446846 418024 -27409.976  131 1537 -27037.914 -27934.056  3.31%  12.4  490s
 451595 422197 -27302.283  145 1429 -27037.914 -27933.942  3.31%  12.4  495s
 454920 425509 -27176.119  330 1015 -27037.914 -27933.857  3.31%  12.4  501s
 458581 429010 -27276.515  143 1482 -27037.914 -27933.851  3.31%  12.4  505s
 460589 430833 -27721.360  101 1668 -27037.914 -27933.823  3.31%  12.4  510s
 463524 433498 -27877.177   38 1925 -27037.914 -27933.710  3.31%  12.4  516s
 464692 434560 -27899.692   30 1974 -27037.914 -27933.654  3.31%  12.4  520s
 467941 438050 -27260.489  347  696 -27037.914 -27933.601  3.31%  12.4  525s
 470857 440449 -27440.504  174 1386 -27037.914 -27933.557  3.31%  12.4  530s
 474005 443097 -27807.638   60 1852 -27037.914 -27933.520  3.31%  12.4  535s
 476992 445985 -27226.800  343  700 -27037.914 -27933.467  3.31%  12.4  540s
 480661 449746 -27378.516  237 1015 -27037.914 -27933.425  3.31%  12.4  545s
 484160 452840 -27861.202   48 1906 -27037.914 -27933.306  3.31%  12.4  551s
 487278 455394 -27818.209   59 1891 -27037.914 -27933.288  3.31%  12.4  555s
 491350 459345 -27658.281   74 1772 -27037.914 -27933.159  3.31%  12.4  561s
 494074 461969 -27246.114  160 1405 -27037.914 -27933.091  3.31%  12.4  566s
 495672 463350 -27845.174   46 1904 -27037.914 -27933.045  3.31%  12.4  571s
 497260 464960 -27412.227  191 1443 -27037.914 -27933.045  3.31%  12.4  575s
 500084 467807 -27397.258  184 1398 -27037.914 -27932.928  3.31%  12.4  581s
 503109 470330 -27905.630   31 1961 -27037.914 -27932.870  3.31%  12.4  586s
 504874 471903 -27648.223   86 1745 -27037.914 -27932.860  3.31%  12.4  590s
 507160 474300 -27621.841  128 1623 -27037.914 -27932.791  3.31%  12.4  596s
 510616 477448 -27371.723  249  965 -27037.914 -27932.790  3.31%  12.4  600s
 515067 481734 -27231.006  341  666 -27037.914 -27932.790  3.31%  12.4  605s
 518584 484833 -27285.300  191 1411 -27037.914 -27932.601  3.31%  12.4  610s
 522639 489047 -27473.314  215 1184 -27037.914 -27932.548  3.31%  12.4  615s
 526829 492874 -27903.202   32 1974 -27037.914 -27932.548  3.31%  12.4  620s
 531229 497076 -27441.870  227 1165 -27037.914 -27932.483  3.31%  12.4  626s
 534286 500010     cutoff  483      -27037.914 -27932.479  3.31%  12.4  630s
 536531 502084 -27262.697  292 1065 -27037.914 -27932.479  3.31%  12.4  635s
 538979 504379 -27513.420  171 1479 -27037.914 -27932.434  3.31%  12.4  640s
 542447 507433 -27513.610  190 1331 -27037.914 -27932.303  3.31%  12.4  645s
 545483 510501 -27100.325  432  389 -27037.914 -27932.303  3.31%  12.4  650s
 548139 512763 -27867.462   46 1877 -27037.914 -27932.303  3.31%  12.4  656s
 551223 515734 -27661.769   69 1826 -27037.914 -27932.201  3.31%  12.3  660s
 554081 518404 -27667.820   72 1802 -27037.914 -27932.174  3.31%  12.4  666s
 556675 520930 -27729.546   86 1804 -27037.914 -27932.153  3.31%  12.3  670s
 559851 524007 -27389.878  220 1073 -27037.914 -27932.104  3.31%  12.4  675s
 564431 528030 -27058.633  402  687 -27037.914 -27932.097  3.31%  12.4  680s
 568761 532331 -27562.751  173 1338 -27037.914 -27932.097  3.31%  12.4  685s
 572501 535904 -27067.965  475  266 -27037.914 -27931.942  3.31%  12.3  690s
 575969 538738 -27171.642  357  857 -27037.914 -27931.942  3.31%  12.4  695s
 579366 542124 -27392.182  213 1230 -27037.914 -27931.877  3.31%  12.4  701s
 581579 544232 -27117.902  388  512 -27037.914 -27931.825  3.31%  12.4  705s
 584355 546938 -27647.432   88 1742 -27037.914 -27931.822  3.31%  12.4  710s
 586886 549138 -27883.273   42 1897 -27037.914 -27931.772  3.31%  12.4  715s
 590036 552187 -27729.588   92 1723 -27037.914 -27931.768  3.31%  12.4  720s
 592085 553945 -27737.765   53 1840 -27037.914 -27931.686  3.31%  12.4  725s
 594222 556172 -27096.151  169 1327 -27037.914 -27931.669  3.31%  12.4  730s
 596892 558717 -27522.479  170 1490 -27037.914 -27931.609  3.31%  12.4  735s
 598762 560425 -27106.762  380  703 -27037.914 -27931.579  3.31%  12.4  741s
 601941 563332 -27348.203  256 1030 -27037.914 -27931.579  3.31%  12.4  745s
 604648 565848 -27791.304   75 1817 -27037.914 -27931.499  3.30%  12.4  750s
 608107 569167 -27204.204  362  667 -27037.914 -27931.468  3.30%  12.4  755s
 611451 572512 -27408.907  186 1450 -27037.914 -27931.452  3.30%  12.3  760s
 612733 573682 -27726.444   82 1757 -27037.914 -27931.412  3.30%  12.3  765s
 616608 577134 -27696.166  118 1639 -27037.914 -27931.359  3.30%  12.3  770s
 619217 579753 -27207.218  361  682 -27037.914 -27931.318  3.30%  12.3  775s
 622141 582339 -27149.451  366  860 -27037.914 -27931.273  3.30%  12.3  780s
 624380 584251 -27427.203  209 1185 -27037.914 -27931.273  3.30%  12.3  785s
 626107 585948 infeasible  412      -27037.914 -27931.243  3.30%  12.3  790s
 627547 587362 -27869.127   40 1933 -27037.914 -27931.241  3.30%  12.3  796s
 628255 588110 -27622.311  127 1566 -27037.914 -27931.241  3.30%  12.3  800s
 629614 589720 -27394.884  214 1171 -27037.914 -27931.193  3.30%  12.3  805s
 632608 592200 -27912.037   30 1980 -27037.914 -27931.168  3.30%  12.3  810s
 636048 595510 -27356.923  214 1290 -27037.914 -27931.141  3.30%  12.4  815s
 638324 597906 -27783.478   52 1855 -27037.914 -27931.111  3.30%  12.3  820s
 640734 599973 -27913.780   29 1992 -27037.914 -27931.101  3.30%  12.4  825s
 642562 601621 -27527.647  193 1435 -27037.914 -27931.076  3.30%  12.4  831s
 644909 604041 -27376.123  119 1608 -27037.914 -27930.992  3.30%  12.4  835s
 645953 606166 -27052.988  184 1380 -27037.914 -27930.976  3.30%  12.4  842s
 648042 606832 -27134.332  280 1045 -27037.914 -27930.974  3.30%  12.3  846s
 650077 608927 -27702.286   98 1760 -27037.914 -27930.974  3.30%  12.3  852s
 650976 609502 -27120.448  389  752 -27037.914 -27930.974  3.30%  12.3  855s
 653666 612313 -27807.928   61 1858 -27037.914 -27930.852  3.30%  12.4  861s
 656398 614887 -27485.748  109 1665 -27037.914 -27930.852  3.30%  12.4  866s
 659009 616894 -27572.670   98 1631 -27037.914 -27930.852  3.30%  12.3  872s
 659093 617235 -27568.128  100 1628 -27037.914 -27930.852  3.30%  12.3  875s
 660485 618783 -27596.676  143 1449 -27037.914 -27930.751  3.30%  12.4  880s
 663114 621394 -27773.747   74 1796 -27037.914 -27930.724  3.30%  12.3  887s
 664968 622852 -27555.588  146 1566 -27037.914 -27930.724  3.30%  12.3  890s
 667644 625609 -27732.845   68 1844 -27037.914 -27930.640  3.30%  12.3  895s
 669579 627107 -27697.165  112 1584 -27037.914 -27930.640  3.30%  12.3  900s
 671881 629236 -27118.068  380  560 -27037.914 -27930.617  3.30%  12.3  905s
 674133 631385 -27666.125   72 1758 -27037.914 -27930.616  3.30%  12.3  910s
 674478 631704 -27536.535   99 1641 -27037.914 -27930.616  3.30%  12.3  915s
 677611 634834 -27696.945   98 1691 -27037.914 -27930.601  3.30%  12.3  921s
 680428 637520 -27268.418  220 1317 -27037.914 -27930.481  3.30%  12.3  925s
 682125 639008 -27094.367  401  640 -27037.914 -27930.481  3.30%  12.3  930s
 683993 640525 -27772.503   69 1840 -27037.914 -27930.387  3.30%  12.3  935s
 686085 642604 -27673.558  101 1637 -27037.914 -27930.387  3.30%  12.3  940s
 688941 645179 -27887.098   34 1954 -27037.914 -27930.380  3.30%  12.3  946s
 691832 648235 -27200.306  324  865 -27037.914 -27930.342  3.30%  12.3  950s
 694076 650066     cutoff  439      -27037.914 -27930.328  3.30%  12.3  955s
 697739 653673 -27592.322   87 1703 -27037.914 -27930.271  3.30%  12.3  960s
 700150 656254 -27475.579  192 1321 -27037.914 -27930.252  3.30%  12.3  965s
 701434 657308 -27294.927  305  907 -27037.914 -27930.252  3.30%  12.3  970s
 704195 659970 -27593.575  103 1714 -27037.914 -27930.252  3.30%  12.3  976s
 705915 661292 -27369.368  203 1300 -27037.914 -27930.222  3.30%  12.3  981s
 708218 663499 -27291.333  165 1491 -27037.914 -27930.119  3.30%  12.3  985s
 710980 665802 -27815.664   53 1829 -27037.914 -27930.110  3.30%  12.3  991s
 713025 667979 -27343.118  257  956 -27037.914 -27930.110  3.30%  12.3  995s
 714632 669394 -27731.078   86 1795 -27037.914 -27930.039  3.30%  12.3 1001s
 716208 670926 -27439.387  155 1490 -27037.914 -27930.018  3.30%  12.3 1005s
 716554 671236 -27181.933  279 1029 -27037.914 -27930.018  3.30%  12.3 1010s
 719104 673610 -27839.566   51 1887 -27037.914 -27929.942  3.30%  12.3 1015s
 721613 675799 -27151.422  320  870 -27037.914 -27929.937  3.30%  12.3 1020s
 723985 678197 -27779.336   71 1751 -27037.914 -27929.908  3.30%  12.3 1025s
 727373 681648 -27138.442  383  450 -27037.914 -27929.903  3.30%  12.3 1030s
 730899 684981 -27498.417  184 1282 -27037.914 -27929.859  3.30%  12.3 1035s
 734851 688247 -27906.600   32 1974 -27037.914 -27929.842  3.30%  12.3 1040s
 736943 690453 -27642.974  123 1576 -27037.914 -27929.810  3.30%  12.3 1045s
 738302 691281 -27811.804   50 1833 -27037.914 -27929.797  3.30%  12.3 1050s
 739921 693060 -27799.040   58 1823 -27037.914 -27929.795  3.30%  12.3 1055s
 742326 695518 -27073.793  404  475 -27037.914 -27929.788  3.30%  12.3 1060s
 746001 699061 -27462.246  118 1626 -27037.914 -27929.741  3.30%  12.3 1065s
 747992 700677 -27869.692   38 1934 -27037.914 -27929.735  3.30%  12.3 1071s
 750264 703283 -27578.408  156 1499 -27037.914 -27929.697  3.30%  12.3 1075s
 753326 705748 -27644.114   91 1724 -27037.914 -27929.676  3.30%  12.3 1080s
 755394 707626 -27880.540   32 1936 -27037.914 -27929.643  3.30%  12.3 1087s
 756278 708538 -27322.516  269 1108 -27037.914 -27929.635  3.30%  12.3 1090s
 758372 710422 -27918.674   29 1978 -27037.914 -27929.620  3.30%  12.3 1095s
 761666 713317 -27072.063  224 1164 -27037.914 -27929.601  3.30%  12.3 1101s
 763993 715719 -27344.366  278  942 -27037.914 -27929.585  3.30%  12.3 1105s
 766315 717759 -27923.617   27 1984 -27037.914 -27929.554  3.30%  12.3 1110s
 767325 718909 -27358.089  257 1162 -27037.914 -27929.554  3.30%  12.3 1115s
 769265 720858 -27661.567  113 1593 -27037.914 -27929.554  3.30%  12.3 1120s
 771996 723258 -27271.060  311  706 -27037.914 -27929.522  3.30%  12.3 1125s
 773782 724978 -27096.083  436  328 -27037.914 -27929.522  3.30%  12.3 1130s
 774796 725571 -27486.647  148 1497 -27037.914 -27929.522  3.30%  12.3 1135s
 774826 725889 -27387.950  172 1442 -27037.914 -27929.522  3.30%  12.3 1141s
 776274 727273 -27190.015  234 1221 -27037.914 -27929.492  3.30%  12.3 1145s
 778541 729357 -27689.534   65 1826 -27037.914 -27929.463  3.30%  12.3 1150s
 781415 731910 -27864.245   47 1907 -27037.914 -27929.421  3.30%  12.3 1156s
 783144 733500 -27866.421   46 1932 -27037.914 -27929.406  3.30%  12.3 1160s
 785820 735977 -27800.589   56 1879 -27037.914 -27929.389  3.30%  12.3 1165s
 788039 738567 -27437.642  200 1374 -27037.914 -27929.346  3.30%  12.3 1170s
 790794 740539 -27925.548   29 1979 -27037.914 -27929.327  3.30%  12.3 1176s
 792595 742155 -27812.349   57 1883 -27037.914 -27929.311  3.30%  12.3 1182s
 793279 743315 -27606.019  146 1525 -27037.914 -27929.311  3.30%  12.3 1187s
 794499 744126 -27382.810  260 1021 -27037.914 -27929.311  3.30%  12.3 1190s
 797501 746875 -27871.649   34 1963 -27037.914 -27929.311  3.30%  12.3 1196s
 797509 746898 -27851.300   35 1964 -27037.914 -27929.311  3.30%  12.3 1204s
 797528 747075 -27862.789   36 1934 -27037.914 -27929.311  3.30%  12.3 1205s
 798460 748152 -27531.061  100 1602 -27037.914 -27929.311  3.30%  12.3 1211s
 799285 748882 -27107.803  173 1276 -27037.914 -27929.288  3.30%  12.3 1215s
 800830 750394 -27699.299   91 1794 -27037.914 -27929.286  3.30%  12.3 1220s
 802673 752140 -27675.746   96 1770 -27037.914 -27929.286  3.30%  12.3 1225s
 804014 753341 -27654.130  101 1762 -27037.914 -27929.286  3.30%  12.3 1231s
 805785 754765 -27641.109  105 1761 -27037.914 -27929.286  3.30%  12.3 1235s
 807983 757102 -27453.746  178 1492 -27037.914 -27929.286  3.30%  12.3 1240s
 810577 759533 -27566.261   88 1772 -27037.914 -27929.286  3.30%  12.3 1245s
 813232 761822 -27675.321   96 1716 -27037.914 -27929.129  3.30%  12.3 1250s
 816272 764756 -27278.692  319  954 -27037.914 -27929.096  3.30%  12.3 1255s
 819622 767835 -27163.270  267 1097 -27037.914 -27929.088  3.30%  12.3 1260s
 821355 769517 -27704.108   75 1758 -27037.914 -27929.080  3.30%  12.3 1265s
 823554 771144 -27691.229   79 1754 -27037.914 -27929.080  3.30%  12.3 1270s
 823558 774800 -27689.185   80 1751 -27037.914 -27929.042  3.30%  12.3 1278s
H824558 768489                    -27054.04695 -27929.042  3.23%  12.3 1278s
H827558 737984                    -27078.21780 -27928.979  3.14%  12.3 1281s
H827558 730952                    -27083.39647 -27928.979  3.12%  12.3 1281s
H829232 728553                    -27086.50555 -27928.979  3.11%  12.3 1285s
H829463 716677                    -27095.74679 -27928.979  3.08%  12.3 1285s
H829580 713189                    -27098.47016 -27928.979  3.06%  12.3 1285s
H830899 703515                    -27107.37301 -27928.979  3.03%  12.3 1292s
H831212 699527                    -27110.46572 -27928.979  3.02%  12.3 1292s
H832443 695556                    -27114.60318 -27928.973  3.00%  12.3 1296s
H834192 695722                    -27115.59381 -27928.967  3.00%  12.3 1299s
 834225 696103 infeasible  407      -27115.594 -27928.948  3.00%  12.3 1300s
 836008 697842 -27855.914   42 1897 -27115.594 -27928.940  3.00%  12.3 1305s
 838767 700398 -27466.894  149 1462 -27115.594 -27928.928  3.00%  12.3 1310s
 841610 702791 -27768.222   70 1842 -27115.594 -27928.928  3.00%  12.3 1319s
H841736 701568                    -27116.62767 -27928.928  3.00%  12.3 1319s
H841912 700356                    -27117.61830 -27928.928  2.99%  12.3 1321s
 843427 701883 -27118.538  233 1147 -27117.618 -27928.831  2.99%  12.3 1326s
 845321 703694 -27133.138  185 1347 -27117.618 -27928.811  2.99%  12.3 1330s
 848067 706524 -27751.061   86 1768 -27117.618 -27928.775  2.99%  12.3 1335s
 851312 709548 -27196.192  375  569 -27117.618 -27928.766  2.99%  12.3 1340s
 852164 710220 -27822.879   55 1877 -27117.618 -27928.766  2.99%  12.3 1346s
 854100 712148 -27705.106  103 1642 -27117.618 -27928.735  2.99%  12.4 1350s
 855007 712693 -27422.719  215 1096 -27117.618 -27928.735  2.99%  12.4 1375s
 855036 716384 -27408.204  219 1088 -27117.618 -27928.726  2.99%  12.4 1434s
 859036 716388 -27146.500  312  945 -27117.618 -27928.702  2.99%  12.3 1437s
 859040 716460 -27143.624  313  940 -27117.618 -27928.702  2.99%  12.3 1443s
 859586 717577 -27743.458   71 1835 -27117.618 -27928.694  2.99%  12.3 1445s
 862735 720103 -27594.265  147 1473 -27117.618 -27928.639  2.99%  12.4 1454s
 863113 720795 -27510.599  184 1317 -27117.618 -27928.639  2.99%  12.4 1455s
 866146 723426 -27617.467   72 1820 -27117.618 -27928.598  2.99%  12.3 1460s
 869031 726173 -27645.933   95 1724 -27117.618 -27928.575  2.99%  12.4 1465s
 872042 728779 -27477.465  180 1494 -27117.618 -27928.533  2.99%  12.3 1470s
 873522 730085 -27339.474  288 1047 -27117.618 -27928.492  2.99%  12.3 1476s
 875564 731967 -27749.509   93 1785 -27117.618 -27928.492  2.99%  12.4 1480s
 878833 734883     cutoff  392      -27117.618 -27928.414  2.99%  12.3 1485s
 881489 737480 -27534.893  109 1655 -27117.618 -27928.396  2.99%  12.4 1490s
 883972 739556 -27122.011  411  665 -27117.618 -27928.396  2.99%  12.4 1498s
 885114 740761 -27259.514  310 1028 -27117.618 -27928.362  2.99%  12.4 1500s
 887599 743212 -27164.375  357  782 -27117.618 -27928.344  2.99%  12.4 1505s
 888174 743402 -27711.247  107 1617 -27117.618 -27928.344  2.99%  12.4 1510s
 889807 745258 -27331.058  283  880 -27117.618 -27928.344  2.99%  12.4 1515s
 891886 747084 -27803.639   45 1879 -27117.618 -27928.258  2.99%  12.4 1521s
 892515 747855 -27514.884   90 1712 -27117.618 -27928.254  2.99%  12.4 1525s
 893696 748753 -27128.783  179 1327 -27117.618 -27928.249  2.99%  12.4 1531s
 894646 749605 -27294.612  268 1152 -27117.618 -27928.212  2.99%  12.4 1537s
 896661 751598 -27757.556   71 1851 -27117.618 -27928.184  2.99%  12.4 1540s
 899122 753584     cutoff  365      -27117.618 -27928.145  2.99%  12.4 1551s
 900793 755000 -27804.701   55 1858 -27117.618 -27928.132  2.99%  12.4 1555s
 901472 755911 -27554.359  152 1423 -27117.618 -27928.132  2.99%  12.4 1560s
 902290 756738 -27412.530  217 1182 -27117.618 -27928.131  2.99%  12.4 1567s
 903301 757884 -27265.225  309  779 -27117.618 -27928.129  2.99%  12.4 1572s
 904315 758621 -27158.318  375  530 -27117.618 -27928.129  2.99%  12.4 1576s
 904847 759211 -27867.209   44 1899 -27117.618 -27928.129  2.99%  12.4 1583s
 905487 759859 -27688.480   94 1700 -27117.618 -27928.129  2.99%  12.4 1585s
 907390 761585 -27527.999  157 1368 -27117.618 -27928.102  2.99%  12.4 1592s
 908840 763033 -27251.274  298  828 -27117.618 -27928.102  2.99%  12.4 1597s
 909275 763471 -27196.622  329  714 -27117.618 -27928.102  2.99%  12.4 1601s
 909717 763691 -27135.332  377  525 -27117.618 -27928.102  2.99%  12.4 1605s
 910074 763750 -27788.214   63 1856 -27117.618 -27928.102  2.99%  12.4 1611s
 910113 763952 -27778.423   65 1849 -27117.618 -27928.102  2.99%  12.4 1615s
 910314 764463 -27655.264  117 1653 -27117.618 -27928.102  2.99%  12.4 1621s
 911950 765698 -27358.692  137 1349 -27117.618 -27928.030  2.99%  12.4 1626s
 912449 766549 -27682.365   80 1794 -27117.618 -27928.030  2.99%  12.4 1630s
 913859 767851 -27569.062  147 1538 -27117.618 -27927.986  2.99%  12.4 1636s
 915040 768708 -27662.455   90 1802 -27117.618 -27927.981  2.99%  12.4 1642s
 915529 769206 -27353.833  218 1297 -27117.618 -27927.981  2.99%  12.4 1647s
 917248 770608 -27851.700   44 1935 -27117.618 -27927.923  2.99%  12.4 1650s
 919072 772301 -27552.604  134 1624 -27117.618 -27927.892  2.99%  12.4 1659s
 919424 772900 -27389.527  213 1262 -27117.618 -27927.892  2.99%  12.4 1660s
 920641 774007 -27562.521  142 1540 -27117.618 -27927.874  2.99%  12.4 1665s
 921712 774456 -27906.765   31 2003 -27117.618 -27927.852  2.99%  12.4 1670s
 922731 775540 -27457.711  119 1528 -27117.618 -27927.848  2.99%  12.4 1679s
 923002 775795 -27339.456  144 1372 -27117.618 -27927.848  2.99%  12.4 1682s
 924012 776675 -27919.915   26 1983 -27117.618 -27927.848  2.99%  12.4 1686s
 924632 777301 -27427.024  135 1533 -27117.618 -27927.848  2.99%  12.4 1692s
 925994 778629 -27467.256  182 1482 -27117.618 -27927.848  2.99%  12.4 1695s
 927098 779555 -27578.409  127 1589 -27117.618 -27927.771  2.99%  12.4 1700s
 927456 780081 -27300.669  246 1172 -27117.618 -27927.771  2.99%  12.4 1705s
 929263 781454     cutoff  351      -27117.618 -27927.746  2.99%  12.4 1710s
 930302 782625 -27294.318  288  992 -27117.618 -27927.746  2.99%  12.4 1715s
 931179 783184 -27814.092   61 1846 -27117.618 -27927.746  2.99%  12.4 1721s
 932187 784003 -27556.026  157 1431 -27117.618 -27927.746  2.99%  12.4 1729s
 932708 784557 -27359.521  216 1374 -27117.618 -27927.746  2.99%  12.4 1730s
 934457 786274 -27187.967  372  664 -27117.618 -27927.683  2.99%  12.4 1736s
 934712 786735 -27160.498  394  572 -27117.618 -27927.683  2.99%  12.4 1740s
 936234 787812 -27609.187  146 1495 -27117.618 -27927.676  2.99%  12.4 1751s
 938052 789845 -27233.216  327  779 -27117.618 -27927.676  2.99%  12.4 1755s
 939365 790878 -27906.578   33 1974 -27117.618 -27927.676  2.99%  12.4 1760s
 939711 791216 -27690.146  100 1709 -27117.618 -27927.639  2.99%  12.4 1765s
 940861 792041 -27836.015   49 1891 -27117.618 -27927.615  2.99%  12.4 1770s
 941894 793336 -27515.192  158 1386 -27117.618 -27927.615  2.99%  12.4 1775s
 942274 793904 -27448.077  198 1192 -27117.618 -27927.615  2.99%  12.4 1780s
 943311 794948 -27312.967  265  963 -27117.618 -27927.615  2.99%  12.4 1785s
 944335 795668 -27163.238  351  624 -27117.618 -27927.615  2.99%  12.4 1790s
 945384 796697 -27304.262  181 1375 -27117.618 -27927.612  2.99%  12.4 1798s
 945774 796912 -27854.024   40 1905 -27117.618 -27927.612  2.99%  12.4 1800s

Cutting planes:
  Gomory: 13
  Cover: 164
  Projected implied bound: 13
  Clique: 529
  MIR: 1834
  StrongCG: 578
  Flow cover: 422
  Inf proof: 4
  Zero half: 252
  RLT: 2
  Relax-and-lift: 304
  BQP: 3

Explored 946010 nodes (11772541 simplex iterations) in 1800.09 seconds (1159.85 work units)
Thread count was 4 (of 24 available processors)

Solution count 10: -27117.6 -27116.6 -27115.6 ... -27083.4

Time limit reached
Best objective -2.711761829815e+04, best bound -2.792761073206e+04, gap 2.9870%

User-callback calls 2094781, time in user-callback 3.28 sec
