
Gurobi 13.0.1 (win64) logging started Wed Oct  7 20:49:05 2026

Set parameter LogFile to value "results/source_summaries/2d/B0360/gurobi_extensive.log"
Gurobi Optimizer version 13.0.1 build v13.0.1rc0 (win64 - Windows 11+.0 (26200.2))

CPU model: Intel(R) Core(TM) i7-14700, instruction set [SSE2|AVX|AVX2]
Thread count: 20 physical cores, 28 logical processors, using up to 4 threads

Non-default parameters:
TimeLimit  1800
IntFeasTol  1e-06
MIPGap  0.0005
Heuristics  0.2
Cuts  2
Presolve  2
Seed  1
Threads  4

Optimize a model with 11527 rows, 19446 columns and 41776 nonzeros (Min)
Model fingerprint: 0xa85f61d5
Model has 7924 linear objective coefficients
Variable types: 11522 continuous, 7924 integer (7922 binary)
Coefficient statistics:
  Matrix range     [1e-01, 3e+01]
  Objective range  [2e+00, 5e+01]
  Bounds range     [1e-01, 2e+01]
  RHS range        [1e+00, 8e+01]

Found heuristic solution: objective 0.0000000
Presolve removed 0 rows and 10800 columns
Presolve time: 1.22s
Presolved: 11527 rows, 8646 columns, 30979 nonzeros
Variable types: 722 continuous, 7924 integer (7922 binary)
Root relaxation presolved: 11527 rows, 8646 columns, 30979 nonzeros


Root relaxation: objective -9.577199e+04, 3232 iterations, 0.17 seconds (0.18 work units)

    Nodes    |    Current Node    |     Objective Bounds      |     Work
 Expl Unexpl |  Obj  Depth IntInf | Incumbent    BestBd   Gap | It/Node Time

     0     0 -95771.994    0  818    0.00000 -95771.994      -     -    1s
H    0     0                    -86719.78759 -95771.994  10.4%     -    1s
H    0     0                    -87508.82406 -95771.994  9.44%     -    1s
H    0     0                    -87604.35792 -95771.994  9.32%     -    1s
H    0     0                    -87637.41908 -95771.994  9.28%     -    1s
H    0     0                    -87647.05015 -94143.848  7.41%     -    1s
H    0     0                    -87653.61057 -94143.848  7.40%     -    1s
H    0     0                    -87657.72921 -94143.848  7.40%     -    1s
     0     0 -94143.848    0 1424 -87657.729 -94143.848  7.40%     -    1s
     0     0 -94138.230    0 1405 -87657.729 -94138.230  7.39%     -    1s
     0     0 -93899.373    0 1702 -87657.729 -93899.373  7.12%     -    2s
     0     0 -93888.371    0 1772 -87657.729 -93888.371  7.11%     -    2s
     0     0 -93886.540    0 1779 -87657.729 -93886.540  7.11%     -    2s
     0     0 -93886.514    0 1779 -87657.729 -93886.514  7.11%     -    2s
H    0     0                    -87663.35243 -93886.514  7.10%     -    2s
     0     0 -93622.775    0 1640 -87663.352 -93622.775  6.80%     -    2s
H    0     0                    -87669.09612 -93622.663  6.79%     -    2s
H    0     0                    -87675.08412 -93159.398  6.26%     -    2s
     0     0 -93121.299    0 1797 -87675.084 -93121.299  6.21%     -    2s
H    0     0                    -87679.29762 -92959.846  6.02%     -    3s
H    0     0                    -87685.40832 -92959.846  6.02%     -    3s
H    0     0                    -87687.46764 -92959.846  6.01%     -    3s
     0     0 -92959.846    0 1810 -87687.468 -92959.846  6.01%     -    3s
     0     0 -92929.556    0 1923 -87687.468 -92929.556  5.98%     -    3s
     0     0 -92928.234    0 1941 -87687.468 -92928.234  5.98%     -    3s
H    0     0                    -87699.32780 -92778.340  5.79%     -    3s
H    0     0                    -87700.34429 -92778.340  5.79%     -    3s
     0     0 -92778.340    0 2065 -87700.344 -92778.340  5.79%     -    3s
     0     0 -92689.924    0 2146 -87700.344 -92689.924  5.69%     -    4s
     0     0 -92684.463    0 2205 -87700.344 -92684.463  5.68%     -    4s
     0     0 -92684.102    0 2210 -87700.344 -92684.102  5.68%     -    4s
H    0     0                    -87705.36317 -92684.102  5.68%     -    4s
H    0     0                    -87707.35359 -92518.835  5.49%     -    4s
     0     0 -92518.835    0 2188 -87707.354 -92518.835  5.49%     -    4s
     0     0 -92446.434    0 2226 -87707.354 -92446.434  5.40%     -    5s
     0     0 -92384.541    0 2252 -87707.354 -92384.541  5.33%     -    5s
     0     0 -92377.848    0 2299 -87707.354 -92377.848  5.33%     -    5s
H    0     0                    -87709.42653 -92376.640  5.32%     -    5s
     0     0 -92376.640    0 2318 -87709.427 -92376.640  5.32%     -    5s
     0     0 -92356.070    0 2274 -87709.427 -92356.070  5.30%     -    6s
H    0     0                    -87714.42837 -92312.659  5.24%     -    6s
H    0     0                    -87721.58545 -92312.659  5.23%     -    6s
     0     0 -92312.659    0 2293 -87721.585 -92312.659  5.23%     -    6s
     0     0 -92306.487    0 2322 -87721.585 -92306.487  5.23%     -    6s
     0     0 -92306.217    0 2322 -87721.585 -92306.217  5.23%     -    6s
H    0     0                    -87723.59568 -92306.217  5.22%     -    8s
H    0     0                    -87730.73968 -92175.629  5.07%     -    9s
H    0     0                    -87731.71284 -92175.629  5.07%     -    9s
     0     0 -92175.629    0 2488 -87731.713 -92175.629  5.07%     -    9s
H    0     0                    -87741.25226 -92170.979  5.05%     -    9s
     0     0 -92170.979    0 2482 -87741.252 -92170.979  5.05%     -    9s
     0     0 -92102.821    0 2598 -87741.252 -92102.821  4.97%     -   11s
     0     0 -92099.635    0 2618 -87741.252 -92099.635  4.97%     -   11s
     0     0 -92024.600    0 2635 -87741.252 -92024.600  4.88%     -   12s
     0     0 -91983.574    0 2661 -87741.252 -91983.574  4.84%     -   13s
     0     0 -91971.932    0 2707 -87741.252 -91971.932  4.82%     -   13s
     0     0 -91970.154    0 2742 -87741.252 -91970.154  4.82%     -   13s
H    0     0                    -87745.06802 -91970.154  4.82%     -   14s
     0     0 -91915.192    0 2986 -87745.068 -91915.192  4.75%     -   15s
     0     0 -91911.119    0 3015 -87745.068 -91911.119  4.75%     -   15s
     0     0 -91865.798    0 3004 -87745.068 -91865.798  4.70%     -   17s
     0     0 -91865.671    0 3004 -87745.068 -91865.671  4.70%     -   17s
     0     0 -91865.671    0 2977 -87745.068 -91865.671  4.70%     -   17s
     0     2 -91864.798    0 2975 -87745.068 -91864.798  4.70%     -   18s
     7    12 -91135.177    3 2577 -87745.068 -91528.313  4.31%  1484   20s
   446   471 -91092.085   43 2570 -87745.068 -91528.313  4.31%  46.9   25s
  1129  1192 -91002.518  124 2478 -87745.068 -91528.313  4.31%  28.3   30s
  3101  3254 -90357.045  370 2195 -87745.068 -91444.165  4.22%  17.0   35s
  5200  5134 -88321.375  626 2977 -87745.068 -91440.627  4.21%  17.2   42s
  5210  5141 -87822.835  959 2882 -87745.068 -91440.627  4.21%  17.2   45s
  5214  5143 -88056.593  817 3329 -87745.068 -91440.627  4.21%  17.2   51s
  5216  5145 -88916.741  172 3387 -87745.068 -91440.627  4.21%  17.2   57s
  5218  5146 -88882.418  309 3457 -87745.068 -91440.627  4.21%  17.2   60s
  5220  5147 -91037.901  129 3073 -87745.068 -91440.627  4.21%  17.2   65s
  5224  5150 -88252.114  683 3565 -87745.068 -91418.337  4.19%  17.2   72s
  5226  5151 -88100.645  766 3665 -87745.068 -91411.759  4.18%  17.2   77s
  5228  5153 -88020.313  847 3588 -87745.068 -91362.116  4.12%  17.1   81s
  5231  5155 -89085.375  185 3720 -87745.068 -91340.151  4.10%  17.1   87s
  5232  5155 -89143.301  229 3642 -87745.068 -91302.677  4.05%  17.1   90s
  5234  5157 -88399.844  306 3740 -87745.068 -91295.401  4.05%  17.1   96s
  5236  5158 -90339.364  374 3727 -87745.068 -91229.330  3.97%  17.1  103s
  5237  5159 -87962.140  807 3748 -87745.068 -91220.648  3.96%  17.1  105s
  5240  5161 -88032.824  842 3754 -87745.068 -91194.901  3.93%  17.1  113s
  5242  5162 -88712.318  390 3840 -87745.068 -91190.873  3.93%  17.1  117s
  5243  5163 -90762.312  219 3754 -87745.068 -91168.979  3.90%  17.1  121s
  5245  5164 -90716.537  240 3789 -87745.068 -91148.470  3.88%  17.1  126s
  5247  5165 -91003.135  109 3761 -87745.068 -91118.654  3.84%  17.1  134s
  5248  5166 -90954.394  151 3807 -87745.068 -91115.714  3.84%  17.1  136s
  5250  5167 -88742.463  374 3826 -87745.068 -91090.709  3.81%  17.1  144s
  5251  5168 -89230.845  114 3833 -87745.068 -91077.910  3.80%  17.1  147s
  5253  5169 -90144.084  428 3870 -87745.068 -91071.824  3.79%  17.1  152s
  5254  5170 -89466.572  666 3747 -87745.068 -91054.144  3.77%  17.1  156s
  5255  5171 -91045.108   36 3826 -87745.068 -91045.108  3.76%  17.1  160s
  5257  5172 -88403.153  564 3918 -87745.068 -91041.614  3.76%  17.1  165s
  5259  5173 -88671.579  420 3856 -87745.068 -91023.965  3.74%  17.0  171s
  5261  5175 -88619.379  468 3775 -87745.068 -90995.542  3.70%  17.0  177s
  5262  5175 -89161.894   84 3837 -87745.068 -90987.715  3.70%  17.0  180s
  5265  5177 -90965.887   86 3832 -87745.068 -90965.887  3.67%  17.0  189s
  5266  5178 -90963.747    4 3890 -87745.068 -90963.747  3.67%  17.0  191s
  5268  5179 -88842.941  333 3867 -87745.068 -90957.733  3.66%  17.0  196s
  5269  5180 -89858.210  554 3901 -87745.068 -90949.492  3.65%  17.0  200s
  5272  5182 -89074.758  261 3930 -87745.068 -90937.548  3.64%  17.0  210s
  5274  5183 -88085.927  429 3928 -87745.068 -90937.491  3.64%  17.0  221s
  5277  5190 -89024.486   16 3152 -87745.068 -90905.025  3.60%  41.5  226s
  5371  5262 -88967.723   28 3156 -87745.068 -90876.172  3.57%  47.2  230s
  5645  5456 -88942.220   48 3102 -87745.068 -90876.172  3.57%  49.5  235s
  5968  5680 -88939.122   68 3096 -87745.068 -90876.172  3.57%  50.8  240s
  6235  5836 -88915.845   91 3039 -87745.068 -90876.172  3.57%  51.3  246s
  6254  5866 -88903.864   91 3038 -87745.068 -90876.172  3.57%  51.5  252s
  6290  5858 -88912.170   93 3038 -87745.068 -90876.172  3.57%  51.6  258s
  6294  5868 -88900.904   93 3046 -87745.068 -90876.172  3.57%  51.7  264s
  6306  5893 -88908.375   94 3039 -87745.068 -90876.172  3.57%  51.8  269s
  6337  5906 -88911.454   97 3044 -87745.068 -90876.172  3.57%  52.0  276s
  6362  5948 -88893.726  100 3059 -87745.068 -90876.172  3.57%  52.7  283s
  6414  5983 -88865.341  105 3023 -87745.068 -90876.172  3.57%  52.9  286s
  6507  6070 -88828.993  118 3006 -87745.068 -90876.172  3.57%  53.2  292s
  6585  6105 -88811.586  129 2976 -87745.068 -90876.172  3.57%  53.4  296s
  6646  6155 -88786.421  143 2946 -87745.068 -90876.172  3.57%  53.5  300s
  6833  6243 -88738.840  178 2922 -87745.068 -90876.172  3.57%  53.8  308s
  6888  6244 -88677.946  194 2936 -87745.068 -90876.172  3.57%  55.0  313s
  6908  6302 -88667.099  202 2930 -87745.068 -90876.172  3.57%  56.1  317s
  6974  6307 -88613.936  227 2883 -87745.068 -90876.172  3.57%  57.2  322s
  7001  6361 -88605.164  235 2876 -87745.068 -90876.172  3.57%  57.8  327s
  7064  6412 -88551.932  257 2855 -87745.068 -90876.172  3.57%  58.5  332s
  7138  6446 -88521.129  281 2822 -87745.068 -90876.172  3.57%  60.0  337s
  7203  6502 -88488.765  304 2793 -87745.068 -90876.172  3.57%  61.1  342s
  7283  6569 -88422.799  332 2667 -87745.068 -90876.172  3.57%  62.2  348s
  7382  6648 -88366.654  372 2556 -87745.068 -90876.172  3.57%  63.2  353s
  7504  6735 -88241.315  425 2455 -87745.068 -90876.172  3.57%  64.1  358s
  7634  6838 -88123.488  481 2373 -87745.068 -90838.928  3.53%  65.1  363s
  7780  6950 -88029.081  540 2241 -87745.068 -90834.667  3.52%  65.6  367s
  8232  7139 -87809.418  670 2022 -87745.068 -90834.667  3.52%  66.5  371s
  8484  7292 -90747.144   39 3412 -87745.068 -90834.667  3.52%  69.8  376s
  8777  7580 -90680.440   80 3247 -87745.068 -90834.667  3.52%  72.6  381s
  9377  8116 -90410.953  157 3083 -87745.068 -90834.667  3.52%  73.6  387s
  9778  8427 -90225.601  205 2978 -87745.068 -90834.667  3.52%  73.3  391s
 10243  8962 -90000.505  268 2823 -87745.068 -90834.667  3.52%  72.6  395s
 11449  9293 -89105.895  434 2495 -87745.068 -90834.667  3.52%  70.1  401s
 12459  9879 -88414.747  597 2152 -87745.068 -90834.667  3.52%  67.8  406s
 12732  9836 -88233.499  651 2068 -87745.068 -90834.667  3.52%  67.5  410s
 12839  9906 -88082.954  685 2015 -87745.068 -90834.667  3.52%  67.3  418s
 12893 10175 -88016.172  705 1977 -87745.068 -90834.667  3.52%  67.3  420s
 13474 10340 -90673.192   70 3348 -87745.068 -90834.667  3.52%  67.6  426s
 13735 10540 -90608.454   92 3244 -87745.068 -90834.667  3.52%  68.9  430s
 14092 10896 -90490.890  120 3157 -87745.068 -90834.667  3.52%  69.6  435s
 14937 11241 -90160.699  194 2936 -87745.068 -90834.667  3.52%  68.7  441s
 15343 11984 -90065.049  213 2905 -87745.068 -90834.667  3.52%  68.3  447s
 15936 11921 -89895.506  250 2820 -87745.068 -90834.667  3.52%  67.4  450s
 16719 12979 -89702.037  292 2718 -87745.068 -90834.667  3.52%  66.4  456s
 17984 13747 -89435.708  347 2581 -87745.068 -90834.667  3.52%  65.0  462s
 19290 14503 -89171.909  413 2438 -87745.068 -90834.667  3.52%  63.4  467s
 19897 14499 -89020.587  448 2388 -87745.068 -90832.187  3.52%  62.7  470s
 20616 16173 -88869.390  485 2294 -87745.068 -90832.187  3.52%  61.6  477s
 22574 17183 -88285.887  611 2038 -87745.068 -90832.187  3.52%  59.1  481s
 24236 18781 -87833.474  699 1830 -87745.068 -90832.187  3.52%  56.9  485s
 26009 20374 -90734.383   43 3432 -87745.068 -90832.187  3.52%  54.7  490s
 26747 20823 -90584.617   92 3247 -87745.068 -90832.187  3.52%  54.6  495s
 27121 21149 -90484.696  108 3150 -87745.068 -90832.187  3.52%  55.0  500s
 27662 21690 -90330.097  127 3064 -87745.068 -90832.187  3.52%  55.9  505s
 28337 22555 -90061.822  169 2971 -87745.068 -90832.187  3.52%  56.1  510s
 29507 23862 -89709.515  243 2762 -87745.068 -90832.187  3.52%  56.0  516s
 30721 25127 -89244.533  328 2546 -87745.068 -90832.187  3.52%  55.3  521s
 31254 26503 -89128.100  348 2497 -87745.068 -90832.187  3.52%  54.9  525s
 33683 27957 -88606.489  467 2217 -87745.068 -90832.187  3.52%  53.3  531s
 35007 29192 -88247.015  546 2064 -87745.068 -90832.187  3.52%  52.7  535s
 36618 30764 -87787.706  655 1924 -87745.068 -90832.187  3.52%  52.1  540s
 37855 31680 -90734.421   62 3324 -87745.068 -90832.187  3.52%  51.7  545s
 38413 32498 -90664.296   71 3279 -87745.068 -90832.187  3.52%  51.6  550s
 39989 34108 -90445.360  112 3154 -87745.068 -90832.187  3.52%  50.7  555s
 40990 34663 -90295.150  142 3071 -87745.068 -90831.914  3.52%  50.5  560s
 41398 35238 -90115.675  159 3023 -87745.068 -90831.240  3.52%  50.7  566s
 42305 36046 -90059.555  179 2999 -87745.068 -90831.240  3.52%  50.4  574s
 42518 36312 -89927.580  201 2936 -87745.068 -90831.240  3.52%  50.3  577s
 43068 37329 -89669.890  255 2813 -87745.068 -90831.240  3.52%  50.6  582s
 43842 37499 -89528.153  284 2779 -87745.068 -90830.639  3.52%  50.3  585s
 44496 38578 -89295.722  344 2628 -87745.068 -90830.639  3.52%  50.3  590s
 45798 39374 -88960.912  408 2464 -87745.068 -90830.639  3.52%  49.8  595s
 46469 40007 -88745.334  452 2359 -87745.068 -90830.128  3.52%  49.7  601s
 46957 40741 -88565.493  494 2236 -87745.068 -90830.128  3.52%  49.9  606s
 47879 42039 -88350.507  546 2150 -87745.068 -90830.128  3.52%  49.9  612s
 49161 43033 -88042.114  626 2057 -87745.068 -90829.781  3.52%  49.4  617s
 49988 43852 -87836.975  686 1982 -87745.068 -90829.781  3.52%  49.3  622s
 51228 44505 -90464.406   70 3215 -87745.068 -90829.781  3.52%  48.9  627s
 51861 45831 -89971.968  148 2975 -87745.068 -90829.781  3.52%  48.9  632s
 52765 45835 -88319.842  401 2387 -87745.068 -90829.781  3.52%  48.6  640s
 52769 45839 -88311.484  402 2386 -87745.068 -90829.781  3.52%  48.6  650s
 52773 45843 -88300.355  403 2392 -87745.068 -90829.781  3.52%  48.6  659s
 52777 45847 -88297.169  404 2389 -87745.068 -90829.781  3.52%  48.6  669s
 52781 45851 -88296.660  405 2387 -87745.068 -90829.781  3.52%  48.6  679s
 52785 45855 -88293.296  406 2386 -87745.068 -90829.781  3.52%  48.6  690s
 52789 45874 -88278.006  407 2382 -87745.068 -90829.781  3.52%  48.6  700s
 52808 45896 -88244.469  416 2376 -87745.068 -90829.781  3.52%  48.6  711s
 52830 45983 -88190.320  426 2367 -87745.068 -90829.781  3.52%  48.6  721s
 52949 46273 -90824.328   29 3492 -87745.068 -90829.781  3.52%  48.6  731s
 53271 46435 -90550.346   70 3260 -87745.068 -90829.781  3.52%  48.5  743s
 53435 46864 -89743.702  193 2863 -87745.068 -90829.781  3.52%  48.6  755s
 53893 47225 -90825.139   25 3545 -87745.068 -90829.781  3.52%  48.5  767s
 54254 48111 -90464.619   82 3203 -87745.068 -90829.781  3.52%  48.6  771s
 55144 49248 -88875.827  367 2471 -87745.068 -90829.781  3.52%  48.6  775s
 57095 50354 -90236.203  131 3081 -87745.068 -90829.781  3.52%  48.2  781s
 57585 50532 -90758.666   36 3429 -87745.068 -90829.781  3.52%  48.2  786s
 57767 50606 -90740.504   37 3441 -87745.068 -90829.781  3.52%  48.1  790s
 57845 50837 -90725.058   38 3443 -87745.068 -90829.781  3.52%  48.1  796s
 58137 51222 -90707.567   40 3436 -87745.068 -90829.781  3.52%  48.1  802s
 59244 52538 -89512.591  205 2924 -87745.068 -90829.781  3.52%  47.9  807s
 59883 53078 -88216.664  433 2379 -87745.068 -90829.781  3.52%  47.9  810s
 60500 53546 -90628.501   50 3268 -87745.068 -90829.781  3.52%  47.8  815s
 61879 54948 -88748.208  367 2457 -87745.068 -90829.781  3.52%  47.6  822s
 62541 55847 -90656.765   42 3380 -87745.068 -90829.781  3.52%  47.5  825s
 63900 56564 -88239.393  418 2327 -87745.068 -90829.781  3.52%  47.4  831s
 64648 57291 -90440.391   76 3196 -87745.068 -90829.781  3.52%  47.2  835s
 66037 58407 -88685.234  380 2463 -87745.068 -90829.781  3.52%  47.1  840s
 66972 59506 -90213.928  105 3095 -87745.068 -90825.492  3.51%  47.2  845s
 68251 60469 -87941.514  529 2201 -87745.068 -90825.492  3.51%  47.1  850s
 69419 61749 -89402.261  258 2773 -87745.068 -90825.492  3.51%  47.1  856s
 70414 62568 -90144.485  124 3059 -87745.068 -90825.492  3.51%  47.2  861s
 70956 63196 -89318.598  277 2711 -87745.068 -90825.492  3.51%  47.2  865s
 72487 64571 -90484.257   80 3227 -87745.068 -90825.492  3.51%  47.0  871s
 74131 65725 -87748.638  491 2120 -87745.068 -90825.492  3.51%  46.8  875s
 74589 66474 -90056.625  123 3063 -87745.068 -90825.492  3.51%  47.0  880s
 75612 67301 -90759.301   37 3390 -87745.068 -90825.492  3.51%  47.0  885s
 76767 68281 -90045.603  151 2904 -87745.068 -90825.492  3.51%  46.9  891s
 77264 69235 -89536.333  219 2802 -87745.068 -90825.492  3.51%  46.9  895s
 78125 69759 -90744.513   39 3417 -87745.068 -90825.492  3.51%  46.8  901s
 79425 71076 -89661.170  205 2856 -87745.068 -90825.492  3.51%  46.6  906s
 80411 71972 -90797.464   37 3462 -87745.068 -90825.492  3.51%  46.6  911s
 81408 72730 -90696.964   59 3315 -87745.068 -90825.492  3.51%  46.5  916s
 81809 72985 -90574.052   88 3231 -87745.068 -90825.492  3.51%  46.6  920s
 82310 73598 -90302.899  151 3051 -87745.068 -90825.492  3.51%  46.8  925s
 83044 74265 -89745.245  257 2762 -87745.068 -90825.492  3.51%  46.8  930s
 84143 75456 -88580.329  503 2153 -87745.068 -90825.492  3.51%  46.8  935s
 85530 76611 -90739.731   39 3395 -87745.068 -90825.492  3.51%  46.5  941s
 86325 77545 -90142.541   98 3127 -87745.068 -90825.492  3.51%  46.6  946s
 86883 78389 -90137.617  100 3113 -87745.068 -90825.492  3.51%  46.5  950s
 88066 79292 -89858.700  141 3004 -87745.068 -90825.492  3.51%  46.2  955s
 89617 80841 -87795.130  459 2316 -87745.068 -90825.492  3.51%  46.0  961s
 91264 82340 -90372.278  101 3139 -87745.068 -90825.492  3.51%  45.6  966s
 91864 82940 -89783.397  172 2869 -87745.068 -90825.492  3.51%  45.6  970s
 93332 84395 -90669.595   43 3394 -87745.068 -90825.492  3.51%  45.4  975s
 94827 85815 -89500.386  186 2905 -87745.068 -90825.492  3.51%  45.2  980s
 95778 86531 -88418.644  363 2469 -87745.068 -90825.492  3.51%  45.1  985s
 96698 87173 -90205.695  116 3065 -87745.068 -90825.492  3.51%  45.1  991s
 97088 87999 -89619.784  185 2833 -87745.068 -90825.492  3.51%  45.1  995s
 97890 88472 -88291.957  440 2324 -87745.068 -90825.492  3.51%  45.0 1001s
 98406 88914 -90747.648   41 3437 -87745.068 -90825.492  3.51%  45.0 1006s
 98801 89311 -90634.223   72 3223 -87745.068 -90825.492  3.51%  45.1 1011s
 99476 90055 -90399.353  118 3042 -87745.068 -90825.492  3.51%  45.2 1015s
 100418 91014 -89323.182  345 2492 -87745.068 -90825.492  3.51%  45.3 1022s
 101527 91973 -88119.501  625 2090 -87745.068 -90823.704  3.51%  45.2 1026s
 102118 92511 -90363.932   84 3168 -87745.068 -90823.704  3.51%  45.3 1030s
 103606 93808 -90783.210   31 3423 -87745.068 -90823.539  3.51%  45.3 1036s
 104127 94730 -90472.861   66 3234 -87745.068 -90823.539  3.51%  45.3 1042s
 105181 95674 -89415.328  238 2779 -87745.068 -90823.539  3.51%  45.3 1046s
 106202 96233 -90407.487   73 3209 -87745.068 -90823.539  3.51%  45.3 1051s
 106632 96717 -89722.656  180 2866 -87745.068 -90823.539  3.51%  45.4 1057s
 107671 97632 -87777.644  591 1982 -87745.068 -90823.094  3.51%  45.3 1062s
 108138 98343 -90187.230  105 3078 -87745.068 -90822.983  3.51%  45.4 1066s
 108966 99296 -88746.831  329 2544 -87745.068 -90822.831  3.51%  45.4 1071s
 109954 100099 -90513.434   59 3248 -87745.068 -90822.793  3.51%  45.4 1075s
 111332 101392 -90554.709   64 3239 -87745.068 -90822.793  3.51%  45.3 1082s
 112131 102224 -90776.793   42 3459 -87745.068 -90822.708  3.51%  45.2 1087s
 112984 103061 -90167.818  126 3041 -87745.068 -90822.708  3.51%  45.2 1092s
 113905 103751 -88600.059  365 2379 -87745.068 -90822.708  3.51%  45.2 1096s
 114321 104210 -90477.435   65 3227 -87745.068 -90822.708  3.51%  45.3 1101s
 114793 106063 -89927.138  159 2944 -87745.068 -90822.608  3.51%  45.3 1111s
 116811 106594 -90517.182   62 3271 -87745.068 -90822.599  3.51%  45.5 1118s
 117107 107185 -90457.554   68 3248 -87745.068 -90822.599  3.51%  45.5 1120s
 118412 108444 -90144.873  106 3152 -87745.068 -90822.599  3.51%  45.4 1125s
 119920 109784 -89642.318  157 2987 -87745.068 -90822.599  3.51%  45.3 1131s
 120680 110230 -89161.486  208 2848 -87745.068 -90822.599  3.51%  45.2 1135s
 121583 111058 -88720.888  254 2729 -87745.068 -90822.599  3.51%  45.3 1141s
 122385 111888 -88385.608  294 2628 -87745.068 -90822.599  3.51%  45.3 1145s
 123221 112478 -87824.970  369 2486 -87745.068 -90822.321  3.51%  45.2 1151s
 123844 113382 -90320.866  102 3137 -87745.068 -90822.321  3.51%  45.2 1155s
 124728 114000 -88498.551  390 2392 -87745.068 -90822.321  3.51%  45.2 1160s
 125594 114605 -90315.094  107 3128 -87745.068 -90822.321  3.51%  45.2 1166s
 125731 115875 -90034.100  139 3010 -87745.068 -90822.321  3.51%  45.3 1170s
 127600 116471 -90488.775   63 3256 -87745.068 -90822.321  3.51%  45.1 1175s
 128604 117477 -89919.880  152 2965 -87745.068 -90822.321  3.51%  45.1 1181s
 129730 118720 -87759.745  483 2205 -87745.068 -90822.036  3.51%  45.0 1186s
 130358 119327 -90737.338   40 3378 -87745.068 -90822.036  3.51%  45.0 1191s
 131124 120244 -90719.589   46 3364 -87745.068 -90822.036  3.51%  44.9 1195s
 132279 120992 -90559.516   74 3233 -87745.068 -90822.036  3.51%  44.8 1201s
 132665 121344 -90392.595  104 3156 -87745.068 -90822.036  3.51%  44.9 1207s
 133035 121949 -90337.248  115 3097 -87745.068 -90822.036  3.51%  44.9 1210s
 133480 122245 -90282.751  133 3059 -87745.068 -90822.036  3.51%  44.9 1216s
 134251 122730 infeasible  173      -87745.068 -90822.036  3.51%  44.8 1221s
 134656 123398 -89816.114  214 2809 -87745.068 -90822.036  3.51%  44.9 1225s
 135683 124891 -89541.964  272 2628 -87745.068 -90822.036  3.51%  44.8 1231s
 137040 125615 -89151.821  346 2465 -87745.068 -90822.036  3.51%  44.7 1237s
 137619 126110 -88940.232  394 2386 -87745.068 -90822.036  3.51%  44.7 1241s
 138618 127439 -88469.600  517 2175 -87745.068 -90822.036  3.51%  44.6 1246s
 139713 128585 -88102.219  609 2018 -87745.068 -90822.036  3.51%  44.5 1250s
 141153 129412 -90799.038   29 3501 -87745.068 -90822.036  3.51%  44.4 1256s
 141875 130167 -89821.793  167 2947 -87745.068 -90822.036  3.51%  44.4 1261s
 142708 131029 -88430.940  401 2381 -87745.068 -90822.036  3.51%  44.4 1265s
 143554 131497 -90417.627   85 3208 -87745.068 -90822.036  3.51%  44.5 1271s
 144146 132586 -90034.273  151 2986 -87745.068 -90822.036  3.51%  44.6 1277s
 144722 132977 -89558.044  236 2745 -87745.068 -90822.036  3.51%  44.5 1280s
 145573 133523 -87904.334  555 2069 -87745.068 -90822.036  3.51%  44.5 1285s
 145990 134200 -90636.368   56 3297 -87745.068 -90822.036  3.51%  44.6 1290s
 146805 135241 -90263.431  116 3082 -87745.068 -90822.036  3.51%  44.6 1296s
 147794 136095 -90100.232  164 2975 -87745.068 -90822.036  3.51%  44.6 1303s
 148409 136629 -89966.871  190 2892 -87745.068 -90821.634  3.51%  44.6 1305s
 149640 137889 -89654.903  241 2766 -87745.068 -90821.634  3.51%  44.4 1310s
 151440 139395 -89331.934  317 2558 -87745.068 -90821.634  3.51%  44.2 1317s
 152178 139947 -89108.548  362 2441 -87745.068 -90821.634  3.51%  44.1 1321s
 152637 140484 -88960.470  401 2352 -87745.068 -90821.634  3.51%  44.1 1325s
 153448 141233 -88657.485  458 2266 -87745.068 -90821.634  3.51%  44.1 1330s
 154858 142593 -88233.043  552 2083 -87745.068 -90820.862  3.51%  43.9 1336s
 155668 143541 -87912.002  631 1994 -87745.068 -90820.862  3.51%  43.9 1342s
 156489 143967 -90756.672   32 3399 -87745.068 -90820.862  3.51%  43.8 1346s
 156682 145687 -90430.708   73 3210 -87745.068 -90820.648  3.51%  43.8 1352s
 158494 145804 -90807.456   36 3426 -87745.068 -90820.648  3.51%  43.7 1357s
 158611 146371 -90598.213   56 3252 -87745.068 -90820.648  3.51%  43.8 1360s
 159609 147284 -89567.465  240 2753 -87745.068 -90820.648  3.51%  43.7 1367s
 160682 147993 -90777.954   38 3437 -87745.068 -90820.648  3.51%  43.6 1370s
 161405 148565 -90391.345   95 3107 -87745.068 -90820.648  3.51%  43.6 1376s
 162082 149405 -90256.630  110 3052 -87745.068 -90820.648  3.51%  43.6 1381s
 162693 149659 -89975.910  147 2918 -87745.068 -90820.648  3.51%  43.6 1385s
 163518 150921 -90666.014   44 3330 -87745.068 -90820.648  3.51%  43.7 1391s
 164463 151326 -90085.101  133 3020 -87745.068 -90820.648  3.51%  43.6 1396s
 164782 152001 -89488.687  246 2720 -87745.068 -90820.648  3.51%  43.7 1400s
 166205 153296 -90446.790   79 3197 -87745.068 -90820.648  3.51%  43.6 1406s
 166794 153673 -90279.439  104 3150 -87745.068 -90820.648  3.51%  43.6 1411s
 167058 154830 -90137.681  128 3044 -87745.068 -90820.648  3.51%  43.6 1415s
 168572 155265 -90787.128   38 3466 -87745.068 -90820.648  3.51%  43.5 1423s
 168771 155367 -90677.624   57 3385 -87745.068 -90820.648  3.51%  43.6 1427s
 169371 156308 -90524.821   75 3225 -87745.068 -90820.648  3.51%  43.6 1432s
 169826 156770 -90283.174  108 3108 -87745.068 -90820.648  3.51%  43.5 1437s
 170483 157055 -89234.533  270 2615 -87745.068 -90819.920  3.50%  43.5 1442s
 170607 157354 -88677.160  354 2384 -87745.068 -90819.920  3.50%  43.5 1446s
 171418 158085 -90479.161   67 3233 -87745.068 -90819.920  3.50%  43.5 1453s
 171701 159037 -90025.942  134 3016 -87745.068 -90819.920  3.50%  43.5 1457s
 172732 159437 -88401.328  406 2340 -87745.068 -90819.920  3.50%  43.4 1460s
 173177 159653 -90754.264   37 3365 -87745.068 -90819.920  3.50%  43.4 1465s
 173484 159979 -90571.120   58 3245 -87745.068 -90819.920  3.50%  43.4 1470s
 173719 160352 -90408.068   85 3162 -87745.068 -90819.920  3.50%  43.4 1475s
 174498 161032 -89932.078  170 2897 -87745.068 -90819.920  3.50%  43.3 1482s
 174772 161818 -89593.299  230 2715 -87745.068 -90819.920  3.50%  43.3 1485s
 176487 162776 -90817.005   30 3505 -87745.068 -90819.920  3.50%  43.1 1492s
 176744 163062 -90613.083   70 3278 -87745.068 -90819.920  3.50%  43.1 1497s
 176941 163414 -90464.636   91 3177 -87745.068 -90819.920  3.50%  43.2 1500s
 178064 164181 -89715.110  201 2777 -87745.068 -90819.920  3.50%  43.1 1507s
 178586 164759 -88269.973  411 2226 -87745.068 -90819.920  3.50%  43.1 1511s
 179027 165272 -90600.855   63 3284 -87745.068 -90819.920  3.50%  43.1 1517s
 179397 165445 -90210.455  112 3052 -87745.068 -90819.920  3.50%  43.2 1522s
 179570 165481 -89908.386  157 2910 -87745.068 -90819.920  3.50%  43.2 1529s
 179606 165485 -89873.426  166 2894 -87745.068 -90819.920  3.50%  43.2 1539s
 179610 165489 -89842.339  167 2887 -87745.068 -90819.920  3.50%  43.2 1548s
 179614 165493 -89840.132  168 2886 -87745.068 -90819.920  3.50%  43.2 1558s
 179618 165497 -89838.619  169 2881 -87745.068 -90819.920  3.50%  43.2 1569s
 179622 165499 -89817.124  170 2878 -87745.068 -90819.920  3.50%  43.2 1579s
 179628 165503 -89813.342  171 2882 -87745.068 -90819.920  3.50%  43.2 1590s
 179632 165507 -89808.497  172 2871 -87745.068 -90819.920  3.50%  43.2 1602s
 179636 165511 -89801.982  173 2866 -87745.068 -90819.920  3.50%  43.2 1613s
 179640 165515 -89801.800  174 2857 -87745.068 -90819.920  3.50%  43.2 1624s
 179644 165519 -89800.745  175 2866 -87745.068 -90819.920  3.50%  43.2 1637s
 179648 165523 -89784.602  176 2849 -87745.068 -90819.920  3.50%  43.2 1648s
 179652 165527 -89778.684  177 2841 -87745.068 -90819.920  3.50%  43.2 1660s
 179656 165531 -89776.251  178 2840 -87745.068 -90819.920  3.50%  43.2 1672s
 179660 165535 -89775.267  179 2837 -87745.068 -90819.920  3.50%  43.2 1684s
 179664 165539 -89747.856  180 2835 -87745.068 -90819.920  3.50%  43.2 1697s
 179668 165543 -89745.933  181 2834 -87745.068 -90819.920  3.50%  43.2 1710s
 179672 165547 -89745.750  182 2838 -87745.068 -90819.920  3.50%  43.2 1723s
 179676 165551 -89745.391  183 2835 -87745.068 -90819.920  3.50%  43.2 1737s
 179680 165555 -89744.924  184 2832 -87745.068 -90819.920  3.50%  43.2 1750s
 179684 165559 -89743.237  185 2827 -87745.068 -90819.920  3.50%  43.2 1765s
 179688 165563 -89712.832  186 2824 -87745.068 -90819.920  3.50%  43.2 1778s
 179692 165567 -89710.450  187 2820 -87745.068 -90819.920  3.50%  43.2 1792s
 179696 165571 -89710.099  188 2819 -87745.068 -90819.920  3.50%  43.2 1800s

Cutting planes:
  Gomory: 183
  Lift-and-project: 9
  Cover: 975
  MIR: 1783
  Mixing: 1
  StrongCG: 681
  Flow cover: 619
  GUB cover: 68
  Zero half: 182
  Mod-K: 5
  RLT: 1
  Relax-and-lift: 54

Explored 179700 nodes (7793848 simplex iterations) in 1800.04 seconds (2734.03 work units)
Thread count was 4 (of 28 available processors)

Solution count 10: -87745.1 -87741.3 -87731.7 ... -87705.4

Time limit reached
Best objective -8.774506802069e+04, best bound -9.081991982784e+04, gap 3.5043%

User-callback calls 639883, time in user-callback 1.83 sec
